
*** Running vivado
    with args -log Block_top_util_vector_logic_0_1.vds -m64 -product Vivado -mode batch -messageDb vivado.pb -notrace -source Block_top_util_vector_logic_0_1.tcl


****** Vivado v2025.2 (64-bit)
  **** SW Build 6299465 on Fri Nov 14 12:34:56 MST 2025
  **** IP Build 6300035 on Fri Nov 14 10:48:45 MST 2025
  **** SharedData Build 6298862 on Thu Nov 13 04:50:51 MST 2025
  **** Start of session at: Fri Aug 14 21:37:12 2026
    ** Copyright 1986-2022 Xilinx, Inc. All Rights Reserved.
    ** Copyright 2022-2025 Advanced Micro Devices, Inc. All Rights Reserved.

source Block_top_util_vector_logic_0_1.tcl -notrace
INFO: [IP_Flow 19-234] Refreshing IP repositories
WARNING: [IP_Flow 19-2248] Failed to load user IP repository '/home/lovro/ARES/Alchistry_Labs/DDR3 test/cores/ip_repo/myip_1_0'; Can't find the specified path.
If this directory should no longer be in your list of user repositories, go to the IP Settings dialog and remove it.
WARNING: [IP_Flow 19-2248] Failed to load user IP repository '/home/lovro/ARES/Alchistry_Labs/DDR3 test/cores/ip_repo/CPU_IO_converter_1_0'; Can't find the specified path.
If this directory should no longer be in your list of user repositories, go to the IP Settings dialog and remove it.
WARNING: [IP_Flow 19-2248] Failed to load user IP repository '/home/lovro/ARES/Alchistry_Labs/DDR3 test/cores/ip_repo/CPU_io_converter_1_0'; Can't find the specified path.
If this directory should no longer be in your list of user repositories, go to the IP Settings dialog and remove it.
INFO: [IP_Flow 19-2313] Loaded Vivado IP repository '/opt/Vivado/2025.2/data/ip'.
Command: synth_design -top Block_top_util_vector_logic_0_1 -part xc7a100tfgg484-2 -incremental_mode off -mode out_of_context
Starting synth_design
Attempting to get a license for feature 'Synthesis' and/or device 'xc7a100t'
INFO: [Common 17-349] Got license for feature 'Synthesis' and/or device 'xc7a100t'
INFO: [Device 21-403] Loading part xc7a100tfgg484-2
INFO: [Synth 8-7079] Multithreading enabled for synth_design using a maximum of 7 processes.
INFO: [Synth 8-7078] Launching helper process for spawning children vivado processes
INFO: [Synth 8-7075] Helper process launched with PID 18163
---------------------------------------------------------------------------------
Starting RTL Elaboration : Time (s): cpu = 00:00:05 ; elapsed = 00:00:05 . Memory (MB): peak = 2208.527 ; gain = 480.906 ; free physical = 9320 ; free virtual = 19341
---------------------------------------------------------------------------------
INFO: [Synth 8-6157] synthesizing module 'Block_top_util_vector_logic_0_1' [/home/lovro/ARES/ARES_fpga/ARES_fpga/ARES_fpga.gen/sources_1/bd/Block_top/ip/Block_top_util_vector_logic_0_1/synth/Block_top_util_vector_logic_0_1.v:53]
INFO: [Synth 8-6157] synthesizing module 'util_vector_logic_v2_0_5_util_vector_logic' [/home/lovro/ARES/ARES_fpga/ARES_fpga/ARES_fpga.gen/sources_1/bd/Block_top/ipshared/e056/hdl/util_vector_logic_v2_0_vl_rfs.v:90]
INFO: [Synth 8-6155] done synthesizing module 'util_vector_logic_v2_0_5_util_vector_logic' (0#1) [/home/lovro/ARES/ARES_fpga/ARES_fpga/ARES_fpga.gen/sources_1/bd/Block_top/ipshared/e056/hdl/util_vector_logic_v2_0_vl_rfs.v:90]
INFO: [Synth 8-6155] done synthesizing module 'Block_top_util_vector_logic_0_1' (0#1) [/home/lovro/ARES/ARES_fpga/ARES_fpga/ARES_fpga.gen/sources_1/bd/Block_top/ip/Block_top_util_vector_logic_0_1/synth/Block_top_util_vector_logic_0_1.v:53]
INFO: [Synth 8-7129] Port Op2[0] in module util_vector_logic_v2_0_5_util_vector_logic is either unconnected or has no load
---------------------------------------------------------------------------------
Finished RTL Elaboration : Time (s): cpu = 00:00:06 ; elapsed = 00:00:07 . Memory (MB): peak = 2298.496 ; gain = 570.875 ; free physical = 8524 ; free virtual = 18546
---------------------------------------------------------------------------------
---------------------------------------------------------------------------------
Start Handling Custom Attributes
---------------------------------------------------------------------------------
---------------------------------------------------------------------------------
Finished Handling Custom Attributes : Time (s): cpu = 00:00:07 ; elapsed = 00:00:07 . Memory (MB): peak = 2313.340 ; gain = 585.719 ; free physical = 8454 ; free virtual = 18476
---------------------------------------------------------------------------------
---------------------------------------------------------------------------------
Finished RTL Optimization Phase 1 : Time (s): cpu = 00:00:07 ; elapsed = 00:00:07 . Memory (MB): peak = 2313.340 ; gain = 585.719 ; free physical = 8454 ; free virtual = 18476
---------------------------------------------------------------------------------
Netlist sorting complete. Time (s): cpu = 00:00:00 ; elapsed = 00:00:00 . Memory (MB): peak = 2313.340 ; gain = 0.000 ; free physical = 8454 ; free virtual = 18476
INFO: [Project 1-570] Preparing netlist for logic optimization

Processing XDC Constraints
Initializing timing engine
Completed Processing XDC Constraints

Netlist sorting complete. Time (s): cpu = 00:00:00 ; elapsed = 00:00:00 . Memory (MB): peak = 2362.266 ; gain = 0.000 ; free physical = 8097 ; free virtual = 18121
INFO: [Project 1-111] Unisim Transformation Summary:
No Unisim elements were transformed.

Constraint Validation Runtime : Time (s): cpu = 00:00:00.01 ; elapsed = 00:00:00.01 . Memory (MB): peak = 2362.301 ; gain = 0.000 ; free physical = 8089 ; free virtual = 18113
INFO: [Designutils 20-5008] Incremental synthesis strategy off
---------------------------------------------------------------------------------
Finished Constraint Validation : Time (s): cpu = 00:00:13 ; elapsed = 00:00:13 . Memory (MB): peak = 2362.301 ; gain = 634.680 ; free physical = 7873 ; free virtual = 17899
---------------------------------------------------------------------------------
---------------------------------------------------------------------------------
Start Loading Part and Timing Information
---------------------------------------------------------------------------------
Loading part: xc7a100tfgg484-2
---------------------------------------------------------------------------------
Finished Loading Part and Timing Information : Time (s): cpu = 00:00:13 ; elapsed = 00:00:13 . Memory (MB): peak = 2370.270 ; gain = 642.648 ; free physical = 7873 ; free virtual = 17899
---------------------------------------------------------------------------------
---------------------------------------------------------------------------------
Start Applying 'set_property' XDC Constraints
---------------------------------------------------------------------------------
---------------------------------------------------------------------------------
Finished applying 'set_property' XDC Constraints : Time (s): cpu = 00:00:13 ; elapsed = 00:00:13 . Memory (MB): peak = 2370.270 ; gain = 642.648 ; free physical = 7873 ; free virtual = 17899
---------------------------------------------------------------------------------
---------------------------------------------------------------------------------
Finished RTL Optimization Phase 2 : Time (s): cpu = 00:00:13 ; elapsed = 00:00:14 . Memory (MB): peak = 2370.270 ; gain = 642.648 ; free physical = 7816 ; free virtual = 17843
---------------------------------------------------------------------------------
No constraint files found.
---------------------------------------------------------------------------------
Start RTL Component Statistics 
---------------------------------------------------------------------------------
Detailed RTL Component Info : 
---------------------------------------------------------------------------------
Finished RTL Component Statistics 
---------------------------------------------------------------------------------
---------------------------------------------------------------------------------
Start Part Resource Summary
---------------------------------------------------------------------------------
Part Resources:
DSPs: 240 (col length:80)
BRAMs: 270 (col length: RAMB18 80 RAMB36 40)
---------------------------------------------------------------------------------
Finished Part Resource Summary
---------------------------------------------------------------------------------
No constraint files found.
---------------------------------------------------------------------------------
Start Cross Boundary and Area Optimization
---------------------------------------------------------------------------------
---------------------------------------------------------------------------------
Finished Cross Boundary and Area Optimization : Time (s): cpu = 00:00:14 ; elapsed = 00:00:15 . Memory (MB): peak = 2370.270 ; gain = 642.648 ; free physical = 7708 ; free virtual = 17735
---------------------------------------------------------------------------------
No constraint files found.
---------------------------------------------------------------------------------
Start Timing Optimization
---------------------------------------------------------------------------------
---------------------------------------------------------------------------------
Finished Timing Optimization : Time (s): cpu = 00:00:14 ; elapsed = 00:00:15 . Memory (MB): peak = 2370.270 ; gain = 642.648 ; free physical = 7708 ; free virtual = 17735
---------------------------------------------------------------------------------
---------------------------------------------------------------------------------
Start Technology Mapping
---------------------------------------------------------------------------------
---------------------------------------------------------------------------------
Finished Technology Mapping : Time (s): cpu = 00:00:14 ; elapsed = 00:00:15 . Memory (MB): peak = 2370.270 ; gain = 642.648 ; free physical = 7700 ; free virtual = 17727
---------------------------------------------------------------------------------
---------------------------------------------------------------------------------
Start IO Insertion
---------------------------------------------------------------------------------
---------------------------------------------------------------------------------
Start Flattening Before IO Insertion
---------------------------------------------------------------------------------
---------------------------------------------------------------------------------
Finished Flattening Before IO Insertion
---------------------------------------------------------------------------------
---------------------------------------------------------------------------------
Start Final Netlist Cleanup
---------------------------------------------------------------------------------
---------------------------------------------------------------------------------
Finished Final Netlist Cleanup
---------------------------------------------------------------------------------
---------------------------------------------------------------------------------
Finished IO Insertion : Time (s): cpu = 00:00:17 ; elapsed = 00:00:18 . Memory (MB): peak = 2510.082 ; gain = 782.461 ; free physical = 7623 ; free virtual = 17656
---------------------------------------------------------------------------------
---------------------------------------------------------------------------------
Start Renaming Generated Instances
---------------------------------------------------------------------------------
---------------------------------------------------------------------------------
Finished Renaming Generated Instances : Time (s): cpu = 00:00:17 ; elapsed = 00:00:18 . Memory (MB): peak = 2510.082 ; gain = 782.461 ; free physical = 7623 ; free virtual = 17656
---------------------------------------------------------------------------------
---------------------------------------------------------------------------------
Start Rebuilding User Hierarchy
---------------------------------------------------------------------------------
---------------------------------------------------------------------------------
Finished Rebuilding User Hierarchy : Time (s): cpu = 00:00:17 ; elapsed = 00:00:18 . Memory (MB): peak = 2510.082 ; gain = 782.461 ; free physical = 7623 ; free virtual = 17656
---------------------------------------------------------------------------------
---------------------------------------------------------------------------------
Start Renaming Generated Ports
---------------------------------------------------------------------------------
---------------------------------------------------------------------------------
Finished Renaming Generated Ports : Time (s): cpu = 00:00:17 ; elapsed = 00:00:18 . Memory (MB): peak = 2510.082 ; gain = 782.461 ; free physical = 7623 ; free virtual = 17656
---------------------------------------------------------------------------------
---------------------------------------------------------------------------------
Start Handling Custom Attributes
---------------------------------------------------------------------------------
---------------------------------------------------------------------------------
Finished Handling Custom Attributes : Time (s): cpu = 00:00:17 ; elapsed = 00:00:18 . Memory (MB): peak = 2510.082 ; gain = 782.461 ; free physical = 7623 ; free virtual = 17656
---------------------------------------------------------------------------------
---------------------------------------------------------------------------------
Start Renaming Generated Nets
---------------------------------------------------------------------------------
---------------------------------------------------------------------------------
Finished Renaming Generated Nets : Time (s): cpu = 00:00:17 ; elapsed = 00:00:18 . Memory (MB): peak = 2510.082 ; gain = 782.461 ; free physical = 7623 ; free virtual = 17656
---------------------------------------------------------------------------------
---------------------------------------------------------------------------------
Start Writing Synthesis Report
---------------------------------------------------------------------------------

Report BlackBoxes: 
+-+--------------+----------+
| |BlackBox name |Instances |
+-+--------------+----------+
+-+--------------+----------+

Report Cell Usage: 
+------+-----+------+
|      |Cell |Count |
+------+-----+------+
|1     |LUT1 |     1|
+------+-----+------+
---------------------------------------------------------------------------------
Finished Writing Synthesis Report : Time (s): cpu = 00:00:17 ; elapsed = 00:00:18 . Memory (MB): peak = 2510.082 ; gain = 782.461 ; free physical = 7623 ; free virtual = 17656
---------------------------------------------------------------------------------
Synthesis finished with 0 errors, 0 critical warnings and 0 warnings.
Synthesis Optimization Runtime : Time (s): cpu = 00:00:15 ; elapsed = 00:00:16 . Memory (MB): peak = 2510.082 ; gain = 733.500 ; free physical = 7623 ; free virtual = 17656
Synthesis Optimization Complete : Time (s): cpu = 00:00:17 ; elapsed = 00:00:18 . Memory (MB): peak = 2510.090 ; gain = 782.461 ; free physical = 7623 ; free virtual = 17656
INFO: [Project 1-571] Translating synthesized netlist
Netlist sorting complete. Time (s): cpu = 00:00:00 ; elapsed = 00:00:00 . Memory (MB): peak = 2524.926 ; gain = 0.000 ; free physical = 7638 ; free virtual = 17671
INFO: [Project 1-570] Preparing netlist for logic optimization
INFO: [Opt 31-138] Pushed 0 inverter(s) to 0 load pin(s).
Netlist sorting complete. Time (s): cpu = 00:00:00 ; elapsed = 00:00:00 . Memory (MB): peak = 2616.520 ; gain = 0.000 ; free physical = 9065 ; free virtual = 19099
INFO: [Project 1-111] Unisim Transformation Summary:
No Unisim elements were transformed.

Synth Design complete | Checksum: 7958ec1b
INFO: [Common 17-83] Releasing license: Synthesis
20 Infos, 3 Warnings, 0 Critical Warnings and 0 Errors encountered.
synth_design completed successfully
synth_design: Time (s): cpu = 00:00:24 ; elapsed = 00:00:23 . Memory (MB): peak = 2616.555 ; gain = 1047.020 ; free physical = 9072 ; free virtual = 19104
INFO: [Common 17-2834] synth_design peak Physical Memory [PSS] (MB): overall = 1507.578; main = 1507.578; forked = 187.171
INFO: [Common 17-2834] synth_design peak Virtual Memory [VSS] (MB): overall = 3356.484; main = 2616.523; forked = 994.215
INFO: [Common 17-1381] The checkpoint '/home/lovro/ARES/ARES_fpga/ARES_fpga/ARES_fpga.runs/Block_top_util_vector_logic_0_1_synth_1/Block_top_util_vector_logic_0_1.dcp' has been generated.
INFO: [Coretcl 2-1648] Added synthesis output to IP cache for IP Block_top_util_vector_logic_0_1, cache-ID = 74f5624ee1148308
INFO: [Common 17-1381] The checkpoint '/home/lovro/ARES/ARES_fpga/ARES_fpga/ARES_fpga.runs/Block_top_util_vector_logic_0_1_synth_1/Block_top_util_vector_logic_0_1.dcp' has been generated.
INFO: [Vivado 12-24828] Executing command : report_utilization -file Block_top_util_vector_logic_0_1_utilization_synth.rpt -pb Block_top_util_vector_logic_0_1_utilization_synth.pb
INFO: [Common 17-206] Exiting Vivado at Fri Aug 14 21:37:43 2026...
