
*** Running vivado
    with args -log blk_mem_gen_spr_att.vds -m64 -product Vivado -mode batch -messageDb vivado.pb -notrace -source blk_mem_gen_spr_att.tcl


****** Vivado v2025.2 (64-bit)
  **** SW Build 6299465 on Fri Nov 14 12:34:56 MST 2025
  **** IP Build 6300035 on Fri Nov 14 10:48:45 MST 2025
  **** SharedData Build 6298862 on Thu Nov 13 04:50:51 MST 2025
  **** Start of session at: Thu Aug 13 15:06:17 2026
    ** Copyright 1986-2022 Xilinx, Inc. All Rights Reserved.
    ** Copyright 2022-2025 Advanced Micro Devices, Inc. All Rights Reserved.

source blk_mem_gen_spr_att.tcl -notrace
create_project: Time (s): cpu = 00:00:10 ; elapsed = 00:00:09 . Memory (MB): peak = 1569.535 ; gain = 86.059 ; free physical = 13883 ; free virtual = 23568
INFO: [IP_Flow 19-234] Refreshing IP repositories
WARNING: [IP_Flow 19-2248] Failed to load user IP repository '/home/lovro/ARES/Alchistry_Labs/DDR3 test/cores/ip_repo/myip_1_0'; Can't find the specified path.
If this directory should no longer be in your list of user repositories, go to the IP Settings dialog and remove it.
WARNING: [IP_Flow 19-2248] Failed to load user IP repository '/home/lovro/ARES/Alchistry_Labs/DDR3 test/cores/ip_repo/CPU_IO_converter_1_0'; Can't find the specified path.
If this directory should no longer be in your list of user repositories, go to the IP Settings dialog and remove it.
WARNING: [IP_Flow 19-2248] Failed to load user IP repository '/home/lovro/ARES/Alchistry_Labs/DDR3 test/cores/ip_repo/CPU_io_converter_1_0'; Can't find the specified path.
If this directory should no longer be in your list of user repositories, go to the IP Settings dialog and remove it.
INFO: [IP_Flow 19-2313] Loaded Vivado IP repository '/opt/Vivado/2025.2/data/ip'.
Command: synth_design -top blk_mem_gen_spr_att -part xc7a100tfgg484-2 -incremental_mode off -mode out_of_context
Starting synth_design
Attempting to get a license for feature 'Synthesis' and/or device 'xc7a100t'
INFO: [Common 17-349] Got license for feature 'Synthesis' and/or device 'xc7a100t'
INFO: [Device 21-403] Loading part xc7a100tfgg484-2
INFO: [Synth 8-7079] Multithreading enabled for synth_design using a maximum of 7 processes.
INFO: [Synth 8-7078] Launching helper process for spawning children vivado processes
INFO: [Synth 8-7075] Helper process launched with PID 25476
---------------------------------------------------------------------------------
Starting RTL Elaboration : Time (s): cpu = 00:00:06 ; elapsed = 00:00:08 . Memory (MB): peak = 2208.465 ; gain = 483.875 ; free physical = 5270 ; free virtual = 14966
---------------------------------------------------------------------------------
INFO: [Synth 8-638] synthesizing module 'blk_mem_gen_spr_att' [/home/lovro/ARES/ARES_fpga/ARES_fpga/ARES_fpga.gen/sources_1/ip/blk_mem_gen_spr_att/synth/blk_mem_gen_spr_att.vhd:75]
	Parameter C_FAMILY bound to: artix7 - type: string 
	Parameter C_XDEVICEFAMILY bound to: artix7 - type: string 
	Parameter C_ELABORATION_DIR bound to: ./ - type: string 
	Parameter C_INTERFACE_TYPE bound to: 0 - type: integer 
	Parameter C_AXI_TYPE bound to: 1 - type: integer 
	Parameter C_AXI_SLAVE_TYPE bound to: 0 - type: integer 
	Parameter C_USE_BRAM_BLOCK bound to: 0 - type: integer 
	Parameter C_ENABLE_32BIT_ADDRESS bound to: 0 - type: integer 
	Parameter C_CTRL_ECC_ALGO bound to: NONE - type: string 
	Parameter C_HAS_AXI_ID bound to: 0 - type: integer 
	Parameter C_AXI_ID_WIDTH bound to: 4 - type: integer 
	Parameter C_MEM_TYPE bound to: 2 - type: integer 
	Parameter C_BYTE_SIZE bound to: 8 - type: integer 
	Parameter C_ALGORITHM bound to: 1 - type: integer 
	Parameter C_PRIM_TYPE bound to: 1 - type: integer 
	Parameter C_LOAD_INIT_FILE bound to: 0 - type: integer 
	Parameter C_INIT_FILE_NAME bound to: no_coe_file_loaded - type: string 
	Parameter C_INIT_FILE bound to: blk_mem_gen_spr_att.mem - type: string 
	Parameter C_USE_DEFAULT_DATA bound to: 0 - type: integer 
	Parameter C_DEFAULT_DATA bound to: 0 - type: string 
	Parameter C_HAS_RSTA bound to: 0 - type: integer 
	Parameter C_RST_PRIORITY_A bound to: CE - type: string 
	Parameter C_RSTRAM_A bound to: 0 - type: integer 
	Parameter C_INITA_VAL bound to: 0 - type: string 
	Parameter C_HAS_ENA bound to: 0 - type: integer 
	Parameter C_HAS_REGCEA bound to: 0 - type: integer 
	Parameter C_USE_BYTE_WEA bound to: 1 - type: integer 
	Parameter C_WEA_WIDTH bound to: 8 - type: integer 
	Parameter C_WRITE_MODE_A bound to: READ_FIRST - type: string 
	Parameter C_WRITE_WIDTH_A bound to: 64 - type: integer 
	Parameter C_READ_WIDTH_A bound to: 64 - type: integer 
	Parameter C_WRITE_DEPTH_A bound to: 64 - type: integer 
	Parameter C_READ_DEPTH_A bound to: 64 - type: integer 
	Parameter C_ADDRA_WIDTH bound to: 6 - type: integer 
	Parameter C_HAS_RSTB bound to: 0 - type: integer 
	Parameter C_RST_PRIORITY_B bound to: CE - type: string 
	Parameter C_RSTRAM_B bound to: 0 - type: integer 
	Parameter C_INITB_VAL bound to: 0 - type: string 
	Parameter C_HAS_ENB bound to: 1 - type: integer 
	Parameter C_HAS_REGCEB bound to: 0 - type: integer 
	Parameter C_USE_BYTE_WEB bound to: 1 - type: integer 
	Parameter C_WEB_WIDTH bound to: 4 - type: integer 
	Parameter C_WRITE_MODE_B bound to: READ_FIRST - type: string 
	Parameter C_WRITE_WIDTH_B bound to: 32 - type: integer 
	Parameter C_READ_WIDTH_B bound to: 32 - type: integer 
	Parameter C_WRITE_DEPTH_B bound to: 128 - type: integer 
	Parameter C_READ_DEPTH_B bound to: 128 - type: integer 
	Parameter C_ADDRB_WIDTH bound to: 7 - type: integer 
	Parameter C_HAS_MEM_OUTPUT_REGS_A bound to: 0 - type: integer 
	Parameter C_HAS_MEM_OUTPUT_REGS_B bound to: 0 - type: integer 
	Parameter C_HAS_MUX_OUTPUT_REGS_A bound to: 0 - type: integer 
	Parameter C_HAS_MUX_OUTPUT_REGS_B bound to: 0 - type: integer 
	Parameter C_MUX_PIPELINE_STAGES bound to: 0 - type: integer 
	Parameter C_HAS_SOFTECC_INPUT_REGS_A bound to: 0 - type: integer 
	Parameter C_HAS_SOFTECC_OUTPUT_REGS_B bound to: 0 - type: integer 
	Parameter C_USE_SOFTECC bound to: 0 - type: integer 
	Parameter C_USE_ECC bound to: 0 - type: integer 
	Parameter C_EN_ECC_PIPE bound to: 0 - type: integer 
	Parameter C_READ_LATENCY_A bound to: 1 - type: integer 
	Parameter C_READ_LATENCY_B bound to: 1 - type: integer 
	Parameter C_HAS_INJECTERR bound to: 0 - type: integer 
	Parameter C_SIM_COLLISION_CHECK bound to: ALL - type: string 
	Parameter C_COMMON_CLK bound to: 0 - type: integer 
	Parameter C_DISABLE_WARN_BHV_COLL bound to: 0 - type: integer 
	Parameter C_EN_SLEEP_PIN bound to: 0 - type: integer 
	Parameter C_USE_URAM bound to: 0 - type: integer 
	Parameter C_EN_RDADDRA_CHG bound to: 0 - type: integer 
	Parameter C_EN_RDADDRB_CHG bound to: 0 - type: integer 
	Parameter C_EN_DEEPSLEEP_PIN bound to: 0 - type: integer 
	Parameter C_EN_SHUTDOWN_PIN bound to: 0 - type: integer 
	Parameter C_EN_SAFETY_CKT bound to: 0 - type: integer 
	Parameter C_DISABLE_WARN_BHV_RANGE bound to: 0 - type: integer 
	Parameter C_COUNT_36K_BRAM bound to: 2 - type: string 
	Parameter C_COUNT_18K_BRAM bound to: 0 - type: string 
	Parameter C_EST_POWER_SUMMARY bound to: Estimated Power for IP     :     11.17235 mW - type: string 
INFO: [Synth 8-3491] module 'blk_mem_gen_v8_4_12' declared at '/home/lovro/ARES/ARES_fpga/ARES_fpga/ARES_fpga.gen/sources_1/ip/blk_mem_gen_spr_att/hdl/blk_mem_gen_v8_4_vhsyn_rfs.vhd:195209' bound to instance 'U0' of component 'blk_mem_gen_v8_4_12' [/home/lovro/ARES/ARES_fpga/ARES_fpga/ARES_fpga.gen/sources_1/ip/blk_mem_gen_spr_att/synth/blk_mem_gen_spr_att.vhd:250]
INFO: [Synth 8-256] done synthesizing module 'blk_mem_gen_spr_att' (0#1) [/home/lovro/ARES/ARES_fpga/ARES_fpga/ARES_fpga.gen/sources_1/ip/blk_mem_gen_spr_att/synth/blk_mem_gen_spr_att.vhd:75]
INFO: [Synth 8-7129] Port CLKB in module blk_mem_output_block is either unconnected or has no load
INFO: [Synth 8-7129] Port SBITERR_I in module blk_mem_output_block is either unconnected or has no load
INFO: [Synth 8-7129] Port DBITERR_I in module blk_mem_output_block is either unconnected or has no load
INFO: [Synth 8-7129] Port RDADDRECC_I[6] in module blk_mem_output_block is either unconnected or has no load
INFO: [Synth 8-7129] Port RDADDRECC_I[5] in module blk_mem_output_block is either unconnected or has no load
INFO: [Synth 8-7129] Port RDADDRECC_I[4] in module blk_mem_output_block is either unconnected or has no load
INFO: [Synth 8-7129] Port RDADDRECC_I[3] in module blk_mem_output_block is either unconnected or has no load
INFO: [Synth 8-7129] Port RDADDRECC_I[2] in module blk_mem_output_block is either unconnected or has no load
INFO: [Synth 8-7129] Port RDADDRECC_I[1] in module blk_mem_output_block is either unconnected or has no load
INFO: [Synth 8-7129] Port RDADDRECC_I[0] in module blk_mem_output_block is either unconnected or has no load
INFO: [Synth 8-7129] Port SBITERR in module blk_mem_gen_prim_wrapper__parameterized0 is either unconnected or has no load
INFO: [Synth 8-7129] Port DBITERR in module blk_mem_gen_prim_wrapper__parameterized0 is either unconnected or has no load
INFO: [Synth 8-7129] Port SSRA in module blk_mem_gen_prim_wrapper__parameterized0 is either unconnected or has no load
INFO: [Synth 8-7129] Port SSRB in module blk_mem_gen_prim_wrapper__parameterized0 is either unconnected or has no load
INFO: [Synth 8-7129] Port SLEEP in module blk_mem_gen_prim_wrapper__parameterized0 is either unconnected or has no load
INFO: [Synth 8-7129] Port INJECTSBITERR in module blk_mem_gen_prim_wrapper__parameterized0 is either unconnected or has no load
INFO: [Synth 8-7129] Port INJECTDBITERR in module blk_mem_gen_prim_wrapper__parameterized0 is either unconnected or has no load
INFO: [Synth 8-7129] Port ECCPIPECE in module blk_mem_gen_prim_wrapper__parameterized0 is either unconnected or has no load
INFO: [Synth 8-7129] Port SBITERR in module blk_mem_gen_prim_wrapper is either unconnected or has no load
INFO: [Synth 8-7129] Port DBITERR in module blk_mem_gen_prim_wrapper is either unconnected or has no load
INFO: [Synth 8-7129] Port SSRA in module blk_mem_gen_prim_wrapper is either unconnected or has no load
INFO: [Synth 8-7129] Port SSRB in module blk_mem_gen_prim_wrapper is either unconnected or has no load
INFO: [Synth 8-7129] Port SLEEP in module blk_mem_gen_prim_wrapper is either unconnected or has no load
INFO: [Synth 8-7129] Port INJECTSBITERR in module blk_mem_gen_prim_wrapper is either unconnected or has no load
INFO: [Synth 8-7129] Port INJECTDBITERR in module blk_mem_gen_prim_wrapper is either unconnected or has no load
INFO: [Synth 8-7129] Port ECCPIPECE in module blk_mem_gen_prim_wrapper is either unconnected or has no load
INFO: [Synth 8-7129] Port REGCEA[0] in module blk_mem_gen_generic_cstr is either unconnected or has no load
INFO: [Synth 8-7129] Port REGCEB[0] in module blk_mem_gen_generic_cstr is either unconnected or has no load
INFO: [Synth 8-7129] Port INJECTSBITERR in module blk_mem_gen_generic_cstr is either unconnected or has no load
INFO: [Synth 8-7129] Port INJECTDBITERR in module blk_mem_gen_generic_cstr is either unconnected or has no load
INFO: [Synth 8-7129] Port RSTA in module blk_mem_input_block is either unconnected or has no load
INFO: [Synth 8-7129] Port ENA in module blk_mem_input_block is either unconnected or has no load
INFO: [Synth 8-7129] Port REGCEA in module blk_mem_input_block is either unconnected or has no load
INFO: [Synth 8-7129] Port RSTB in module blk_mem_input_block is either unconnected or has no load
INFO: [Synth 8-7129] Port REGCEB in module blk_mem_input_block is either unconnected or has no load
INFO: [Synth 8-7129] Port INJECTDBITERR in module blk_mem_input_block is either unconnected or has no load
INFO: [Synth 8-7129] Port INJECTSBITERR in module blk_mem_input_block is either unconnected or has no load
INFO: [Synth 8-7129] Port S_AClk in module blk_mem_gen_v8_4_12_synth is either unconnected or has no load
INFO: [Synth 8-7129] Port S_ARESETN in module blk_mem_gen_v8_4_12_synth is either unconnected or has no load
INFO: [Synth 8-7129] Port S_AXI_AWID[3] in module blk_mem_gen_v8_4_12_synth is either unconnected or has no load
INFO: [Synth 8-7129] Port S_AXI_AWID[2] in module blk_mem_gen_v8_4_12_synth is either unconnected or has no load
INFO: [Synth 8-7129] Port S_AXI_AWID[1] in module blk_mem_gen_v8_4_12_synth is either unconnected or has no load
INFO: [Synth 8-7129] Port S_AXI_AWID[0] in module blk_mem_gen_v8_4_12_synth is either unconnected or has no load
INFO: [Synth 8-7129] Port S_AXI_AWADDR[31] in module blk_mem_gen_v8_4_12_synth is either unconnected or has no load
INFO: [Synth 8-7129] Port S_AXI_AWADDR[30] in module blk_mem_gen_v8_4_12_synth is either unconnected or has no load
INFO: [Synth 8-7129] Port S_AXI_AWADDR[29] in module blk_mem_gen_v8_4_12_synth is either unconnected or has no load
INFO: [Synth 8-7129] Port S_AXI_AWADDR[28] in module blk_mem_gen_v8_4_12_synth is either unconnected or has no load
INFO: [Synth 8-7129] Port S_AXI_AWADDR[27] in module blk_mem_gen_v8_4_12_synth is either unconnected or has no load
INFO: [Synth 8-7129] Port S_AXI_AWADDR[26] in module blk_mem_gen_v8_4_12_synth is either unconnected or has no load
INFO: [Synth 8-7129] Port S_AXI_AWADDR[25] in module blk_mem_gen_v8_4_12_synth is either unconnected or has no load
INFO: [Synth 8-7129] Port S_AXI_AWADDR[24] in module blk_mem_gen_v8_4_12_synth is either unconnected or has no load
INFO: [Synth 8-7129] Port S_AXI_AWADDR[23] in module blk_mem_gen_v8_4_12_synth is either unconnected or has no load
INFO: [Synth 8-7129] Port S_AXI_AWADDR[22] in module blk_mem_gen_v8_4_12_synth is either unconnected or has no load
INFO: [Synth 8-7129] Port S_AXI_AWADDR[21] in module blk_mem_gen_v8_4_12_synth is either unconnected or has no load
INFO: [Synth 8-7129] Port S_AXI_AWADDR[20] in module blk_mem_gen_v8_4_12_synth is either unconnected or has no load
INFO: [Synth 8-7129] Port S_AXI_AWADDR[19] in module blk_mem_gen_v8_4_12_synth is either unconnected or has no load
INFO: [Synth 8-7129] Port S_AXI_AWADDR[18] in module blk_mem_gen_v8_4_12_synth is either unconnected or has no load
INFO: [Synth 8-7129] Port S_AXI_AWADDR[17] in module blk_mem_gen_v8_4_12_synth is either unconnected or has no load
INFO: [Synth 8-7129] Port S_AXI_AWADDR[16] in module blk_mem_gen_v8_4_12_synth is either unconnected or has no load
INFO: [Synth 8-7129] Port S_AXI_AWADDR[15] in module blk_mem_gen_v8_4_12_synth is either unconnected or has no load
INFO: [Synth 8-7129] Port S_AXI_AWADDR[14] in module blk_mem_gen_v8_4_12_synth is either unconnected or has no load
INFO: [Synth 8-7129] Port S_AXI_AWADDR[13] in module blk_mem_gen_v8_4_12_synth is either unconnected or has no load
INFO: [Synth 8-7129] Port S_AXI_AWADDR[12] in module blk_mem_gen_v8_4_12_synth is either unconnected or has no load
INFO: [Synth 8-7129] Port S_AXI_AWADDR[11] in module blk_mem_gen_v8_4_12_synth is either unconnected or has no load
INFO: [Synth 8-7129] Port S_AXI_AWADDR[10] in module blk_mem_gen_v8_4_12_synth is either unconnected or has no load
INFO: [Synth 8-7129] Port S_AXI_AWADDR[9] in module blk_mem_gen_v8_4_12_synth is either unconnected or has no load
INFO: [Synth 8-7129] Port S_AXI_AWADDR[8] in module blk_mem_gen_v8_4_12_synth is either unconnected or has no load
INFO: [Synth 8-7129] Port S_AXI_AWADDR[7] in module blk_mem_gen_v8_4_12_synth is either unconnected or has no load
INFO: [Synth 8-7129] Port S_AXI_AWADDR[6] in module blk_mem_gen_v8_4_12_synth is either unconnected or has no load
INFO: [Synth 8-7129] Port S_AXI_AWADDR[5] in module blk_mem_gen_v8_4_12_synth is either unconnected or has no load
INFO: [Synth 8-7129] Port S_AXI_AWADDR[4] in module blk_mem_gen_v8_4_12_synth is either unconnected or has no load
INFO: [Synth 8-7129] Port S_AXI_AWADDR[3] in module blk_mem_gen_v8_4_12_synth is either unconnected or has no load
INFO: [Synth 8-7129] Port S_AXI_AWADDR[2] in module blk_mem_gen_v8_4_12_synth is either unconnected or has no load
INFO: [Synth 8-7129] Port S_AXI_AWADDR[1] in module blk_mem_gen_v8_4_12_synth is either unconnected or has no load
INFO: [Synth 8-7129] Port S_AXI_AWADDR[0] in module blk_mem_gen_v8_4_12_synth is either unconnected or has no load
INFO: [Synth 8-7129] Port S_AXI_AWLEN[7] in module blk_mem_gen_v8_4_12_synth is either unconnected or has no load
INFO: [Synth 8-7129] Port S_AXI_AWLEN[6] in module blk_mem_gen_v8_4_12_synth is either unconnected or has no load
INFO: [Synth 8-7129] Port S_AXI_AWLEN[5] in module blk_mem_gen_v8_4_12_synth is either unconnected or has no load
INFO: [Synth 8-7129] Port S_AXI_AWLEN[4] in module blk_mem_gen_v8_4_12_synth is either unconnected or has no load
INFO: [Synth 8-7129] Port S_AXI_AWLEN[3] in module blk_mem_gen_v8_4_12_synth is either unconnected or has no load
INFO: [Synth 8-7129] Port S_AXI_AWLEN[2] in module blk_mem_gen_v8_4_12_synth is either unconnected or has no load
INFO: [Synth 8-7129] Port S_AXI_AWLEN[1] in module blk_mem_gen_v8_4_12_synth is either unconnected or has no load
INFO: [Synth 8-7129] Port S_AXI_AWLEN[0] in module blk_mem_gen_v8_4_12_synth is either unconnected or has no load
INFO: [Synth 8-7129] Port S_AXI_AWSIZE[2] in module blk_mem_gen_v8_4_12_synth is either unconnected or has no load
INFO: [Synth 8-7129] Port S_AXI_AWSIZE[1] in module blk_mem_gen_v8_4_12_synth is either unconnected or has no load
INFO: [Synth 8-7129] Port S_AXI_AWSIZE[0] in module blk_mem_gen_v8_4_12_synth is either unconnected or has no load
INFO: [Synth 8-7129] Port S_AXI_AWBURST[1] in module blk_mem_gen_v8_4_12_synth is either unconnected or has no load
INFO: [Synth 8-7129] Port S_AXI_AWBURST[0] in module blk_mem_gen_v8_4_12_synth is either unconnected or has no load
INFO: [Synth 8-7129] Port S_AXI_AWVALID in module blk_mem_gen_v8_4_12_synth is either unconnected or has no load
INFO: [Synth 8-7129] Port S_AXI_WDATA[63] in module blk_mem_gen_v8_4_12_synth is either unconnected or has no load
INFO: [Synth 8-7129] Port S_AXI_WDATA[62] in module blk_mem_gen_v8_4_12_synth is either unconnected or has no load
INFO: [Synth 8-7129] Port S_AXI_WDATA[61] in module blk_mem_gen_v8_4_12_synth is either unconnected or has no load
INFO: [Synth 8-7129] Port S_AXI_WDATA[60] in module blk_mem_gen_v8_4_12_synth is either unconnected or has no load
INFO: [Synth 8-7129] Port S_AXI_WDATA[59] in module blk_mem_gen_v8_4_12_synth is either unconnected or has no load
INFO: [Synth 8-7129] Port S_AXI_WDATA[58] in module blk_mem_gen_v8_4_12_synth is either unconnected or has no load
INFO: [Synth 8-7129] Port S_AXI_WDATA[57] in module blk_mem_gen_v8_4_12_synth is either unconnected or has no load
INFO: [Synth 8-7129] Port S_AXI_WDATA[56] in module blk_mem_gen_v8_4_12_synth is either unconnected or has no load
INFO: [Synth 8-7129] Port S_AXI_WDATA[55] in module blk_mem_gen_v8_4_12_synth is either unconnected or has no load
INFO: [Synth 8-7129] Port S_AXI_WDATA[54] in module blk_mem_gen_v8_4_12_synth is either unconnected or has no load
INFO: [Synth 8-7129] Port S_AXI_WDATA[53] in module blk_mem_gen_v8_4_12_synth is either unconnected or has no load
INFO: [Common 17-14] Message 'Synth 8-7129' appears 100 times and further instances of the messages will be disabled. Use the Tcl command set_msg_config to change the current settings.
---------------------------------------------------------------------------------
Finished RTL Elaboration : Time (s): cpu = 00:00:12 ; elapsed = 00:00:15 . Memory (MB): peak = 2510.371 ; gain = 785.781 ; free physical = 3509 ; free virtual = 13223
---------------------------------------------------------------------------------
---------------------------------------------------------------------------------
Start Handling Custom Attributes
---------------------------------------------------------------------------------
---------------------------------------------------------------------------------
Finished Handling Custom Attributes : Time (s): cpu = 00:00:12 ; elapsed = 00:00:15 . Memory (MB): peak = 2510.371 ; gain = 785.781 ; free physical = 3509 ; free virtual = 13223
---------------------------------------------------------------------------------
---------------------------------------------------------------------------------
Finished RTL Optimization Phase 1 : Time (s): cpu = 00:00:12 ; elapsed = 00:00:15 . Memory (MB): peak = 2510.371 ; gain = 785.781 ; free physical = 3509 ; free virtual = 13223
---------------------------------------------------------------------------------
Netlist sorting complete. Time (s): cpu = 00:00:00.01 ; elapsed = 00:00:00.01 . Memory (MB): peak = 2510.371 ; gain = 0.000 ; free physical = 3454 ; free virtual = 13168
INFO: [Netlist 29-17] Analyzing 2 Unisim elements for replacement
INFO: [Netlist 29-28] Unisim Transformation completed in 0 CPU seconds
INFO: [Project 1-570] Preparing netlist for logic optimization

Processing XDC Constraints
Initializing timing engine
Parsing XDC File [/home/lovro/ARES/ARES_fpga/ARES_fpga/ARES_fpga.gen/sources_1/ip/blk_mem_gen_spr_att/blk_mem_gen_spr_att_ooc.xdc] for cell 'U0'
Finished Parsing XDC File [/home/lovro/ARES/ARES_fpga/ARES_fpga/ARES_fpga.gen/sources_1/ip/blk_mem_gen_spr_att/blk_mem_gen_spr_att_ooc.xdc] for cell 'U0'
Parsing XDC File [/home/lovro/ARES/ARES_fpga/ARES_fpga/ARES_fpga.runs/blk_mem_gen_spr_att_synth_1/dont_touch.xdc]
Finished Parsing XDC File [/home/lovro/ARES/ARES_fpga/ARES_fpga/ARES_fpga.runs/blk_mem_gen_spr_att_synth_1/dont_touch.xdc]
Completed Processing XDC Constraints

Netlist sorting complete. Time (s): cpu = 00:00:00 ; elapsed = 00:00:00 . Memory (MB): peak = 2550.391 ; gain = 0.000 ; free physical = 3355 ; free virtual = 13080
INFO: [Project 1-111] Unisim Transformation Summary:
No Unisim elements were transformed.

Constraint Validation Runtime : Time (s): cpu = 00:00:00.02 ; elapsed = 00:00:00.03 . Memory (MB): peak = 2550.426 ; gain = 0.000 ; free physical = 3355 ; free virtual = 13077
INFO: [Designutils 20-5008] Incremental synthesis strategy off
---------------------------------------------------------------------------------
Finished Constraint Validation : Time (s): cpu = 00:00:20 ; elapsed = 00:00:24 . Memory (MB): peak = 2550.426 ; gain = 825.836 ; free physical = 3240 ; free virtual = 12968
---------------------------------------------------------------------------------
---------------------------------------------------------------------------------
Start Loading Part and Timing Information
---------------------------------------------------------------------------------
Loading part: xc7a100tfgg484-2
---------------------------------------------------------------------------------
Finished Loading Part and Timing Information : Time (s): cpu = 00:00:20 ; elapsed = 00:00:24 . Memory (MB): peak = 2558.395 ; gain = 833.805 ; free physical = 3240 ; free virtual = 12967
---------------------------------------------------------------------------------
---------------------------------------------------------------------------------
Start Applying 'set_property' XDC Constraints
---------------------------------------------------------------------------------
---------------------------------------------------------------------------------
Finished applying 'set_property' XDC Constraints : Time (s): cpu = 00:00:20 ; elapsed = 00:00:24 . Memory (MB): peak = 2558.395 ; gain = 833.805 ; free physical = 3240 ; free virtual = 12967
---------------------------------------------------------------------------------
---------------------------------------------------------------------------------
Finished RTL Optimization Phase 2 : Time (s): cpu = 00:00:21 ; elapsed = 00:00:24 . Memory (MB): peak = 2558.395 ; gain = 833.805 ; free physical = 3190 ; free virtual = 12919
---------------------------------------------------------------------------------
---------------------------------------------------------------------------------
Start RTL Component Statistics 
---------------------------------------------------------------------------------
---------------------------------------------------------------------------------
Finished RTL Component Statistics 
---------------------------------------------------------------------------------
---------------------------------------------------------------------------------
Start Part Resource Summary
---------------------------------------------------------------------------------
Part Resources:
DSPs: 240 (col length:80)
BRAMs: 270 (col length: RAMB18 80 RAMB36 40)
---------------------------------------------------------------------------------
Finished Part Resource Summary
---------------------------------------------------------------------------------
---------------------------------------------------------------------------------
Start Cross Boundary and Area Optimization
---------------------------------------------------------------------------------
---------------------------------------------------------------------------------
Finished Cross Boundary and Area Optimization : Time (s): cpu = 00:00:22 ; elapsed = 00:00:26 . Memory (MB): peak = 2558.395 ; gain = 833.805 ; free physical = 2951 ; free virtual = 12696
---------------------------------------------------------------------------------
---------------------------------------------------------------------------------
Start Applying XDC Timing Constraints
---------------------------------------------------------------------------------
---------------------------------------------------------------------------------
Finished Applying XDC Timing Constraints : Time (s): cpu = 00:00:28 ; elapsed = 00:00:32 . Memory (MB): peak = 2558.395 ; gain = 833.805 ; free physical = 4152 ; free virtual = 13894
---------------------------------------------------------------------------------
---------------------------------------------------------------------------------
Start Timing Optimization
---------------------------------------------------------------------------------
---------------------------------------------------------------------------------
Finished Timing Optimization : Time (s): cpu = 00:00:28 ; elapsed = 00:00:32 . Memory (MB): peak = 2558.395 ; gain = 833.805 ; free physical = 4151 ; free virtual = 13893
---------------------------------------------------------------------------------
---------------------------------------------------------------------------------
Start Technology Mapping
---------------------------------------------------------------------------------
---------------------------------------------------------------------------------
Finished Technology Mapping : Time (s): cpu = 00:00:28 ; elapsed = 00:00:32 . Memory (MB): peak = 2558.395 ; gain = 833.805 ; free physical = 4150 ; free virtual = 13891
---------------------------------------------------------------------------------
---------------------------------------------------------------------------------
Start IO Insertion
---------------------------------------------------------------------------------
---------------------------------------------------------------------------------
Start Flattening Before IO Insertion
---------------------------------------------------------------------------------
---------------------------------------------------------------------------------
Finished Flattening Before IO Insertion
---------------------------------------------------------------------------------
---------------------------------------------------------------------------------
Start Final Netlist Cleanup
---------------------------------------------------------------------------------
---------------------------------------------------------------------------------
Finished Final Netlist Cleanup
---------------------------------------------------------------------------------
---------------------------------------------------------------------------------
Finished IO Insertion : Time (s): cpu = 00:00:32 ; elapsed = 00:00:36 . Memory (MB): peak = 2672.207 ; gain = 947.617 ; free physical = 6383 ; free virtual = 16124
---------------------------------------------------------------------------------
---------------------------------------------------------------------------------
Start Renaming Generated Instances
---------------------------------------------------------------------------------
---------------------------------------------------------------------------------
Finished Renaming Generated Instances : Time (s): cpu = 00:00:32 ; elapsed = 00:00:36 . Memory (MB): peak = 2672.207 ; gain = 947.617 ; free physical = 6383 ; free virtual = 16124
---------------------------------------------------------------------------------
---------------------------------------------------------------------------------
Start Rebuilding User Hierarchy
---------------------------------------------------------------------------------
---------------------------------------------------------------------------------
Finished Rebuilding User Hierarchy : Time (s): cpu = 00:00:32 ; elapsed = 00:00:36 . Memory (MB): peak = 2672.207 ; gain = 947.617 ; free physical = 6381 ; free virtual = 16122
---------------------------------------------------------------------------------
---------------------------------------------------------------------------------
Start Renaming Generated Ports
---------------------------------------------------------------------------------
---------------------------------------------------------------------------------
Finished Renaming Generated Ports : Time (s): cpu = 00:00:32 ; elapsed = 00:00:36 . Memory (MB): peak = 2672.207 ; gain = 947.617 ; free physical = 6381 ; free virtual = 16122
---------------------------------------------------------------------------------
---------------------------------------------------------------------------------
Start Handling Custom Attributes
---------------------------------------------------------------------------------
---------------------------------------------------------------------------------
Finished Handling Custom Attributes : Time (s): cpu = 00:00:32 ; elapsed = 00:00:36 . Memory (MB): peak = 2672.207 ; gain = 947.617 ; free physical = 6376 ; free virtual = 16117
---------------------------------------------------------------------------------
---------------------------------------------------------------------------------
Start Renaming Generated Nets
---------------------------------------------------------------------------------
---------------------------------------------------------------------------------
Finished Renaming Generated Nets : Time (s): cpu = 00:00:32 ; elapsed = 00:00:36 . Memory (MB): peak = 2672.207 ; gain = 947.617 ; free physical = 6374 ; free virtual = 16115
---------------------------------------------------------------------------------
---------------------------------------------------------------------------------
Start Writing Synthesis Report
---------------------------------------------------------------------------------

Report BlackBoxes: 
+-+--------------+----------+
| |BlackBox name |Instances |
+-+--------------+----------+
+-+--------------+----------+

Report Cell Usage: 
+------+---------+------+
|      |Cell     |Count |
+------+---------+------+
|1     |RAMB36E1 |     2|
+------+---------+------+
---------------------------------------------------------------------------------
Finished Writing Synthesis Report : Time (s): cpu = 00:00:32 ; elapsed = 00:00:36 . Memory (MB): peak = 2672.207 ; gain = 947.617 ; free physical = 6374 ; free virtual = 16115
---------------------------------------------------------------------------------
Synthesis finished with 0 errors, 0 critical warnings and 0 warnings.
Synthesis Optimization Runtime : Time (s): cpu = 00:00:30 ; elapsed = 00:00:34 . Memory (MB): peak = 2672.207 ; gain = 907.562 ; free physical = 6318 ; free virtual = 16058
Synthesis Optimization Complete : Time (s): cpu = 00:00:32 ; elapsed = 00:00:37 . Memory (MB): peak = 2672.215 ; gain = 947.617 ; free physical = 6318 ; free virtual = 16058
INFO: [Project 1-571] Translating synthesized netlist
Netlist sorting complete. Time (s): cpu = 00:00:00.01 ; elapsed = 00:00:00.01 . Memory (MB): peak = 2672.215 ; gain = 0.000 ; free physical = 6305 ; free virtual = 16045
INFO: [Netlist 29-17] Analyzing 2 Unisim elements for replacement
INFO: [Netlist 29-28] Unisim Transformation completed in 0 CPU seconds
INFO: [Project 1-570] Preparing netlist for logic optimization
INFO: [Opt 31-138] Pushed 0 inverter(s) to 0 load pin(s).
Netlist sorting complete. Time (s): cpu = 00:00:00 ; elapsed = 00:00:00 . Memory (MB): peak = 2672.215 ; gain = 0.000 ; free physical = 9677 ; free virtual = 19429
INFO: [Project 1-111] Unisim Transformation Summary:
No Unisim elements were transformed.

Synth Design complete | Checksum: f6b27bb6
INFO: [Common 17-83] Releasing license: Synthesis
123 Infos, 3 Warnings, 0 Critical Warnings and 0 Errors encountered.
synth_design completed successfully
synth_design: Time (s): cpu = 00:00:39 ; elapsed = 00:00:42 . Memory (MB): peak = 2672.242 ; gain = 1102.707 ; free physical = 10295 ; free virtual = 20047
INFO: [Common 17-2834] synth_design peak Physical Memory [PSS] (MB): overall = 1639.190; main = 1581.495; forked = 184.909
INFO: [Common 17-2834] synth_design peak Virtual Memory [VSS] (MB): overall = 3552.613; main = 2672.211; forked = 994.215
INFO: [Common 17-1381] The checkpoint '/home/lovro/ARES/ARES_fpga/ARES_fpga/ARES_fpga.runs/blk_mem_gen_spr_att_synth_1/blk_mem_gen_spr_att.dcp' has been generated.
INFO: [Coretcl 2-1648] Added synthesis output to IP cache for IP blk_mem_gen_spr_att, cache-ID = feb42672f6b06f09
INFO: [Coretcl 2-1174] Renamed 8 cell refs.
INFO: [Common 17-1381] The checkpoint '/home/lovro/ARES/ARES_fpga/ARES_fpga/ARES_fpga.runs/blk_mem_gen_spr_att_synth_1/blk_mem_gen_spr_att.dcp' has been generated.
INFO: [Vivado 12-24828] Executing command : report_utilization -file blk_mem_gen_spr_att_utilization_synth.rpt -pb blk_mem_gen_spr_att_utilization_synth.pb
INFO: [Common 17-206] Exiting Vivado at Thu Aug 13 15:07:13 2026...
