
*** Running vivado
    with args -log Block_top_smartconnect_0_0.vds -m64 -product Vivado -mode batch -messageDb vivado.pb -notrace -source Block_top_smartconnect_0_0.tcl


****** Vivado v2025.2 (64-bit)
  **** SW Build 6299465 on Fri Nov 14 12:34:56 MST 2025
  **** IP Build 6300035 on Fri Nov 14 10:48:45 MST 2025
  **** SharedData Build 6298862 on Thu Nov 13 04:50:51 MST 2025
  **** Start of session at: Fri Aug 14 21:36:21 2026
    ** Copyright 1986-2022 Xilinx, Inc. All Rights Reserved.
    ** Copyright 2022-2025 Advanced Micro Devices, Inc. All Rights Reserved.

source Block_top_smartconnect_0_0.tcl -notrace
create_project: Time (s): cpu = 00:00:09 ; elapsed = 00:00:08 . Memory (MB): peak = 1610.609 ; gain = 64.059 ; free physical = 15932 ; free virtual = 25879
INFO: [IP_Flow 19-234] Refreshing IP repositories
WARNING: [IP_Flow 19-2248] Failed to load user IP repository '/home/lovro/ARES/Alchistry_Labs/DDR3 test/cores/ip_repo/myip_1_0'; Can't find the specified path.
If this directory should no longer be in your list of user repositories, go to the IP Settings dialog and remove it.
WARNING: [IP_Flow 19-2248] Failed to load user IP repository '/home/lovro/ARES/Alchistry_Labs/DDR3 test/cores/ip_repo/CPU_IO_converter_1_0'; Can't find the specified path.
If this directory should no longer be in your list of user repositories, go to the IP Settings dialog and remove it.
WARNING: [IP_Flow 19-2248] Failed to load user IP repository '/home/lovro/ARES/Alchistry_Labs/DDR3 test/cores/ip_repo/CPU_io_converter_1_0'; Can't find the specified path.
If this directory should no longer be in your list of user repositories, go to the IP Settings dialog and remove it.
INFO: [IP_Flow 19-2313] Loaded Vivado IP repository '/opt/Vivado/2025.2/data/ip'.
Command: synth_design -top Block_top_smartconnect_0_0 -part xc7a100tfgg484-2 -incremental_mode off -mode out_of_context
Starting synth_design
Attempting to get a license for feature 'Synthesis' and/or device 'xc7a100t'
INFO: [Common 17-349] Got license for feature 'Synthesis' and/or device 'xc7a100t'
INFO: [Device 21-403] Loading part xc7a100tfgg484-2
INFO: [Synth 8-7079] Multithreading enabled for synth_design using a maximum of 7 processes.
INFO: [Synth 8-7078] Launching helper process for spawning children vivado processes
INFO: [Synth 8-7075] Helper process launched with PID 15403
---------------------------------------------------------------------------------
Starting RTL Elaboration : Time (s): cpu = 00:00:06 ; elapsed = 00:00:08 . Memory (MB): peak = 2230.156 ; gain = 480.273 ; free physical = 7233 ; free virtual = 17188
---------------------------------------------------------------------------------
INFO: [Synth 8-6157] synthesizing module 'Block_top_smartconnect_0_0' [/home/lovro/ARES/ARES_fpga/ARES_fpga/ARES_fpga.gen/sources_1/bd/Block_top/ip/Block_top_smartconnect_0_0/synth/Block_top_smartconnect_0_0.v:53]
INFO: [Synth 8-6157] synthesizing module 'bd_797d' [/home/lovro/ARES/ARES_fpga/ARES_fpga/ARES_fpga.gen/sources_1/bd/Block_top/ip/Block_top_smartconnect_0_0/bd_0/synth/bd_797d.v:10]
INFO: [Synth 8-6157] synthesizing module 'clk_map_imp_1ETOZD4' [/home/lovro/ARES/ARES_fpga/ARES_fpga/ARES_fpga.gen/sources_1/bd/Block_top/ip/Block_top_smartconnect_0_0/bd_0/synth/bd_797d.v:1033]
INFO: [Synth 8-638] synthesizing module 'bd_797d_psr_aclk_0' [/home/lovro/ARES/ARES_fpga/ARES_fpga/ARES_fpga.gen/sources_1/bd/Block_top/ip/Block_top_smartconnect_0_0/bd_0/ip/ip_1/synth/bd_797d_psr_aclk_0.vhd:74]
	Parameter C_FAMILY bound to: artix7 - type: string 
	Parameter C_EXT_RST_WIDTH bound to: 4 - type: integer 
	Parameter C_AUX_RST_WIDTH bound to: 1 - type: integer 
	Parameter C_EXT_RESET_HIGH bound to: 1'b0 
	Parameter C_AUX_RESET_HIGH bound to: 1'b0 
	Parameter C_NUM_BUS_RST bound to: 1 - type: integer 
	Parameter C_NUM_PERP_RST bound to: 1 - type: integer 
	Parameter C_NUM_INTERCONNECT_ARESETN bound to: 1 - type: integer 
	Parameter C_NUM_PERP_ARESETN bound to: 1 - type: integer 
INFO: [Synth 8-3491] module 'proc_sys_reset' declared at '/home/lovro/ARES/ARES_fpga/ARES_fpga/ARES_fpga.gen/sources_1/bd/Block_top/ipshared/9438/hdl/proc_sys_reset_v5_0_vh_rfs.vhd:1243' bound to instance 'U0' of component 'proc_sys_reset' [/home/lovro/ARES/ARES_fpga/ARES_fpga/ARES_fpga.gen/sources_1/bd/Block_top/ip/Block_top_smartconnect_0_0/bd_0/ip/ip_1/synth/bd_797d_psr_aclk_0.vhd:139]
INFO: [Synth 8-638] synthesizing module 'proc_sys_reset' [/home/lovro/ARES/ARES_fpga/ARES_fpga/ARES_fpga.gen/sources_1/bd/Block_top/ipshared/9438/hdl/proc_sys_reset_v5_0_vh_rfs.vhd:1302]
	Parameter INIT bound to: 1'b1 
INFO: [Synth 8-113] binding component instance 'FDRE_inst' to cell 'FDRE' [/home/lovro/ARES/ARES_fpga/ARES_fpga/ARES_fpga.gen/sources_1/bd/Block_top/ipshared/9438/hdl/proc_sys_reset_v5_0_vh_rfs.vhd:1371]
	Parameter INIT bound to: 1'b1 
INFO: [Synth 8-113] binding component instance 'FDRE_BSR' to cell 'FDRE' [/home/lovro/ARES/ARES_fpga/ARES_fpga/ARES_fpga.gen/sources_1/bd/Block_top/ipshared/9438/hdl/proc_sys_reset_v5_0_vh_rfs.vhd:1387]
	Parameter INIT bound to: 1'b0 
INFO: [Synth 8-113] binding component instance 'FDRE_BSR_N' to cell 'FDRE' [/home/lovro/ARES/ARES_fpga/ARES_fpga/ARES_fpga.gen/sources_1/bd/Block_top/ipshared/9438/hdl/proc_sys_reset_v5_0_vh_rfs.vhd:1413]
	Parameter INIT bound to: 1'b1 
INFO: [Synth 8-113] binding component instance 'FDRE_PER' to cell 'FDRE' [/home/lovro/ARES/ARES_fpga/ARES_fpga/ARES_fpga.gen/sources_1/bd/Block_top/ipshared/9438/hdl/proc_sys_reset_v5_0_vh_rfs.vhd:1436]
	Parameter INIT bound to: 1'b0 
INFO: [Synth 8-113] binding component instance 'FDRE_PER_N' to cell 'FDRE' [/home/lovro/ARES/ARES_fpga/ARES_fpga/ARES_fpga.gen/sources_1/bd/Block_top/ipshared/9438/hdl/proc_sys_reset_v5_0_vh_rfs.vhd:1460]
INFO: [Synth 8-638] synthesizing module 'lpf' [/home/lovro/ARES/ARES_fpga/ARES_fpga/ARES_fpga.gen/sources_1/bd/Block_top/ipshared/9438/hdl/proc_sys_reset_v5_0_vh_rfs.vhd:821]
INFO: [Synth 8-3491] module 'SRL16' declared at '/opt/Vivado/2025.2/Vivado/scripts/rt/data/unisim_comp.v:165318' bound to instance 'POR_SRL_I' of component 'SRL16' [/home/lovro/ARES/ARES_fpga/ARES_fpga/ARES_fpga.gen/sources_1/bd/Block_top/ipshared/9438/hdl/proc_sys_reset_v5_0_vh_rfs.vhd:873]
INFO: [Synth 8-6157] synthesizing module 'SRL16' [/opt/Vivado/2025.2/Vivado/scripts/rt/data/unisim_comp.v:165318]
INFO: [Synth 8-6155] done synthesizing module 'SRL16' (0#1) [/opt/Vivado/2025.2/Vivado/scripts/rt/data/unisim_comp.v:165318]
	Parameter DEST_SYNC_FF bound to: 4 - type: integer 
	Parameter INIT_SYNC_FF bound to: 0 - type: integer 
	Parameter SIM_ASSERT_CHK bound to: 0 - type: integer 
	Parameter SRC_INPUT_REG bound to: 0 - type: integer 
INFO: [Synth 8-3491] module 'xpm_cdc_single' declared at '/opt/Vivado/2025.2/data/ip/xpm/xpm_cdc/hdl/xpm_cdc.sv:152' bound to instance 'ACT_LO_EXT' of component 'xpm_cdc_single' [/home/lovro/ARES/ARES_fpga/ARES_fpga/ARES_fpga.gen/sources_1/bd/Block_top/ipshared/9438/hdl/proc_sys_reset_v5_0_vh_rfs.vhd:968]
INFO: [Synth 8-6157] synthesizing module 'xpm_cdc_single' [/opt/Vivado/2025.2/data/ip/xpm/xpm_cdc/hdl/xpm_cdc.sv:152]
INFO: [Synth 8-6155] done synthesizing module 'xpm_cdc_single' (0#1) [/opt/Vivado/2025.2/data/ip/xpm/xpm_cdc/hdl/xpm_cdc.sv:152]
	Parameter DEST_SYNC_FF bound to: 4 - type: integer 
	Parameter INIT_SYNC_FF bound to: 0 - type: integer 
	Parameter SIM_ASSERT_CHK bound to: 0 - type: integer 
	Parameter SRC_INPUT_REG bound to: 0 - type: integer 
INFO: [Synth 8-3491] module 'xpm_cdc_single' declared at '/opt/Vivado/2025.2/data/ip/xpm/xpm_cdc/hdl/xpm_cdc.sv:152' bound to instance 'ACT_LO_AUX' of component 'xpm_cdc_single' [/home/lovro/ARES/ARES_fpga/ARES_fpga/ARES_fpga.gen/sources_1/bd/Block_top/ipshared/9438/hdl/proc_sys_reset_v5_0_vh_rfs.vhd:1015]
INFO: [Synth 8-256] done synthesizing module 'lpf' (0#1) [/home/lovro/ARES/ARES_fpga/ARES_fpga/ARES_fpga.gen/sources_1/bd/Block_top/ipshared/9438/hdl/proc_sys_reset_v5_0_vh_rfs.vhd:821]
INFO: [Synth 8-638] synthesizing module 'sequence_psr' [/home/lovro/ARES/ARES_fpga/ARES_fpga/ARES_fpga.gen/sources_1/bd/Block_top/ipshared/9438/hdl/proc_sys_reset_v5_0_vh_rfs.vhd:304]
INFO: [Synth 8-638] synthesizing module 'upcnt_n' [/home/lovro/ARES/ARES_fpga/ARES_fpga/ARES_fpga.gen/sources_1/bd/Block_top/ipshared/9438/hdl/proc_sys_reset_v5_0_vh_rfs.vhd:126]
INFO: [Synth 8-256] done synthesizing module 'upcnt_n' (0#1) [/home/lovro/ARES/ARES_fpga/ARES_fpga/ARES_fpga.gen/sources_1/bd/Block_top/ipshared/9438/hdl/proc_sys_reset_v5_0_vh_rfs.vhd:126]
INFO: [Synth 8-256] done synthesizing module 'sequence_psr' (0#1) [/home/lovro/ARES/ARES_fpga/ARES_fpga/ARES_fpga.gen/sources_1/bd/Block_top/ipshared/9438/hdl/proc_sys_reset_v5_0_vh_rfs.vhd:304]
INFO: [Synth 8-256] done synthesizing module 'proc_sys_reset' (0#1) [/home/lovro/ARES/ARES_fpga/ARES_fpga/ARES_fpga.gen/sources_1/bd/Block_top/ipshared/9438/hdl/proc_sys_reset_v5_0_vh_rfs.vhd:1302]
INFO: [Synth 8-256] done synthesizing module 'bd_797d_psr_aclk_0' (0#1) [/home/lovro/ARES/ARES_fpga/ARES_fpga/ARES_fpga.gen/sources_1/bd/Block_top/ip/Block_top_smartconnect_0_0/bd_0/ip/ip_1/synth/bd_797d_psr_aclk_0.vhd:74]
WARNING: [Synth 8-7071] port 'mb_reset' of module 'bd_797d_psr_aclk_0' is unconnected for instance 'psr_aclk' [/home/lovro/ARES/ARES_fpga/ARES_fpga/ARES_fpga.gen/sources_1/bd/Block_top/ip/Block_top_smartconnect_0_0/bd_0/synth/bd_797d.v:1070]
WARNING: [Synth 8-7071] port 'bus_struct_reset' of module 'bd_797d_psr_aclk_0' is unconnected for instance 'psr_aclk' [/home/lovro/ARES/ARES_fpga/ARES_fpga/ARES_fpga.gen/sources_1/bd/Block_top/ip/Block_top_smartconnect_0_0/bd_0/synth/bd_797d.v:1070]
WARNING: [Synth 8-7071] port 'peripheral_reset' of module 'bd_797d_psr_aclk_0' is unconnected for instance 'psr_aclk' [/home/lovro/ARES/ARES_fpga/ARES_fpga/ARES_fpga.gen/sources_1/bd/Block_top/ip/Block_top_smartconnect_0_0/bd_0/synth/bd_797d.v:1070]
WARNING: [Synth 8-7071] port 'peripheral_aresetn' of module 'bd_797d_psr_aclk_0' is unconnected for instance 'psr_aclk' [/home/lovro/ARES/ARES_fpga/ARES_fpga/ARES_fpga.gen/sources_1/bd/Block_top/ip/Block_top_smartconnect_0_0/bd_0/synth/bd_797d.v:1070]
WARNING: [Synth 8-7023] instance 'psr_aclk' of module 'bd_797d_psr_aclk_0' has 10 connections declared, but only 6 given [/home/lovro/ARES/ARES_fpga/ARES_fpga/ARES_fpga.gen/sources_1/bd/Block_top/ip/Block_top_smartconnect_0_0/bd_0/synth/bd_797d.v:1070]
INFO: [Synth 8-6155] done synthesizing module 'clk_map_imp_1ETOZD4' (0#1) [/home/lovro/ARES/ARES_fpga/ARES_fpga/ARES_fpga.gen/sources_1/bd/Block_top/ip/Block_top_smartconnect_0_0/bd_0/synth/bd_797d.v:1033]
INFO: [Synth 8-6157] synthesizing module 'm00_exit_pipeline_imp_M26QJ7' [/home/lovro/ARES/ARES_fpga/ARES_fpga/ARES_fpga.gen/sources_1/bd/Block_top/ip/Block_top_smartconnect_0_0/bd_0/synth/bd_797d.v:1079]
INFO: [Synth 8-6157] synthesizing module 'bd_797d_m00e_0' [/home/lovro/ARES/ARES_fpga/ARES_fpga/ARES_fpga.gen/sources_1/bd/Block_top/ip/Block_top_smartconnect_0_0/bd_0/ip/ip_19/synth/bd_797d_m00e_0.sv:53]
INFO: [Synth 8-6157] synthesizing module 'xpm_cdc_async_rst' [/opt/Vivado/2025.2/data/ip/xpm/xpm_cdc/hdl/xpm_cdc.sv:1175]
INFO: [Synth 8-6155] done synthesizing module 'xpm_cdc_async_rst' (0#1) [/opt/Vivado/2025.2/data/ip/xpm/xpm_cdc/hdl/xpm_cdc.sv:1175]
INFO: [Synth 8-6155] done synthesizing module 'bd_797d_m00e_0' (0#1) [/home/lovro/ARES/ARES_fpga/ARES_fpga/ARES_fpga.gen/sources_1/bd/Block_top/ip/Block_top_smartconnect_0_0/bd_0/ip/ip_19/synth/bd_797d_m00e_0.sv:53]
INFO: [Synth 8-6155] done synthesizing module 'm00_exit_pipeline_imp_M26QJ7' (0#1) [/home/lovro/ARES/ARES_fpga/ARES_fpga/ARES_fpga.gen/sources_1/bd/Block_top/ip/Block_top_smartconnect_0_0/bd_0/synth/bd_797d.v:1079]
INFO: [Synth 8-6157] synthesizing module 'm00_nodes_imp_8SSTMN' [/home/lovro/ARES/ARES_fpga/ARES_fpga/ARES_fpga.gen/sources_1/bd/Block_top/ip/Block_top_smartconnect_0_0/bd_0/synth/bd_797d.v:1193]
INFO: [Synth 8-6157] synthesizing module 'bd_797d_m00arn_0' [/home/lovro/ARES/ARES_fpga/ARES_fpga/ARES_fpga.gen/sources_1/bd/Block_top/ip/Block_top_smartconnect_0_0/bd_0/ip/ip_17/synth/bd_797d_m00arn_0.sv:53]
INFO: [Synth 8-6157] synthesizing module 'xpm_memory_sdpram' [/opt/Vivado/2025.2/data/ip/xpm/xpm_memory/hdl/xpm_memory.sv:8996]
INFO: [Synth 8-6157] synthesizing module 'xpm_memory_base' [/opt/Vivado/2025.2/data/ip/xpm/xpm_memory/hdl/xpm_memory.sv:54]
INFO: [Synth 8-6155] done synthesizing module 'xpm_memory_base' (0#1) [/opt/Vivado/2025.2/data/ip/xpm/xpm_memory/hdl/xpm_memory.sv:54]
INFO: [Synth 8-6155] done synthesizing module 'xpm_memory_sdpram' (0#1) [/opt/Vivado/2025.2/data/ip/xpm/xpm_memory/hdl/xpm_memory.sv:8996]
INFO: [Synth 8-6157] synthesizing module 'xpm_memory_sdpram__parameterized0' [/opt/Vivado/2025.2/data/ip/xpm/xpm_memory/hdl/xpm_memory.sv:8996]
INFO: [Synth 8-6157] synthesizing module 'xpm_memory_base__parameterized0' [/opt/Vivado/2025.2/data/ip/xpm/xpm_memory/hdl/xpm_memory.sv:54]
INFO: [Synth 8-6155] done synthesizing module 'xpm_memory_base__parameterized0' (0#1) [/opt/Vivado/2025.2/data/ip/xpm/xpm_memory/hdl/xpm_memory.sv:54]
INFO: [Synth 8-6155] done synthesizing module 'xpm_memory_sdpram__parameterized0' (0#1) [/opt/Vivado/2025.2/data/ip/xpm/xpm_memory/hdl/xpm_memory.sv:8996]
INFO: [Synth 8-6155] done synthesizing module 'bd_797d_m00arn_0' (0#1) [/home/lovro/ARES/ARES_fpga/ARES_fpga/ARES_fpga.gen/sources_1/bd/Block_top/ip/Block_top_smartconnect_0_0/bd_0/ip/ip_17/synth/bd_797d_m00arn_0.sv:53]
INFO: [Synth 8-6157] synthesizing module 'bd_797d_m00rn_0' [/home/lovro/ARES/ARES_fpga/ARES_fpga/ARES_fpga.gen/sources_1/bd/Block_top/ip/Block_top_smartconnect_0_0/bd_0/ip/ip_18/synth/bd_797d_m00rn_0.sv:53]
INFO: [Synth 8-6157] synthesizing module 'xpm_memory_sdpram__parameterized1' [/opt/Vivado/2025.2/data/ip/xpm/xpm_memory/hdl/xpm_memory.sv:8996]
INFO: [Synth 8-6157] synthesizing module 'xpm_memory_base__parameterized1' [/opt/Vivado/2025.2/data/ip/xpm/xpm_memory/hdl/xpm_memory.sv:54]
INFO: [Synth 8-6155] done synthesizing module 'xpm_memory_base__parameterized1' (0#1) [/opt/Vivado/2025.2/data/ip/xpm/xpm_memory/hdl/xpm_memory.sv:54]
INFO: [Synth 8-6155] done synthesizing module 'xpm_memory_sdpram__parameterized1' (0#1) [/opt/Vivado/2025.2/data/ip/xpm/xpm_memory/hdl/xpm_memory.sv:8996]
INFO: [Synth 8-6157] synthesizing module 'xpm_memory_sdpram__parameterized2' [/opt/Vivado/2025.2/data/ip/xpm/xpm_memory/hdl/xpm_memory.sv:8996]
INFO: [Synth 8-6157] synthesizing module 'xpm_memory_base__parameterized2' [/opt/Vivado/2025.2/data/ip/xpm/xpm_memory/hdl/xpm_memory.sv:54]
INFO: [Synth 8-6155] done synthesizing module 'xpm_memory_base__parameterized2' (0#1) [/opt/Vivado/2025.2/data/ip/xpm/xpm_memory/hdl/xpm_memory.sv:54]
INFO: [Synth 8-6155] done synthesizing module 'xpm_memory_sdpram__parameterized2' (0#1) [/opt/Vivado/2025.2/data/ip/xpm/xpm_memory/hdl/xpm_memory.sv:8996]
INFO: [Synth 8-6155] done synthesizing module 'bd_797d_m00rn_0' (0#1) [/home/lovro/ARES/ARES_fpga/ARES_fpga/ARES_fpga.gen/sources_1/bd/Block_top/ip/Block_top_smartconnect_0_0/bd_0/ip/ip_18/synth/bd_797d_m00rn_0.sv:53]
INFO: [Synth 8-6155] done synthesizing module 'm00_nodes_imp_8SSTMN' (0#1) [/home/lovro/ARES/ARES_fpga/ARES_fpga/ARES_fpga.gen/sources_1/bd/Block_top/ip/Block_top_smartconnect_0_0/bd_0/synth/bd_797d.v:1193]
INFO: [Synth 8-6157] synthesizing module 'bd_797d_m00s2a_0' [/home/lovro/ARES/ARES_fpga/ARES_fpga/ARES_fpga.gen/sources_1/bd/Block_top/ip/Block_top_smartconnect_0_0/bd_0/ip/ip_16/synth/bd_797d_m00s2a_0.sv:53]
INFO: [Synth 8-6155] done synthesizing module 'bd_797d_m00s2a_0' (0#1) [/home/lovro/ARES/ARES_fpga/ARES_fpga/ARES_fpga.gen/sources_1/bd/Block_top/ip/Block_top_smartconnect_0_0/bd_0/ip/ip_16/synth/bd_797d_m00s2a_0.sv:53]
INFO: [Synth 8-6157] synthesizing module 'm01_exit_pipeline_imp_OLNF2R' [/home/lovro/ARES/ARES_fpga/ARES_fpga/ARES_fpga.gen/sources_1/bd/Block_top/ip/Block_top_smartconnect_0_0/bd_0/synth/bd_797d.v:1300]
INFO: [Synth 8-6157] synthesizing module 'bd_797d_m01e_0' [/home/lovro/ARES/ARES_fpga/ARES_fpga/ARES_fpga.gen/sources_1/bd/Block_top/ip/Block_top_smartconnect_0_0/bd_0/ip/ip_26/synth/bd_797d_m01e_0.sv:53]
INFO: [Synth 8-6155] done synthesizing module 'bd_797d_m01e_0' (0#1) [/home/lovro/ARES/ARES_fpga/ARES_fpga/ARES_fpga.gen/sources_1/bd/Block_top/ip/Block_top_smartconnect_0_0/bd_0/ip/ip_26/synth/bd_797d_m01e_0.sv:53]
INFO: [Synth 8-6155] done synthesizing module 'm01_exit_pipeline_imp_OLNF2R' (0#1) [/home/lovro/ARES/ARES_fpga/ARES_fpga/ARES_fpga.gen/sources_1/bd/Block_top/ip/Block_top_smartconnect_0_0/bd_0/synth/bd_797d.v:1300]
INFO: [Synth 8-6157] synthesizing module 'm01_nodes_imp_109QK5L' [/home/lovro/ARES/ARES_fpga/ARES_fpga/ARES_fpga.gen/sources_1/bd/Block_top/ip/Block_top_smartconnect_0_0/bd_0/synth/bd_797d.v:1598]
INFO: [Synth 8-6157] synthesizing module 'bd_797d_m01arn_0' [/home/lovro/ARES/ARES_fpga/ARES_fpga/ARES_fpga.gen/sources_1/bd/Block_top/ip/Block_top_smartconnect_0_0/bd_0/ip/ip_21/synth/bd_797d_m01arn_0.sv:53]
INFO: [Synth 8-6155] done synthesizing module 'bd_797d_m01arn_0' (0#1) [/home/lovro/ARES/ARES_fpga/ARES_fpga/ARES_fpga.gen/sources_1/bd/Block_top/ip/Block_top_smartconnect_0_0/bd_0/ip/ip_21/synth/bd_797d_m01arn_0.sv:53]
INFO: [Synth 8-6157] synthesizing module 'bd_797d_m01awn_0' [/home/lovro/ARES/ARES_fpga/ARES_fpga/ARES_fpga.gen/sources_1/bd/Block_top/ip/Block_top_smartconnect_0_0/bd_0/ip/ip_23/synth/bd_797d_m01awn_0.sv:53]
INFO: [Synth 8-6155] done synthesizing module 'bd_797d_m01awn_0' (0#1) [/home/lovro/ARES/ARES_fpga/ARES_fpga/ARES_fpga.gen/sources_1/bd/Block_top/ip/Block_top_smartconnect_0_0/bd_0/ip/ip_23/synth/bd_797d_m01awn_0.sv:53]
INFO: [Synth 8-6157] synthesizing module 'bd_797d_m01bn_0' [/home/lovro/ARES/ARES_fpga/ARES_fpga/ARES_fpga.gen/sources_1/bd/Block_top/ip/Block_top_smartconnect_0_0/bd_0/ip/ip_25/synth/bd_797d_m01bn_0.sv:53]
INFO: [Synth 8-6157] synthesizing module 'xpm_memory_sdpram__parameterized3' [/opt/Vivado/2025.2/data/ip/xpm/xpm_memory/hdl/xpm_memory.sv:8996]
INFO: [Synth 8-6157] synthesizing module 'xpm_memory_base__parameterized3' [/opt/Vivado/2025.2/data/ip/xpm/xpm_memory/hdl/xpm_memory.sv:54]
INFO: [Synth 8-6155] done synthesizing module 'xpm_memory_base__parameterized3' (0#1) [/opt/Vivado/2025.2/data/ip/xpm/xpm_memory/hdl/xpm_memory.sv:54]
INFO: [Synth 8-6155] done synthesizing module 'xpm_memory_sdpram__parameterized3' (0#1) [/opt/Vivado/2025.2/data/ip/xpm/xpm_memory/hdl/xpm_memory.sv:8996]
INFO: [Synth 8-6155] done synthesizing module 'bd_797d_m01bn_0' (0#1) [/home/lovro/ARES/ARES_fpga/ARES_fpga/ARES_fpga.gen/sources_1/bd/Block_top/ip/Block_top_smartconnect_0_0/bd_0/ip/ip_25/synth/bd_797d_m01bn_0.sv:53]
INFO: [Synth 8-6157] synthesizing module 'bd_797d_m01rn_0' [/home/lovro/ARES/ARES_fpga/ARES_fpga/ARES_fpga.gen/sources_1/bd/Block_top/ip/Block_top_smartconnect_0_0/bd_0/ip/ip_22/synth/bd_797d_m01rn_0.sv:53]
INFO: [Synth 8-6155] done synthesizing module 'bd_797d_m01rn_0' (0#1) [/home/lovro/ARES/ARES_fpga/ARES_fpga/ARES_fpga.gen/sources_1/bd/Block_top/ip/Block_top_smartconnect_0_0/bd_0/ip/ip_22/synth/bd_797d_m01rn_0.sv:53]
INFO: [Synth 8-6157] synthesizing module 'bd_797d_m01wn_0' [/home/lovro/ARES/ARES_fpga/ARES_fpga/ARES_fpga.gen/sources_1/bd/Block_top/ip/Block_top_smartconnect_0_0/bd_0/ip/ip_24/synth/bd_797d_m01wn_0.sv:53]
INFO: [Synth 8-6157] synthesizing module 'xpm_memory_sdpram__parameterized4' [/opt/Vivado/2025.2/data/ip/xpm/xpm_memory/hdl/xpm_memory.sv:8996]
INFO: [Synth 8-6157] synthesizing module 'xpm_memory_base__parameterized4' [/opt/Vivado/2025.2/data/ip/xpm/xpm_memory/hdl/xpm_memory.sv:54]
INFO: [Synth 8-6155] done synthesizing module 'xpm_memory_base__parameterized4' (0#1) [/opt/Vivado/2025.2/data/ip/xpm/xpm_memory/hdl/xpm_memory.sv:54]
INFO: [Synth 8-6155] done synthesizing module 'xpm_memory_sdpram__parameterized4' (0#1) [/opt/Vivado/2025.2/data/ip/xpm/xpm_memory/hdl/xpm_memory.sv:8996]
INFO: [Synth 8-6155] done synthesizing module 'bd_797d_m01wn_0' (0#1) [/home/lovro/ARES/ARES_fpga/ARES_fpga/ARES_fpga.gen/sources_1/bd/Block_top/ip/Block_top_smartconnect_0_0/bd_0/ip/ip_24/synth/bd_797d_m01wn_0.sv:53]
INFO: [Synth 8-6155] done synthesizing module 'm01_nodes_imp_109QK5L' (0#1) [/home/lovro/ARES/ARES_fpga/ARES_fpga/ARES_fpga.gen/sources_1/bd/Block_top/ip/Block_top_smartconnect_0_0/bd_0/synth/bd_797d.v:1598]
INFO: [Synth 8-6157] synthesizing module 'bd_797d_m01s2a_0' [/home/lovro/ARES/ARES_fpga/ARES_fpga/ARES_fpga.gen/sources_1/bd/Block_top/ip/Block_top_smartconnect_0_0/bd_0/ip/ip_20/synth/bd_797d_m01s2a_0.sv:53]
INFO: [Synth 8-6155] done synthesizing module 'bd_797d_m01s2a_0' (0#1) [/home/lovro/ARES/ARES_fpga/ARES_fpga/ARES_fpga.gen/sources_1/bd/Block_top/ip/Block_top_smartconnect_0_0/bd_0/ip/ip_20/synth/bd_797d_m01s2a_0.sv:53]
INFO: [Synth 8-6157] synthesizing module 'bd_797d_s00a2s_0' [/home/lovro/ARES/ARES_fpga/ARES_fpga/ARES_fpga.gen/sources_1/bd/Block_top/ip/Block_top_smartconnect_0_0/bd_0/ip/ip_10/synth/bd_797d_s00a2s_0.sv:53]
INFO: [Synth 8-6155] done synthesizing module 'bd_797d_s00a2s_0' (0#1) [/home/lovro/ARES/ARES_fpga/ARES_fpga/ARES_fpga.gen/sources_1/bd/Block_top/ip/Block_top_smartconnect_0_0/bd_0/ip/ip_10/synth/bd_797d_s00a2s_0.sv:53]
INFO: [Synth 8-6157] synthesizing module 's00_entry_pipeline_imp_1KSEG9C' [/home/lovro/ARES/ARES_fpga/ARES_fpga/ARES_fpga.gen/sources_1/bd/Block_top/ip/Block_top_smartconnect_0_0/bd_0/synth/bd_797d.v:1840]
INFO: [Synth 8-6157] synthesizing module 'bd_797d_s00mmu_0' [/home/lovro/ARES/ARES_fpga/ARES_fpga/ARES_fpga.gen/sources_1/bd/Block_top/ip/Block_top_smartconnect_0_0/bd_0/ip/ip_7/synth/bd_797d_s00mmu_0.sv:53]
INFO: [Synth 8-6155] done synthesizing module 'bd_797d_s00mmu_0' (0#1) [/home/lovro/ARES/ARES_fpga/ARES_fpga/ARES_fpga.gen/sources_1/bd/Block_top/ip/Block_top_smartconnect_0_0/bd_0/ip/ip_7/synth/bd_797d_s00mmu_0.sv:53]
INFO: [Synth 8-6157] synthesizing module 'bd_797d_s00sic_0' [/home/lovro/ARES/ARES_fpga/ARES_fpga/ARES_fpga.gen/sources_1/bd/Block_top/ip/Block_top_smartconnect_0_0/bd_0/ip/ip_9/synth/bd_797d_s00sic_0.sv:53]
INFO: [Synth 8-6155] done synthesizing module 'bd_797d_s00sic_0' (0#1) [/home/lovro/ARES/ARES_fpga/ARES_fpga/ARES_fpga.gen/sources_1/bd/Block_top/ip/Block_top_smartconnect_0_0/bd_0/ip/ip_9/synth/bd_797d_s00sic_0.sv:53]
INFO: [Synth 8-6157] synthesizing module 'bd_797d_s00tr_0' [/home/lovro/ARES/ARES_fpga/ARES_fpga/ARES_fpga.gen/sources_1/bd/Block_top/ip/Block_top_smartconnect_0_0/bd_0/ip/ip_8/synth/bd_797d_s00tr_0.sv:53]
INFO: [Synth 8-6155] done synthesizing module 'bd_797d_s00tr_0' (0#1) [/home/lovro/ARES/ARES_fpga/ARES_fpga/ARES_fpga.gen/sources_1/bd/Block_top/ip/Block_top_smartconnect_0_0/bd_0/ip/ip_8/synth/bd_797d_s00tr_0.sv:53]
INFO: [Synth 8-6155] done synthesizing module 's00_entry_pipeline_imp_1KSEG9C' (0#1) [/home/lovro/ARES/ARES_fpga/ARES_fpga/ARES_fpga.gen/sources_1/bd/Block_top/ip/Block_top_smartconnect_0_0/bd_0/synth/bd_797d.v:1840]
INFO: [Synth 8-6157] synthesizing module 's00_nodes_imp_1O89XAI' [/home/lovro/ARES/ARES_fpga/ARES_fpga/ARES_fpga.gen/sources_1/bd/Block_top/ip/Block_top_smartconnect_0_0/bd_0/synth/bd_797d.v:2412]
INFO: [Synth 8-6157] synthesizing module 'bd_797d_sarn_0' [/home/lovro/ARES/ARES_fpga/ARES_fpga/ARES_fpga.gen/sources_1/bd/Block_top/ip/Block_top_smartconnect_0_0/bd_0/ip/ip_11/synth/bd_797d_sarn_0.sv:53]
INFO: [Synth 8-6157] synthesizing module 'xpm_memory_sdpram__parameterized5' [/opt/Vivado/2025.2/data/ip/xpm/xpm_memory/hdl/xpm_memory.sv:8996]
INFO: [Synth 8-6157] synthesizing module 'xpm_memory_base__parameterized5' [/opt/Vivado/2025.2/data/ip/xpm/xpm_memory/hdl/xpm_memory.sv:54]
INFO: [Synth 8-6155] done synthesizing module 'xpm_memory_base__parameterized5' (0#1) [/opt/Vivado/2025.2/data/ip/xpm/xpm_memory/hdl/xpm_memory.sv:54]
INFO: [Synth 8-6155] done synthesizing module 'xpm_memory_sdpram__parameterized5' (0#1) [/opt/Vivado/2025.2/data/ip/xpm/xpm_memory/hdl/xpm_memory.sv:8996]
INFO: [Synth 8-6157] synthesizing module 'xpm_memory_sdpram__parameterized6' [/opt/Vivado/2025.2/data/ip/xpm/xpm_memory/hdl/xpm_memory.sv:8996]
INFO: [Synth 8-6157] synthesizing module 'xpm_memory_base__parameterized6' [/opt/Vivado/2025.2/data/ip/xpm/xpm_memory/hdl/xpm_memory.sv:54]
INFO: [Synth 8-6155] done synthesizing module 'xpm_memory_base__parameterized6' (0#1) [/opt/Vivado/2025.2/data/ip/xpm/xpm_memory/hdl/xpm_memory.sv:54]
INFO: [Synth 8-6155] done synthesizing module 'xpm_memory_sdpram__parameterized6' (0#1) [/opt/Vivado/2025.2/data/ip/xpm/xpm_memory/hdl/xpm_memory.sv:8996]
INFO: [Synth 8-6155] done synthesizing module 'bd_797d_sarn_0' (0#1) [/home/lovro/ARES/ARES_fpga/ARES_fpga/ARES_fpga.gen/sources_1/bd/Block_top/ip/Block_top_smartconnect_0_0/bd_0/ip/ip_11/synth/bd_797d_sarn_0.sv:53]
INFO: [Synth 8-6157] synthesizing module 'bd_797d_sawn_0' [/home/lovro/ARES/ARES_fpga/ARES_fpga/ARES_fpga.gen/sources_1/bd/Block_top/ip/Block_top_smartconnect_0_0/bd_0/ip/ip_13/synth/bd_797d_sawn_0.sv:53]
INFO: [Synth 8-6155] done synthesizing module 'bd_797d_sawn_0' (0#1) [/home/lovro/ARES/ARES_fpga/ARES_fpga/ARES_fpga.gen/sources_1/bd/Block_top/ip/Block_top_smartconnect_0_0/bd_0/ip/ip_13/synth/bd_797d_sawn_0.sv:53]
INFO: [Synth 8-6157] synthesizing module 'bd_797d_sbn_0' [/home/lovro/ARES/ARES_fpga/ARES_fpga/ARES_fpga.gen/sources_1/bd/Block_top/ip/Block_top_smartconnect_0_0/bd_0/ip/ip_15/synth/bd_797d_sbn_0.sv:53]
INFO: [Synth 8-6157] synthesizing module 'xpm_memory_sdpram__parameterized7' [/opt/Vivado/2025.2/data/ip/xpm/xpm_memory/hdl/xpm_memory.sv:8996]
INFO: [Synth 8-6157] synthesizing module 'xpm_memory_base__parameterized7' [/opt/Vivado/2025.2/data/ip/xpm/xpm_memory/hdl/xpm_memory.sv:54]
INFO: [Synth 8-6155] done synthesizing module 'xpm_memory_base__parameterized7' (0#1) [/opt/Vivado/2025.2/data/ip/xpm/xpm_memory/hdl/xpm_memory.sv:54]
INFO: [Synth 8-6155] done synthesizing module 'xpm_memory_sdpram__parameterized7' (0#1) [/opt/Vivado/2025.2/data/ip/xpm/xpm_memory/hdl/xpm_memory.sv:8996]
INFO: [Synth 8-6155] done synthesizing module 'bd_797d_sbn_0' (0#1) [/home/lovro/ARES/ARES_fpga/ARES_fpga/ARES_fpga.gen/sources_1/bd/Block_top/ip/Block_top_smartconnect_0_0/bd_0/ip/ip_15/synth/bd_797d_sbn_0.sv:53]
INFO: [Synth 8-6157] synthesizing module 'bd_797d_srn_0' [/home/lovro/ARES/ARES_fpga/ARES_fpga/ARES_fpga.gen/sources_1/bd/Block_top/ip/Block_top_smartconnect_0_0/bd_0/ip/ip_12/synth/bd_797d_srn_0.sv:53]
INFO: [Synth 8-6157] synthesizing module 'xpm_memory_sdpram__parameterized8' [/opt/Vivado/2025.2/data/ip/xpm/xpm_memory/hdl/xpm_memory.sv:8996]
INFO: [Synth 8-6157] synthesizing module 'xpm_memory_base__parameterized8' [/opt/Vivado/2025.2/data/ip/xpm/xpm_memory/hdl/xpm_memory.sv:54]
INFO: [Synth 8-6155] done synthesizing module 'xpm_memory_base__parameterized8' (0#1) [/opt/Vivado/2025.2/data/ip/xpm/xpm_memory/hdl/xpm_memory.sv:54]
INFO: [Synth 8-6155] done synthesizing module 'xpm_memory_sdpram__parameterized8' (0#1) [/opt/Vivado/2025.2/data/ip/xpm/xpm_memory/hdl/xpm_memory.sv:8996]
INFO: [Synth 8-6155] done synthesizing module 'bd_797d_srn_0' (0#1) [/home/lovro/ARES/ARES_fpga/ARES_fpga/ARES_fpga.gen/sources_1/bd/Block_top/ip/Block_top_smartconnect_0_0/bd_0/ip/ip_12/synth/bd_797d_srn_0.sv:53]
INFO: [Synth 8-6157] synthesizing module 'bd_797d_swn_0' [/home/lovro/ARES/ARES_fpga/ARES_fpga/ARES_fpga.gen/sources_1/bd/Block_top/ip/Block_top_smartconnect_0_0/bd_0/ip/ip_14/synth/bd_797d_swn_0.sv:53]
INFO: [Synth 8-6157] synthesizing module 'xpm_memory_sdpram__parameterized9' [/opt/Vivado/2025.2/data/ip/xpm/xpm_memory/hdl/xpm_memory.sv:8996]
INFO: [Synth 8-6157] synthesizing module 'xpm_memory_base__parameterized9' [/opt/Vivado/2025.2/data/ip/xpm/xpm_memory/hdl/xpm_memory.sv:54]
INFO: [Synth 8-6155] done synthesizing module 'xpm_memory_base__parameterized9' (0#1) [/opt/Vivado/2025.2/data/ip/xpm/xpm_memory/hdl/xpm_memory.sv:54]
INFO: [Synth 8-6155] done synthesizing module 'xpm_memory_sdpram__parameterized9' (0#1) [/opt/Vivado/2025.2/data/ip/xpm/xpm_memory/hdl/xpm_memory.sv:8996]
INFO: [Synth 8-6155] done synthesizing module 'bd_797d_swn_0' (0#1) [/home/lovro/ARES/ARES_fpga/ARES_fpga/ARES_fpga.gen/sources_1/bd/Block_top/ip/Block_top_smartconnect_0_0/bd_0/ip/ip_14/synth/bd_797d_swn_0.sv:53]
INFO: [Synth 8-6155] done synthesizing module 's00_nodes_imp_1O89XAI' (0#1) [/home/lovro/ARES/ARES_fpga/ARES_fpga/ARES_fpga.gen/sources_1/bd/Block_top/ip/Block_top_smartconnect_0_0/bd_0/synth/bd_797d.v:2412]
INFO: [Synth 8-6157] synthesizing module 'switchboards_imp_1DMXFBY' [/home/lovro/ARES/ARES_fpga/ARES_fpga/ARES_fpga.gen/sources_1/bd/Block_top/ip/Block_top_smartconnect_0_0/bd_0/synth/bd_797d.v:2654]
INFO: [Synth 8-6157] synthesizing module 'bd_797d_arsw_0' [/home/lovro/ARES/ARES_fpga/ARES_fpga/ARES_fpga.gen/sources_1/bd/Block_top/ip/Block_top_smartconnect_0_0/bd_0/ip/ip_2/synth/bd_797d_arsw_0.sv:53]
INFO: [Synth 8-6155] done synthesizing module 'bd_797d_arsw_0' (0#1) [/home/lovro/ARES/ARES_fpga/ARES_fpga/ARES_fpga.gen/sources_1/bd/Block_top/ip/Block_top_smartconnect_0_0/bd_0/ip/ip_2/synth/bd_797d_arsw_0.sv:53]
INFO: [Synth 8-6157] synthesizing module 'bd_797d_awsw_0' [/home/lovro/ARES/ARES_fpga/ARES_fpga/ARES_fpga.gen/sources_1/bd/Block_top/ip/Block_top_smartconnect_0_0/bd_0/ip/ip_4/synth/bd_797d_awsw_0.sv:53]
INFO: [Synth 8-6155] done synthesizing module 'bd_797d_awsw_0' (0#1) [/home/lovro/ARES/ARES_fpga/ARES_fpga/ARES_fpga.gen/sources_1/bd/Block_top/ip/Block_top_smartconnect_0_0/bd_0/ip/ip_4/synth/bd_797d_awsw_0.sv:53]
INFO: [Synth 8-6157] synthesizing module 'bd_797d_bsw_0' [/home/lovro/ARES/ARES_fpga/ARES_fpga/ARES_fpga.gen/sources_1/bd/Block_top/ip/Block_top_smartconnect_0_0/bd_0/ip/ip_6/synth/bd_797d_bsw_0.sv:53]
INFO: [Synth 8-6155] done synthesizing module 'bd_797d_bsw_0' (0#1) [/home/lovro/ARES/ARES_fpga/ARES_fpga/ARES_fpga.gen/sources_1/bd/Block_top/ip/Block_top_smartconnect_0_0/bd_0/ip/ip_6/synth/bd_797d_bsw_0.sv:53]
INFO: [Synth 8-6157] synthesizing module 'bd_797d_rsw_0' [/home/lovro/ARES/ARES_fpga/ARES_fpga/ARES_fpga.gen/sources_1/bd/Block_top/ip/Block_top_smartconnect_0_0/bd_0/ip/ip_3/synth/bd_797d_rsw_0.sv:53]
INFO: [Synth 8-6155] done synthesizing module 'bd_797d_rsw_0' (0#1) [/home/lovro/ARES/ARES_fpga/ARES_fpga/ARES_fpga.gen/sources_1/bd/Block_top/ip/Block_top_smartconnect_0_0/bd_0/ip/ip_3/synth/bd_797d_rsw_0.sv:53]
INFO: [Synth 8-6157] synthesizing module 'bd_797d_wsw_0' [/home/lovro/ARES/ARES_fpga/ARES_fpga/ARES_fpga.gen/sources_1/bd/Block_top/ip/Block_top_smartconnect_0_0/bd_0/ip/ip_5/synth/bd_797d_wsw_0.sv:53]
INFO: [Synth 8-6155] done synthesizing module 'bd_797d_wsw_0' (0#1) [/home/lovro/ARES/ARES_fpga/ARES_fpga/ARES_fpga.gen/sources_1/bd/Block_top/ip/Block_top_smartconnect_0_0/bd_0/ip/ip_5/synth/bd_797d_wsw_0.sv:53]
INFO: [Synth 8-6155] done synthesizing module 'switchboards_imp_1DMXFBY' (0#1) [/home/lovro/ARES/ARES_fpga/ARES_fpga/ARES_fpga.gen/sources_1/bd/Block_top/ip/Block_top_smartconnect_0_0/bd_0/synth/bd_797d.v:2654]
WARNING: [Synth 8-7071] port 'M00_SC_AW_info' of module 'switchboards_imp_1DMXFBY' is unconnected for instance 'switchboards' [/home/lovro/ARES/ARES_fpga/ARES_fpga/ARES_fpga.gen/sources_1/bd/Block_top/ip/Block_top_smartconnect_0_0/bd_0/synth/bd_797d.v:962]
WARNING: [Synth 8-7071] port 'M00_SC_AW_payld' of module 'switchboards_imp_1DMXFBY' is unconnected for instance 'switchboards' [/home/lovro/ARES/ARES_fpga/ARES_fpga/ARES_fpga.gen/sources_1/bd/Block_top/ip/Block_top_smartconnect_0_0/bd_0/synth/bd_797d.v:962]
WARNING: [Synth 8-7071] port 'M00_SC_AW_req' of module 'switchboards_imp_1DMXFBY' is unconnected for instance 'switchboards' [/home/lovro/ARES/ARES_fpga/ARES_fpga/ARES_fpga.gen/sources_1/bd/Block_top/ip/Block_top_smartconnect_0_0/bd_0/synth/bd_797d.v:962]
WARNING: [Synth 8-7071] port 'M00_SC_AW_send' of module 'switchboards_imp_1DMXFBY' is unconnected for instance 'switchboards' [/home/lovro/ARES/ARES_fpga/ARES_fpga/ARES_fpga.gen/sources_1/bd/Block_top/ip/Block_top_smartconnect_0_0/bd_0/synth/bd_797d.v:962]
WARNING: [Synth 8-7071] port 'M00_SC_W_info' of module 'switchboards_imp_1DMXFBY' is unconnected for instance 'switchboards' [/home/lovro/ARES/ARES_fpga/ARES_fpga/ARES_fpga.gen/sources_1/bd/Block_top/ip/Block_top_smartconnect_0_0/bd_0/synth/bd_797d.v:962]
WARNING: [Synth 8-7071] port 'M00_SC_W_payld' of module 'switchboards_imp_1DMXFBY' is unconnected for instance 'switchboards' [/home/lovro/ARES/ARES_fpga/ARES_fpga/ARES_fpga.gen/sources_1/bd/Block_top/ip/Block_top_smartconnect_0_0/bd_0/synth/bd_797d.v:962]
WARNING: [Synth 8-7071] port 'M00_SC_W_req' of module 'switchboards_imp_1DMXFBY' is unconnected for instance 'switchboards' [/home/lovro/ARES/ARES_fpga/ARES_fpga/ARES_fpga.gen/sources_1/bd/Block_top/ip/Block_top_smartconnect_0_0/bd_0/synth/bd_797d.v:962]
WARNING: [Synth 8-7071] port 'M00_SC_W_send' of module 'switchboards_imp_1DMXFBY' is unconnected for instance 'switchboards' [/home/lovro/ARES/ARES_fpga/ARES_fpga/ARES_fpga.gen/sources_1/bd/Block_top/ip/Block_top_smartconnect_0_0/bd_0/synth/bd_797d.v:962]
WARNING: [Synth 8-7071] port 'S00_SC_B_recv' of module 'switchboards_imp_1DMXFBY' is unconnected for instance 'switchboards' [/home/lovro/ARES/ARES_fpga/ARES_fpga/ARES_fpga.gen/sources_1/bd/Block_top/ip/Block_top_smartconnect_0_0/bd_0/synth/bd_797d.v:962]
WARNING: [Synth 8-7023] instance 'switchboards' of module 'switchboards_imp_1DMXFBY' has 77 connections declared, but only 68 given [/home/lovro/ARES/ARES_fpga/ARES_fpga/ARES_fpga.gen/sources_1/bd/Block_top/ip/Block_top_smartconnect_0_0/bd_0/synth/bd_797d.v:962]
INFO: [Synth 8-6155] done synthesizing module 'bd_797d' (0#1) [/home/lovro/ARES/ARES_fpga/ARES_fpga/ARES_fpga.gen/sources_1/bd/Block_top/ip/Block_top_smartconnect_0_0/bd_0/synth/bd_797d.v:10]
INFO: [Synth 8-6155] done synthesizing module 'Block_top_smartconnect_0_0' (0#1) [/home/lovro/ARES/ARES_fpga/ARES_fpga/ARES_fpga.gen/sources_1/bd/Block_top/ip/Block_top_smartconnect_0_0/synth/Block_top_smartconnect_0_0.v:53]
WARNING: [Synth 8-3848] Net aresetn_out in module/entity clk_map_imp_1ETOZD4 does not have driver. [/home/lovro/ARES/ARES_fpga/ARES_fpga/ARES_fpga.gen/sources_1/bd/Block_top/ip/Block_top_smartconnect_0_0/bd_0/synth/bd_797d.v:1053]
INFO: [Synth 8-4490] FSM extraction disabled for register 'gen_pipelined.state_reg' through user attribute
INFO: [Synth 8-4490] FSM extraction disabled for register 'gen_pipelined.state_reg' through user attribute
INFO: [Synth 8-4490] FSM extraction disabled for register 'gen_AB_reg_slice.state_reg' through user attribute
INFO: [Synth 8-4490] FSM extraction disabled for register 'gen_pipelined.state_reg' through user attribute
INFO: [Synth 8-4490] FSM extraction disabled for register 'gen_pipelined.state_reg' through user attribute
INFO: [Synth 8-4490] FSM extraction disabled for register 'gen_pipelined.state_reg' through user attribute
INFO: [Synth 8-4490] FSM extraction disabled for register 'gen_pipelined.state_reg' through user attribute
INFO: [Synth 8-4490] FSM extraction disabled for register 'gen_AB_reg_slice.state_reg' through user attribute
INFO: [Synth 8-7129] Port aclk in module sc_util_v1_0_4_pipeline__parameterized0 is either unconnected or has no load
INFO: [Synth 8-7129] Port aclken in module sc_util_v1_0_4_pipeline__parameterized0 is either unconnected or has no load
INFO: [Synth 8-7129] Port areset in module sc_util_v1_0_4_pipeline__parameterized0 is either unconnected or has no load
INFO: [Synth 8-7129] Port din[0] in module sc_util_v1_0_4_onehot_to_binary__parameterized1 is either unconnected or has no load
INFO: [Synth 8-7129] Port aclk in module sc_util_v1_0_4_pipeline__parameterized6 is either unconnected or has no load
INFO: [Synth 8-7129] Port aclken in module sc_util_v1_0_4_pipeline__parameterized6 is either unconnected or has no load
INFO: [Synth 8-7129] Port areset in module sc_util_v1_0_4_pipeline__parameterized6 is either unconnected or has no load
INFO: [Synth 8-7129] Port connectivity[1] in module sc_switchboard_v1_0_9_top__parameterized2 is either unconnected or has no load
INFO: [Synth 8-7129] Port connectivity[0] in module sc_switchboard_v1_0_9_top__parameterized2 is either unconnected or has no load
INFO: [Synth 8-7129] Port din[0] in module sc_util_v1_0_4_onehot_to_binary__parameterized2 is either unconnected or has no load
INFO: [Synth 8-7129] Port aclk in module sc_util_v1_0_4_pipeline__parameterized3 is either unconnected or has no load
INFO: [Synth 8-7129] Port aclken in module sc_util_v1_0_4_pipeline__parameterized3 is either unconnected or has no load
INFO: [Synth 8-7129] Port areset in module sc_util_v1_0_4_pipeline__parameterized3 is either unconnected or has no load
INFO: [Synth 8-7129] Port connectivity[1] in module sc_switchboard_v1_0_9_top__parameterized1 is either unconnected or has no load
INFO: [Synth 8-7129] Port connectivity[0] in module sc_switchboard_v1_0_9_top__parameterized1 is either unconnected or has no load
INFO: [Synth 8-7129] Port aclk in module sc_util_v1_0_4_pipeline__parameterized5 is either unconnected or has no load
INFO: [Synth 8-7129] Port aclken in module sc_util_v1_0_4_pipeline__parameterized5 is either unconnected or has no load
INFO: [Synth 8-7129] Port areset in module sc_util_v1_0_4_pipeline__parameterized5 is either unconnected or has no load
INFO: [Synth 8-7129] Port connectivity[1] in module sc_switchboard_v1_0_9_top__parameterized0 is either unconnected or has no load
INFO: [Synth 8-7129] Port connectivity[0] in module sc_switchboard_v1_0_9_top__parameterized0 is either unconnected or has no load
INFO: [Synth 8-7129] Port aclk in module sc_util_v1_0_4_pipeline__parameterized1 is either unconnected or has no load
INFO: [Synth 8-7129] Port aclken in module sc_util_v1_0_4_pipeline__parameterized1 is either unconnected or has no load
INFO: [Synth 8-7129] Port areset in module sc_util_v1_0_4_pipeline__parameterized1 is either unconnected or has no load
INFO: [Synth 8-7129] Port connectivity[1] in module sc_switchboard_v1_0_9_top is either unconnected or has no load
INFO: [Synth 8-7129] Port connectivity[0] in module sc_switchboard_v1_0_9_top is either unconnected or has no load
INFO: [Synth 8-7129] Port aresetn in module switchboards_imp_1DMXFBY is either unconnected or has no load
INFO: [Synth 8-7129] Port din[0] in module sc_util_v1_0_4_onehot_to_binary is either unconnected or has no load
INFO: [Synth 8-7129] Port s_sc_payld[160] in module sc_node_v1_0_19_ingress__parameterized10 is either unconnected or has no load
INFO: [Synth 8-7129] Port s_sc_payld[159] in module sc_node_v1_0_19_ingress__parameterized10 is either unconnected or has no load
INFO: [Synth 8-7129] Port s_sc_payld[158] in module sc_node_v1_0_19_ingress__parameterized10 is either unconnected or has no load
INFO: [Synth 8-7129] Port s_sc_payld[157] in module sc_node_v1_0_19_ingress__parameterized10 is either unconnected or has no load
INFO: [Synth 8-7129] Port s_sc_payld[156] in module sc_node_v1_0_19_ingress__parameterized10 is either unconnected or has no load
INFO: [Synth 8-7129] Port s_sc_payld[155] in module sc_node_v1_0_19_ingress__parameterized10 is either unconnected or has no load
INFO: [Synth 8-7129] Port s_sc_payld[154] in module sc_node_v1_0_19_ingress__parameterized10 is either unconnected or has no load
INFO: [Synth 8-7129] Port s_sc_payld[153] in module sc_node_v1_0_19_ingress__parameterized10 is either unconnected or has no load
INFO: [Synth 8-7129] Port s_sc_payld[152] in module sc_node_v1_0_19_ingress__parameterized10 is either unconnected or has no load
INFO: [Synth 8-7129] Port s_sc_payld[151] in module sc_node_v1_0_19_ingress__parameterized10 is either unconnected or has no load
INFO: [Synth 8-7129] Port s_sc_payld[150] in module sc_node_v1_0_19_ingress__parameterized10 is either unconnected or has no load
INFO: [Synth 8-7129] Port s_sc_payld[149] in module sc_node_v1_0_19_ingress__parameterized10 is either unconnected or has no load
INFO: [Synth 8-7129] Port s_sc_payld[148] in module sc_node_v1_0_19_ingress__parameterized10 is either unconnected or has no load
INFO: [Synth 8-7129] Port s_sc_payld[147] in module sc_node_v1_0_19_ingress__parameterized10 is either unconnected or has no load
INFO: [Synth 8-7129] Port s_sc_payld[146] in module sc_node_v1_0_19_ingress__parameterized10 is either unconnected or has no load
INFO: [Synth 8-7129] Port s_sc_payld[145] in module sc_node_v1_0_19_ingress__parameterized10 is either unconnected or has no load
INFO: [Synth 8-7129] Port s_sc_payld[144] in module sc_node_v1_0_19_ingress__parameterized10 is either unconnected or has no load
INFO: [Synth 8-7129] Port s_sc_payld[143] in module sc_node_v1_0_19_ingress__parameterized10 is either unconnected or has no load
INFO: [Synth 8-7129] Port s_sc_payld[142] in module sc_node_v1_0_19_ingress__parameterized10 is either unconnected or has no load
INFO: [Synth 8-7129] Port s_sc_payld[141] in module sc_node_v1_0_19_ingress__parameterized10 is either unconnected or has no load
INFO: [Synth 8-7129] Port s_sc_payld[140] in module sc_node_v1_0_19_ingress__parameterized10 is either unconnected or has no load
INFO: [Synth 8-7129] Port s_sc_payld[139] in module sc_node_v1_0_19_ingress__parameterized10 is either unconnected or has no load
INFO: [Synth 8-7129] Port s_sc_payld[138] in module sc_node_v1_0_19_ingress__parameterized10 is either unconnected or has no load
INFO: [Synth 8-7129] Port s_sc_payld[137] in module sc_node_v1_0_19_ingress__parameterized10 is either unconnected or has no load
INFO: [Synth 8-7129] Port s_sc_payld[136] in module sc_node_v1_0_19_ingress__parameterized10 is either unconnected or has no load
INFO: [Synth 8-7129] Port s_sc_payld[135] in module sc_node_v1_0_19_ingress__parameterized10 is either unconnected or has no load
INFO: [Synth 8-7129] Port s_sc_payld[134] in module sc_node_v1_0_19_ingress__parameterized10 is either unconnected or has no load
INFO: [Synth 8-7129] Port s_sc_payld[133] in module sc_node_v1_0_19_ingress__parameterized10 is either unconnected or has no load
INFO: [Synth 8-7129] Port s_sc_payld[132] in module sc_node_v1_0_19_ingress__parameterized10 is either unconnected or has no load
INFO: [Synth 8-7129] Port s_sc_payld[131] in module sc_node_v1_0_19_ingress__parameterized10 is either unconnected or has no load
INFO: [Synth 8-7129] Port s_sc_payld[130] in module sc_node_v1_0_19_ingress__parameterized10 is either unconnected or has no load
INFO: [Synth 8-7129] Port s_sc_payld[129] in module sc_node_v1_0_19_ingress__parameterized10 is either unconnected or has no load
INFO: [Synth 8-7129] Port s_sc_payld[128] in module sc_node_v1_0_19_ingress__parameterized10 is either unconnected or has no load
INFO: [Synth 8-7129] Port s_sc_payld[127] in module sc_node_v1_0_19_ingress__parameterized10 is either unconnected or has no load
INFO: [Synth 8-7129] Port s_sc_payld[126] in module sc_node_v1_0_19_ingress__parameterized10 is either unconnected or has no load
INFO: [Synth 8-7129] Port s_sc_payld[125] in module sc_node_v1_0_19_ingress__parameterized10 is either unconnected or has no load
INFO: [Synth 8-7129] Port s_sc_payld[124] in module sc_node_v1_0_19_ingress__parameterized10 is either unconnected or has no load
INFO: [Synth 8-7129] Port s_sc_payld[123] in module sc_node_v1_0_19_ingress__parameterized10 is either unconnected or has no load
INFO: [Synth 8-7129] Port s_sc_payld[122] in module sc_node_v1_0_19_ingress__parameterized10 is either unconnected or has no load
INFO: [Synth 8-7129] Port s_sc_payld[121] in module sc_node_v1_0_19_ingress__parameterized10 is either unconnected or has no load
INFO: [Synth 8-7129] Port s_sc_payld[120] in module sc_node_v1_0_19_ingress__parameterized10 is either unconnected or has no load
INFO: [Synth 8-7129] Port s_sc_payld[119] in module sc_node_v1_0_19_ingress__parameterized10 is either unconnected or has no load
INFO: [Synth 8-7129] Port s_sc_payld[118] in module sc_node_v1_0_19_ingress__parameterized10 is either unconnected or has no load
INFO: [Synth 8-7129] Port s_sc_payld[117] in module sc_node_v1_0_19_ingress__parameterized10 is either unconnected or has no load
INFO: [Synth 8-7129] Port s_sc_payld[116] in module sc_node_v1_0_19_ingress__parameterized10 is either unconnected or has no load
INFO: [Synth 8-7129] Port s_sc_payld[115] in module sc_node_v1_0_19_ingress__parameterized10 is either unconnected or has no load
INFO: [Synth 8-7129] Port s_sc_payld[114] in module sc_node_v1_0_19_ingress__parameterized10 is either unconnected or has no load
INFO: [Synth 8-7129] Port s_sc_payld[113] in module sc_node_v1_0_19_ingress__parameterized10 is either unconnected or has no load
INFO: [Synth 8-7129] Port s_sc_payld[112] in module sc_node_v1_0_19_ingress__parameterized10 is either unconnected or has no load
INFO: [Synth 8-7129] Port s_sc_payld[111] in module sc_node_v1_0_19_ingress__parameterized10 is either unconnected or has no load
INFO: [Synth 8-7129] Port s_sc_payld[110] in module sc_node_v1_0_19_ingress__parameterized10 is either unconnected or has no load
INFO: [Synth 8-7129] Port s_sc_payld[109] in module sc_node_v1_0_19_ingress__parameterized10 is either unconnected or has no load
INFO: [Synth 8-7129] Port s_sc_payld[108] in module sc_node_v1_0_19_ingress__parameterized10 is either unconnected or has no load
INFO: [Synth 8-7129] Port s_sc_payld[107] in module sc_node_v1_0_19_ingress__parameterized10 is either unconnected or has no load
INFO: [Synth 8-7129] Port s_sc_payld[106] in module sc_node_v1_0_19_ingress__parameterized10 is either unconnected or has no load
INFO: [Synth 8-7129] Port s_sc_payld[105] in module sc_node_v1_0_19_ingress__parameterized10 is either unconnected or has no load
INFO: [Synth 8-7129] Port s_sc_payld[104] in module sc_node_v1_0_19_ingress__parameterized10 is either unconnected or has no load
INFO: [Synth 8-7129] Port s_sc_payld[103] in module sc_node_v1_0_19_ingress__parameterized10 is either unconnected or has no load
INFO: [Synth 8-7129] Port s_sc_payld[102] in module sc_node_v1_0_19_ingress__parameterized10 is either unconnected or has no load
INFO: [Synth 8-7129] Port s_sc_payld[101] in module sc_node_v1_0_19_ingress__parameterized10 is either unconnected or has no load
INFO: [Synth 8-7129] Port s_sc_payld[100] in module sc_node_v1_0_19_ingress__parameterized10 is either unconnected or has no load
INFO: [Synth 8-7129] Port s_sc_payld[99] in module sc_node_v1_0_19_ingress__parameterized10 is either unconnected or has no load
INFO: [Synth 8-7129] Port s_sc_payld[98] in module sc_node_v1_0_19_ingress__parameterized10 is either unconnected or has no load
INFO: [Synth 8-7129] Port s_sc_payld[97] in module sc_node_v1_0_19_ingress__parameterized10 is either unconnected or has no load
INFO: [Synth 8-7129] Port s_sc_payld[96] in module sc_node_v1_0_19_ingress__parameterized10 is either unconnected or has no load
INFO: [Synth 8-7129] Port s_sc_payld[95] in module sc_node_v1_0_19_ingress__parameterized10 is either unconnected or has no load
INFO: [Synth 8-7129] Port s_sc_payld[94] in module sc_node_v1_0_19_ingress__parameterized10 is either unconnected or has no load
INFO: [Synth 8-7129] Port s_sc_payld[93] in module sc_node_v1_0_19_ingress__parameterized10 is either unconnected or has no load
INFO: [Synth 8-7129] Port s_sc_payld[92] in module sc_node_v1_0_19_ingress__parameterized10 is either unconnected or has no load
INFO: [Synth 8-7129] Port s_sc_payld[91] in module sc_node_v1_0_19_ingress__parameterized10 is either unconnected or has no load
INFO: [Synth 8-7129] Port s_sc_payld[90] in module sc_node_v1_0_19_ingress__parameterized10 is either unconnected or has no load
INFO: [Synth 8-7129] Port s_sc_payld[89] in module sc_node_v1_0_19_ingress__parameterized10 is either unconnected or has no load
INFO: [Synth 8-7129] Port s_sc_payld[88] in module sc_node_v1_0_19_ingress__parameterized10 is either unconnected or has no load
INFO: [Common 17-14] Message 'Synth 8-7129' appears 100 times and further instances of the messages will be disabled. Use the Tcl command set_msg_config to change the current settings.
---------------------------------------------------------------------------------
Finished RTL Elaboration : Time (s): cpu = 00:00:13 ; elapsed = 00:00:16 . Memory (MB): peak = 2528.805 ; gain = 778.922 ; free physical = 6165 ; free virtual = 16147
---------------------------------------------------------------------------------
---------------------------------------------------------------------------------
Start Handling Custom Attributes
---------------------------------------------------------------------------------
---------------------------------------------------------------------------------
Finished Handling Custom Attributes : Time (s): cpu = 00:00:13 ; elapsed = 00:00:16 . Memory (MB): peak = 2528.805 ; gain = 778.922 ; free physical = 6165 ; free virtual = 16147
---------------------------------------------------------------------------------
---------------------------------------------------------------------------------
Finished RTL Optimization Phase 1 : Time (s): cpu = 00:00:13 ; elapsed = 00:00:16 . Memory (MB): peak = 2528.805 ; gain = 778.922 ; free physical = 6165 ; free virtual = 16147
---------------------------------------------------------------------------------
Netlist sorting complete. Time (s): cpu = 00:00:02 ; elapsed = 00:00:02 . Memory (MB): peak = 2564.039 ; gain = 0.000 ; free physical = 5434 ; free virtual = 15435
INFO: [Netlist 29-17] Analyzing 1 Unisim elements for replacement
INFO: [Netlist 29-28] Unisim Transformation completed in 0 CPU seconds
INFO: [Project 1-570] Preparing netlist for logic optimization

Processing XDC Constraints
Initializing timing engine
Parsing XDC File [/home/lovro/ARES/ARES_fpga/ARES_fpga/ARES_fpga.gen/sources_1/bd/Block_top/ip/Block_top_smartconnect_0_0/ooc.xdc] for cell 'inst'
Finished Parsing XDC File [/home/lovro/ARES/ARES_fpga/ARES_fpga/ARES_fpga.gen/sources_1/bd/Block_top/ip/Block_top_smartconnect_0_0/ooc.xdc] for cell 'inst'
Parsing XDC File [/home/lovro/ARES/ARES_fpga/ARES_fpga/ARES_fpga.gen/sources_1/bd/Block_top/ip/Block_top_smartconnect_0_0/bd_0/ip/ip_1/bd_797d_psr_aclk_0_board.xdc] for cell 'inst/clk_map/psr_aclk/U0'
Finished Parsing XDC File [/home/lovro/ARES/ARES_fpga/ARES_fpga/ARES_fpga.gen/sources_1/bd/Block_top/ip/Block_top_smartconnect_0_0/bd_0/ip/ip_1/bd_797d_psr_aclk_0_board.xdc] for cell 'inst/clk_map/psr_aclk/U0'
Parsing XDC File [/home/lovro/ARES/ARES_fpga/ARES_fpga/ARES_fpga.gen/sources_1/bd/Block_top/ip/Block_top_smartconnect_0_0/smartconnect.xdc] for cell 'inst'
Finished Parsing XDC File [/home/lovro/ARES/ARES_fpga/ARES_fpga/ARES_fpga.gen/sources_1/bd/Block_top/ip/Block_top_smartconnect_0_0/smartconnect.xdc] for cell 'inst'
Parsing XDC File [/home/lovro/ARES/ARES_fpga/ARES_fpga/ARES_fpga.runs/Block_top_smartconnect_0_0_synth_1/dont_touch.xdc]
Finished Parsing XDC File [/home/lovro/ARES/ARES_fpga/ARES_fpga/ARES_fpga.runs/Block_top_smartconnect_0_0_synth_1/dont_touch.xdc]
INFO: [Project 1-236] Implementation specific constraints were found while reading constraint file [/opt/Vivado/2025.2/data/ip/xpm/xpm_cdc/tcl/xpm_cdc_single.tcl]. These constraints will be ignored for synthesis but will be used in implementation. Impacted constraints are listed in the file [.Xil/Block_top_smartconnect_0_0_propImpl.xdc].
Resolution: To avoid this warning, move constraints listed in [.Xil/Block_top_smartconnect_0_0_propImpl.xdc] to another XDC file and exclude this new file from synthesis with the used_in_synthesis property (File Properties dialog in GUI) and re-run elaboration/synthesis.
INFO: [Project 1-236] Implementation specific constraints were found while reading constraint file [/opt/Vivado/2025.2/data/ip/xpm/xpm_memory/tcl/xpm_memory_xdc.tcl]. These constraints will be ignored for synthesis but will be used in implementation. Impacted constraints are listed in the file [.Xil/Block_top_smartconnect_0_0_propImpl.xdc].
Resolution: To avoid this warning, move constraints listed in [.Xil/Block_top_smartconnect_0_0_propImpl.xdc] to another XDC file and exclude this new file from synthesis with the used_in_synthesis property (File Properties dialog in GUI) and re-run elaboration/synthesis.
INFO: [Project 1-1714] 55 XPM XDC files have been applied to the design.
Completed Processing XDC Constraints

Netlist sorting complete. Time (s): cpu = 00:00:00.03 ; elapsed = 00:00:00.03 . Memory (MB): peak = 2921.059 ; gain = 0.000 ; free physical = 5802 ; free virtual = 15804
INFO: [Project 1-111] Unisim Transformation Summary:
  A total of 1 instances were transformed.
  SRL16 => SRL16E: 1 instance 

Constraint Validation Runtime : Time (s): cpu = 00:00:00.58 ; elapsed = 00:00:00.6 . Memory (MB): peak = 2921.094 ; gain = 0.000 ; free physical = 8557 ; free virtual = 18556
INFO: [Designutils 20-5008] Incremental synthesis strategy off
---------------------------------------------------------------------------------
Finished Constraint Validation : Time (s): cpu = 00:00:41 ; elapsed = 00:00:47 . Memory (MB): peak = 2921.094 ; gain = 1171.211 ; free physical = 10806 ; free virtual = 20821
---------------------------------------------------------------------------------
---------------------------------------------------------------------------------
Start Loading Part and Timing Information
---------------------------------------------------------------------------------
Loading part: xc7a100tfgg484-2
---------------------------------------------------------------------------------
Finished Loading Part and Timing Information : Time (s): cpu = 00:00:41 ; elapsed = 00:00:47 . Memory (MB): peak = 2929.062 ; gain = 1179.180 ; free physical = 10804 ; free virtual = 20819
---------------------------------------------------------------------------------
---------------------------------------------------------------------------------
Start Applying 'set_property' XDC Constraints
---------------------------------------------------------------------------------
---------------------------------------------------------------------------------
Finished applying 'set_property' XDC Constraints : Time (s): cpu = 00:00:41 ; elapsed = 00:00:47 . Memory (MB): peak = 2929.062 ; gain = 1179.180 ; free physical = 10767 ; free virtual = 20787
---------------------------------------------------------------------------------
INFO: [Synth 8-802] inferred FSM for state register 'w_state_reg' in module 'sc_exit_v1_0_18_axilite_conv'
INFO: [Synth 8-802] inferred FSM for state register 'r_state_reg' in module 'sc_exit_v1_0_18_axilite_conv'
INFO: [Synth 8-4490] FSM extraction disabled for register 'gen_pipelined.state_reg' through user attribute
INFO: [Synth 8-4490] FSM extraction disabled for register 'gen_pipelined.state_reg' through user attribute
INFO: [Synth 8-4490] FSM extraction disabled for register 'gen_pipelined.state_reg' through user attribute
INFO: [Synth 8-4490] FSM extraction disabled for register 'gen_pipelined.state_reg' through user attribute
INFO: [Synth 8-4490] FSM extraction disabled for register 'gen_AB_reg_slice.state_reg' through user attribute
INFO: [Synth 8-4490] FSM extraction disabled for register 'gen_AB_reg_slice.state_reg' through user attribute
INFO: [Synth 8-4490] FSM extraction disabled for register 'gen_pipelined.state_reg' through user attribute
INFO: [Synth 8-4490] FSM extraction disabled for register 'gen_pipelined.state_reg' through user attribute
INFO: [Synth 8-802] inferred FSM for state register 'gen_axi.gen_write.write_cs_reg' in module 'sc_mmu_v1_0_16_decerr_slave'
INFO: [Synth 8-802] inferred FSM for state register 'gen_endpoint.w_state_reg' in module 'sc_mmu_v1_0_16_top'
INFO: [Synth 8-802] inferred FSM for state register 'gen_endpoint.r_state_reg' in module 'sc_mmu_v1_0_16_top'
INFO: [Synth 8-4490] FSM extraction disabled for register 'gen_pipelined.state_reg' through user attribute
INFO: [Synth 8-4490] FSM extraction disabled for register 'gen_pipelined.state_reg' through user attribute
INFO: [Synth 8-4490] FSM extraction disabled for register 'gen_pipelined.state_reg' through user attribute
INFO: [Synth 8-4490] FSM extraction disabled for register 'gen_pipelined.state_reg' through user attribute
INFO: [Synth 8-802] inferred FSM for state register 'aw_state_reg' in module 'sc_si_converter_v1_0_16_reduced_area'
INFO: [Synth 8-802] inferred FSM for state register 'w_state_reg' in module 'sc_si_converter_v1_0_16_reduced_area'
INFO: [Synth 8-802] inferred FSM for state register 'b_state_reg' in module 'sc_si_converter_v1_0_16_reduced_area'
INFO: [Synth 8-802] inferred FSM for state register 'ar_state_reg' in module 'sc_si_converter_v1_0_16_reduced_area'
INFO: [Synth 8-802] inferred FSM for state register 'r_state_reg' in module 'sc_si_converter_v1_0_16_reduced_area'
INFO: [Synth 8-802] inferred FSM for state register 'rd_state_reg' in module 'sc_si_converter_v1_0_16_reduced_area'
INFO: [Synth 8-4490] FSM extraction disabled for register 'gen_pipelined.state_reg' through user attribute
INFO: [Synth 8-4490] FSM extraction disabled for register 'gen_pipelined.state_reg' through user attribute
INFO: [Synth 8-4490] FSM extraction disabled for register 'gen_AB_reg_slice.state_reg' through user attribute
INFO: [Synth 8-4490] FSM extraction disabled for register 'gen_AB_reg_slice.state_reg' through user attribute
---------------------------------------------------------------------------------------------------
                   State |                     New Encoding |                Previous Encoding 
---------------------------------------------------------------------------------------------------
                  W_IDLE |                              000 | 00000000000000000000000000000000
                    W_RX |                              001 | 00000000000000000000000000000001
                    W_TX |                              010 | 00000000000000000000000000000010
              W_COMPLETE |                              011 | 00000000000000000000000000000100
               W_RECOVER |                              100 | 00000000000000000000000000000011
---------------------------------------------------------------------------------------------------
INFO: [Synth 8-3354] encoded FSM with state register 'w_state_reg' using encoding 'sequential' in module 'sc_exit_v1_0_18_axilite_conv'
---------------------------------------------------------------------------------------------------
                   State |                     New Encoding |                Previous Encoding 
---------------------------------------------------------------------------------------------------
                  R_IDLE |                               00 | 00000000000000000000000000000000
                    R_RX |                               01 | 00000000000000000000000000000001
                    R_TX |                               10 | 00000000000000000000000000000010
---------------------------------------------------------------------------------------------------
INFO: [Synth 8-3354] encoded FSM with state register 'r_state_reg' using encoding 'sequential' in module 'sc_exit_v1_0_18_axilite_conv'
---------------------------------------------------------------------------------------------------
                   State |                     New Encoding |                Previous Encoding 
---------------------------------------------------------------------------------------------------
            P_WRITE_IDLE |                              001 |                               00
            P_WRITE_DATA |                              010 |                               01
            P_WRITE_RESP |                              100 |                               10
---------------------------------------------------------------------------------------------------
INFO: [Synth 8-3354] encoded FSM with state register 'gen_axi.gen_write.write_cs_reg' using encoding 'one-hot' in module 'sc_mmu_v1_0_16_decerr_slave'
---------------------------------------------------------------------------------------------------
                   State |                     New Encoding |                Previous Encoding 
---------------------------------------------------------------------------------------------------
                  iSTATE |                               00 | 00000000000000000000000000000000
*
                 W_STALL |                               01 | 00000000000000000000000000000001
               W_PENDING |                               10 | 00000000000000000000000000000010
                W_DECERR |                               11 | 00000000000000000000000000000011
---------------------------------------------------------------------------------------------------
INFO: [Synth 8-3354] encoded FSM with state register 'gen_endpoint.w_state_reg' using encoding 'sequential' in module 'sc_mmu_v1_0_16_top'
---------------------------------------------------------------------------------------------------
                   State |                     New Encoding |                Previous Encoding 
---------------------------------------------------------------------------------------------------
                  iSTATE |                               00 | 00000000000000000000000000000000
*
                 R_STALL |                               01 | 00000000000000000000000000000001
               R_PENDING |                               10 | 00000000000000000000000000000010
                R_DECERR |                               11 | 00000000000000000000000000000011
---------------------------------------------------------------------------------------------------
INFO: [Synth 8-3354] encoded FSM with state register 'gen_endpoint.r_state_reg' using encoding 'sequential' in module 'sc_mmu_v1_0_16_top'
---------------------------------------------------------------------------------------------------
                   State |                     New Encoding |                Previous Encoding 
---------------------------------------------------------------------------------------------------
                  B_IDLE |                               00 | 00000000000000000000000000000000
                 B_ACCUM |                               01 | 00000000000000000000000000000001
                  B_INCR |                               10 | 00000000000000000000000000000010
                   B_OUT |                               11 | 00000000000000000000000000000011
---------------------------------------------------------------------------------------------------
INFO: [Synth 8-3354] encoded FSM with state register 'b_state_reg' using encoding 'sequential' in module 'sc_si_converter_v1_0_16_reduced_area'
---------------------------------------------------------------------------------------------------
                   State |                     New Encoding |                Previous Encoding 
---------------------------------------------------------------------------------------------------
                  W_IDLE |                           000001 | 00000000000000000000000000000000
             W_SINGLES_1 |                           000010 | 00000000000000000000000000000001
               W_SINGLES |                           000100 | 00000000000000000000000000000010
                  W_NULL |                           001000 | 00000000000000000000000000000100
                  W_INCR |                           010000 | 00000000000000000000000000000011
              W_COMPLETE |                           100000 | 00000000000000000000000000000101
---------------------------------------------------------------------------------------------------
INFO: [Synth 8-3354] encoded FSM with state register 'w_state_reg' using encoding 'one-hot' in module 'sc_si_converter_v1_0_16_reduced_area'
---------------------------------------------------------------------------------------------------
                   State |                     New Encoding |                Previous Encoding 
---------------------------------------------------------------------------------------------------
                 AW_IDLE |                               00 | 00000000000000000000000000000000
             AW_SINGLE_1 |                               01 | 00000000000000000000000000000010
               AW_SINGLE |                               10 | 00000000000000000000000000000001
                AW_BURST |                               11 | 00000000000000000000000000000011
---------------------------------------------------------------------------------------------------
INFO: [Synth 8-3354] encoded FSM with state register 'aw_state_reg' using encoding 'sequential' in module 'sc_si_converter_v1_0_16_reduced_area'
---------------------------------------------------------------------------------------------------
                   State |                     New Encoding |                Previous Encoding 
---------------------------------------------------------------------------------------------------
                  R_IDLE |                              000 | 00000000000000000000000000000000
               R_SPLIT_1 |                              001 | 00000000000000000000000000000010
                 R_SPLIT |                              010 | 00000000000000000000000000000001
                  R_WAIT |                              011 | 00000000000000000000000000000101
               R_SPLIT_2 |                              100 | 00000000000000000000000000000011
                  R_INCR |                              101 | 00000000000000000000000000000100
---------------------------------------------------------------------------------------------------
INFO: [Synth 8-3354] encoded FSM with state register 'r_state_reg' using encoding 'sequential' in module 'sc_si_converter_v1_0_16_reduced_area'
---------------------------------------------------------------------------------------------------
                   State |                     New Encoding |                Previous Encoding 
---------------------------------------------------------------------------------------------------
                 RD_IDLE |                                0 | 00000000000000000000000000000000
                 RD_DATA |                                1 | 00000000000000000000000000000001
---------------------------------------------------------------------------------------------------
INFO: [Synth 8-3354] encoded FSM with state register 'rd_state_reg' using encoding 'sequential' in module 'sc_si_converter_v1_0_16_reduced_area'
---------------------------------------------------------------------------------------------------
                   State |                     New Encoding |                Previous Encoding 
---------------------------------------------------------------------------------------------------
                 AR_IDLE |                               00 | 00000000000000000000000000000000
               AR_SINGLE |                               01 | 00000000000000000000000000000001
                AR_BURST |                               10 | 00000000000000000000000000000010
---------------------------------------------------------------------------------------------------
INFO: [Synth 8-3354] encoded FSM with state register 'ar_state_reg' using encoding 'sequential' in module 'sc_si_converter_v1_0_16_reduced_area'
---------------------------------------------------------------------------------
Finished RTL Optimization Phase 2 : Time (s): cpu = 00:00:46 ; elapsed = 00:00:53 . Memory (MB): peak = 2929.062 ; gain = 1179.180 ; free physical = 8867 ; free virtual = 18888
---------------------------------------------------------------------------------
---------------------------------------------------------------------------------
Start RTL Component Statistics 
---------------------------------------------------------------------------------
---------------------------------------------------------------------------------
Finished RTL Component Statistics 
---------------------------------------------------------------------------------
---------------------------------------------------------------------------------
Start Part Resource Summary
---------------------------------------------------------------------------------
Part Resources:
DSPs: 240 (col length:80)
BRAMs: 270 (col length: RAMB18 80 RAMB36 40)
---------------------------------------------------------------------------------
Finished Part Resource Summary
---------------------------------------------------------------------------------
---------------------------------------------------------------------------------
Start Cross Boundary and Area Optimization
---------------------------------------------------------------------------------
WARNING: [Synth 8-13161] RAM (inst/i_0/\m00_nodes/m00_ar_node/inst /\inst_mi_handler/gen_normal_area.gen_node_prog_full.inst_node_prog_full/gen_xpm_memory_fifo.inst_fifo/gen_mem_rep[0].inst_xpm_memory /xpm_memory_base_inst/i_0) is optimized away because it doesn't have any load.
WARNING: [Synth 8-6014] Unused sequential element gen_wr_a.gen_word_narrow.mem_reg was removed. 
WARNING: [Synth 8-13161] RAM (inst/i_0/\m01_nodes/m01_ar_node/inst /\inst_mi_handler/gen_normal_area.gen_node_prog_full.inst_node_prog_full/gen_xpm_memory_fifo.inst_fifo/gen_mem_rep[0].inst_xpm_memory /xpm_memory_base_inst/i_0) is optimized away because it doesn't have any load.
WARNING: [Synth 8-6014] Unused sequential element gen_wr_a.gen_word_narrow.mem_reg was removed. 
WARNING: [Synth 8-13161] RAM (inst/i_0/\m01_nodes/m01_aw_node/inst /\inst_mi_handler/gen_normal_area.gen_node_prog_full.inst_node_prog_full/gen_xpm_memory_fifo.inst_fifo/gen_mem_rep[0].inst_xpm_memory /xpm_memory_base_inst/i_0) is optimized away because it doesn't have any load.
WARNING: [Synth 8-6014] Unused sequential element gen_wr_a.gen_word_narrow.mem_reg was removed. 
WARNING: [Synth 8-13161] RAM (inst/i_0/\m01_nodes/m01_b_node/inst /\inst_mi_handler/gen_normal_area.gen_fifo_req.inst_fifo_req/gen_xpm_memory_fifo.inst_fifo/gen_mem_rep[0].inst_xpm_memory /xpm_memory_base_inst/i_0) is optimized away because it doesn't have any load.
WARNING: [Synth 8-6014] Unused sequential element gen_wr_a.gen_word_narrow.mem_reg was removed. 
WARNING: [Synth 8-13161] RAM (inst/i_0/\m01_nodes/m01_w_node/inst /\inst_mi_handler/gen_normal_area.gen_node_prog_full.inst_node_prog_full/gen_xpm_memory_fifo.inst_fifo/gen_mem_rep[0].inst_xpm_memory /xpm_memory_base_inst/i_0) is optimized away because it doesn't have any load.
WARNING: [Synth 8-6014] Unused sequential element gen_wr_a.gen_word_narrow.mem_reg was removed. 
WARNING: [Synth 8-13161] RAM (inst/i_0/\s00_nodes/s00_b_node/inst /\inst_mi_handler/gen_normal_area.gen_node_prog_full.inst_node_prog_full/gen_xpm_memory_fifo.inst_fifo/gen_mem_rep[0].inst_xpm_memory /xpm_memory_base_inst/i_0) is optimized away because it doesn't have any load.
WARNING: [Synth 8-6014] Unused sequential element gen_wr_a.gen_word_narrow.mem_reg was removed. 
WARNING: [Synth 8-13161] RAM (inst/i_0/\s00_nodes/s00_r_node/inst /\inst_mi_handler/gen_normal_area.gen_node_prog_full.inst_node_prog_full/gen_xpm_memory_fifo.inst_fifo/gen_mem_rep[0].inst_xpm_memory /xpm_memory_base_inst/i_0) is optimized away because it doesn't have any load.
WARNING: [Synth 8-6014] Unused sequential element gen_wr_a.gen_word_narrow.mem_reg was removed. 
---------------------------------------------------------------------------------
Finished Cross Boundary and Area Optimization : Time (s): cpu = 00:01:22 ; elapsed = 00:01:30 . Memory (MB): peak = 2929.062 ; gain = 1179.180 ; free physical = 13217 ; free virtual = 23244
---------------------------------------------------------------------------------
---------------------------------------------------------------------------------
Start Applying XDC Timing Constraints
---------------------------------------------------------------------------------
---------------------------------------------------------------------------------
Finished Applying XDC Timing Constraints : Time (s): cpu = 00:01:25 ; elapsed = 00:01:34 . Memory (MB): peak = 2929.062 ; gain = 1179.180 ; free physical = 13280 ; free virtual = 23307
---------------------------------------------------------------------------------
---------------------------------------------------------------------------------
Start Timing Optimization
---------------------------------------------------------------------------------
---------------------------------------------------------------------------------
Finished Timing Optimization : Time (s): cpu = 00:01:31 ; elapsed = 00:01:39 . Memory (MB): peak = 2929.062 ; gain = 1179.180 ; free physical = 13379 ; free virtual = 23400
---------------------------------------------------------------------------------
---------------------------------------------------------------------------------
Start Technology Mapping
---------------------------------------------------------------------------------
---------------------------------------------------------------------------------
Finished Technology Mapping : Time (s): cpu = 00:01:34 ; elapsed = 00:01:43 . Memory (MB): peak = 2929.062 ; gain = 1179.180 ; free physical = 15154 ; free virtual = 25173
---------------------------------------------------------------------------------
---------------------------------------------------------------------------------
Start IO Insertion
---------------------------------------------------------------------------------
---------------------------------------------------------------------------------
Start Flattening Before IO Insertion
---------------------------------------------------------------------------------
---------------------------------------------------------------------------------
Finished Flattening Before IO Insertion
---------------------------------------------------------------------------------
---------------------------------------------------------------------------------
Start Final Netlist Cleanup
---------------------------------------------------------------------------------
---------------------------------------------------------------------------------
Finished Final Netlist Cleanup
---------------------------------------------------------------------------------
---------------------------------------------------------------------------------
Finished IO Insertion : Time (s): cpu = 00:01:37 ; elapsed = 00:01:46 . Memory (MB): peak = 2937.969 ; gain = 1188.086 ; free physical = 15293 ; free virtual = 25312
---------------------------------------------------------------------------------
---------------------------------------------------------------------------------
Start Renaming Generated Instances
---------------------------------------------------------------------------------
---------------------------------------------------------------------------------
Finished Renaming Generated Instances : Time (s): cpu = 00:01:37 ; elapsed = 00:01:46 . Memory (MB): peak = 2937.969 ; gain = 1188.086 ; free physical = 15285 ; free virtual = 25304
---------------------------------------------------------------------------------
---------------------------------------------------------------------------------
Start Rebuilding User Hierarchy
---------------------------------------------------------------------------------
---------------------------------------------------------------------------------
Finished Rebuilding User Hierarchy : Time (s): cpu = 00:01:38 ; elapsed = 00:01:46 . Memory (MB): peak = 2937.969 ; gain = 1188.086 ; free physical = 15259 ; free virtual = 25279
---------------------------------------------------------------------------------
---------------------------------------------------------------------------------
Start Renaming Generated Ports
---------------------------------------------------------------------------------
---------------------------------------------------------------------------------
Finished Renaming Generated Ports : Time (s): cpu = 00:01:38 ; elapsed = 00:01:46 . Memory (MB): peak = 2937.969 ; gain = 1188.086 ; free physical = 15259 ; free virtual = 25279
---------------------------------------------------------------------------------
---------------------------------------------------------------------------------
Start Handling Custom Attributes
---------------------------------------------------------------------------------
---------------------------------------------------------------------------------
Finished Handling Custom Attributes : Time (s): cpu = 00:01:38 ; elapsed = 00:01:47 . Memory (MB): peak = 2937.969 ; gain = 1188.086 ; free physical = 15259 ; free virtual = 25278
---------------------------------------------------------------------------------
---------------------------------------------------------------------------------
Start Renaming Generated Nets
---------------------------------------------------------------------------------
---------------------------------------------------------------------------------
Finished Renaming Generated Nets : Time (s): cpu = 00:01:38 ; elapsed = 00:01:47 . Memory (MB): peak = 2937.969 ; gain = 1188.086 ; free physical = 15259 ; free virtual = 25278
---------------------------------------------------------------------------------
---------------------------------------------------------------------------------
Start Writing Synthesis Report
---------------------------------------------------------------------------------

Report BlackBoxes: 
+-+--------------+----------+
| |BlackBox name |Instances |
+-+--------------+----------+
+-+--------------+----------+

Report Cell Usage: 
+------+---------+------+
|      |Cell     |Count |
+------+---------+------+
|1     |CARRY4   |    21|
|2     |LUT1     |   199|
|3     |LUT2     |   372|
|4     |LUT3     |  1336|
|5     |LUT4     |   463|
|6     |LUT5     |   540|
|7     |LUT6     |   812|
|8     |RAM32M   |   183|
|9     |RAM32X1D |     6|
|10    |SRL16    |     1|
|11    |SRL16E   |    43|
|12    |SRLC32E  |     9|
|13    |FDCE     |    87|
|14    |FDRE     |  5035|
|15    |FDSE     |   171|
+------+---------+------+
---------------------------------------------------------------------------------
Finished Writing Synthesis Report : Time (s): cpu = 00:01:38 ; elapsed = 00:01:47 . Memory (MB): peak = 2937.969 ; gain = 1188.086 ; free physical = 15259 ; free virtual = 25278
---------------------------------------------------------------------------------
Synthesis finished with 0 errors, 0 critical warnings and 14 warnings.
Synthesis Optimization Runtime : Time (s): cpu = 00:01:18 ; elapsed = 00:01:27 . Memory (MB): peak = 2937.969 ; gain = 795.797 ; free physical = 15257 ; free virtual = 25277
Synthesis Optimization Complete : Time (s): cpu = 00:01:38 ; elapsed = 00:01:47 . Memory (MB): peak = 2937.977 ; gain = 1188.086 ; free physical = 15257 ; free virtual = 25277
INFO: [Project 1-571] Translating synthesized netlist
Netlist sorting complete. Time (s): cpu = 00:00:00.18 ; elapsed = 00:00:00.19 . Memory (MB): peak = 2937.977 ; gain = 0.000 ; free physical = 15422 ; free virtual = 25442
INFO: [Netlist 29-17] Analyzing 211 Unisim elements for replacement
INFO: [Netlist 29-28] Unisim Transformation completed in 0 CPU seconds
INFO: [Project 1-570] Preparing netlist for logic optimization
INFO: [Opt 31-138] Pushed 0 inverter(s) to 0 load pin(s).
Netlist sorting complete. Time (s): cpu = 00:00:00 ; elapsed = 00:00:00 . Memory (MB): peak = 2999.934 ; gain = 0.000 ; free physical = 15387 ; free virtual = 25419
INFO: [Project 1-111] Unisim Transformation Summary:
  A total of 190 instances were transformed.
  RAM32M => RAM32M (RAMD32(x6), RAMS32(x2)): 183 instances
  RAM32X1D => RAM32X1D (RAMD32(x2)): 6 instances
  SRL16 => SRL16E: 1 instance 

Synth Design complete | Checksum: b1211e43
INFO: [Common 17-83] Releasing license: Synthesis
308 Infos, 33 Warnings, 0 Critical Warnings and 0 Errors encountered.
synth_design completed successfully
synth_design: Time (s): cpu = 00:01:46 ; elapsed = 00:01:52 . Memory (MB): peak = 2999.969 ; gain = 1389.359 ; free physical = 15391 ; free virtual = 25424
INFO: [Common 17-2834] synth_design peak Physical Memory [PSS] (MB): overall = 2049.618; main = 1915.116; forked = 209.812
INFO: [Common 17-2834] synth_design peak Virtual Memory [VSS] (MB): overall = 3923.281; main = 2999.938; forked = 994.215
Write ShapeDB Complete: Time (s): cpu = 00:00:00.03 ; elapsed = 00:00:00.01 . Memory (MB): peak = 3023.945 ; gain = 0.000 ; free physical = 15391 ; free virtual = 25424
INFO: [Common 17-1381] The checkpoint '/home/lovro/ARES/ARES_fpga/ARES_fpga/ARES_fpga.runs/Block_top_smartconnect_0_0_synth_1/Block_top_smartconnect_0_0.dcp' has been generated.
INFO: [Coretcl 2-1648] Added synthesis output to IP cache for IP Block_top_smartconnect_0_0, cache-ID = b667192c5a640d0c
INFO: [Coretcl 2-1174] Renamed 390 cell refs.
Write ShapeDB Complete: Time (s): cpu = 00:00:00.03 ; elapsed = 00:00:00.02 . Memory (MB): peak = 3023.945 ; gain = 0.000 ; free physical = 17159 ; free virtual = 27209
INFO: [Common 17-1381] The checkpoint '/home/lovro/ARES/ARES_fpga/ARES_fpga/ARES_fpga.runs/Block_top_smartconnect_0_0_synth_1/Block_top_smartconnect_0_0.dcp' has been generated.
INFO: [Vivado 12-24828] Executing command : report_utilization -file Block_top_smartconnect_0_0_utilization_synth.rpt -pb Block_top_smartconnect_0_0_utilization_synth.pb
INFO: [Common 17-206] Exiting Vivado at Fri Aug 14 21:38:31 2026...
