
*** Running vivado
    with args -log Block_top_smartconnect_0_1.vds -m64 -product Vivado -mode batch -messageDb vivado.pb -notrace -source Block_top_smartconnect_0_1.tcl


****** Vivado v2025.2 (64-bit)
  **** SW Build 6299465 on Fri Nov 14 12:34:56 MST 2025
  **** IP Build 6300035 on Fri Nov 14 10:48:45 MST 2025
  **** SharedData Build 6298862 on Thu Nov 13 04:50:51 MST 2025
  **** Start of session at: Tue Aug 11 21:51:39 2026
    ** Copyright 1986-2022 Xilinx, Inc. All Rights Reserved.
    ** Copyright 2022-2025 Advanced Micro Devices, Inc. All Rights Reserved.

source Block_top_smartconnect_0_1.tcl -notrace
create_project: Time (s): cpu = 00:00:09 ; elapsed = 00:00:06 . Memory (MB): peak = 1613.062 ; gain = 64.059 ; free physical = 1313 ; free virtual = 19054
INFO: [IP_Flow 19-234] Refreshing IP repositories
WARNING: [IP_Flow 19-2248] Failed to load user IP repository '/home/lovro/ARES/Alchistry_Labs/DDR3 test/cores/ip_repo/myip_1_0'; Can't find the specified path.
If this directory should no longer be in your list of user repositories, go to the IP Settings dialog and remove it.
WARNING: [IP_Flow 19-2248] Failed to load user IP repository '/home/lovro/ARES/Alchistry_Labs/DDR3 test/cores/ip_repo/CPU_IO_converter_1_0'; Can't find the specified path.
If this directory should no longer be in your list of user repositories, go to the IP Settings dialog and remove it.
WARNING: [IP_Flow 19-2248] Failed to load user IP repository '/home/lovro/ARES/Alchistry_Labs/DDR3 test/cores/ip_repo/CPU_io_converter_1_0'; Can't find the specified path.
If this directory should no longer be in your list of user repositories, go to the IP Settings dialog and remove it.
INFO: [IP_Flow 19-2313] Loaded Vivado IP repository '/opt/Vivado/2025.2/data/ip'.
Command: synth_design -top Block_top_smartconnect_0_1 -part xc7a35tftg256-2 -incremental_mode off -mode out_of_context
Starting synth_design
Attempting to get a license for feature 'Synthesis' and/or device 'xc7a35t'
INFO: [Common 17-349] Got license for feature 'Synthesis' and/or device 'xc7a35t'
INFO: [Device 21-403] Loading part xc7a35tftg256-2
INFO: [Synth 8-7079] Multithreading enabled for synth_design using a maximum of 7 processes.
INFO: [Synth 8-7078] Launching helper process for spawning children vivado processes
INFO: [Synth 8-7075] Helper process launched with PID 770987
---------------------------------------------------------------------------------
Starting RTL Elaboration : Time (s): cpu = 00:00:05 ; elapsed = 00:00:07 . Memory (MB): peak = 2222.555 ; gain = 480.188 ; free physical = 232 ; free virtual = 12979
---------------------------------------------------------------------------------
INFO: [Synth 8-6157] synthesizing module 'Block_top_smartconnect_0_1' [/home/lovro/ARES/ARES_fpga/ARES_fpga/ARES_fpga.gen/sources_1/bd/Block_top/ip/Block_top_smartconnect_0_1/synth/Block_top_smartconnect_0_1.v:53]
INFO: [Synth 8-6157] synthesizing module 'bd_b9bc' [/home/lovro/ARES/ARES_fpga/ARES_fpga/ARES_fpga.gen/sources_1/bd/Block_top/ip/Block_top_smartconnect_0_1/bd_0/synth/bd_b9bc.v:10]
INFO: [Synth 8-6157] synthesizing module 'clk_map_imp_536M96' [/home/lovro/ARES/ARES_fpga/ARES_fpga/ARES_fpga.gen/sources_1/bd/Block_top/ip/Block_top_smartconnect_0_1/bd_0/synth/bd_b9bc.v:1918]
INFO: [Synth 8-638] synthesizing module 'bd_b9bc_psr_aclk_0' [/home/lovro/ARES/ARES_fpga/ARES_fpga/ARES_fpga.gen/sources_1/bd/Block_top/ip/Block_top_smartconnect_0_1/bd_0/ip/ip_1/synth/bd_b9bc_psr_aclk_0.vhd:74]
	Parameter C_FAMILY bound to: artix7 - type: string 
	Parameter C_EXT_RST_WIDTH bound to: 4 - type: integer 
	Parameter C_AUX_RST_WIDTH bound to: 1 - type: integer 
	Parameter C_EXT_RESET_HIGH bound to: 1'b0 
	Parameter C_AUX_RESET_HIGH bound to: 1'b0 
	Parameter C_NUM_BUS_RST bound to: 1 - type: integer 
	Parameter C_NUM_PERP_RST bound to: 1 - type: integer 
	Parameter C_NUM_INTERCONNECT_ARESETN bound to: 1 - type: integer 
	Parameter C_NUM_PERP_ARESETN bound to: 1 - type: integer 
INFO: [Synth 8-3491] module 'proc_sys_reset' declared at '/home/lovro/ARES/ARES_fpga/ARES_fpga/ARES_fpga.gen/sources_1/bd/Block_top/ipshared/9438/hdl/proc_sys_reset_v5_0_vh_rfs.vhd:1243' bound to instance 'U0' of component 'proc_sys_reset' [/home/lovro/ARES/ARES_fpga/ARES_fpga/ARES_fpga.gen/sources_1/bd/Block_top/ip/Block_top_smartconnect_0_1/bd_0/ip/ip_1/synth/bd_b9bc_psr_aclk_0.vhd:139]
INFO: [Synth 8-638] synthesizing module 'proc_sys_reset' [/home/lovro/ARES/ARES_fpga/ARES_fpga/ARES_fpga.gen/sources_1/bd/Block_top/ipshared/9438/hdl/proc_sys_reset_v5_0_vh_rfs.vhd:1302]
	Parameter INIT bound to: 1'b1 
INFO: [Synth 8-113] binding component instance 'FDRE_inst' to cell 'FDRE' [/home/lovro/ARES/ARES_fpga/ARES_fpga/ARES_fpga.gen/sources_1/bd/Block_top/ipshared/9438/hdl/proc_sys_reset_v5_0_vh_rfs.vhd:1371]
	Parameter INIT bound to: 1'b1 
INFO: [Synth 8-113] binding component instance 'FDRE_BSR' to cell 'FDRE' [/home/lovro/ARES/ARES_fpga/ARES_fpga/ARES_fpga.gen/sources_1/bd/Block_top/ipshared/9438/hdl/proc_sys_reset_v5_0_vh_rfs.vhd:1387]
	Parameter INIT bound to: 1'b0 
INFO: [Synth 8-113] binding component instance 'FDRE_BSR_N' to cell 'FDRE' [/home/lovro/ARES/ARES_fpga/ARES_fpga/ARES_fpga.gen/sources_1/bd/Block_top/ipshared/9438/hdl/proc_sys_reset_v5_0_vh_rfs.vhd:1413]
	Parameter INIT bound to: 1'b1 
INFO: [Synth 8-113] binding component instance 'FDRE_PER' to cell 'FDRE' [/home/lovro/ARES/ARES_fpga/ARES_fpga/ARES_fpga.gen/sources_1/bd/Block_top/ipshared/9438/hdl/proc_sys_reset_v5_0_vh_rfs.vhd:1436]
	Parameter INIT bound to: 1'b0 
INFO: [Synth 8-113] binding component instance 'FDRE_PER_N' to cell 'FDRE' [/home/lovro/ARES/ARES_fpga/ARES_fpga/ARES_fpga.gen/sources_1/bd/Block_top/ipshared/9438/hdl/proc_sys_reset_v5_0_vh_rfs.vhd:1460]
INFO: [Synth 8-638] synthesizing module 'lpf' [/home/lovro/ARES/ARES_fpga/ARES_fpga/ARES_fpga.gen/sources_1/bd/Block_top/ipshared/9438/hdl/proc_sys_reset_v5_0_vh_rfs.vhd:821]
INFO: [Synth 8-3491] module 'SRL16' declared at '/opt/Vivado/2025.2/Vivado/scripts/rt/data/unisim_comp.v:165318' bound to instance 'POR_SRL_I' of component 'SRL16' [/home/lovro/ARES/ARES_fpga/ARES_fpga/ARES_fpga.gen/sources_1/bd/Block_top/ipshared/9438/hdl/proc_sys_reset_v5_0_vh_rfs.vhd:873]
INFO: [Synth 8-6157] synthesizing module 'SRL16' [/opt/Vivado/2025.2/Vivado/scripts/rt/data/unisim_comp.v:165318]
INFO: [Synth 8-6155] done synthesizing module 'SRL16' (0#1) [/opt/Vivado/2025.2/Vivado/scripts/rt/data/unisim_comp.v:165318]
	Parameter DEST_SYNC_FF bound to: 4 - type: integer 
	Parameter INIT_SYNC_FF bound to: 0 - type: integer 
	Parameter SIM_ASSERT_CHK bound to: 0 - type: integer 
	Parameter SRC_INPUT_REG bound to: 0 - type: integer 
INFO: [Synth 8-3491] module 'xpm_cdc_single' declared at '/opt/Vivado/2025.2/data/ip/xpm/xpm_cdc/hdl/xpm_cdc.sv:152' bound to instance 'ACT_LO_EXT' of component 'xpm_cdc_single' [/home/lovro/ARES/ARES_fpga/ARES_fpga/ARES_fpga.gen/sources_1/bd/Block_top/ipshared/9438/hdl/proc_sys_reset_v5_0_vh_rfs.vhd:968]
INFO: [Synth 8-6157] synthesizing module 'xpm_cdc_single' [/opt/Vivado/2025.2/data/ip/xpm/xpm_cdc/hdl/xpm_cdc.sv:152]
INFO: [Synth 8-6155] done synthesizing module 'xpm_cdc_single' (0#1) [/opt/Vivado/2025.2/data/ip/xpm/xpm_cdc/hdl/xpm_cdc.sv:152]
	Parameter DEST_SYNC_FF bound to: 4 - type: integer 
	Parameter INIT_SYNC_FF bound to: 0 - type: integer 
	Parameter SIM_ASSERT_CHK bound to: 0 - type: integer 
	Parameter SRC_INPUT_REG bound to: 0 - type: integer 
INFO: [Synth 8-3491] module 'xpm_cdc_single' declared at '/opt/Vivado/2025.2/data/ip/xpm/xpm_cdc/hdl/xpm_cdc.sv:152' bound to instance 'ACT_LO_AUX' of component 'xpm_cdc_single' [/home/lovro/ARES/ARES_fpga/ARES_fpga/ARES_fpga.gen/sources_1/bd/Block_top/ipshared/9438/hdl/proc_sys_reset_v5_0_vh_rfs.vhd:1015]
INFO: [Synth 8-256] done synthesizing module 'lpf' (0#1) [/home/lovro/ARES/ARES_fpga/ARES_fpga/ARES_fpga.gen/sources_1/bd/Block_top/ipshared/9438/hdl/proc_sys_reset_v5_0_vh_rfs.vhd:821]
INFO: [Synth 8-638] synthesizing module 'sequence_psr' [/home/lovro/ARES/ARES_fpga/ARES_fpga/ARES_fpga.gen/sources_1/bd/Block_top/ipshared/9438/hdl/proc_sys_reset_v5_0_vh_rfs.vhd:304]
INFO: [Synth 8-638] synthesizing module 'upcnt_n' [/home/lovro/ARES/ARES_fpga/ARES_fpga/ARES_fpga.gen/sources_1/bd/Block_top/ipshared/9438/hdl/proc_sys_reset_v5_0_vh_rfs.vhd:126]
INFO: [Synth 8-256] done synthesizing module 'upcnt_n' (0#1) [/home/lovro/ARES/ARES_fpga/ARES_fpga/ARES_fpga.gen/sources_1/bd/Block_top/ipshared/9438/hdl/proc_sys_reset_v5_0_vh_rfs.vhd:126]
INFO: [Synth 8-256] done synthesizing module 'sequence_psr' (0#1) [/home/lovro/ARES/ARES_fpga/ARES_fpga/ARES_fpga.gen/sources_1/bd/Block_top/ipshared/9438/hdl/proc_sys_reset_v5_0_vh_rfs.vhd:304]
INFO: [Synth 8-256] done synthesizing module 'proc_sys_reset' (0#1) [/home/lovro/ARES/ARES_fpga/ARES_fpga/ARES_fpga.gen/sources_1/bd/Block_top/ipshared/9438/hdl/proc_sys_reset_v5_0_vh_rfs.vhd:1302]
INFO: [Synth 8-256] done synthesizing module 'bd_b9bc_psr_aclk_0' (0#1) [/home/lovro/ARES/ARES_fpga/ARES_fpga/ARES_fpga.gen/sources_1/bd/Block_top/ip/Block_top_smartconnect_0_1/bd_0/ip/ip_1/synth/bd_b9bc_psr_aclk_0.vhd:74]
WARNING: [Synth 8-7071] port 'mb_reset' of module 'bd_b9bc_psr_aclk_0' is unconnected for instance 'psr_aclk' [/home/lovro/ARES/ARES_fpga/ARES_fpga/ARES_fpga.gen/sources_1/bd/Block_top/ip/Block_top_smartconnect_0_1/bd_0/synth/bd_b9bc.v:1967]
WARNING: [Synth 8-7071] port 'bus_struct_reset' of module 'bd_b9bc_psr_aclk_0' is unconnected for instance 'psr_aclk' [/home/lovro/ARES/ARES_fpga/ARES_fpga/ARES_fpga.gen/sources_1/bd/Block_top/ip/Block_top_smartconnect_0_1/bd_0/synth/bd_b9bc.v:1967]
WARNING: [Synth 8-7071] port 'peripheral_reset' of module 'bd_b9bc_psr_aclk_0' is unconnected for instance 'psr_aclk' [/home/lovro/ARES/ARES_fpga/ARES_fpga/ARES_fpga.gen/sources_1/bd/Block_top/ip/Block_top_smartconnect_0_1/bd_0/synth/bd_b9bc.v:1967]
WARNING: [Synth 8-7071] port 'peripheral_aresetn' of module 'bd_b9bc_psr_aclk_0' is unconnected for instance 'psr_aclk' [/home/lovro/ARES/ARES_fpga/ARES_fpga/ARES_fpga.gen/sources_1/bd/Block_top/ip/Block_top_smartconnect_0_1/bd_0/synth/bd_b9bc.v:1967]
WARNING: [Synth 8-7023] instance 'psr_aclk' of module 'bd_b9bc_psr_aclk_0' has 10 connections declared, but only 6 given [/home/lovro/ARES/ARES_fpga/ARES_fpga/ARES_fpga.gen/sources_1/bd/Block_top/ip/Block_top_smartconnect_0_1/bd_0/synth/bd_b9bc.v:1967]
INFO: [Synth 8-6155] done synthesizing module 'clk_map_imp_536M96' (0#1) [/home/lovro/ARES/ARES_fpga/ARES_fpga/ARES_fpga.gen/sources_1/bd/Block_top/ip/Block_top_smartconnect_0_1/bd_0/synth/bd_b9bc.v:1918]
INFO: [Synth 8-6157] synthesizing module 'm00_exit_pipeline_imp_1T740KX' [/home/lovro/ARES/ARES_fpga/ARES_fpga/ARES_fpga.gen/sources_1/bd/Block_top/ip/Block_top_smartconnect_0_1/bd_0/synth/bd_b9bc.v:2218]
INFO: [Synth 8-6157] synthesizing module 'bd_b9bc_m00e_0' [/home/lovro/ARES/ARES_fpga/ARES_fpga/ARES_fpga.gen/sources_1/bd/Block_top/ip/Block_top_smartconnect_0_1/bd_0/ip/ip_32/synth/bd_b9bc_m00e_0.sv:53]
INFO: [Synth 8-6157] synthesizing module 'xpm_cdc_async_rst' [/opt/Vivado/2025.2/data/ip/xpm/xpm_cdc/hdl/xpm_cdc.sv:1175]
INFO: [Synth 8-6155] done synthesizing module 'xpm_cdc_async_rst' (0#1) [/opt/Vivado/2025.2/data/ip/xpm/xpm_cdc/hdl/xpm_cdc.sv:1175]
INFO: [Synth 8-6155] done synthesizing module 'bd_b9bc_m00e_0' (0#1) [/home/lovro/ARES/ARES_fpga/ARES_fpga/ARES_fpga.gen/sources_1/bd/Block_top/ip/Block_top_smartconnect_0_1/bd_0/ip/ip_32/synth/bd_b9bc_m00e_0.sv:53]
INFO: [Synth 8-6155] done synthesizing module 'm00_exit_pipeline_imp_1T740KX' (0#1) [/home/lovro/ARES/ARES_fpga/ARES_fpga/ARES_fpga.gen/sources_1/bd/Block_top/ip/Block_top_smartconnect_0_1/bd_0/synth/bd_b9bc.v:2218]
INFO: [Synth 8-6157] synthesizing module 'm00_nodes_imp_1FTVR31' [/home/lovro/ARES/ARES_fpga/ARES_fpga/ARES_fpga.gen/sources_1/bd/Block_top/ip/Block_top_smartconnect_0_1/bd_0/synth/bd_b9bc.v:2460]
INFO: [Synth 8-6157] synthesizing module 'bd_b9bc_m00arn_0' [/home/lovro/ARES/ARES_fpga/ARES_fpga/ARES_fpga.gen/sources_1/bd/Block_top/ip/Block_top_smartconnect_0_1/bd_0/ip/ip_27/synth/bd_b9bc_m00arn_0.sv:53]
INFO: [Synth 8-6155] done synthesizing module 'bd_b9bc_m00arn_0' (0#1) [/home/lovro/ARES/ARES_fpga/ARES_fpga/ARES_fpga.gen/sources_1/bd/Block_top/ip/Block_top_smartconnect_0_1/bd_0/ip/ip_27/synth/bd_b9bc_m00arn_0.sv:53]
INFO: [Synth 8-6157] synthesizing module 'bd_b9bc_m00awn_0' [/home/lovro/ARES/ARES_fpga/ARES_fpga/ARES_fpga.gen/sources_1/bd/Block_top/ip/Block_top_smartconnect_0_1/bd_0/ip/ip_29/synth/bd_b9bc_m00awn_0.sv:53]
INFO: [Synth 8-6155] done synthesizing module 'bd_b9bc_m00awn_0' (0#1) [/home/lovro/ARES/ARES_fpga/ARES_fpga/ARES_fpga.gen/sources_1/bd/Block_top/ip/Block_top_smartconnect_0_1/bd_0/ip/ip_29/synth/bd_b9bc_m00awn_0.sv:53]
INFO: [Synth 8-6157] synthesizing module 'bd_b9bc_m00bn_0' [/home/lovro/ARES/ARES_fpga/ARES_fpga/ARES_fpga.gen/sources_1/bd/Block_top/ip/Block_top_smartconnect_0_1/bd_0/ip/ip_31/synth/bd_b9bc_m00bn_0.sv:53]
INFO: [Synth 8-6155] done synthesizing module 'bd_b9bc_m00bn_0' (0#1) [/home/lovro/ARES/ARES_fpga/ARES_fpga/ARES_fpga.gen/sources_1/bd/Block_top/ip/Block_top_smartconnect_0_1/bd_0/ip/ip_31/synth/bd_b9bc_m00bn_0.sv:53]
INFO: [Synth 8-6157] synthesizing module 'bd_b9bc_m00rn_0' [/home/lovro/ARES/ARES_fpga/ARES_fpga/ARES_fpga.gen/sources_1/bd/Block_top/ip/Block_top_smartconnect_0_1/bd_0/ip/ip_28/synth/bd_b9bc_m00rn_0.sv:53]
INFO: [Synth 8-6155] done synthesizing module 'bd_b9bc_m00rn_0' (0#1) [/home/lovro/ARES/ARES_fpga/ARES_fpga/ARES_fpga.gen/sources_1/bd/Block_top/ip/Block_top_smartconnect_0_1/bd_0/ip/ip_28/synth/bd_b9bc_m00rn_0.sv:53]
INFO: [Synth 8-6157] synthesizing module 'bd_b9bc_m00wn_0' [/home/lovro/ARES/ARES_fpga/ARES_fpga/ARES_fpga.gen/sources_1/bd/Block_top/ip/Block_top_smartconnect_0_1/bd_0/ip/ip_30/synth/bd_b9bc_m00wn_0.sv:53]
INFO: [Synth 8-6155] done synthesizing module 'bd_b9bc_m00wn_0' (0#1) [/home/lovro/ARES/ARES_fpga/ARES_fpga/ARES_fpga.gen/sources_1/bd/Block_top/ip/Block_top_smartconnect_0_1/bd_0/ip/ip_30/synth/bd_b9bc_m00wn_0.sv:53]
INFO: [Synth 8-6155] done synthesizing module 'm00_nodes_imp_1FTVR31' (0#1) [/home/lovro/ARES/ARES_fpga/ARES_fpga/ARES_fpga.gen/sources_1/bd/Block_top/ip/Block_top_smartconnect_0_1/bd_0/synth/bd_b9bc.v:2460]
INFO: [Synth 8-6157] synthesizing module 'bd_b9bc_m00s2a_0' [/home/lovro/ARES/ARES_fpga/ARES_fpga/ARES_fpga.gen/sources_1/bd/Block_top/ip/Block_top_smartconnect_0_1/bd_0/ip/ip_26/synth/bd_b9bc_m00s2a_0.sv:53]
INFO: [Synth 8-6155] done synthesizing module 'bd_b9bc_m00s2a_0' (0#1) [/home/lovro/ARES/ARES_fpga/ARES_fpga/ARES_fpga.gen/sources_1/bd/Block_top/ip/Block_top_smartconnect_0_1/bd_0/ip/ip_26/synth/bd_b9bc_m00s2a_0.sv:53]
INFO: [Synth 8-6157] synthesizing module 'm01_exit_pipeline_imp_1YFBK8H' [/home/lovro/ARES/ARES_fpga/ARES_fpga/ARES_fpga.gen/sources_1/bd/Block_top/ip/Block_top_smartconnect_0_1/bd_0/synth/bd_b9bc.v:2702]
INFO: [Synth 8-6157] synthesizing module 'bd_b9bc_m01e_0' [/home/lovro/ARES/ARES_fpga/ARES_fpga/ARES_fpga.gen/sources_1/bd/Block_top/ip/Block_top_smartconnect_0_1/bd_0/ip/ip_39/synth/bd_b9bc_m01e_0.sv:53]
INFO: [Synth 8-6155] done synthesizing module 'bd_b9bc_m01e_0' (0#1) [/home/lovro/ARES/ARES_fpga/ARES_fpga/ARES_fpga.gen/sources_1/bd/Block_top/ip/Block_top_smartconnect_0_1/bd_0/ip/ip_39/synth/bd_b9bc_m01e_0.sv:53]
INFO: [Synth 8-6155] done synthesizing module 'm01_exit_pipeline_imp_1YFBK8H' (0#1) [/home/lovro/ARES/ARES_fpga/ARES_fpga/ARES_fpga.gen/sources_1/bd/Block_top/ip/Block_top_smartconnect_0_1/bd_0/synth/bd_b9bc.v:2702]
INFO: [Synth 8-6157] synthesizing module 'm01_nodes_imp_B16M5N' [/home/lovro/ARES/ARES_fpga/ARES_fpga/ARES_fpga.gen/sources_1/bd/Block_top/ip/Block_top_smartconnect_0_1/bd_0/synth/bd_b9bc.v:2944]
INFO: [Synth 8-6157] synthesizing module 'bd_b9bc_m01arn_0' [/home/lovro/ARES/ARES_fpga/ARES_fpga/ARES_fpga.gen/sources_1/bd/Block_top/ip/Block_top_smartconnect_0_1/bd_0/ip/ip_34/synth/bd_b9bc_m01arn_0.sv:53]
INFO: [Synth 8-6155] done synthesizing module 'bd_b9bc_m01arn_0' (0#1) [/home/lovro/ARES/ARES_fpga/ARES_fpga/ARES_fpga.gen/sources_1/bd/Block_top/ip/Block_top_smartconnect_0_1/bd_0/ip/ip_34/synth/bd_b9bc_m01arn_0.sv:53]
INFO: [Synth 8-6157] synthesizing module 'bd_b9bc_m01awn_0' [/home/lovro/ARES/ARES_fpga/ARES_fpga/ARES_fpga.gen/sources_1/bd/Block_top/ip/Block_top_smartconnect_0_1/bd_0/ip/ip_36/synth/bd_b9bc_m01awn_0.sv:53]
INFO: [Synth 8-6155] done synthesizing module 'bd_b9bc_m01awn_0' (0#1) [/home/lovro/ARES/ARES_fpga/ARES_fpga/ARES_fpga.gen/sources_1/bd/Block_top/ip/Block_top_smartconnect_0_1/bd_0/ip/ip_36/synth/bd_b9bc_m01awn_0.sv:53]
INFO: [Synth 8-6157] synthesizing module 'bd_b9bc_m01bn_0' [/home/lovro/ARES/ARES_fpga/ARES_fpga/ARES_fpga.gen/sources_1/bd/Block_top/ip/Block_top_smartconnect_0_1/bd_0/ip/ip_38/synth/bd_b9bc_m01bn_0.sv:53]
INFO: [Synth 8-6155] done synthesizing module 'bd_b9bc_m01bn_0' (0#1) [/home/lovro/ARES/ARES_fpga/ARES_fpga/ARES_fpga.gen/sources_1/bd/Block_top/ip/Block_top_smartconnect_0_1/bd_0/ip/ip_38/synth/bd_b9bc_m01bn_0.sv:53]
INFO: [Synth 8-6157] synthesizing module 'bd_b9bc_m01rn_0' [/home/lovro/ARES/ARES_fpga/ARES_fpga/ARES_fpga.gen/sources_1/bd/Block_top/ip/Block_top_smartconnect_0_1/bd_0/ip/ip_35/synth/bd_b9bc_m01rn_0.sv:53]
INFO: [Synth 8-6155] done synthesizing module 'bd_b9bc_m01rn_0' (0#1) [/home/lovro/ARES/ARES_fpga/ARES_fpga/ARES_fpga.gen/sources_1/bd/Block_top/ip/Block_top_smartconnect_0_1/bd_0/ip/ip_35/synth/bd_b9bc_m01rn_0.sv:53]
INFO: [Synth 8-6157] synthesizing module 'bd_b9bc_m01wn_0' [/home/lovro/ARES/ARES_fpga/ARES_fpga/ARES_fpga.gen/sources_1/bd/Block_top/ip/Block_top_smartconnect_0_1/bd_0/ip/ip_37/synth/bd_b9bc_m01wn_0.sv:53]
INFO: [Synth 8-6155] done synthesizing module 'bd_b9bc_m01wn_0' (0#1) [/home/lovro/ARES/ARES_fpga/ARES_fpga/ARES_fpga.gen/sources_1/bd/Block_top/ip/Block_top_smartconnect_0_1/bd_0/ip/ip_37/synth/bd_b9bc_m01wn_0.sv:53]
INFO: [Synth 8-6155] done synthesizing module 'm01_nodes_imp_B16M5N' (0#1) [/home/lovro/ARES/ARES_fpga/ARES_fpga/ARES_fpga.gen/sources_1/bd/Block_top/ip/Block_top_smartconnect_0_1/bd_0/synth/bd_b9bc.v:2944]
INFO: [Synth 8-6157] synthesizing module 'bd_b9bc_m01s2a_0' [/home/lovro/ARES/ARES_fpga/ARES_fpga/ARES_fpga.gen/sources_1/bd/Block_top/ip/Block_top_smartconnect_0_1/bd_0/ip/ip_33/synth/bd_b9bc_m01s2a_0.sv:53]
INFO: [Synth 8-6155] done synthesizing module 'bd_b9bc_m01s2a_0' (0#1) [/home/lovro/ARES/ARES_fpga/ARES_fpga/ARES_fpga.gen/sources_1/bd/Block_top/ip/Block_top_smartconnect_0_1/bd_0/ip/ip_33/synth/bd_b9bc_m01s2a_0.sv:53]
INFO: [Synth 8-6157] synthesizing module 'm02_exit_pipeline_imp_1IKE2CX' [/home/lovro/ARES/ARES_fpga/ARES_fpga/ARES_fpga.gen/sources_1/bd/Block_top/ip/Block_top_smartconnect_0_1/bd_0/synth/bd_b9bc.v:3186]
INFO: [Synth 8-6157] synthesizing module 'bd_b9bc_m02e_0' [/home/lovro/ARES/ARES_fpga/ARES_fpga/ARES_fpga.gen/sources_1/bd/Block_top/ip/Block_top_smartconnect_0_1/bd_0/ip/ip_46/synth/bd_b9bc_m02e_0.sv:53]
INFO: [Synth 8-6155] done synthesizing module 'bd_b9bc_m02e_0' (0#1) [/home/lovro/ARES/ARES_fpga/ARES_fpga/ARES_fpga.gen/sources_1/bd/Block_top/ip/Block_top_smartconnect_0_1/bd_0/ip/ip_46/synth/bd_b9bc_m02e_0.sv:53]
INFO: [Synth 8-6155] done synthesizing module 'm02_exit_pipeline_imp_1IKE2CX' (0#1) [/home/lovro/ARES/ARES_fpga/ARES_fpga/ARES_fpga.gen/sources_1/bd/Block_top/ip/Block_top_smartconnect_0_1/bd_0/synth/bd_b9bc.v:3186]
INFO: [Synth 8-6157] synthesizing module 'm02_nodes_imp_PFAZXS' [/home/lovro/ARES/ARES_fpga/ARES_fpga/ARES_fpga.gen/sources_1/bd/Block_top/ip/Block_top_smartconnect_0_1/bd_0/synth/bd_b9bc.v:3484]
INFO: [Synth 8-6157] synthesizing module 'bd_b9bc_m02arn_0' [/home/lovro/ARES/ARES_fpga/ARES_fpga/ARES_fpga.gen/sources_1/bd/Block_top/ip/Block_top_smartconnect_0_1/bd_0/ip/ip_41/synth/bd_b9bc_m02arn_0.sv:53]
INFO: [Synth 8-6155] done synthesizing module 'bd_b9bc_m02arn_0' (0#1) [/home/lovro/ARES/ARES_fpga/ARES_fpga/ARES_fpga.gen/sources_1/bd/Block_top/ip/Block_top_smartconnect_0_1/bd_0/ip/ip_41/synth/bd_b9bc_m02arn_0.sv:53]
INFO: [Synth 8-6157] synthesizing module 'bd_b9bc_m02awn_0' [/home/lovro/ARES/ARES_fpga/ARES_fpga/ARES_fpga.gen/sources_1/bd/Block_top/ip/Block_top_smartconnect_0_1/bd_0/ip/ip_43/synth/bd_b9bc_m02awn_0.sv:53]
INFO: [Synth 8-6155] done synthesizing module 'bd_b9bc_m02awn_0' (0#1) [/home/lovro/ARES/ARES_fpga/ARES_fpga/ARES_fpga.gen/sources_1/bd/Block_top/ip/Block_top_smartconnect_0_1/bd_0/ip/ip_43/synth/bd_b9bc_m02awn_0.sv:53]
INFO: [Synth 8-6157] synthesizing module 'bd_b9bc_m02bn_0' [/home/lovro/ARES/ARES_fpga/ARES_fpga/ARES_fpga.gen/sources_1/bd/Block_top/ip/Block_top_smartconnect_0_1/bd_0/ip/ip_45/synth/bd_b9bc_m02bn_0.sv:53]
INFO: [Synth 8-6155] done synthesizing module 'bd_b9bc_m02bn_0' (0#1) [/home/lovro/ARES/ARES_fpga/ARES_fpga/ARES_fpga.gen/sources_1/bd/Block_top/ip/Block_top_smartconnect_0_1/bd_0/ip/ip_45/synth/bd_b9bc_m02bn_0.sv:53]
INFO: [Synth 8-6157] synthesizing module 'bd_b9bc_m02rn_0' [/home/lovro/ARES/ARES_fpga/ARES_fpga/ARES_fpga.gen/sources_1/bd/Block_top/ip/Block_top_smartconnect_0_1/bd_0/ip/ip_42/synth/bd_b9bc_m02rn_0.sv:53]
INFO: [Synth 8-6155] done synthesizing module 'bd_b9bc_m02rn_0' (0#1) [/home/lovro/ARES/ARES_fpga/ARES_fpga/ARES_fpga.gen/sources_1/bd/Block_top/ip/Block_top_smartconnect_0_1/bd_0/ip/ip_42/synth/bd_b9bc_m02rn_0.sv:53]
INFO: [Synth 8-6157] synthesizing module 'bd_b9bc_m02wn_0' [/home/lovro/ARES/ARES_fpga/ARES_fpga/ARES_fpga.gen/sources_1/bd/Block_top/ip/Block_top_smartconnect_0_1/bd_0/ip/ip_44/synth/bd_b9bc_m02wn_0.sv:53]
INFO: [Synth 8-6155] done synthesizing module 'bd_b9bc_m02wn_0' (0#1) [/home/lovro/ARES/ARES_fpga/ARES_fpga/ARES_fpga.gen/sources_1/bd/Block_top/ip/Block_top_smartconnect_0_1/bd_0/ip/ip_44/synth/bd_b9bc_m02wn_0.sv:53]
INFO: [Synth 8-6155] done synthesizing module 'm02_nodes_imp_PFAZXS' (0#1) [/home/lovro/ARES/ARES_fpga/ARES_fpga/ARES_fpga.gen/sources_1/bd/Block_top/ip/Block_top_smartconnect_0_1/bd_0/synth/bd_b9bc.v:3484]
INFO: [Synth 8-6157] synthesizing module 'bd_b9bc_m02s2a_0' [/home/lovro/ARES/ARES_fpga/ARES_fpga/ARES_fpga.gen/sources_1/bd/Block_top/ip/Block_top_smartconnect_0_1/bd_0/ip/ip_40/synth/bd_b9bc_m02s2a_0.sv:53]
INFO: [Synth 8-6155] done synthesizing module 'bd_b9bc_m02s2a_0' (0#1) [/home/lovro/ARES/ARES_fpga/ARES_fpga/ARES_fpga.gen/sources_1/bd/Block_top/ip/Block_top_smartconnect_0_1/bd_0/ip/ip_40/synth/bd_b9bc_m02s2a_0.sv:53]
INFO: [Synth 8-6157] synthesizing module 'm03_exit_pipeline_imp_1MONXYP' [/home/lovro/ARES/ARES_fpga/ARES_fpga/ARES_fpga.gen/sources_1/bd/Block_top/ip/Block_top_smartconnect_0_1/bd_0/synth/bd_b9bc.v:3726]
INFO: [Synth 8-6157] synthesizing module 'bd_b9bc_m03e_0' [/home/lovro/ARES/ARES_fpga/ARES_fpga/ARES_fpga.gen/sources_1/bd/Block_top/ip/Block_top_smartconnect_0_1/bd_0/ip/ip_53/synth/bd_b9bc_m03e_0.sv:53]
INFO: [Synth 8-6155] done synthesizing module 'bd_b9bc_m03e_0' (0#1) [/home/lovro/ARES/ARES_fpga/ARES_fpga/ARES_fpga.gen/sources_1/bd/Block_top/ip/Block_top_smartconnect_0_1/bd_0/ip/ip_53/synth/bd_b9bc_m03e_0.sv:53]
INFO: [Synth 8-6155] done synthesizing module 'm03_exit_pipeline_imp_1MONXYP' (0#1) [/home/lovro/ARES/ARES_fpga/ARES_fpga/ARES_fpga.gen/sources_1/bd/Block_top/ip/Block_top_smartconnect_0_1/bd_0/synth/bd_b9bc.v:3726]
INFO: [Synth 8-6157] synthesizing module 'm03_nodes_imp_1J4JITI' [/home/lovro/ARES/ARES_fpga/ARES_fpga/ARES_fpga.gen/sources_1/bd/Block_top/ip/Block_top_smartconnect_0_1/bd_0/synth/bd_b9bc.v:4024]
INFO: [Synth 8-6157] synthesizing module 'bd_b9bc_m03arn_0' [/home/lovro/ARES/ARES_fpga/ARES_fpga/ARES_fpga.gen/sources_1/bd/Block_top/ip/Block_top_smartconnect_0_1/bd_0/ip/ip_48/synth/bd_b9bc_m03arn_0.sv:53]
INFO: [Synth 8-6155] done synthesizing module 'bd_b9bc_m03arn_0' (0#1) [/home/lovro/ARES/ARES_fpga/ARES_fpga/ARES_fpga.gen/sources_1/bd/Block_top/ip/Block_top_smartconnect_0_1/bd_0/ip/ip_48/synth/bd_b9bc_m03arn_0.sv:53]
INFO: [Synth 8-6157] synthesizing module 'bd_b9bc_m03awn_0' [/home/lovro/ARES/ARES_fpga/ARES_fpga/ARES_fpga.gen/sources_1/bd/Block_top/ip/Block_top_smartconnect_0_1/bd_0/ip/ip_50/synth/bd_b9bc_m03awn_0.sv:53]
INFO: [Synth 8-6155] done synthesizing module 'bd_b9bc_m03awn_0' (0#1) [/home/lovro/ARES/ARES_fpga/ARES_fpga/ARES_fpga.gen/sources_1/bd/Block_top/ip/Block_top_smartconnect_0_1/bd_0/ip/ip_50/synth/bd_b9bc_m03awn_0.sv:53]
INFO: [Synth 8-6157] synthesizing module 'bd_b9bc_m03bn_0' [/home/lovro/ARES/ARES_fpga/ARES_fpga/ARES_fpga.gen/sources_1/bd/Block_top/ip/Block_top_smartconnect_0_1/bd_0/ip/ip_52/synth/bd_b9bc_m03bn_0.sv:53]
INFO: [Synth 8-6155] done synthesizing module 'bd_b9bc_m03bn_0' (0#1) [/home/lovro/ARES/ARES_fpga/ARES_fpga/ARES_fpga.gen/sources_1/bd/Block_top/ip/Block_top_smartconnect_0_1/bd_0/ip/ip_52/synth/bd_b9bc_m03bn_0.sv:53]
INFO: [Synth 8-6157] synthesizing module 'bd_b9bc_m03rn_0' [/home/lovro/ARES/ARES_fpga/ARES_fpga/ARES_fpga.gen/sources_1/bd/Block_top/ip/Block_top_smartconnect_0_1/bd_0/ip/ip_49/synth/bd_b9bc_m03rn_0.sv:53]
INFO: [Synth 8-6155] done synthesizing module 'bd_b9bc_m03rn_0' (0#1) [/home/lovro/ARES/ARES_fpga/ARES_fpga/ARES_fpga.gen/sources_1/bd/Block_top/ip/Block_top_smartconnect_0_1/bd_0/ip/ip_49/synth/bd_b9bc_m03rn_0.sv:53]
INFO: [Synth 8-6157] synthesizing module 'bd_b9bc_m03wn_0' [/home/lovro/ARES/ARES_fpga/ARES_fpga/ARES_fpga.gen/sources_1/bd/Block_top/ip/Block_top_smartconnect_0_1/bd_0/ip/ip_51/synth/bd_b9bc_m03wn_0.sv:53]
INFO: [Synth 8-6155] done synthesizing module 'bd_b9bc_m03wn_0' (0#1) [/home/lovro/ARES/ARES_fpga/ARES_fpga/ARES_fpga.gen/sources_1/bd/Block_top/ip/Block_top_smartconnect_0_1/bd_0/ip/ip_51/synth/bd_b9bc_m03wn_0.sv:53]
INFO: [Synth 8-6155] done synthesizing module 'm03_nodes_imp_1J4JITI' (0#1) [/home/lovro/ARES/ARES_fpga/ARES_fpga/ARES_fpga.gen/sources_1/bd/Block_top/ip/Block_top_smartconnect_0_1/bd_0/synth/bd_b9bc.v:4024]
INFO: [Synth 8-6157] synthesizing module 'bd_b9bc_m03s2a_0' [/home/lovro/ARES/ARES_fpga/ARES_fpga/ARES_fpga.gen/sources_1/bd/Block_top/ip/Block_top_smartconnect_0_1/bd_0/ip/ip_47/synth/bd_b9bc_m03s2a_0.sv:53]
INFO: [Synth 8-6155] done synthesizing module 'bd_b9bc_m03s2a_0' (0#1) [/home/lovro/ARES/ARES_fpga/ARES_fpga/ARES_fpga.gen/sources_1/bd/Block_top/ip/Block_top_smartconnect_0_1/bd_0/ip/ip_47/synth/bd_b9bc_m03s2a_0.sv:53]
INFO: [Synth 8-6157] synthesizing module 'bd_b9bc_s00a2s_0' [/home/lovro/ARES/ARES_fpga/ARES_fpga/ARES_fpga.gen/sources_1/bd/Block_top/ip/Block_top_smartconnect_0_1/bd_0/ip/ip_20/synth/bd_b9bc_s00a2s_0.sv:53]
INFO: [Synth 8-6155] done synthesizing module 'bd_b9bc_s00a2s_0' (0#1) [/home/lovro/ARES/ARES_fpga/ARES_fpga/ARES_fpga.gen/sources_1/bd/Block_top/ip/Block_top_smartconnect_0_1/bd_0/ip/ip_20/synth/bd_b9bc_s00a2s_0.sv:53]
INFO: [Synth 8-6157] synthesizing module 's00_entry_pipeline_imp_TCXKOI' [/home/lovro/ARES/ARES_fpga/ARES_fpga/ARES_fpga.gen/sources_1/bd/Block_top/ip/Block_top_smartconnect_0_1/bd_0/synth/bd_b9bc.v:4266]
INFO: [Synth 8-6157] synthesizing module 'bd_b9bc_s00mmu_0' [/home/lovro/ARES/ARES_fpga/ARES_fpga/ARES_fpga.gen/sources_1/bd/Block_top/ip/Block_top_smartconnect_0_1/bd_0/ip/ip_17/synth/bd_b9bc_s00mmu_0.sv:53]
INFO: [Synth 8-6155] done synthesizing module 'bd_b9bc_s00mmu_0' (0#1) [/home/lovro/ARES/ARES_fpga/ARES_fpga/ARES_fpga.gen/sources_1/bd/Block_top/ip/Block_top_smartconnect_0_1/bd_0/ip/ip_17/synth/bd_b9bc_s00mmu_0.sv:53]
INFO: [Synth 8-6157] synthesizing module 'bd_b9bc_s00sic_0' [/home/lovro/ARES/ARES_fpga/ARES_fpga/ARES_fpga.gen/sources_1/bd/Block_top/ip/Block_top_smartconnect_0_1/bd_0/ip/ip_19/synth/bd_b9bc_s00sic_0.sv:53]
INFO: [Synth 8-6155] done synthesizing module 'bd_b9bc_s00sic_0' (0#1) [/home/lovro/ARES/ARES_fpga/ARES_fpga/ARES_fpga.gen/sources_1/bd/Block_top/ip/Block_top_smartconnect_0_1/bd_0/ip/ip_19/synth/bd_b9bc_s00sic_0.sv:53]
INFO: [Synth 8-6157] synthesizing module 'bd_b9bc_s00tr_0' [/home/lovro/ARES/ARES_fpga/ARES_fpga/ARES_fpga.gen/sources_1/bd/Block_top/ip/Block_top_smartconnect_0_1/bd_0/ip/ip_18/synth/bd_b9bc_s00tr_0.sv:53]
INFO: [Synth 8-6155] done synthesizing module 'bd_b9bc_s00tr_0' (0#1) [/home/lovro/ARES/ARES_fpga/ARES_fpga/ARES_fpga.gen/sources_1/bd/Block_top/ip/Block_top_smartconnect_0_1/bd_0/ip/ip_18/synth/bd_b9bc_s00tr_0.sv:53]
WARNING: [Synth 8-7071] port 'm_axi_awburst' of module 'bd_b9bc_s00tr_0' is unconnected for instance 's00_transaction_regulator' [/home/lovro/ARES/ARES_fpga/ARES_fpga/ARES_fpga.gen/sources_1/bd/Block_top/ip/Block_top_smartconnect_0_1/bd_0/synth/bd_b9bc.v:4665]
WARNING: [Synth 8-7071] port 'm_axi_arburst' of module 'bd_b9bc_s00tr_0' is unconnected for instance 's00_transaction_regulator' [/home/lovro/ARES/ARES_fpga/ARES_fpga/ARES_fpga.gen/sources_1/bd/Block_top/ip/Block_top_smartconnect_0_1/bd_0/synth/bd_b9bc.v:4665]
WARNING: [Synth 8-7023] instance 's00_transaction_regulator' of module 'bd_b9bc_s00tr_0' has 82 connections declared, but only 80 given [/home/lovro/ARES/ARES_fpga/ARES_fpga/ARES_fpga.gen/sources_1/bd/Block_top/ip/Block_top_smartconnect_0_1/bd_0/synth/bd_b9bc.v:4665]
INFO: [Synth 8-6155] done synthesizing module 's00_entry_pipeline_imp_TCXKOI' (0#1) [/home/lovro/ARES/ARES_fpga/ARES_fpga/ARES_fpga.gen/sources_1/bd/Block_top/ip/Block_top_smartconnect_0_1/bd_0/synth/bd_b9bc.v:4266]
INFO: [Synth 8-6157] synthesizing module 's00_nodes_imp_YIPK2W' [/home/lovro/ARES/ARES_fpga/ARES_fpga/ARES_fpga.gen/sources_1/bd/Block_top/ip/Block_top_smartconnect_0_1/bd_0/synth/bd_b9bc.v:4748]
INFO: [Synth 8-6157] synthesizing module 'bd_b9bc_sarn_0' [/home/lovro/ARES/ARES_fpga/ARES_fpga/ARES_fpga.gen/sources_1/bd/Block_top/ip/Block_top_smartconnect_0_1/bd_0/ip/ip_21/synth/bd_b9bc_sarn_0.sv:53]
INFO: [Synth 8-6155] done synthesizing module 'bd_b9bc_sarn_0' (0#1) [/home/lovro/ARES/ARES_fpga/ARES_fpga/ARES_fpga.gen/sources_1/bd/Block_top/ip/Block_top_smartconnect_0_1/bd_0/ip/ip_21/synth/bd_b9bc_sarn_0.sv:53]
INFO: [Synth 8-6157] synthesizing module 'bd_b9bc_sawn_0' [/home/lovro/ARES/ARES_fpga/ARES_fpga/ARES_fpga.gen/sources_1/bd/Block_top/ip/Block_top_smartconnect_0_1/bd_0/ip/ip_23/synth/bd_b9bc_sawn_0.sv:53]
INFO: [Synth 8-6155] done synthesizing module 'bd_b9bc_sawn_0' (0#1) [/home/lovro/ARES/ARES_fpga/ARES_fpga/ARES_fpga.gen/sources_1/bd/Block_top/ip/Block_top_smartconnect_0_1/bd_0/ip/ip_23/synth/bd_b9bc_sawn_0.sv:53]
INFO: [Synth 8-6157] synthesizing module 'bd_b9bc_sbn_0' [/home/lovro/ARES/ARES_fpga/ARES_fpga/ARES_fpga.gen/sources_1/bd/Block_top/ip/Block_top_smartconnect_0_1/bd_0/ip/ip_25/synth/bd_b9bc_sbn_0.sv:53]
INFO: [Synth 8-6155] done synthesizing module 'bd_b9bc_sbn_0' (0#1) [/home/lovro/ARES/ARES_fpga/ARES_fpga/ARES_fpga.gen/sources_1/bd/Block_top/ip/Block_top_smartconnect_0_1/bd_0/ip/ip_25/synth/bd_b9bc_sbn_0.sv:53]
INFO: [Synth 8-6157] synthesizing module 'bd_b9bc_srn_0' [/home/lovro/ARES/ARES_fpga/ARES_fpga/ARES_fpga.gen/sources_1/bd/Block_top/ip/Block_top_smartconnect_0_1/bd_0/ip/ip_22/synth/bd_b9bc_srn_0.sv:53]
INFO: [Synth 8-6155] done synthesizing module 'bd_b9bc_srn_0' (0#1) [/home/lovro/ARES/ARES_fpga/ARES_fpga/ARES_fpga.gen/sources_1/bd/Block_top/ip/Block_top_smartconnect_0_1/bd_0/ip/ip_22/synth/bd_b9bc_srn_0.sv:53]
INFO: [Synth 8-6157] synthesizing module 'bd_b9bc_swn_0' [/home/lovro/ARES/ARES_fpga/ARES_fpga/ARES_fpga.gen/sources_1/bd/Block_top/ip/Block_top_smartconnect_0_1/bd_0/ip/ip_24/synth/bd_b9bc_swn_0.sv:53]
INFO: [Synth 8-6155] done synthesizing module 'bd_b9bc_swn_0' (0#1) [/home/lovro/ARES/ARES_fpga/ARES_fpga/ARES_fpga.gen/sources_1/bd/Block_top/ip/Block_top_smartconnect_0_1/bd_0/ip/ip_24/synth/bd_b9bc_swn_0.sv:53]
INFO: [Synth 8-6155] done synthesizing module 's00_nodes_imp_YIPK2W' (0#1) [/home/lovro/ARES/ARES_fpga/ARES_fpga/ARES_fpga.gen/sources_1/bd/Block_top/ip/Block_top_smartconnect_0_1/bd_0/synth/bd_b9bc.v:4748]
INFO: [Synth 8-6157] synthesizing module 'switchboards_imp_6JXOU4' [/home/lovro/ARES/ARES_fpga/ARES_fpga/ARES_fpga.gen/sources_1/bd/Block_top/ip/Block_top_smartconnect_0_1/bd_0/synth/bd_b9bc.v:4990]
INFO: [Synth 8-6157] synthesizing module 'bd_b9bc_arinsw_0' [/home/lovro/ARES/ARES_fpga/ARES_fpga/ARES_fpga.gen/sources_1/bd/Block_top/ip/Block_top_smartconnect_0_1/bd_0/ip/ip_2/synth/bd_b9bc_arinsw_0.sv:53]
INFO: [Synth 8-6155] done synthesizing module 'bd_b9bc_arinsw_0' (0#1) [/home/lovro/ARES/ARES_fpga/ARES_fpga/ARES_fpga.gen/sources_1/bd/Block_top/ip/Block_top_smartconnect_0_1/bd_0/ip/ip_2/synth/bd_b9bc_arinsw_0.sv:53]
INFO: [Synth 8-6157] synthesizing module 'bd_b9bc_aroutsw_0' [/home/lovro/ARES/ARES_fpga/ARES_fpga/ARES_fpga.gen/sources_1/bd/Block_top/ip/Block_top_smartconnect_0_1/bd_0/ip/ip_7/synth/bd_b9bc_aroutsw_0.sv:53]
INFO: [Synth 8-6155] done synthesizing module 'bd_b9bc_aroutsw_0' (0#1) [/home/lovro/ARES/ARES_fpga/ARES_fpga/ARES_fpga.gen/sources_1/bd/Block_top/ip/Block_top_smartconnect_0_1/bd_0/ip/ip_7/synth/bd_b9bc_aroutsw_0.sv:53]
INFO: [Synth 8-6157] synthesizing module 'bd_b9bc_awinsw_0' [/home/lovro/ARES/ARES_fpga/ARES_fpga/ARES_fpga.gen/sources_1/bd/Block_top/ip/Block_top_smartconnect_0_1/bd_0/ip/ip_4/synth/bd_b9bc_awinsw_0.sv:53]
INFO: [Synth 8-6155] done synthesizing module 'bd_b9bc_awinsw_0' (0#1) [/home/lovro/ARES/ARES_fpga/ARES_fpga/ARES_fpga.gen/sources_1/bd/Block_top/ip/Block_top_smartconnect_0_1/bd_0/ip/ip_4/synth/bd_b9bc_awinsw_0.sv:53]
INFO: [Synth 8-6157] synthesizing module 'bd_b9bc_awoutsw_0' [/home/lovro/ARES/ARES_fpga/ARES_fpga/ARES_fpga.gen/sources_1/bd/Block_top/ip/Block_top_smartconnect_0_1/bd_0/ip/ip_9/synth/bd_b9bc_awoutsw_0.sv:53]
INFO: [Synth 8-6155] done synthesizing module 'bd_b9bc_awoutsw_0' (0#1) [/home/lovro/ARES/ARES_fpga/ARES_fpga/ARES_fpga.gen/sources_1/bd/Block_top/ip/Block_top_smartconnect_0_1/bd_0/ip/ip_9/synth/bd_b9bc_awoutsw_0.sv:53]
INFO: [Synth 8-6157] synthesizing module 'bd_b9bc_binsw_0' [/home/lovro/ARES/ARES_fpga/ARES_fpga/ARES_fpga.gen/sources_1/bd/Block_top/ip/Block_top_smartconnect_0_1/bd_0/ip/ip_6/synth/bd_b9bc_binsw_0.sv:53]
INFO: [Synth 8-6155] done synthesizing module 'bd_b9bc_binsw_0' (0#1) [/home/lovro/ARES/ARES_fpga/ARES_fpga/ARES_fpga.gen/sources_1/bd/Block_top/ip/Block_top_smartconnect_0_1/bd_0/ip/ip_6/synth/bd_b9bc_binsw_0.sv:53]
INFO: [Synth 8-6157] synthesizing module 'bd_b9bc_boutsw_0' [/home/lovro/ARES/ARES_fpga/ARES_fpga/ARES_fpga.gen/sources_1/bd/Block_top/ip/Block_top_smartconnect_0_1/bd_0/ip/ip_11/synth/bd_b9bc_boutsw_0.sv:53]
INFO: [Synth 8-6155] done synthesizing module 'bd_b9bc_boutsw_0' (0#1) [/home/lovro/ARES/ARES_fpga/ARES_fpga/ARES_fpga.gen/sources_1/bd/Block_top/ip/Block_top_smartconnect_0_1/bd_0/ip/ip_11/synth/bd_b9bc_boutsw_0.sv:53]
INFO: [Synth 8-6157] synthesizing module 'i_nodes_imp_1MQTC5G' [/home/lovro/ARES/ARES_fpga/ARES_fpga/ARES_fpga.gen/sources_1/bd/Block_top/ip/Block_top_smartconnect_0_1/bd_0/synth/bd_b9bc.v:1976]
INFO: [Synth 8-6157] synthesizing module 'bd_b9bc_arni_0' [/home/lovro/ARES/ARES_fpga/ARES_fpga/ARES_fpga.gen/sources_1/bd/Block_top/ip/Block_top_smartconnect_0_1/bd_0/ip/ip_12/synth/bd_b9bc_arni_0.sv:53]
INFO: [Synth 8-6155] done synthesizing module 'bd_b9bc_arni_0' (0#1) [/home/lovro/ARES/ARES_fpga/ARES_fpga/ARES_fpga.gen/sources_1/bd/Block_top/ip/Block_top_smartconnect_0_1/bd_0/ip/ip_12/synth/bd_b9bc_arni_0.sv:53]
INFO: [Synth 8-6157] synthesizing module 'bd_b9bc_awni_0' [/home/lovro/ARES/ARES_fpga/ARES_fpga/ARES_fpga.gen/sources_1/bd/Block_top/ip/Block_top_smartconnect_0_1/bd_0/ip/ip_14/synth/bd_b9bc_awni_0.sv:53]
INFO: [Synth 8-6155] done synthesizing module 'bd_b9bc_awni_0' (0#1) [/home/lovro/ARES/ARES_fpga/ARES_fpga/ARES_fpga.gen/sources_1/bd/Block_top/ip/Block_top_smartconnect_0_1/bd_0/ip/ip_14/synth/bd_b9bc_awni_0.sv:53]
INFO: [Synth 8-6157] synthesizing module 'bd_b9bc_bni_0' [/home/lovro/ARES/ARES_fpga/ARES_fpga/ARES_fpga.gen/sources_1/bd/Block_top/ip/Block_top_smartconnect_0_1/bd_0/ip/ip_16/synth/bd_b9bc_bni_0.sv:53]
INFO: [Synth 8-6155] done synthesizing module 'bd_b9bc_bni_0' (0#1) [/home/lovro/ARES/ARES_fpga/ARES_fpga/ARES_fpga.gen/sources_1/bd/Block_top/ip/Block_top_smartconnect_0_1/bd_0/ip/ip_16/synth/bd_b9bc_bni_0.sv:53]
INFO: [Synth 8-6157] synthesizing module 'bd_b9bc_rni_0' [/home/lovro/ARES/ARES_fpga/ARES_fpga/ARES_fpga.gen/sources_1/bd/Block_top/ip/Block_top_smartconnect_0_1/bd_0/ip/ip_13/synth/bd_b9bc_rni_0.sv:53]
INFO: [Synth 8-6155] done synthesizing module 'bd_b9bc_rni_0' (0#1) [/home/lovro/ARES/ARES_fpga/ARES_fpga/ARES_fpga.gen/sources_1/bd/Block_top/ip/Block_top_smartconnect_0_1/bd_0/ip/ip_13/synth/bd_b9bc_rni_0.sv:53]
INFO: [Synth 8-6157] synthesizing module 'bd_b9bc_wni_0' [/home/lovro/ARES/ARES_fpga/ARES_fpga/ARES_fpga.gen/sources_1/bd/Block_top/ip/Block_top_smartconnect_0_1/bd_0/ip/ip_15/synth/bd_b9bc_wni_0.sv:53]
INFO: [Synth 8-6155] done synthesizing module 'bd_b9bc_wni_0' (0#1) [/home/lovro/ARES/ARES_fpga/ARES_fpga/ARES_fpga.gen/sources_1/bd/Block_top/ip/Block_top_smartconnect_0_1/bd_0/ip/ip_15/synth/bd_b9bc_wni_0.sv:53]
INFO: [Synth 8-6155] done synthesizing module 'i_nodes_imp_1MQTC5G' (0#1) [/home/lovro/ARES/ARES_fpga/ARES_fpga/ARES_fpga.gen/sources_1/bd/Block_top/ip/Block_top_smartconnect_0_1/bd_0/synth/bd_b9bc.v:1976]
INFO: [Synth 8-6157] synthesizing module 'bd_b9bc_rinsw_0' [/home/lovro/ARES/ARES_fpga/ARES_fpga/ARES_fpga.gen/sources_1/bd/Block_top/ip/Block_top_smartconnect_0_1/bd_0/ip/ip_3/synth/bd_b9bc_rinsw_0.sv:53]
INFO: [Synth 8-6155] done synthesizing module 'bd_b9bc_rinsw_0' (0#1) [/home/lovro/ARES/ARES_fpga/ARES_fpga/ARES_fpga.gen/sources_1/bd/Block_top/ip/Block_top_smartconnect_0_1/bd_0/ip/ip_3/synth/bd_b9bc_rinsw_0.sv:53]
INFO: [Synth 8-6157] synthesizing module 'bd_b9bc_routsw_0' [/home/lovro/ARES/ARES_fpga/ARES_fpga/ARES_fpga.gen/sources_1/bd/Block_top/ip/Block_top_smartconnect_0_1/bd_0/ip/ip_8/synth/bd_b9bc_routsw_0.sv:53]
INFO: [Synth 8-6155] done synthesizing module 'bd_b9bc_routsw_0' (0#1) [/home/lovro/ARES/ARES_fpga/ARES_fpga/ARES_fpga.gen/sources_1/bd/Block_top/ip/Block_top_smartconnect_0_1/bd_0/ip/ip_8/synth/bd_b9bc_routsw_0.sv:53]
INFO: [Synth 8-6157] synthesizing module 'bd_b9bc_winsw_0' [/home/lovro/ARES/ARES_fpga/ARES_fpga/ARES_fpga.gen/sources_1/bd/Block_top/ip/Block_top_smartconnect_0_1/bd_0/ip/ip_5/synth/bd_b9bc_winsw_0.sv:53]
INFO: [Synth 8-6155] done synthesizing module 'bd_b9bc_winsw_0' (0#1) [/home/lovro/ARES/ARES_fpga/ARES_fpga/ARES_fpga.gen/sources_1/bd/Block_top/ip/Block_top_smartconnect_0_1/bd_0/ip/ip_5/synth/bd_b9bc_winsw_0.sv:53]
INFO: [Synth 8-6157] synthesizing module 'bd_b9bc_woutsw_0' [/home/lovro/ARES/ARES_fpga/ARES_fpga/ARES_fpga.gen/sources_1/bd/Block_top/ip/Block_top_smartconnect_0_1/bd_0/ip/ip_10/synth/bd_b9bc_woutsw_0.sv:53]
INFO: [Synth 8-6155] done synthesizing module 'bd_b9bc_woutsw_0' (0#1) [/home/lovro/ARES/ARES_fpga/ARES_fpga/ARES_fpga.gen/sources_1/bd/Block_top/ip/Block_top_smartconnect_0_1/bd_0/ip/ip_10/synth/bd_b9bc_woutsw_0.sv:53]
INFO: [Synth 8-6155] done synthesizing module 'switchboards_imp_6JXOU4' (0#1) [/home/lovro/ARES/ARES_fpga/ARES_fpga/ARES_fpga.gen/sources_1/bd/Block_top/ip/Block_top_smartconnect_0_1/bd_0/synth/bd_b9bc.v:4990]
INFO: [Synth 8-6155] done synthesizing module 'bd_b9bc' (0#1) [/home/lovro/ARES/ARES_fpga/ARES_fpga/ARES_fpga.gen/sources_1/bd/Block_top/ip/Block_top_smartconnect_0_1/bd_0/synth/bd_b9bc.v:10]
INFO: [Synth 8-6155] done synthesizing module 'Block_top_smartconnect_0_1' (0#1) [/home/lovro/ARES/ARES_fpga/ARES_fpga/ARES_fpga.gen/sources_1/bd/Block_top/ip/Block_top_smartconnect_0_1/synth/Block_top_smartconnect_0_1.v:53]
WARNING: [Synth 8-3848] Net aresetn_out in module/entity clk_map_imp_536M96 does not have driver. [/home/lovro/ARES/ARES_fpga/ARES_fpga/ARES_fpga.gen/sources_1/bd/Block_top/ip/Block_top_smartconnect_0_1/bd_0/synth/bd_b9bc.v:1946]
INFO: [Synth 8-7129] Port aclk in module sc_util_v1_0_4_pipeline__parameterized4 is either unconnected or has no load
INFO: [Synth 8-7129] Port aclken in module sc_util_v1_0_4_pipeline__parameterized4 is either unconnected or has no load
INFO: [Synth 8-7129] Port areset in module sc_util_v1_0_4_pipeline__parameterized4 is either unconnected or has no load
INFO: [Synth 8-7129] Port aclk in module sc_util_v1_0_4_pipeline__parameterized0 is either unconnected or has no load
INFO: [Synth 8-7129] Port aclken in module sc_util_v1_0_4_pipeline__parameterized0 is either unconnected or has no load
INFO: [Synth 8-7129] Port areset in module sc_util_v1_0_4_pipeline__parameterized0 is either unconnected or has no load
INFO: [Synth 8-7129] Port din[0] in module sc_util_v1_0_4_onehot_to_binary__parameterized0 is either unconnected or has no load
INFO: [Synth 8-7129] Port connectivity[3] in module sc_switchboard_v1_0_9_top__parameterized6 is either unconnected or has no load
INFO: [Synth 8-7129] Port connectivity[2] in module sc_switchboard_v1_0_9_top__parameterized6 is either unconnected or has no load
INFO: [Synth 8-7129] Port connectivity[1] in module sc_switchboard_v1_0_9_top__parameterized6 is either unconnected or has no load
INFO: [Synth 8-7129] Port connectivity[0] in module sc_switchboard_v1_0_9_top__parameterized6 is either unconnected or has no load
INFO: [Synth 8-7129] Port connectivity[0] in module sc_switchboard_v1_0_9_top__parameterized5 is either unconnected or has no load
INFO: [Synth 8-7129] Port aclk in module sc_util_v1_0_4_pipeline__parameterized3 is either unconnected or has no load
INFO: [Synth 8-7129] Port aclken in module sc_util_v1_0_4_pipeline__parameterized3 is either unconnected or has no load
INFO: [Synth 8-7129] Port areset in module sc_util_v1_0_4_pipeline__parameterized3 is either unconnected or has no load
INFO: [Synth 8-7129] Port aclk in module sc_util_v1_0_4_pipeline__parameterized5 is either unconnected or has no load
INFO: [Synth 8-7129] Port aclken in module sc_util_v1_0_4_pipeline__parameterized5 is either unconnected or has no load
INFO: [Synth 8-7129] Port areset in module sc_util_v1_0_4_pipeline__parameterized5 is either unconnected or has no load
INFO: [Synth 8-7129] Port din[0] in module sc_util_v1_0_4_onehot_to_binary__parameterized1 is either unconnected or has no load
INFO: [Synth 8-7129] Port connectivity[3] in module sc_switchboard_v1_0_9_top__parameterized4 is either unconnected or has no load
INFO: [Synth 8-7129] Port connectivity[2] in module sc_switchboard_v1_0_9_top__parameterized4 is either unconnected or has no load
INFO: [Synth 8-7129] Port connectivity[1] in module sc_switchboard_v1_0_9_top__parameterized4 is either unconnected or has no load
INFO: [Synth 8-7129] Port connectivity[0] in module sc_switchboard_v1_0_9_top__parameterized4 is either unconnected or has no load
INFO: [Synth 8-7129] Port connectivity[0] in module sc_switchboard_v1_0_9_top__parameterized3 is either unconnected or has no load
INFO: [Synth 8-7129] Port din[0] in module sc_util_v1_0_4_onehot_to_binary is either unconnected or has no load
INFO: [Synth 8-7129] Port slow_clk in module sc_util_v1_0_4_sample_cycle_ratio is either unconnected or has no load
INFO: [Synth 8-7129] Port fast_clk in module sc_util_v1_0_4_sample_cycle_ratio is either unconnected or has no load
INFO: [Synth 8-7129] Port aclk in module sc_util_v1_0_4_pipeline__parameterized11 is either unconnected or has no load
INFO: [Synth 8-7129] Port aclken in module sc_util_v1_0_4_pipeline__parameterized11 is either unconnected or has no load
INFO: [Synth 8-7129] Port areset in module sc_util_v1_0_4_pipeline__parameterized11 is either unconnected or has no load
INFO: [Synth 8-7129] Port aclk in module sc_node_v1_0_19_reg_slice3 is either unconnected or has no load
INFO: [Synth 8-7129] Port aclken in module sc_node_v1_0_19_reg_slice3 is either unconnected or has no load
INFO: [Synth 8-7129] Port areset in module sc_node_v1_0_19_reg_slice3 is either unconnected or has no load
INFO: [Synth 8-7129] Port aclk in module sc_node_v1_0_19_si_handler__parameterized8 is either unconnected or has no load
INFO: [Synth 8-7129] Port aclken in module sc_node_v1_0_19_si_handler__parameterized8 is either unconnected or has no load
INFO: [Synth 8-7129] Port areset in module sc_node_v1_0_19_si_handler__parameterized8 is either unconnected or has no load
INFO: [Synth 8-7129] Port s_sc_req[0] in module sc_node_v1_0_19_si_handler__parameterized8 is either unconnected or has no load
INFO: [Synth 8-7129] Port s_sc_info[0] in module sc_node_v1_0_19_si_handler__parameterized8 is either unconnected or has no load
INFO: [Synth 8-7129] Port s_axis_arb_tvalid in module sc_node_v1_0_19_si_handler__parameterized8 is either unconnected or has no load
INFO: [Synth 8-7129] Port s_axis_arb_tdata[15] in module sc_node_v1_0_19_si_handler__parameterized8 is either unconnected or has no load
INFO: [Synth 8-7129] Port s_axis_arb_tdata[14] in module sc_node_v1_0_19_si_handler__parameterized8 is either unconnected or has no load
INFO: [Synth 8-7129] Port s_axis_arb_tdata[13] in module sc_node_v1_0_19_si_handler__parameterized8 is either unconnected or has no load
INFO: [Synth 8-7129] Port s_axis_arb_tdata[12] in module sc_node_v1_0_19_si_handler__parameterized8 is either unconnected or has no load
INFO: [Synth 8-7129] Port s_axis_arb_tdata[11] in module sc_node_v1_0_19_si_handler__parameterized8 is either unconnected or has no load
INFO: [Synth 8-7129] Port s_axis_arb_tdata[10] in module sc_node_v1_0_19_si_handler__parameterized8 is either unconnected or has no load
INFO: [Synth 8-7129] Port s_axis_arb_tdata[9] in module sc_node_v1_0_19_si_handler__parameterized8 is either unconnected or has no load
INFO: [Synth 8-7129] Port s_axis_arb_tdata[8] in module sc_node_v1_0_19_si_handler__parameterized8 is either unconnected or has no load
INFO: [Synth 8-7129] Port s_axis_arb_tdata[7] in module sc_node_v1_0_19_si_handler__parameterized8 is either unconnected or has no load
INFO: [Synth 8-7129] Port s_axis_arb_tdata[6] in module sc_node_v1_0_19_si_handler__parameterized8 is either unconnected or has no load
INFO: [Synth 8-7129] Port s_axis_arb_tdata[5] in module sc_node_v1_0_19_si_handler__parameterized8 is either unconnected or has no load
INFO: [Synth 8-7129] Port s_axis_arb_tdata[4] in module sc_node_v1_0_19_si_handler__parameterized8 is either unconnected or has no load
INFO: [Synth 8-7129] Port s_axis_arb_tdata[3] in module sc_node_v1_0_19_si_handler__parameterized8 is either unconnected or has no load
INFO: [Synth 8-7129] Port s_axis_arb_tdata[2] in module sc_node_v1_0_19_si_handler__parameterized8 is either unconnected or has no load
INFO: [Synth 8-7129] Port s_axis_arb_tdata[1] in module sc_node_v1_0_19_si_handler__parameterized8 is either unconnected or has no load
INFO: [Synth 8-7129] Port s_axis_arb_tdata[0] in module sc_node_v1_0_19_si_handler__parameterized8 is either unconnected or has no load
INFO: [Synth 8-7129] Port m_axis_arb_tready in module sc_node_v1_0_19_si_handler__parameterized8 is either unconnected or has no load
INFO: [Synth 8-7129] Port aclk in module sc_util_v1_0_4_axic_register_slice is either unconnected or has no load
INFO: [Synth 8-7129] Port areset in module sc_util_v1_0_4_axic_register_slice is either unconnected or has no load
INFO: [Synth 8-7129] Port aclken in module sc_util_v1_0_4_axic_register_slice is either unconnected or has no load
INFO: [Synth 8-7129] Port m_sc_aclken in module sc_node_v1_0_19_top__parameterized13 is either unconnected or has no load
INFO: [Synth 8-7129] Port din[0] in module sc_util_v1_0_4_onehot_to_binary__parameterized2 is either unconnected or has no load
INFO: [Synth 8-7129] Port aclk in module sc_util_v1_0_4_pipeline__parameterized8 is either unconnected or has no load
INFO: [Synth 8-7129] Port aclken in module sc_util_v1_0_4_pipeline__parameterized8 is either unconnected or has no load
INFO: [Synth 8-7129] Port areset in module sc_util_v1_0_4_pipeline__parameterized8 is either unconnected or has no load
INFO: [Synth 8-7129] Port aclk in module sc_util_v1_0_4_pipeline__parameterized10 is either unconnected or has no load
INFO: [Synth 8-7129] Port aclken in module sc_util_v1_0_4_pipeline__parameterized10 is either unconnected or has no load
INFO: [Synth 8-7129] Port areset in module sc_util_v1_0_4_pipeline__parameterized10 is either unconnected or has no load
INFO: [Synth 8-7129] Port aclk in module sc_node_v1_0_19_reg_slice3__parameterized0 is either unconnected or has no load
INFO: [Synth 8-7129] Port aclken in module sc_node_v1_0_19_reg_slice3__parameterized0 is either unconnected or has no load
INFO: [Synth 8-7129] Port areset in module sc_node_v1_0_19_reg_slice3__parameterized0 is either unconnected or has no load
INFO: [Synth 8-7129] Port areset in module sc_node_v1_0_19_fi_regulator is either unconnected or has no load
INFO: [Synth 8-7129] Port s_sc_info[3] in module sc_node_v1_0_19_si_handler__parameterized7 is either unconnected or has no load
INFO: [Synth 8-7129] Port s_sc_info[2] in module sc_node_v1_0_19_si_handler__parameterized7 is either unconnected or has no load
INFO: [Synth 8-7129] Port s_sc_info[1] in module sc_node_v1_0_19_si_handler__parameterized7 is either unconnected or has no load
INFO: [Synth 8-7129] Port s_sc_info[0] in module sc_node_v1_0_19_si_handler__parameterized7 is either unconnected or has no load
INFO: [Synth 8-7129] Port s_axis_arb_tvalid in module sc_node_v1_0_19_si_handler__parameterized7 is either unconnected or has no load
INFO: [Synth 8-7129] Port s_axis_arb_tdata[15] in module sc_node_v1_0_19_si_handler__parameterized7 is either unconnected or has no load
INFO: [Synth 8-7129] Port s_axis_arb_tdata[14] in module sc_node_v1_0_19_si_handler__parameterized7 is either unconnected or has no load
INFO: [Synth 8-7129] Port s_axis_arb_tdata[13] in module sc_node_v1_0_19_si_handler__parameterized7 is either unconnected or has no load
INFO: [Synth 8-7129] Port s_axis_arb_tdata[12] in module sc_node_v1_0_19_si_handler__parameterized7 is either unconnected or has no load
INFO: [Synth 8-7129] Port s_axis_arb_tdata[11] in module sc_node_v1_0_19_si_handler__parameterized7 is either unconnected or has no load
INFO: [Synth 8-7129] Port s_axis_arb_tdata[10] in module sc_node_v1_0_19_si_handler__parameterized7 is either unconnected or has no load
INFO: [Synth 8-7129] Port s_axis_arb_tdata[9] in module sc_node_v1_0_19_si_handler__parameterized7 is either unconnected or has no load
INFO: [Synth 8-7129] Port s_axis_arb_tdata[8] in module sc_node_v1_0_19_si_handler__parameterized7 is either unconnected or has no load
INFO: [Synth 8-7129] Port s_axis_arb_tdata[7] in module sc_node_v1_0_19_si_handler__parameterized7 is either unconnected or has no load
INFO: [Synth 8-7129] Port s_axis_arb_tdata[6] in module sc_node_v1_0_19_si_handler__parameterized7 is either unconnected or has no load
INFO: [Synth 8-7129] Port s_axis_arb_tdata[5] in module sc_node_v1_0_19_si_handler__parameterized7 is either unconnected or has no load
INFO: [Synth 8-7129] Port s_axis_arb_tdata[4] in module sc_node_v1_0_19_si_handler__parameterized7 is either unconnected or has no load
INFO: [Synth 8-7129] Port s_axis_arb_tdata[3] in module sc_node_v1_0_19_si_handler__parameterized7 is either unconnected or has no load
INFO: [Synth 8-7129] Port s_axis_arb_tdata[2] in module sc_node_v1_0_19_si_handler__parameterized7 is either unconnected or has no load
INFO: [Synth 8-7129] Port s_axis_arb_tdata[1] in module sc_node_v1_0_19_si_handler__parameterized7 is either unconnected or has no load
INFO: [Synth 8-7129] Port s_axis_arb_tdata[0] in module sc_node_v1_0_19_si_handler__parameterized7 is either unconnected or has no load
INFO: [Synth 8-7129] Port m_axis_arb_tready in module sc_node_v1_0_19_si_handler__parameterized7 is either unconnected or has no load
INFO: [Synth 8-7129] Port m_sc_aclken in module sc_node_v1_0_19_top__parameterized12 is either unconnected or has no load
INFO: [Synth 8-7129] Port aclk in module sc_util_v1_0_4_pipeline__parameterized9 is either unconnected or has no load
INFO: [Synth 8-7129] Port aclken in module sc_util_v1_0_4_pipeline__parameterized9 is either unconnected or has no load
INFO: [Synth 8-7129] Port areset in module sc_util_v1_0_4_pipeline__parameterized9 is either unconnected or has no load
INFO: [Synth 8-7129] Port aclk in module sc_util_v1_0_4_pipeline__parameterized2 is either unconnected or has no load
INFO: [Synth 8-7129] Port aclken in module sc_util_v1_0_4_pipeline__parameterized2 is either unconnected or has no load
INFO: [Synth 8-7129] Port areset in module sc_util_v1_0_4_pipeline__parameterized2 is either unconnected or has no load
INFO: [Common 17-14] Message 'Synth 8-7129' appears 100 times and further instances of the messages will be disabled. Use the Tcl command set_msg_config to change the current settings.
---------------------------------------------------------------------------------
Finished RTL Elaboration : Time (s): cpu = 00:00:12 ; elapsed = 00:00:14 . Memory (MB): peak = 2523.203 ; gain = 780.836 ; free physical = 266 ; free virtual = 11455
---------------------------------------------------------------------------------
---------------------------------------------------------------------------------
Start Handling Custom Attributes
---------------------------------------------------------------------------------
---------------------------------------------------------------------------------
Finished Handling Custom Attributes : Time (s): cpu = 00:00:12 ; elapsed = 00:00:14 . Memory (MB): peak = 2523.203 ; gain = 780.836 ; free physical = 265 ; free virtual = 11454
---------------------------------------------------------------------------------
---------------------------------------------------------------------------------
Finished RTL Optimization Phase 1 : Time (s): cpu = 00:00:12 ; elapsed = 00:00:14 . Memory (MB): peak = 2523.203 ; gain = 780.836 ; free physical = 265 ; free virtual = 11454
---------------------------------------------------------------------------------
Netlist sorting complete. Time (s): cpu = 00:00:00.9 ; elapsed = 00:00:00.9 . Memory (MB): peak = 2546.172 ; gain = 2.000 ; free physical = 381 ; free virtual = 11114
INFO: [Netlist 29-17] Analyzing 1 Unisim elements for replacement
INFO: [Netlist 29-28] Unisim Transformation completed in 0 CPU seconds
INFO: [Project 1-570] Preparing netlist for logic optimization

Processing XDC Constraints
Initializing timing engine
Parsing XDC File [/home/lovro/ARES/ARES_fpga/ARES_fpga/ARES_fpga.gen/sources_1/bd/Block_top/ip/Block_top_smartconnect_0_1/ooc.xdc] for cell 'inst'
Finished Parsing XDC File [/home/lovro/ARES/ARES_fpga/ARES_fpga/ARES_fpga.gen/sources_1/bd/Block_top/ip/Block_top_smartconnect_0_1/ooc.xdc] for cell 'inst'
Parsing XDC File [/home/lovro/ARES/ARES_fpga/ARES_fpga/ARES_fpga.gen/sources_1/bd/Block_top/ip/Block_top_smartconnect_0_1/bd_0/ip/ip_1/bd_b9bc_psr_aclk_0_board.xdc] for cell 'inst/clk_map/psr_aclk/U0'
Finished Parsing XDC File [/home/lovro/ARES/ARES_fpga/ARES_fpga/ARES_fpga.gen/sources_1/bd/Block_top/ip/Block_top_smartconnect_0_1/bd_0/ip/ip_1/bd_b9bc_psr_aclk_0_board.xdc] for cell 'inst/clk_map/psr_aclk/U0'
Parsing XDC File [/home/lovro/ARES/ARES_fpga/ARES_fpga/ARES_fpga.gen/sources_1/bd/Block_top/ip/Block_top_smartconnect_0_1/smartconnect.xdc] for cell 'inst'
Finished Parsing XDC File [/home/lovro/ARES/ARES_fpga/ARES_fpga/ARES_fpga.gen/sources_1/bd/Block_top/ip/Block_top_smartconnect_0_1/smartconnect.xdc] for cell 'inst'
Parsing XDC File [/home/lovro/ARES/ARES_fpga/ARES_fpga/ARES_fpga.runs/Block_top_smartconnect_0_1_synth_1/dont_touch.xdc]
Finished Parsing XDC File [/home/lovro/ARES/ARES_fpga/ARES_fpga/ARES_fpga.runs/Block_top_smartconnect_0_1_synth_1/dont_touch.xdc]
INFO: [Project 1-236] Implementation specific constraints were found while reading constraint file [/opt/Vivado/2025.2/data/ip/xpm/xpm_cdc/tcl/xpm_cdc_single.tcl]. These constraints will be ignored for synthesis but will be used in implementation. Impacted constraints are listed in the file [.Xil/Block_top_smartconnect_0_1_propImpl.xdc].
Resolution: To avoid this warning, move constraints listed in [.Xil/Block_top_smartconnect_0_1_propImpl.xdc] to another XDC file and exclude this new file from synthesis with the used_in_synthesis property (File Properties dialog in GUI) and re-run elaboration/synthesis.
INFO: [Project 1-1714] 69 XPM XDC files have been applied to the design.
Completed Processing XDC Constraints

Netlist sorting complete. Time (s): cpu = 00:00:00.01 ; elapsed = 00:00:00 . Memory (MB): peak = 2817.316 ; gain = 0.000 ; free physical = 984 ; free virtual = 11413
INFO: [Project 1-111] Unisim Transformation Summary:
  A total of 1 instances were transformed.
  SRL16 => SRL16E: 1 instance 

Constraint Validation Runtime : Time (s): cpu = 00:00:00.17 ; elapsed = 00:00:00.2 . Memory (MB): peak = 2817.352 ; gain = 0.000 ; free physical = 960 ; free virtual = 11390
INFO: [Designutils 20-5008] Incremental synthesis strategy off
---------------------------------------------------------------------------------
Finished Constraint Validation : Time (s): cpu = 00:00:27 ; elapsed = 00:00:29 . Memory (MB): peak = 2817.352 ; gain = 1074.984 ; free physical = 5384 ; free virtual = 15813
---------------------------------------------------------------------------------
---------------------------------------------------------------------------------
Start Loading Part and Timing Information
---------------------------------------------------------------------------------
Loading part: xc7a35tftg256-2
---------------------------------------------------------------------------------
Finished Loading Part and Timing Information : Time (s): cpu = 00:00:27 ; elapsed = 00:00:29 . Memory (MB): peak = 2825.320 ; gain = 1082.953 ; free physical = 5383 ; free virtual = 15812
---------------------------------------------------------------------------------
---------------------------------------------------------------------------------
Start Applying 'set_property' XDC Constraints
---------------------------------------------------------------------------------
---------------------------------------------------------------------------------
Finished applying 'set_property' XDC Constraints : Time (s): cpu = 00:00:28 ; elapsed = 00:00:29 . Memory (MB): peak = 2825.320 ; gain = 1082.953 ; free physical = 5388 ; free virtual = 15817
---------------------------------------------------------------------------------
INFO: [Synth 8-802] inferred FSM for state register 'gen_endpoint.w_state_reg' in module 'sc_mmu_v1_0_16_top'
INFO: [Synth 8-802] inferred FSM for state register 'gen_endpoint.r_state_reg' in module 'sc_mmu_v1_0_16_top'
---------------------------------------------------------------------------------------------------
                   State |                     New Encoding |                Previous Encoding 
---------------------------------------------------------------------------------------------------
                  iSTATE |                               00 | 00000000000000000000000000000000
*
                 W_STALL |                               01 | 00000000000000000000000000000001
               W_PENDING |                               10 | 00000000000000000000000000000010
                W_DECERR |                               11 | 00000000000000000000000000000011
---------------------------------------------------------------------------------------------------
INFO: [Synth 8-3354] encoded FSM with state register 'gen_endpoint.w_state_reg' using encoding 'sequential' in module 'sc_mmu_v1_0_16_top'
---------------------------------------------------------------------------------------------------
                   State |                     New Encoding |                Previous Encoding 
---------------------------------------------------------------------------------------------------
                  iSTATE |                               00 | 00000000000000000000000000000000
*
                 R_STALL |                               01 | 00000000000000000000000000000001
               R_PENDING |                               10 | 00000000000000000000000000000010
                R_DECERR |                               11 | 00000000000000000000000000000011
---------------------------------------------------------------------------------------------------
INFO: [Synth 8-3354] encoded FSM with state register 'gen_endpoint.r_state_reg' using encoding 'sequential' in module 'sc_mmu_v1_0_16_top'
---------------------------------------------------------------------------------
Finished RTL Optimization Phase 2 : Time (s): cpu = 00:00:30 ; elapsed = 00:00:32 . Memory (MB): peak = 2825.320 ; gain = 1082.953 ; free physical = 6944 ; free virtual = 17410
---------------------------------------------------------------------------------
---------------------------------------------------------------------------------
Start RTL Component Statistics 
---------------------------------------------------------------------------------
---------------------------------------------------------------------------------
Finished RTL Component Statistics 
---------------------------------------------------------------------------------
---------------------------------------------------------------------------------
Start Part Resource Summary
---------------------------------------------------------------------------------
Part Resources:
DSPs: 90 (col length:60)
BRAMs: 100 (col length: RAMB18 60 RAMB36 30)
---------------------------------------------------------------------------------
Finished Part Resource Summary
---------------------------------------------------------------------------------
---------------------------------------------------------------------------------
Start Cross Boundary and Area Optimization
---------------------------------------------------------------------------------
---------------------------------------------------------------------------------
Finished Cross Boundary and Area Optimization : Time (s): cpu = 00:00:39 ; elapsed = 00:00:42 . Memory (MB): peak = 2825.320 ; gain = 1082.953 ; free physical = 7388 ; free virtual = 17821
---------------------------------------------------------------------------------
---------------------------------------------------------------------------------
Start Applying XDC Timing Constraints
---------------------------------------------------------------------------------
---------------------------------------------------------------------------------
Finished Applying XDC Timing Constraints : Time (s): cpu = 00:00:43 ; elapsed = 00:00:45 . Memory (MB): peak = 2825.320 ; gain = 1082.953 ; free physical = 7142 ; free virtual = 17577
---------------------------------------------------------------------------------
---------------------------------------------------------------------------------
Start Timing Optimization
---------------------------------------------------------------------------------
---------------------------------------------------------------------------------
Finished Timing Optimization : Time (s): cpu = 00:00:44 ; elapsed = 00:00:46 . Memory (MB): peak = 2825.320 ; gain = 1082.953 ; free physical = 7150 ; free virtual = 17583
---------------------------------------------------------------------------------
---------------------------------------------------------------------------------
Start Technology Mapping
---------------------------------------------------------------------------------
---------------------------------------------------------------------------------
Finished Technology Mapping : Time (s): cpu = 00:00:44 ; elapsed = 00:00:47 . Memory (MB): peak = 2825.320 ; gain = 1082.953 ; free physical = 7158 ; free virtual = 17591
---------------------------------------------------------------------------------
---------------------------------------------------------------------------------
Start IO Insertion
---------------------------------------------------------------------------------
---------------------------------------------------------------------------------
Start Flattening Before IO Insertion
---------------------------------------------------------------------------------
---------------------------------------------------------------------------------
Finished Flattening Before IO Insertion
---------------------------------------------------------------------------------
---------------------------------------------------------------------------------
Start Final Netlist Cleanup
---------------------------------------------------------------------------------
---------------------------------------------------------------------------------
Finished Final Netlist Cleanup
---------------------------------------------------------------------------------
---------------------------------------------------------------------------------
Finished IO Insertion : Time (s): cpu = 00:00:47 ; elapsed = 00:00:50 . Memory (MB): peak = 2852.133 ; gain = 1109.766 ; free physical = 7102 ; free virtual = 17536
---------------------------------------------------------------------------------
---------------------------------------------------------------------------------
Start Renaming Generated Instances
---------------------------------------------------------------------------------
---------------------------------------------------------------------------------
Finished Renaming Generated Instances : Time (s): cpu = 00:00:47 ; elapsed = 00:00:50 . Memory (MB): peak = 2852.133 ; gain = 1109.766 ; free physical = 7102 ; free virtual = 17536
---------------------------------------------------------------------------------
---------------------------------------------------------------------------------
Start Rebuilding User Hierarchy
---------------------------------------------------------------------------------
---------------------------------------------------------------------------------
Finished Rebuilding User Hierarchy : Time (s): cpu = 00:00:47 ; elapsed = 00:00:50 . Memory (MB): peak = 2852.133 ; gain = 1109.766 ; free physical = 7102 ; free virtual = 17536
---------------------------------------------------------------------------------
---------------------------------------------------------------------------------
Start Renaming Generated Ports
---------------------------------------------------------------------------------
---------------------------------------------------------------------------------
Finished Renaming Generated Ports : Time (s): cpu = 00:00:47 ; elapsed = 00:00:50 . Memory (MB): peak = 2852.133 ; gain = 1109.766 ; free physical = 7102 ; free virtual = 17536
---------------------------------------------------------------------------------
---------------------------------------------------------------------------------
Start Handling Custom Attributes
---------------------------------------------------------------------------------
---------------------------------------------------------------------------------
Finished Handling Custom Attributes : Time (s): cpu = 00:00:48 ; elapsed = 00:00:50 . Memory (MB): peak = 2852.133 ; gain = 1109.766 ; free physical = 7102 ; free virtual = 17536
---------------------------------------------------------------------------------
---------------------------------------------------------------------------------
Start Renaming Generated Nets
---------------------------------------------------------------------------------
---------------------------------------------------------------------------------
Finished Renaming Generated Nets : Time (s): cpu = 00:00:48 ; elapsed = 00:00:50 . Memory (MB): peak = 2852.133 ; gain = 1109.766 ; free physical = 7102 ; free virtual = 17536
---------------------------------------------------------------------------------
---------------------------------------------------------------------------------
Start Writing Synthesis Report
---------------------------------------------------------------------------------

Report BlackBoxes: 
+-+--------------+----------+
| |BlackBox name |Instances |
+-+--------------+----------+
+-+--------------+----------+

Report Cell Usage: 
+------+------+------+
|      |Cell  |Count |
+------+------+------+
|1     |LUT1  |   180|
|2     |LUT2  |   101|
|3     |LUT3  |   132|
|4     |LUT4  |    28|
|5     |LUT5  |    60|
|6     |LUT6  |   135|
|7     |SRL16 |     1|
|8     |FDCE  |   201|
|9     |FDRE  |   407|
|10    |FDSE  |    43|
+------+------+------+
---------------------------------------------------------------------------------
Finished Writing Synthesis Report : Time (s): cpu = 00:00:48 ; elapsed = 00:00:50 . Memory (MB): peak = 2852.133 ; gain = 1109.766 ; free physical = 7102 ; free virtual = 17536
---------------------------------------------------------------------------------
Synthesis finished with 0 errors, 0 critical warnings and 0 warnings.
Synthesis Optimization Runtime : Time (s): cpu = 00:00:37 ; elapsed = 00:00:40 . Memory (MB): peak = 2852.133 ; gain = 815.617 ; free physical = 7101 ; free virtual = 17535
Synthesis Optimization Complete : Time (s): cpu = 00:00:48 ; elapsed = 00:00:50 . Memory (MB): peak = 2852.141 ; gain = 1109.766 ; free physical = 7101 ; free virtual = 17535
INFO: [Project 1-571] Translating synthesized netlist
Netlist sorting complete. Time (s): cpu = 00:00:00.12 ; elapsed = 00:00:00.12 . Memory (MB): peak = 2852.141 ; gain = 0.000 ; free physical = 7288 ; free virtual = 17722
INFO: [Netlist 29-17] Analyzing 1 Unisim elements for replacement
INFO: [Netlist 29-28] Unisim Transformation completed in 0 CPU seconds
INFO: [Project 1-570] Preparing netlist for logic optimization
INFO: [Opt 31-138] Pushed 0 inverter(s) to 0 load pin(s).
Netlist sorting complete. Time (s): cpu = 00:00:00 ; elapsed = 00:00:00 . Memory (MB): peak = 2917.066 ; gain = 0.000 ; free physical = 7248 ; free virtual = 17681
INFO: [Project 1-111] Unisim Transformation Summary:
  A total of 1 instances were transformed.
  SRL16 => SRL16E: 1 instance 

Synth Design complete | Checksum: 40db61d0
INFO: [Common 17-83] Releasing license: Synthesis
285 Infos, 12 Warnings, 0 Critical Warnings and 0 Errors encountered.
synth_design completed successfully
synth_design: Time (s): cpu = 00:00:54 ; elapsed = 00:00:55 . Memory (MB): peak = 2917.102 ; gain = 1304.039 ; free physical = 7252 ; free virtual = 17686
INFO: [Common 17-2834] synth_design peak Physical Memory [PSS] (MB): overall = 2018.015; main = 1823.715; forked = 223.023
INFO: [Common 17-2834] synth_design peak Virtual Memory [VSS] (MB): overall = 3846.352; main = 2917.070; forked = 994.215
Write ShapeDB Complete: Time (s): cpu = 00:00:00.01 ; elapsed = 00:00:00 . Memory (MB): peak = 2941.078 ; gain = 0.000 ; free physical = 7251 ; free virtual = 17685
INFO: [Common 17-1381] The checkpoint '/home/lovro/ARES/ARES_fpga/ARES_fpga/ARES_fpga.runs/Block_top_smartconnect_0_1_synth_1/Block_top_smartconnect_0_1.dcp' has been generated.
INFO: [Coretcl 2-1648] Added synthesis output to IP cache for IP Block_top_smartconnect_0_1, cache-ID = 9724cc016f0245d5
INFO: [Coretcl 2-1174] Renamed 262 cell refs.
Write ShapeDB Complete: Time (s): cpu = 00:00:00 ; elapsed = 00:00:00.01 . Memory (MB): peak = 2941.078 ; gain = 0.000 ; free physical = 7267 ; free virtual = 17712
INFO: [Common 17-1381] The checkpoint '/home/lovro/ARES/ARES_fpga/ARES_fpga/ARES_fpga.runs/Block_top_smartconnect_0_1_synth_1/Block_top_smartconnect_0_1.dcp' has been generated.
INFO: [Vivado 12-24828] Executing command : report_utilization -file Block_top_smartconnect_0_1_utilization_synth.rpt -pb Block_top_smartconnect_0_1_utilization_synth.pb
INFO: [Common 17-206] Exiting Vivado at Tue Aug 11 21:52:48 2026...
