
*** Running vivado
    with args -log Block_top_wrapper.vds -m64 -product Vivado -mode batch -messageDb vivado.pb -notrace -source Block_top_wrapper.tcl


****** Vivado v2025.2 (64-bit)
  **** SW Build 6299465 on Fri Nov 14 12:34:56 MST 2025
  **** IP Build 6300035 on Fri Nov 14 10:48:45 MST 2025
  **** SharedData Build 6298862 on Thu Nov 13 04:50:51 MST 2025
  **** Start of session at: Thu Aug  6 22:29:26 2026
    ** Copyright 1986-2022 Xilinx, Inc. All Rights Reserved.
    ** Copyright 2022-2025 Advanced Micro Devices, Inc. All Rights Reserved.

source Block_top_wrapper.tcl -notrace
INFO: [IP_Flow 19-234] Refreshing IP repositories
WARNING: [IP_Flow 19-2248] Failed to load user IP repository '/home/lovro/ARES/Alchistry_Labs/DDR3 test/cores/ip_repo/myip_1_0'; Can't find the specified path.
If this directory should no longer be in your list of user repositories, go to the IP Settings dialog and remove it.
WARNING: [IP_Flow 19-2248] Failed to load user IP repository '/home/lovro/ARES/Alchistry_Labs/DDR3 test/cores/ip_repo/CPU_IO_converter_1_0'; Can't find the specified path.
If this directory should no longer be in your list of user repositories, go to the IP Settings dialog and remove it.
WARNING: [IP_Flow 19-2248] Failed to load user IP repository '/home/lovro/ARES/Alchistry_Labs/DDR3 test/cores/ip_repo/CPU_io_converter_1_0'; Can't find the specified path.
If this directory should no longer be in your list of user repositories, go to the IP Settings dialog and remove it.
INFO: [IP_Flow 19-2313] Loaded Vivado IP repository '/opt/Vivado/2025.2/data/ip'.
INFO: [Project 1-5698] Found the below utility IPs instantiated in block design /home/lovro/ARES/ARES_fpga/ARES_fpga/ARES_fpga.srcs/sources_1/bd/Block_top/Block_top.bd which have equivalent inline hdl with improved performance and reduced diskspace.
It is recommended to migrate these utility IPs to inline hdl  using the command upgrade_project -migrate_to_inline_hdl.  The utility IPs may be deprecated in future releases.
More information on inline hdl is available in UG994.
Utility IP Component Instances:
 Block_top_util_vector_logic_0_0
Block_top_util_vector_logic_0_1
Command: read_checkpoint -auto_incremental -incremental /home/lovro/ARES/ARES_fpga/ARES_fpga/ARES_fpga.srcs/utils_1/imports/synth_1/Block_top_wrapper.dcp
INFO: [Vivado 12-5825] Read reference checkpoint from /home/lovro/ARES/ARES_fpga/ARES_fpga/ARES_fpga.srcs/utils_1/imports/synth_1/Block_top_wrapper.dcp for incremental synthesis
INFO: [Vivado 12-7989] Please ensure there are no constraint changes
Command: synth_design -top Block_top_wrapper -part xc7a35tftg256-2 -directive AreaOptimized_medium -control_set_opt_threshold 1
Starting synth_design
Attempting to get a license for feature 'Synthesis' and/or device 'xc7a35t'
INFO: [Common 17-349] Got license for feature 'Synthesis' and/or device 'xc7a35t'
INFO: [Device 21-403] Loading part xc7a35tftg256-2
INFO: [Designutils 20-5440] No compile time benefit to using incremental synthesis; A full resynthesis will be run
INFO: [Designutils 20-4379] Flow is switching to default flow due to incremental criteria not met. If you would like to alter this behaviour and have the flow terminate instead, please set the following parameter config_implementation {autoIncr.Synth.RejectBehavior Terminate}
INFO: [Synth 8-7079] Multithreading enabled for synth_design using a maximum of 7 processes.
INFO: [Synth 8-7078] Launching helper process for spawning children vivado processes
INFO: [Synth 8-7075] Helper process launched with PID 188538
---------------------------------------------------------------------------------
Starting RTL Elaboration : Time (s): cpu = 00:00:03 ; elapsed = 00:00:03 . Memory (MB): peak = 2257.074 ; gain = 469.391 ; free physical = 3120 ; free virtual = 9103
---------------------------------------------------------------------------------
INFO: [Synth 8-6157] synthesizing module 'Block_top_wrapper' [/home/lovro/ARES/ARES_fpga/ARES_fpga/ARES_fpga.gen/sources_1/bd/Block_top/hdl/Block_top_wrapper.v:13]
INFO: [Synth 8-6157] synthesizing module 'Block_top' [/home/lovro/ARES/ARES_fpga/ARES_fpga/ARES_fpga.gen/sources_1/bd/Block_top/synth/Block_top.v:13]
INFO: [Synth 8-6157] synthesizing module 'Block_top_FLASH_SPI_wrapper_0_0' [/home/lovro/ARES/ARES_fpga/ARES_fpga/ARES_fpga.runs/synth_1/.Xil/Vivado-188451-lovroLinuxM/realtime/Block_top_FLASH_SPI_wrapper_0_0_stub.v:6]
INFO: [Synth 8-6155] done synthesizing module 'Block_top_FLASH_SPI_wrapper_0_0' (0#1) [/home/lovro/ARES/ARES_fpga/ARES_fpga/ARES_fpga.runs/synth_1/.Xil/Vivado-188451-lovroLinuxM/realtime/Block_top_FLASH_SPI_wrapper_0_0_stub.v:6]
INFO: [Synth 8-6157] synthesizing module 'Block_top_VexiiSocWrapper_0_1' [/home/lovro/ARES/ARES_fpga/ARES_fpga/ARES_fpga.runs/synth_1/.Xil/Vivado-188451-lovroLinuxM/realtime/Block_top_VexiiSocWrapper_0_1_stub.v:6]
INFO: [Synth 8-6155] done synthesizing module 'Block_top_VexiiSocWrapper_0_1' (0#1) [/home/lovro/ARES/ARES_fpga/ARES_fpga/ARES_fpga.runs/synth_1/.Xil/Vivado-188451-lovroLinuxM/realtime/Block_top_VexiiSocWrapper_0_1_stub.v:6]
INFO: [Synth 8-6157] synthesizing module 'Block_top_axi_quad_spi_0_1' [/home/lovro/ARES/ARES_fpga/ARES_fpga/ARES_fpga.runs/synth_1/.Xil/Vivado-188451-lovroLinuxM/realtime/Block_top_axi_quad_spi_0_1_stub.v:6]
INFO: [Synth 8-6155] done synthesizing module 'Block_top_axi_quad_spi_0_1' (0#1) [/home/lovro/ARES/ARES_fpga/ARES_fpga/ARES_fpga.runs/synth_1/.Xil/Vivado-188451-lovroLinuxM/realtime/Block_top_axi_quad_spi_0_1_stub.v:6]
WARNING: [Synth 8-7071] port 'ip2intc_irpt' of module 'Block_top_axi_quad_spi_0_1' is unconnected for instance 'axi_quad_spi_0' [/home/lovro/ARES/ARES_fpga/ARES_fpga/ARES_fpga.gen/sources_1/bd/Block_top/synth/Block_top.v:309]
WARNING: [Synth 8-7023] instance 'axi_quad_spi_0' of module 'Block_top_axi_quad_spi_0_1' has 33 connections declared, but only 32 given [/home/lovro/ARES/ARES_fpga/ARES_fpga/ARES_fpga.gen/sources_1/bd/Block_top/synth/Block_top.v:309]
INFO: [Synth 8-6157] synthesizing module 'Block_top_axi_uartlite_0_0' [/home/lovro/ARES/ARES_fpga/ARES_fpga/ARES_fpga.runs/synth_1/.Xil/Vivado-188451-lovroLinuxM/realtime/Block_top_axi_uartlite_0_0_stub.v:6]
INFO: [Synth 8-6155] done synthesizing module 'Block_top_axi_uartlite_0_0' (0#1) [/home/lovro/ARES/ARES_fpga/ARES_fpga/ARES_fpga.runs/synth_1/.Xil/Vivado-188451-lovroLinuxM/realtime/Block_top_axi_uartlite_0_0_stub.v:6]
WARNING: [Synth 8-7071] port 'interrupt' of module 'Block_top_axi_uartlite_0_0' is unconnected for instance 'axi_uartlite_0' [/home/lovro/ARES/ARES_fpga/ARES_fpga/ARES_fpga.gen/sources_1/bd/Block_top/synth/Block_top.v:342]
WARNING: [Synth 8-7023] instance 'axi_uartlite_0' of module 'Block_top_axi_uartlite_0_0' has 22 connections declared, but only 21 given [/home/lovro/ARES/ARES_fpga/ARES_fpga/ARES_fpga.gen/sources_1/bd/Block_top/synth/Block_top.v:342]
INFO: [Synth 8-6157] synthesizing module 'Block_top_clk_wiz_0_0' [/home/lovro/ARES/ARES_fpga/ARES_fpga/ARES_fpga.runs/synth_1/.Xil/Vivado-188451-lovroLinuxM/realtime/Block_top_clk_wiz_0_0_stub.v:6]
INFO: [Synth 8-6155] done synthesizing module 'Block_top_clk_wiz_0_0' (0#1) [/home/lovro/ARES/ARES_fpga/ARES_fpga/ARES_fpga.runs/synth_1/.Xil/Vivado-188451-lovroLinuxM/realtime/Block_top_clk_wiz_0_0_stub.v:6]
WARNING: [Synth 8-7071] port 'clk_6_25' of module 'Block_top_clk_wiz_0_0' is unconnected for instance 'clk_wiz_0' [/home/lovro/ARES/ARES_fpga/ARES_fpga/ARES_fpga.gen/sources_1/bd/Block_top/synth/Block_top.v:364]
WARNING: [Synth 8-7023] instance 'clk_wiz_0' of module 'Block_top_clk_wiz_0_0' has 4 connections declared, but only 3 given [/home/lovro/ARES/ARES_fpga/ARES_fpga/ARES_fpga.gen/sources_1/bd/Block_top/synth/Block_top.v:364]
INFO: [Synth 8-6157] synthesizing module 'Block_top_mig_axi_wrapper_0_0' [/home/lovro/ARES/ARES_fpga/ARES_fpga/ARES_fpga.runs/synth_1/.Xil/Vivado-188451-lovroLinuxM/realtime/Block_top_mig_axi_wrapper_0_0_stub.v:6]
INFO: [Synth 8-6155] done synthesizing module 'Block_top_mig_axi_wrapper_0_0' (0#1) [/home/lovro/ARES/ARES_fpga/ARES_fpga/ARES_fpga.runs/synth_1/.Xil/Vivado-188451-lovroLinuxM/realtime/Block_top_mig_axi_wrapper_0_0_stub.v:6]
WARNING: [Synth 8-7071] port 'mmcm_locked' of module 'Block_top_mig_axi_wrapper_0_0' is unconnected for instance 'mig_axi_wrapper_0' [/home/lovro/ARES/ARES_fpga/ARES_fpga/ARES_fpga.gen/sources_1/bd/Block_top/synth/Block_top.v:368]
WARNING: [Synth 8-7071] port 's_axi_bid' of module 'Block_top_mig_axi_wrapper_0_0' is unconnected for instance 'mig_axi_wrapper_0' [/home/lovro/ARES/ARES_fpga/ARES_fpga/ARES_fpga.gen/sources_1/bd/Block_top/synth/Block_top.v:368]
WARNING: [Synth 8-7071] port 's_axi_rid' of module 'Block_top_mig_axi_wrapper_0_0' is unconnected for instance 'mig_axi_wrapper_0' [/home/lovro/ARES/ARES_fpga/ARES_fpga/ARES_fpga.gen/sources_1/bd/Block_top/synth/Block_top.v:368]
WARNING: [Synth 8-7071] port 'init_calib_complete' of module 'Block_top_mig_axi_wrapper_0_0' is unconnected for instance 'mig_axi_wrapper_0' [/home/lovro/ARES/ARES_fpga/ARES_fpga/ARES_fpga.gen/sources_1/bd/Block_top/synth/Block_top.v:368]
WARNING: [Synth 8-7071] port 'device_temp' of module 'Block_top_mig_axi_wrapper_0_0' is unconnected for instance 'mig_axi_wrapper_0' [/home/lovro/ARES/ARES_fpga/ARES_fpga/ARES_fpga.gen/sources_1/bd/Block_top/synth/Block_top.v:368]
WARNING: [Synth 8-7023] instance 'mig_axi_wrapper_0' of module 'Block_top_mig_axi_wrapper_0_0' has 61 connections declared, but only 56 given [/home/lovro/ARES/ARES_fpga/ARES_fpga/ARES_fpga.gen/sources_1/bd/Block_top/synth/Block_top.v:368]
INFO: [Synth 8-6157] synthesizing module 'Block_top_smartconnect_0_1' [/home/lovro/ARES/ARES_fpga/ARES_fpga/ARES_fpga.runs/synth_1/.Xil/Vivado-188451-lovroLinuxM/realtime/Block_top_smartconnect_0_1_stub.v:6]
INFO: [Synth 8-6155] done synthesizing module 'Block_top_smartconnect_0_1' (0#1) [/home/lovro/ARES/ARES_fpga/ARES_fpga/ARES_fpga.runs/synth_1/.Xil/Vivado-188451-lovroLinuxM/realtime/Block_top_smartconnect_0_1_stub.v:6]
WARNING: [Synth 8-7071] port 'M00_AXI_awprot' of module 'Block_top_smartconnect_0_1' is unconnected for instance 'smartconnect_io' [/home/lovro/ARES/ARES_fpga/ARES_fpga/ARES_fpga.gen/sources_1/bd/Block_top/synth/Block_top.v:425]
WARNING: [Synth 8-7071] port 'M00_AXI_arprot' of module 'Block_top_smartconnect_0_1' is unconnected for instance 'smartconnect_io' [/home/lovro/ARES/ARES_fpga/ARES_fpga/ARES_fpga.gen/sources_1/bd/Block_top/synth/Block_top.v:425]
WARNING: [Synth 8-7071] port 'M01_AXI_awprot' of module 'Block_top_smartconnect_0_1' is unconnected for instance 'smartconnect_io' [/home/lovro/ARES/ARES_fpga/ARES_fpga/ARES_fpga.gen/sources_1/bd/Block_top/synth/Block_top.v:425]
WARNING: [Synth 8-7071] port 'M01_AXI_arprot' of module 'Block_top_smartconnect_0_1' is unconnected for instance 'smartconnect_io' [/home/lovro/ARES/ARES_fpga/ARES_fpga/ARES_fpga.gen/sources_1/bd/Block_top/synth/Block_top.v:425]
WARNING: [Synth 8-7023] instance 'smartconnect_io' of module 'Block_top_smartconnect_0_1' has 59 connections declared, but only 55 given [/home/lovro/ARES/ARES_fpga/ARES_fpga/ARES_fpga.gen/sources_1/bd/Block_top/synth/Block_top.v:425]
INFO: [Synth 8-6157] synthesizing module 'Block_top_smartconnect_0_0' [/home/lovro/ARES/ARES_fpga/ARES_fpga/ARES_fpga.runs/synth_1/.Xil/Vivado-188451-lovroLinuxM/realtime/Block_top_smartconnect_0_0_stub.v:6]
INFO: [Synth 8-6155] done synthesizing module 'Block_top_smartconnect_0_0' (0#1) [/home/lovro/ARES/ARES_fpga/ARES_fpga/ARES_fpga.runs/synth_1/.Xil/Vivado-188451-lovroLinuxM/realtime/Block_top_smartconnect_0_0_stub.v:6]
INFO: [Synth 8-6157] synthesizing module 'Block_top_util_ds_buf_0_0' [/home/lovro/ARES/ARES_fpga/ARES_fpga/ARES_fpga.runs/synth_1/.Xil/Vivado-188451-lovroLinuxM/realtime/Block_top_util_ds_buf_0_0_stub.v:6]
INFO: [Synth 8-6155] done synthesizing module 'Block_top_util_ds_buf_0_0' (0#1) [/home/lovro/ARES/ARES_fpga/ARES_fpga/ARES_fpga.runs/synth_1/.Xil/Vivado-188451-lovroLinuxM/realtime/Block_top_util_ds_buf_0_0_stub.v:6]
INFO: [Synth 8-6157] synthesizing module 'Block_top_util_ds_buf_0_1' [/home/lovro/ARES/ARES_fpga/ARES_fpga/ARES_fpga.runs/synth_1/.Xil/Vivado-188451-lovroLinuxM/realtime/Block_top_util_ds_buf_0_1_stub.v:6]
INFO: [Synth 8-6155] done synthesizing module 'Block_top_util_ds_buf_0_1' (0#1) [/home/lovro/ARES/ARES_fpga/ARES_fpga/ARES_fpga.runs/synth_1/.Xil/Vivado-188451-lovroLinuxM/realtime/Block_top_util_ds_buf_0_1_stub.v:6]
INFO: [Synth 8-6157] synthesizing module 'Block_top_util_ds_buf_0_2' [/home/lovro/ARES/ARES_fpga/ARES_fpga/ARES_fpga.runs/synth_1/.Xil/Vivado-188451-lovroLinuxM/realtime/Block_top_util_ds_buf_0_2_stub.v:6]
INFO: [Synth 8-6155] done synthesizing module 'Block_top_util_ds_buf_0_2' (0#1) [/home/lovro/ARES/ARES_fpga/ARES_fpga/ARES_fpga.runs/synth_1/.Xil/Vivado-188451-lovroLinuxM/realtime/Block_top_util_ds_buf_0_2_stub.v:6]
INFO: [Synth 8-6157] synthesizing module 'Block_top_util_ds_buf_2_0' [/home/lovro/ARES/ARES_fpga/ARES_fpga/ARES_fpga.runs/synth_1/.Xil/Vivado-188451-lovroLinuxM/realtime/Block_top_util_ds_buf_2_0_stub.v:6]
INFO: [Synth 8-6155] done synthesizing module 'Block_top_util_ds_buf_2_0' (0#1) [/home/lovro/ARES/ARES_fpga/ARES_fpga/ARES_fpga.runs/synth_1/.Xil/Vivado-188451-lovroLinuxM/realtime/Block_top_util_ds_buf_2_0_stub.v:6]
INFO: [Synth 8-6157] synthesizing module 'Block_top_util_vector_logic_0_0' [/home/lovro/ARES/ARES_fpga/ARES_fpga/ARES_fpga.runs/synth_1/.Xil/Vivado-188451-lovroLinuxM/realtime/Block_top_util_vector_logic_0_0_stub.v:6]
INFO: [Synth 8-6155] done synthesizing module 'Block_top_util_vector_logic_0_0' (0#1) [/home/lovro/ARES/ARES_fpga/ARES_fpga/ARES_fpga.runs/synth_1/.Xil/Vivado-188451-lovroLinuxM/realtime/Block_top_util_vector_logic_0_0_stub.v:6]
INFO: [Synth 8-6157] synthesizing module 'Block_top_util_vector_logic_0_1' [/home/lovro/ARES/ARES_fpga/ARES_fpga/ARES_fpga.runs/synth_1/.Xil/Vivado-188451-lovroLinuxM/realtime/Block_top_util_vector_logic_0_1_stub.v:6]
INFO: [Synth 8-6155] done synthesizing module 'Block_top_util_vector_logic_0_1' (0#1) [/home/lovro/ARES/ARES_fpga/ARES_fpga/ARES_fpga.runs/synth_1/.Xil/Vivado-188451-lovroLinuxM/realtime/Block_top_util_vector_logic_0_1_stub.v:6]
INFO: [Synth 8-6155] done synthesizing module 'Block_top' (0#1) [/home/lovro/ARES/ARES_fpga/ARES_fpga/ARES_fpga.gen/sources_1/bd/Block_top/synth/Block_top.v:13]
INFO: [Synth 8-6155] done synthesizing module 'Block_top_wrapper' (0#1) [/home/lovro/ARES/ARES_fpga/ARES_fpga/ARES_fpga.gen/sources_1/bd/Block_top/hdl/Block_top_wrapper.v:13]
---------------------------------------------------------------------------------
Finished RTL Elaboration : Time (s): cpu = 00:00:04 ; elapsed = 00:00:04 . Memory (MB): peak = 2352.043 ; gain = 564.359 ; free physical = 3016 ; free virtual = 9002
---------------------------------------------------------------------------------
---------------------------------------------------------------------------------
Start Handling Custom Attributes
---------------------------------------------------------------------------------
---------------------------------------------------------------------------------
Finished Handling Custom Attributes : Time (s): cpu = 00:00:04 ; elapsed = 00:00:04 . Memory (MB): peak = 2352.043 ; gain = 564.359 ; free physical = 3016 ; free virtual = 9002
---------------------------------------------------------------------------------
---------------------------------------------------------------------------------
Finished RTL Optimization Phase 1 : Time (s): cpu = 00:00:04 ; elapsed = 00:00:04 . Memory (MB): peak = 2352.043 ; gain = 564.359 ; free physical = 3016 ; free virtual = 9002
---------------------------------------------------------------------------------
Netlist sorting complete. Time (s): cpu = 00:00:00 ; elapsed = 00:00:00 . Memory (MB): peak = 2352.043 ; gain = 0.000 ; free physical = 3016 ; free virtual = 9002
INFO: [Project 1-570] Preparing netlist for logic optimization

Processing XDC Constraints
Initializing timing engine
Parsing XDC File [/home/lovro/ARES/ARES_fpga/ARES_fpga/ARES_fpga.gen/sources_1/bd/Block_top/ip/Block_top_clk_wiz_0_0/Block_top_clk_wiz_0_0/Block_top_clk_wiz_0_0_in_context.xdc] for cell 'Block_top_i/clk_wiz_0'
Finished Parsing XDC File [/home/lovro/ARES/ARES_fpga/ARES_fpga/ARES_fpga.gen/sources_1/bd/Block_top/ip/Block_top_clk_wiz_0_0/Block_top_clk_wiz_0_0/Block_top_clk_wiz_0_0_in_context.xdc] for cell 'Block_top_i/clk_wiz_0'
Parsing XDC File [/home/lovro/ARES/ARES_fpga/ARES_fpga/ARES_fpga.gen/sources_1/bd/Block_top/ip/Block_top_util_vector_logic_0_0/Block_top_util_vector_logic_0_0/Block_top_util_vector_logic_0_1_in_context.xdc] for cell 'Block_top_i/util_vector_logic_0'
Finished Parsing XDC File [/home/lovro/ARES/ARES_fpga/ARES_fpga/ARES_fpga.gen/sources_1/bd/Block_top/ip/Block_top_util_vector_logic_0_0/Block_top_util_vector_logic_0_0/Block_top_util_vector_logic_0_1_in_context.xdc] for cell 'Block_top_i/util_vector_logic_0'
Parsing XDC File [/home/lovro/ARES/ARES_fpga/ARES_fpga/ARES_fpga.gen/sources_1/bd/Block_top/ip/Block_top_mig_axi_wrapper_0_0/Block_top_mig_axi_wrapper_0_0/Block_top_mig_axi_wrapper_0_0_in_context.xdc] for cell 'Block_top_i/mig_axi_wrapper_0'
Finished Parsing XDC File [/home/lovro/ARES/ARES_fpga/ARES_fpga/ARES_fpga.gen/sources_1/bd/Block_top/ip/Block_top_mig_axi_wrapper_0_0/Block_top_mig_axi_wrapper_0_0/Block_top_mig_axi_wrapper_0_0_in_context.xdc] for cell 'Block_top_i/mig_axi_wrapper_0'
Parsing XDC File [/home/lovro/ARES/ARES_fpga/ARES_fpga/ARES_fpga.gen/sources_1/bd/Block_top/ip/Block_top_util_vector_logic_0_1/Block_top_util_vector_logic_0_1/Block_top_util_vector_logic_0_1_in_context.xdc] for cell 'Block_top_i/util_vector_logic_1'
Finished Parsing XDC File [/home/lovro/ARES/ARES_fpga/ARES_fpga/ARES_fpga.gen/sources_1/bd/Block_top/ip/Block_top_util_vector_logic_0_1/Block_top_util_vector_logic_0_1/Block_top_util_vector_logic_0_1_in_context.xdc] for cell 'Block_top_i/util_vector_logic_1'
Parsing XDC File [/home/lovro/ARES/ARES_fpga/ARES_fpga/ARES_fpga.gen/sources_1/bd/Block_top/ip/Block_top_smartconnect_0_0/Block_top_smartconnect_0_0/Block_top_smartconnect_0_0_in_context.xdc] for cell 'Block_top_i/smartconnect_mem'
Finished Parsing XDC File [/home/lovro/ARES/ARES_fpga/ARES_fpga/ARES_fpga.gen/sources_1/bd/Block_top/ip/Block_top_smartconnect_0_0/Block_top_smartconnect_0_0/Block_top_smartconnect_0_0_in_context.xdc] for cell 'Block_top_i/smartconnect_mem'
Parsing XDC File [/home/lovro/ARES/ARES_fpga/ARES_fpga/ARES_fpga.gen/sources_1/bd/Block_top/ip/Block_top_FLASH_SPI_wrapper_0_0/Block_top_FLASH_SPI_wrapper_0_0/Block_top_FLASH_SPI_wrapper_0_0_in_context.xdc] for cell 'Block_top_i/FLASH_SPI_wrapper_0'
Finished Parsing XDC File [/home/lovro/ARES/ARES_fpga/ARES_fpga/ARES_fpga.gen/sources_1/bd/Block_top/ip/Block_top_FLASH_SPI_wrapper_0_0/Block_top_FLASH_SPI_wrapper_0_0/Block_top_FLASH_SPI_wrapper_0_0_in_context.xdc] for cell 'Block_top_i/FLASH_SPI_wrapper_0'
Parsing XDC File [/home/lovro/ARES/ARES_fpga/ARES_fpga/ARES_fpga.gen/sources_1/bd/Block_top/ip/Block_top_smartconnect_0_1/Block_top_smartconnect_0_1/Block_top_smartconnect_0_1_in_context.xdc] for cell 'Block_top_i/smartconnect_io'
Finished Parsing XDC File [/home/lovro/ARES/ARES_fpga/ARES_fpga/ARES_fpga.gen/sources_1/bd/Block_top/ip/Block_top_smartconnect_0_1/Block_top_smartconnect_0_1/Block_top_smartconnect_0_1_in_context.xdc] for cell 'Block_top_i/smartconnect_io'
Parsing XDC File [/home/lovro/ARES/ARES_fpga/ARES_fpga/ARES_fpga.gen/sources_1/bd/Block_top/ip/Block_top_util_ds_buf_0_0/Block_top_util_ds_buf_0_0/Block_top_util_ds_buf_0_1_in_context.xdc] for cell 'Block_top_i/util_ds_buf_0'
Finished Parsing XDC File [/home/lovro/ARES/ARES_fpga/ARES_fpga/ARES_fpga.gen/sources_1/bd/Block_top/ip/Block_top_util_ds_buf_0_0/Block_top_util_ds_buf_0_0/Block_top_util_ds_buf_0_1_in_context.xdc] for cell 'Block_top_i/util_ds_buf_0'
Parsing XDC File [/home/lovro/ARES/ARES_fpga/ARES_fpga/ARES_fpga.gen/sources_1/bd/Block_top/ip/Block_top_axi_quad_spi_0_1/Block_top_axi_quad_spi_0_1/Block_top_axi_quad_spi_0_1_in_context.xdc] for cell 'Block_top_i/axi_quad_spi_0'
Finished Parsing XDC File [/home/lovro/ARES/ARES_fpga/ARES_fpga/ARES_fpga.gen/sources_1/bd/Block_top/ip/Block_top_axi_quad_spi_0_1/Block_top_axi_quad_spi_0_1/Block_top_axi_quad_spi_0_1_in_context.xdc] for cell 'Block_top_i/axi_quad_spi_0'
Parsing XDC File [/home/lovro/ARES/ARES_fpga/ARES_fpga/ARES_fpga.gen/sources_1/bd/Block_top/ip/Block_top_util_ds_buf_0_1/Block_top_util_ds_buf_0_1/Block_top_util_ds_buf_0_1_in_context.xdc] for cell 'Block_top_i/util_ds_buf_1'
Finished Parsing XDC File [/home/lovro/ARES/ARES_fpga/ARES_fpga/ARES_fpga.gen/sources_1/bd/Block_top/ip/Block_top_util_ds_buf_0_1/Block_top_util_ds_buf_0_1/Block_top_util_ds_buf_0_1_in_context.xdc] for cell 'Block_top_i/util_ds_buf_1'
Parsing XDC File [/home/lovro/ARES/ARES_fpga/ARES_fpga/ARES_fpga.gen/sources_1/bd/Block_top/ip/Block_top_util_ds_buf_0_2/Block_top_util_ds_buf_0_2/Block_top_util_ds_buf_0_1_in_context.xdc] for cell 'Block_top_i/util_ds_buf_2'
Finished Parsing XDC File [/home/lovro/ARES/ARES_fpga/ARES_fpga/ARES_fpga.gen/sources_1/bd/Block_top/ip/Block_top_util_ds_buf_0_2/Block_top_util_ds_buf_0_2/Block_top_util_ds_buf_0_1_in_context.xdc] for cell 'Block_top_i/util_ds_buf_2'
Parsing XDC File [/home/lovro/ARES/ARES_fpga/ARES_fpga/ARES_fpga.gen/sources_1/bd/Block_top/ip/Block_top_util_ds_buf_2_0/Block_top_util_ds_buf_2_0/Block_top_util_ds_buf_2_0_in_context.xdc] for cell 'Block_top_i/util_ds_buf_3'
Finished Parsing XDC File [/home/lovro/ARES/ARES_fpga/ARES_fpga/ARES_fpga.gen/sources_1/bd/Block_top/ip/Block_top_util_ds_buf_2_0/Block_top_util_ds_buf_2_0/Block_top_util_ds_buf_2_0_in_context.xdc] for cell 'Block_top_i/util_ds_buf_3'
Parsing XDC File [/home/lovro/ARES/ARES_fpga/ARES_fpga/ARES_fpga.gen/sources_1/bd/Block_top/ip/Block_top_axi_uartlite_0_0/Block_top_axi_uartlite_0_0/Block_top_axi_uartlite_0_0_in_context.xdc] for cell 'Block_top_i/axi_uartlite_0'
Finished Parsing XDC File [/home/lovro/ARES/ARES_fpga/ARES_fpga/ARES_fpga.gen/sources_1/bd/Block_top/ip/Block_top_axi_uartlite_0_0/Block_top_axi_uartlite_0_0/Block_top_axi_uartlite_0_0_in_context.xdc] for cell 'Block_top_i/axi_uartlite_0'
Parsing XDC File [/home/lovro/ARES/ARES_fpga/ARES_fpga/ARES_fpga.gen/sources_1/bd/Block_top/ip/Block_top_VexiiSocWrapper_0_1/Block_top_VexiiSocWrapper_0_1/Block_top_VexiiSocWrapper_0_1_in_context.xdc] for cell 'Block_top_i/VexiiSocWrapper_0'
Finished Parsing XDC File [/home/lovro/ARES/ARES_fpga/ARES_fpga/ARES_fpga.gen/sources_1/bd/Block_top/ip/Block_top_VexiiSocWrapper_0_1/Block_top_VexiiSocWrapper_0_1/Block_top_VexiiSocWrapper_0_1_in_context.xdc] for cell 'Block_top_i/VexiiSocWrapper_0'
Parsing XDC File [/home/lovro/ARES/ARES_fpga/ARES_fpga/ARES_fpga.srcs/constrs_1/new/DDR_MIG_pins.xdc]
WARNING: [Vivado 12-180] No cells matched 'get_cells -hier -filter {REF_NAME == PHASER_IN_PHY}'. [/home/lovro/ARES/ARES_fpga/ARES_fpga/ARES_fpga.srcs/constrs_1/new/DDR_MIG_pins.xdc:343]
WARNING: [Vivado 12-508] No pins matched 'get_pins -filter {NAME =~ */DQSFOUND} -of [get_cells -hier -filter {REF_NAME == PHASER_IN_PHY}]'. [/home/lovro/ARES/ARES_fpga/ARES_fpga/ARES_fpga.srcs/constrs_1/new/DDR_MIG_pins.xdc:343]
WARNING: [Vivado 12-180] No cells matched 'get_cells -hier -filter {REF_NAME == PHASER_OUT_PHY}'. [/home/lovro/ARES/ARES_fpga/ARES_fpga/ARES_fpga.srcs/constrs_1/new/DDR_MIG_pins.xdc:345]
WARNING: [Vivado 12-508] No pins matched 'get_pins -filter {NAME =~ */OSERDESRST} -of [get_cells -hier -filter {REF_NAME == PHASER_OUT_PHY}]'. [/home/lovro/ARES/ARES_fpga/ARES_fpga/ARES_fpga.srcs/constrs_1/new/DDR_MIG_pins.xdc:345]
WARNING: [Vivado 12-180] No cells matched 'get_cells -hier -filter {REF_NAME == PHASER_OUT_PHY}'. [/home/lovro/ARES/ARES_fpga/ARES_fpga/ARES_fpga.srcs/constrs_1/new/DDR_MIG_pins.xdc:346]
WARNING: [Vivado 12-508] No pins matched 'get_pins -filter {NAME =~ */OSERDESRST} -of [get_cells -hier -filter {REF_NAME == PHASER_OUT_PHY}]'. [/home/lovro/ARES/ARES_fpga/ARES_fpga/ARES_fpga.srcs/constrs_1/new/DDR_MIG_pins.xdc:346]
WARNING: [Vivado 12-508] No pins matched 'get_pins -hier -include_replicated_objects -filter {NAME =~ *temp_mon_enabled.u_tempmon/device_temp_sync_r1_reg[*]/D}'. [/home/lovro/ARES/ARES_fpga/ARES_fpga/ARES_fpga.srcs/constrs_1/new/DDR_MIG_pins.xdc:349]
WARNING: [Vivado 12-1023] No nets matched for command 'get_nets -hier -filter {NAME =~ */u_iodelay_ctrl/sys_rst_i}'. [/home/lovro/ARES/ARES_fpga/ARES_fpga/ARES_fpga.srcs/constrs_1/new/DDR_MIG_pins.xdc:352]
Finished Parsing XDC File [/home/lovro/ARES/ARES_fpga/ARES_fpga/ARES_fpga.srcs/constrs_1/new/DDR_MIG_pins.xdc]
WARNING: [Project 1-498] One or more constraints failed evaluation while reading constraint file [/home/lovro/ARES/ARES_fpga/ARES_fpga/ARES_fpga.srcs/constrs_1/new/DDR_MIG_pins.xdc] and the design contains unresolved black boxes. These constraints will be read post-synthesis (as long as their source constraint file is marked as used_in_implementation) and should be applied correctly then. You should review the constraints listed in the file [.Xil/Block_top_wrapper_propImpl.xdc] and check the run log file to verify that these constraints were correctly applied.
INFO: [Project 1-236] Implementation specific constraints were found while reading constraint file [/home/lovro/ARES/ARES_fpga/ARES_fpga/ARES_fpga.srcs/constrs_1/new/DDR_MIG_pins.xdc]. These constraints will be ignored for synthesis but will be used in implementation. Impacted constraints are listed in the file [.Xil/Block_top_wrapper_propImpl.xdc].
Resolution: To avoid this warning, move constraints listed in [.Xil/Block_top_wrapper_propImpl.xdc] to another XDC file and exclude this new file from synthesis with the used_in_synthesis property (File Properties dialog in GUI) and re-run elaboration/synthesis.
Parsing XDC File [/home/lovro/ARES/ARES_fpga/ARES_fpga/ARES_fpga.srcs/constrs_1/new/BASE_pins.xdc]
CRITICAL WARNING: [Constraints 18-1056] Clock 'clk_0' completely overrides clock 'clk'.
New: create_clock -period 10.000 -name clk_0 -waveform {0.000 5.000} [get_ports clk], [/home/lovro/ARES/ARES_fpga/ARES_fpga/ARES_fpga.srcs/constrs_1/new/BASE_pins.xdc:12]
Previous: create_clock -period 10.000 [get_ports clk], [/home/lovro/ARES/ARES_fpga/ARES_fpga/ARES_fpga.gen/sources_1/bd/Block_top/ip/Block_top_clk_wiz_0_0/Block_top_clk_wiz_0_0/Block_top_clk_wiz_0_0_in_context.xdc:1]
Resolution: Review the constraint files and remove the redundant clock definition(s). If the clock constraints are not saved in a file, you can first save the constraints to an XDC file and reload the design once the constraints have been corrected.
WARNING: [Vivado 12-584] No ports matched 'led[0]'. [/home/lovro/ARES/ARES_fpga/ARES_fpga/ARES_fpga.srcs/constrs_1/new/BASE_pins.xdc:18]
WARNING: [Vivado 12-584] No ports matched 'led[0]'. [/home/lovro/ARES/ARES_fpga/ARES_fpga/ARES_fpga.srcs/constrs_1/new/BASE_pins.xdc:19]
WARNING: [Vivado 12-584] No ports matched 'led[1]'. [/home/lovro/ARES/ARES_fpga/ARES_fpga/ARES_fpga.srcs/constrs_1/new/BASE_pins.xdc:21]
WARNING: [Vivado 12-584] No ports matched 'led[1]'. [/home/lovro/ARES/ARES_fpga/ARES_fpga/ARES_fpga.srcs/constrs_1/new/BASE_pins.xdc:22]
WARNING: [Vivado 12-584] No ports matched 'led[2]'. [/home/lovro/ARES/ARES_fpga/ARES_fpga/ARES_fpga.srcs/constrs_1/new/BASE_pins.xdc:24]
WARNING: [Vivado 12-584] No ports matched 'led[2]'. [/home/lovro/ARES/ARES_fpga/ARES_fpga/ARES_fpga.srcs/constrs_1/new/BASE_pins.xdc:25]
WARNING: [Vivado 12-584] No ports matched 'led[3]'. [/home/lovro/ARES/ARES_fpga/ARES_fpga/ARES_fpga.srcs/constrs_1/new/BASE_pins.xdc:27]
WARNING: [Vivado 12-584] No ports matched 'led[3]'. [/home/lovro/ARES/ARES_fpga/ARES_fpga/ARES_fpga.srcs/constrs_1/new/BASE_pins.xdc:28]
WARNING: [Vivado 12-584] No ports matched 'led[4]'. [/home/lovro/ARES/ARES_fpga/ARES_fpga/ARES_fpga.srcs/constrs_1/new/BASE_pins.xdc:30]
WARNING: [Vivado 12-584] No ports matched 'led[4]'. [/home/lovro/ARES/ARES_fpga/ARES_fpga/ARES_fpga.srcs/constrs_1/new/BASE_pins.xdc:31]
WARNING: [Vivado 12-584] No ports matched 'led[5]'. [/home/lovro/ARES/ARES_fpga/ARES_fpga/ARES_fpga.srcs/constrs_1/new/BASE_pins.xdc:33]
WARNING: [Vivado 12-584] No ports matched 'led[5]'. [/home/lovro/ARES/ARES_fpga/ARES_fpga/ARES_fpga.srcs/constrs_1/new/BASE_pins.xdc:34]
WARNING: [Vivado 12-584] No ports matched 'led[6]'. [/home/lovro/ARES/ARES_fpga/ARES_fpga/ARES_fpga.srcs/constrs_1/new/BASE_pins.xdc:36]
WARNING: [Vivado 12-584] No ports matched 'led[6]'. [/home/lovro/ARES/ARES_fpga/ARES_fpga/ARES_fpga.srcs/constrs_1/new/BASE_pins.xdc:37]
WARNING: [Vivado 12-584] No ports matched 'led[7]'. [/home/lovro/ARES/ARES_fpga/ARES_fpga/ARES_fpga.srcs/constrs_1/new/BASE_pins.xdc:39]
WARNING: [Vivado 12-584] No ports matched 'led[7]'. [/home/lovro/ARES/ARES_fpga/ARES_fpga/ARES_fpga.srcs/constrs_1/new/BASE_pins.xdc:40]
CRITICAL WARNING: [Common 17-69] Command failed: Cannot set load on pre-synthesized design.  Please open a synthesized design (or synthesize the current design) and rerun this command. [/home/lovro/ARES/ARES_fpga/ARES_fpga/ARES_fpga.srcs/constrs_1/new/BASE_pins.xdc:46]
CRITICAL WARNING: [Common 17-69] Command failed: Cannot set load on pre-synthesized design.  Please open a synthesized design (or synthesize the current design) and rerun this command. [/home/lovro/ARES/ARES_fpga/ARES_fpga/ARES_fpga.srcs/constrs_1/new/BASE_pins.xdc:47]
CRITICAL WARNING: [Common 17-69] Command failed: Cannot set load on pre-synthesized design.  Please open a synthesized design (or synthesize the current design) and rerun this command. [/home/lovro/ARES/ARES_fpga/ARES_fpga/ARES_fpga.srcs/constrs_1/new/BASE_pins.xdc:48]
CRITICAL WARNING: [Common 17-69] Command failed: Cannot set load on pre-synthesized design.  Please open a synthesized design (or synthesize the current design) and rerun this command. [/home/lovro/ARES/ARES_fpga/ARES_fpga/ARES_fpga.srcs/constrs_1/new/BASE_pins.xdc:49]
CRITICAL WARNING: [Common 17-69] Command failed: Cannot set load on pre-synthesized design.  Please open a synthesized design (or synthesize the current design) and rerun this command. [/home/lovro/ARES/ARES_fpga/ARES_fpga/ARES_fpga.srcs/constrs_1/new/BASE_pins.xdc:50]
CRITICAL WARNING: [Common 17-69] Command failed: Cannot set load on pre-synthesized design.  Please open a synthesized design (or synthesize the current design) and rerun this command. [/home/lovro/ARES/ARES_fpga/ARES_fpga/ARES_fpga.srcs/constrs_1/new/BASE_pins.xdc:51]
CRITICAL WARNING: [Common 17-69] Command failed: Cannot set load on pre-synthesized design.  Please open a synthesized design (or synthesize the current design) and rerun this command. [/home/lovro/ARES/ARES_fpga/ARES_fpga/ARES_fpga.srcs/constrs_1/new/BASE_pins.xdc:52]
CRITICAL WARNING: [Common 17-69] Command failed: Cannot set load on pre-synthesized design.  Please open a synthesized design (or synthesize the current design) and rerun this command. [/home/lovro/ARES/ARES_fpga/ARES_fpga/ARES_fpga.srcs/constrs_1/new/BASE_pins.xdc:53]
CRITICAL WARNING: [Common 17-69] Command failed: Cannot set load on pre-synthesized design.  Please open a synthesized design (or synthesize the current design) and rerun this command. [/home/lovro/ARES/ARES_fpga/ARES_fpga/ARES_fpga.srcs/constrs_1/new/BASE_pins.xdc:54]
CRITICAL WARNING: [Common 17-69] Command failed: Cannot set load on pre-synthesized design.  Please open a synthesized design (or synthesize the current design) and rerun this command. [/home/lovro/ARES/ARES_fpga/ARES_fpga/ARES_fpga.srcs/constrs_1/new/BASE_pins.xdc:55]
CRITICAL WARNING: [Common 17-69] Command failed: Cannot set load on pre-synthesized design.  Please open a synthesized design (or synthesize the current design) and rerun this command. [/home/lovro/ARES/ARES_fpga/ARES_fpga/ARES_fpga.srcs/constrs_1/new/BASE_pins.xdc:56]
CRITICAL WARNING: [Common 17-69] Command failed: Cannot set load on pre-synthesized design.  Please open a synthesized design (or synthesize the current design) and rerun this command. [/home/lovro/ARES/ARES_fpga/ARES_fpga/ARES_fpga.srcs/constrs_1/new/BASE_pins.xdc:57]
CRITICAL WARNING: [Common 17-69] Command failed: Cannot set load on pre-synthesized design.  Please open a synthesized design (or synthesize the current design) and rerun this command. [/home/lovro/ARES/ARES_fpga/ARES_fpga/ARES_fpga.srcs/constrs_1/new/BASE_pins.xdc:58]
CRITICAL WARNING: [Common 17-69] Command failed: Cannot set load on pre-synthesized design.  Please open a synthesized design (or synthesize the current design) and rerun this command. [/home/lovro/ARES/ARES_fpga/ARES_fpga/ARES_fpga.srcs/constrs_1/new/BASE_pins.xdc:59]
CRITICAL WARNING: [Common 17-69] Command failed: Cannot set load on pre-synthesized design.  Please open a synthesized design (or synthesize the current design) and rerun this command. [/home/lovro/ARES/ARES_fpga/ARES_fpga/ARES_fpga.srcs/constrs_1/new/BASE_pins.xdc:60]
CRITICAL WARNING: [Common 17-69] Command failed: Cannot set load on pre-synthesized design.  Please open a synthesized design (or synthesize the current design) and rerun this command. [/home/lovro/ARES/ARES_fpga/ARES_fpga/ARES_fpga.srcs/constrs_1/new/BASE_pins.xdc:61]
CRITICAL WARNING: [Common 17-69] Command failed: Cannot set load on pre-synthesized design.  Please open a synthesized design (or synthesize the current design) and rerun this command. [/home/lovro/ARES/ARES_fpga/ARES_fpga/ARES_fpga.srcs/constrs_1/new/BASE_pins.xdc:62]
CRITICAL WARNING: [Common 17-69] Command failed: Cannot set load on pre-synthesized design.  Please open a synthesized design (or synthesize the current design) and rerun this command. [/home/lovro/ARES/ARES_fpga/ARES_fpga/ARES_fpga.srcs/constrs_1/new/BASE_pins.xdc:63]
CRITICAL WARNING: [Common 17-69] Command failed: Cannot set load on pre-synthesized design.  Please open a synthesized design (or synthesize the current design) and rerun this command. [/home/lovro/ARES/ARES_fpga/ARES_fpga/ARES_fpga.srcs/constrs_1/new/BASE_pins.xdc:64]
CRITICAL WARNING: [Common 17-69] Command failed: Cannot set load on pre-synthesized design.  Please open a synthesized design (or synthesize the current design) and rerun this command. [/home/lovro/ARES/ARES_fpga/ARES_fpga/ARES_fpga.srcs/constrs_1/new/BASE_pins.xdc:65]
CRITICAL WARNING: [Common 17-69] Command failed: Cannot set load on pre-synthesized design.  Please open a synthesized design (or synthesize the current design) and rerun this command. [/home/lovro/ARES/ARES_fpga/ARES_fpga/ARES_fpga.srcs/constrs_1/new/BASE_pins.xdc:66]
CRITICAL WARNING: [Common 17-69] Command failed: Cannot set load on pre-synthesized design.  Please open a synthesized design (or synthesize the current design) and rerun this command. [/home/lovro/ARES/ARES_fpga/ARES_fpga/ARES_fpga.srcs/constrs_1/new/BASE_pins.xdc:67]
CRITICAL WARNING: [Common 17-69] Command failed: Cannot set load on pre-synthesized design.  Please open a synthesized design (or synthesize the current design) and rerun this command. [/home/lovro/ARES/ARES_fpga/ARES_fpga/ARES_fpga.srcs/constrs_1/new/BASE_pins.xdc:68]
CRITICAL WARNING: [Common 17-69] Command failed: Cannot set load on pre-synthesized design.  Please open a synthesized design (or synthesize the current design) and rerun this command. [/home/lovro/ARES/ARES_fpga/ARES_fpga/ARES_fpga.srcs/constrs_1/new/BASE_pins.xdc:69]
CRITICAL WARNING: [Common 17-69] Command failed: Cannot set load on pre-synthesized design.  Please open a synthesized design (or synthesize the current design) and rerun this command. [/home/lovro/ARES/ARES_fpga/ARES_fpga/ARES_fpga.srcs/constrs_1/new/BASE_pins.xdc:70]
CRITICAL WARNING: [Common 17-69] Command failed: Cannot set load on pre-synthesized design.  Please open a synthesized design (or synthesize the current design) and rerun this command. [/home/lovro/ARES/ARES_fpga/ARES_fpga/ARES_fpga.srcs/constrs_1/new/BASE_pins.xdc:71]
CRITICAL WARNING: [Common 17-69] Command failed: Cannot set load on pre-synthesized design.  Please open a synthesized design (or synthesize the current design) and rerun this command. [/home/lovro/ARES/ARES_fpga/ARES_fpga/ARES_fpga.srcs/constrs_1/new/BASE_pins.xdc:72]
CRITICAL WARNING: [Common 17-69] Command failed: Cannot set load on pre-synthesized design.  Please open a synthesized design (or synthesize the current design) and rerun this command. [/home/lovro/ARES/ARES_fpga/ARES_fpga/ARES_fpga.srcs/constrs_1/new/BASE_pins.xdc:73]
CRITICAL WARNING: [Common 17-69] Command failed: Cannot set load on pre-synthesized design.  Please open a synthesized design (or synthesize the current design) and rerun this command. [/home/lovro/ARES/ARES_fpga/ARES_fpga/ARES_fpga.srcs/constrs_1/new/BASE_pins.xdc:74]
CRITICAL WARNING: [Common 17-69] Command failed: Cannot set load on pre-synthesized design.  Please open a synthesized design (or synthesize the current design) and rerun this command. [/home/lovro/ARES/ARES_fpga/ARES_fpga/ARES_fpga.srcs/constrs_1/new/BASE_pins.xdc:75]
CRITICAL WARNING: [Common 17-69] Command failed: Cannot set load on pre-synthesized design.  Please open a synthesized design (or synthesize the current design) and rerun this command. [/home/lovro/ARES/ARES_fpga/ARES_fpga/ARES_fpga.srcs/constrs_1/new/BASE_pins.xdc:76]
CRITICAL WARNING: [Common 17-69] Command failed: Cannot set load on pre-synthesized design.  Please open a synthesized design (or synthesize the current design) and rerun this command. [/home/lovro/ARES/ARES_fpga/ARES_fpga/ARES_fpga.srcs/constrs_1/new/BASE_pins.xdc:77]
CRITICAL WARNING: [Common 17-69] Command failed: Cannot set load on pre-synthesized design.  Please open a synthesized design (or synthesize the current design) and rerun this command. [/home/lovro/ARES/ARES_fpga/ARES_fpga/ARES_fpga.srcs/constrs_1/new/BASE_pins.xdc:78]
CRITICAL WARNING: [Common 17-69] Command failed: Cannot set load on pre-synthesized design.  Please open a synthesized design (or synthesize the current design) and rerun this command. [/home/lovro/ARES/ARES_fpga/ARES_fpga/ARES_fpga.srcs/constrs_1/new/BASE_pins.xdc:79]
CRITICAL WARNING: [Common 17-69] Command failed: Cannot set load on pre-synthesized design.  Please open a synthesized design (or synthesize the current design) and rerun this command. [/home/lovro/ARES/ARES_fpga/ARES_fpga/ARES_fpga.srcs/constrs_1/new/BASE_pins.xdc:80]
CRITICAL WARNING: [Common 17-69] Command failed: Cannot set load on pre-synthesized design.  Please open a synthesized design (or synthesize the current design) and rerun this command. [/home/lovro/ARES/ARES_fpga/ARES_fpga/ARES_fpga.srcs/constrs_1/new/BASE_pins.xdc:81]
CRITICAL WARNING: [Common 17-69] Command failed: Cannot set load on pre-synthesized design.  Please open a synthesized design (or synthesize the current design) and rerun this command. [/home/lovro/ARES/ARES_fpga/ARES_fpga/ARES_fpga.srcs/constrs_1/new/BASE_pins.xdc:82]
CRITICAL WARNING: [Common 17-69] Command failed: Cannot set load on pre-synthesized design.  Please open a synthesized design (or synthesize the current design) and rerun this command. [/home/lovro/ARES/ARES_fpga/ARES_fpga/ARES_fpga.srcs/constrs_1/new/BASE_pins.xdc:83]
CRITICAL WARNING: [Common 17-69] Command failed: Cannot set load on pre-synthesized design.  Please open a synthesized design (or synthesize the current design) and rerun this command. [/home/lovro/ARES/ARES_fpga/ARES_fpga/ARES_fpga.srcs/constrs_1/new/BASE_pins.xdc:84]
CRITICAL WARNING: [Common 17-69] Command failed: Cannot set load on pre-synthesized design.  Please open a synthesized design (or synthesize the current design) and rerun this command. [/home/lovro/ARES/ARES_fpga/ARES_fpga/ARES_fpga.srcs/constrs_1/new/BASE_pins.xdc:85]
CRITICAL WARNING: [Common 17-69] Command failed: Cannot set load on pre-synthesized design.  Please open a synthesized design (or synthesize the current design) and rerun this command. [/home/lovro/ARES/ARES_fpga/ARES_fpga/ARES_fpga.srcs/constrs_1/new/BASE_pins.xdc:86]
CRITICAL WARNING: [Common 17-69] Command failed: Cannot set load on pre-synthesized design.  Please open a synthesized design (or synthesize the current design) and rerun this command. [/home/lovro/ARES/ARES_fpga/ARES_fpga/ARES_fpga.srcs/constrs_1/new/BASE_pins.xdc:87]
CRITICAL WARNING: [Common 17-69] Command failed: Cannot set load on pre-synthesized design.  Please open a synthesized design (or synthesize the current design) and rerun this command. [/home/lovro/ARES/ARES_fpga/ARES_fpga/ARES_fpga.srcs/constrs_1/new/BASE_pins.xdc:88]
CRITICAL WARNING: [Common 17-69] Command failed: Cannot set load on pre-synthesized design.  Please open a synthesized design (or synthesize the current design) and rerun this command. [/home/lovro/ARES/ARES_fpga/ARES_fpga/ARES_fpga.srcs/constrs_1/new/BASE_pins.xdc:89]
CRITICAL WARNING: [Common 17-69] Command failed: Cannot set load on pre-synthesized design.  Please open a synthesized design (or synthesize the current design) and rerun this command. [/home/lovro/ARES/ARES_fpga/ARES_fpga/ARES_fpga.srcs/constrs_1/new/BASE_pins.xdc:90]
CRITICAL WARNING: [Common 17-69] Command failed: Cannot set load on pre-synthesized design.  Please open a synthesized design (or synthesize the current design) and rerun this command. [/home/lovro/ARES/ARES_fpga/ARES_fpga/ARES_fpga.srcs/constrs_1/new/BASE_pins.xdc:91]
CRITICAL WARNING: [Common 17-69] Command failed: Cannot set load on pre-synthesized design.  Please open a synthesized design (or synthesize the current design) and rerun this command. [/home/lovro/ARES/ARES_fpga/ARES_fpga/ARES_fpga.srcs/constrs_1/new/BASE_pins.xdc:92]
CRITICAL WARNING: [Common 17-69] Command failed: Cannot set load on pre-synthesized design.  Please open a synthesized design (or synthesize the current design) and rerun this command. [/home/lovro/ARES/ARES_fpga/ARES_fpga/ARES_fpga.srcs/constrs_1/new/BASE_pins.xdc:93]
WARNING: [Vivado 12-584] No ports matched 'led[0]'. [/home/lovro/ARES/ARES_fpga/ARES_fpga/ARES_fpga.srcs/constrs_1/new/BASE_pins.xdc:94]
WARNING: [Vivado 12-584] No ports matched 'led[1]'. [/home/lovro/ARES/ARES_fpga/ARES_fpga/ARES_fpga.srcs/constrs_1/new/BASE_pins.xdc:95]
WARNING: [Vivado 12-584] No ports matched 'led[2]'. [/home/lovro/ARES/ARES_fpga/ARES_fpga/ARES_fpga.srcs/constrs_1/new/BASE_pins.xdc:96]
WARNING: [Vivado 12-584] No ports matched 'led[3]'. [/home/lovro/ARES/ARES_fpga/ARES_fpga/ARES_fpga.srcs/constrs_1/new/BASE_pins.xdc:97]
WARNING: [Vivado 12-584] No ports matched 'led[4]'. [/home/lovro/ARES/ARES_fpga/ARES_fpga/ARES_fpga.srcs/constrs_1/new/BASE_pins.xdc:98]
WARNING: [Vivado 12-584] No ports matched 'led[5]'. [/home/lovro/ARES/ARES_fpga/ARES_fpga/ARES_fpga.srcs/constrs_1/new/BASE_pins.xdc:99]
WARNING: [Vivado 12-584] No ports matched 'led[6]'. [/home/lovro/ARES/ARES_fpga/ARES_fpga/ARES_fpga.srcs/constrs_1/new/BASE_pins.xdc:100]
WARNING: [Vivado 12-584] No ports matched 'led[7]'. [/home/lovro/ARES/ARES_fpga/ARES_fpga/ARES_fpga.srcs/constrs_1/new/BASE_pins.xdc:101]
Finished Parsing XDC File [/home/lovro/ARES/ARES_fpga/ARES_fpga/ARES_fpga.srcs/constrs_1/new/BASE_pins.xdc]
WARNING: [Project 1-498] One or more constraints failed evaluation while reading constraint file [/home/lovro/ARES/ARES_fpga/ARES_fpga/ARES_fpga.srcs/constrs_1/new/BASE_pins.xdc] and the design contains unresolved black boxes. These constraints will be read post-synthesis (as long as their source constraint file is marked as used_in_implementation) and should be applied correctly then. You should review the constraints listed in the file [.Xil/Block_top_wrapper_propImpl.xdc] and check the run log file to verify that these constraints were correctly applied.
INFO: [Project 1-236] Implementation specific constraints were found while reading constraint file [/home/lovro/ARES/ARES_fpga/ARES_fpga/ARES_fpga.srcs/constrs_1/new/BASE_pins.xdc]. These constraints will be ignored for synthesis but will be used in implementation. Impacted constraints are listed in the file [.Xil/Block_top_wrapper_propImpl.xdc].
Resolution: To avoid this warning, move constraints listed in [.Xil/Block_top_wrapper_propImpl.xdc] to another XDC file and exclude this new file from synthesis with the used_in_synthesis property (File Properties dialog in GUI) and re-run elaboration/synthesis.
Parsing XDC File [/home/lovro/ARES/ARES_fpga/ARES_fpga/ARES_fpga.srcs/constrs_1/new/SPI_pins.xdc]
Finished Parsing XDC File [/home/lovro/ARES/ARES_fpga/ARES_fpga/ARES_fpga.srcs/constrs_1/new/SPI_pins.xdc]
INFO: [Project 1-236] Implementation specific constraints were found while reading constraint file [/home/lovro/ARES/ARES_fpga/ARES_fpga/ARES_fpga.srcs/constrs_1/new/SPI_pins.xdc]. These constraints will be ignored for synthesis but will be used in implementation. Impacted constraints are listed in the file [.Xil/Block_top_wrapper_propImpl.xdc].
Resolution: To avoid this warning, move constraints listed in [.Xil/Block_top_wrapper_propImpl.xdc] to another XDC file and exclude this new file from synthesis with the used_in_synthesis property (File Properties dialog in GUI) and re-run elaboration/synthesis.
Parsing XDC File [/home/lovro/ARES/ARES_fpga/ARES_fpga/ARES_fpga.srcs/constrs_1/new/UART_pins.xdc]
Finished Parsing XDC File [/home/lovro/ARES/ARES_fpga/ARES_fpga/ARES_fpga.srcs/constrs_1/new/UART_pins.xdc]
INFO: [Project 1-236] Implementation specific constraints were found while reading constraint file [/home/lovro/ARES/ARES_fpga/ARES_fpga/ARES_fpga.srcs/constrs_1/new/UART_pins.xdc]. These constraints will be ignored for synthesis but will be used in implementation. Impacted constraints are listed in the file [.Xil/Block_top_wrapper_propImpl.xdc].
Resolution: To avoid this warning, move constraints listed in [.Xil/Block_top_wrapper_propImpl.xdc] to another XDC file and exclude this new file from synthesis with the used_in_synthesis property (File Properties dialog in GUI) and re-run elaboration/synthesis.
Parsing XDC File [/home/lovro/ARES/ARES_fpga/ARES_fpga/ARES_fpga.runs/synth_1/dont_touch.xdc]
Finished Parsing XDC File [/home/lovro/ARES/ARES_fpga/ARES_fpga/ARES_fpga.runs/synth_1/dont_touch.xdc]
Completed Processing XDC Constraints

Netlist sorting complete. Time (s): cpu = 00:00:00 ; elapsed = 00:00:00 . Memory (MB): peak = 2399.695 ; gain = 0.000 ; free physical = 3027 ; free virtual = 9011
INFO: [Project 1-111] Unisim Transformation Summary:
No Unisim elements were transformed.

Constraint Validation Runtime : Time (s): cpu = 00:00:00 ; elapsed = 00:00:00 . Memory (MB): peak = 2399.730 ; gain = 0.000 ; free physical = 3027 ; free virtual = 9010
WARNING: [Timing 38-316] Clock period '20.000' specified during out-of-context synthesis of instance 'Block_top_i/axi_quad_spi_0' at clock pin 'ext_spi_clk' is different from the actual clock period '10.000', this can lead to different synthesis results.
INFO: [Designutils 20-5440] No compile time benefit to using incremental synthesis; A full resynthesis will be run
INFO: [Designutils 20-4379] Flow is switching to default flow due to incremental criteria not met. If you would like to alter this behaviour and have the flow terminate instead, please set the following parameter config_implementation {autoIncr.Synth.RejectBehavior Terminate}
---------------------------------------------------------------------------------
Finished Constraint Validation : Time (s): cpu = 00:00:09 ; elapsed = 00:00:09 . Memory (MB): peak = 2399.730 ; gain = 612.047 ; free physical = 3054 ; free virtual = 9034
---------------------------------------------------------------------------------
---------------------------------------------------------------------------------
Start Loading Part and Timing Information
---------------------------------------------------------------------------------
Loading part: xc7a35tftg256-2
---------------------------------------------------------------------------------
Finished Loading Part and Timing Information : Time (s): cpu = 00:00:09 ; elapsed = 00:00:09 . Memory (MB): peak = 2407.699 ; gain = 620.016 ; free physical = 3054 ; free virtual = 9034
---------------------------------------------------------------------------------
---------------------------------------------------------------------------------
Start Applying 'set_property' XDC Constraints
---------------------------------------------------------------------------------
---------------------------------------------------------------------------------
Finished applying 'set_property' XDC Constraints : Time (s): cpu = 00:00:09 ; elapsed = 00:00:09 . Memory (MB): peak = 2407.699 ; gain = 620.016 ; free physical = 3052 ; free virtual = 9034
---------------------------------------------------------------------------------
---------------------------------------------------------------------------------
Finished RTL Optimization Phase 2 : Time (s): cpu = 00:00:09 ; elapsed = 00:00:09 . Memory (MB): peak = 2407.699 ; gain = 620.016 ; free physical = 3051 ; free virtual = 9034
---------------------------------------------------------------------------------
---------------------------------------------------------------------------------
Start RTL Component Statistics 
---------------------------------------------------------------------------------
Detailed RTL Component Info : 
---------------------------------------------------------------------------------
Finished RTL Component Statistics 
---------------------------------------------------------------------------------
---------------------------------------------------------------------------------
Start Part Resource Summary
---------------------------------------------------------------------------------
Part Resources:
DSPs: 90 (col length:60)
BRAMs: 100 (col length: RAMB18 60 RAMB36 30)
---------------------------------------------------------------------------------
Finished Part Resource Summary
---------------------------------------------------------------------------------
---------------------------------------------------------------------------------
Start Cross Boundary and Area Optimization
---------------------------------------------------------------------------------
---------------------------------------------------------------------------------
Finished Cross Boundary and Area Optimization : Time (s): cpu = 00:00:10 ; elapsed = 00:00:10 . Memory (MB): peak = 2407.699 ; gain = 620.016 ; free physical = 3061 ; free virtual = 9052
---------------------------------------------------------------------------------
---------------------------------------------------------------------------------
Start Applying XDC Timing Constraints
---------------------------------------------------------------------------------
---------------------------------------------------------------------------------
Finished Applying XDC Timing Constraints : Time (s): cpu = 00:00:13 ; elapsed = 00:00:14 . Memory (MB): peak = 2505.699 ; gain = 718.016 ; free physical = 3049 ; free virtual = 9037
---------------------------------------------------------------------------------
---------------------------------------------------------------------------------
Start Timing Optimization
---------------------------------------------------------------------------------
---------------------------------------------------------------------------------
Finished Timing Optimization : Time (s): cpu = 00:00:13 ; elapsed = 00:00:14 . Memory (MB): peak = 2505.699 ; gain = 718.016 ; free physical = 3049 ; free virtual = 9037
---------------------------------------------------------------------------------
---------------------------------------------------------------------------------
Start Technology Mapping
---------------------------------------------------------------------------------
---------------------------------------------------------------------------------
Finished Technology Mapping : Time (s): cpu = 00:00:13 ; elapsed = 00:00:14 . Memory (MB): peak = 2515.715 ; gain = 728.031 ; free physical = 3041 ; free virtual = 9029
---------------------------------------------------------------------------------
---------------------------------------------------------------------------------
Start IO Insertion
---------------------------------------------------------------------------------
---------------------------------------------------------------------------------
Start Flattening Before IO Insertion
---------------------------------------------------------------------------------
---------------------------------------------------------------------------------
Finished Flattening Before IO Insertion
---------------------------------------------------------------------------------
---------------------------------------------------------------------------------
Start Final Netlist Cleanup
---------------------------------------------------------------------------------
---------------------------------------------------------------------------------
Finished Final Netlist Cleanup
---------------------------------------------------------------------------------
---------------------------------------------------------------------------------
Finished IO Insertion : Time (s): cpu = 00:00:16 ; elapsed = 00:00:17 . Memory (MB): peak = 2702.527 ; gain = 914.844 ; free physical = 2882 ; free virtual = 8872
---------------------------------------------------------------------------------
---------------------------------------------------------------------------------
Start Renaming Generated Instances
---------------------------------------------------------------------------------
---------------------------------------------------------------------------------
Finished Renaming Generated Instances : Time (s): cpu = 00:00:16 ; elapsed = 00:00:17 . Memory (MB): peak = 2702.527 ; gain = 914.844 ; free physical = 2882 ; free virtual = 8872
---------------------------------------------------------------------------------
---------------------------------------------------------------------------------
Start Rebuilding User Hierarchy
---------------------------------------------------------------------------------
---------------------------------------------------------------------------------
Finished Rebuilding User Hierarchy : Time (s): cpu = 00:00:16 ; elapsed = 00:00:17 . Memory (MB): peak = 2702.527 ; gain = 914.844 ; free physical = 2882 ; free virtual = 8872
---------------------------------------------------------------------------------
---------------------------------------------------------------------------------
Start Renaming Generated Ports
---------------------------------------------------------------------------------
---------------------------------------------------------------------------------
Finished Renaming Generated Ports : Time (s): cpu = 00:00:16 ; elapsed = 00:00:17 . Memory (MB): peak = 2702.527 ; gain = 914.844 ; free physical = 2882 ; free virtual = 8872
---------------------------------------------------------------------------------
---------------------------------------------------------------------------------
Start Handling Custom Attributes
---------------------------------------------------------------------------------
---------------------------------------------------------------------------------
Finished Handling Custom Attributes : Time (s): cpu = 00:00:16 ; elapsed = 00:00:17 . Memory (MB): peak = 2702.527 ; gain = 914.844 ; free physical = 2882 ; free virtual = 8872
---------------------------------------------------------------------------------
---------------------------------------------------------------------------------
Start Renaming Generated Nets
---------------------------------------------------------------------------------
---------------------------------------------------------------------------------
Finished Renaming Generated Nets : Time (s): cpu = 00:00:16 ; elapsed = 00:00:17 . Memory (MB): peak = 2702.527 ; gain = 914.844 ; free physical = 2882 ; free virtual = 8872
---------------------------------------------------------------------------------
---------------------------------------------------------------------------------
Start Writing Synthesis Report
---------------------------------------------------------------------------------

Report BlackBoxes: 
+------+--------------------------------+----------+
|      |BlackBox name                   |Instances |
+------+--------------------------------+----------+
|1     |Block_top_FLASH_SPI_wrapper_0_0 |         1|
|2     |Block_top_VexiiSocWrapper_0_1   |         1|
|3     |Block_top_axi_quad_spi_0_1      |         1|
|4     |Block_top_axi_uartlite_0_0      |         1|
|5     |Block_top_clk_wiz_0_0           |         1|
|6     |Block_top_mig_axi_wrapper_0_0   |         1|
|7     |Block_top_smartconnect_0_1      |         1|
|8     |Block_top_smartconnect_0_0      |         1|
|9     |Block_top_util_ds_buf_0_0       |         1|
|10    |Block_top_util_ds_buf_0_1       |         1|
|11    |Block_top_util_ds_buf_0_2       |         1|
|12    |Block_top_util_ds_buf_2_0       |         1|
|13    |Block_top_util_vector_logic_0_0 |         1|
|14    |Block_top_util_vector_logic_0_1 |         1|
+------+--------------------------------+----------+

Report Cell Usage: 
+------+------------------------------+------+
|      |Cell                          |Count |
+------+------------------------------+------+
|1     |Block_top_FLASH_SPI_wrapper_0 |     1|
|2     |Block_top_VexiiSocWrapper_0   |     1|
|3     |Block_top_axi_quad_spi_0      |     1|
|4     |Block_top_axi_uartlite_0      |     1|
|5     |Block_top_clk_wiz_0           |     1|
|6     |Block_top_mig_axi_wrapper_0   |     1|
|7     |Block_top_smartconnect_0      |     2|
|9     |Block_top_util_ds_buf_0       |     3|
|12    |Block_top_util_ds_buf_2       |     1|
|13    |Block_top_util_vector_logic_0 |     2|
|15    |IBUF                          |     3|
|16    |OBUF                          |     5|
+------+------------------------------+------+
---------------------------------------------------------------------------------
Finished Writing Synthesis Report : Time (s): cpu = 00:00:16 ; elapsed = 00:00:17 . Memory (MB): peak = 2702.527 ; gain = 914.844 ; free physical = 2882 ; free virtual = 8872
---------------------------------------------------------------------------------
Synthesis finished with 0 errors, 0 critical warnings and 0 warnings.
Synthesis Optimization Runtime : Time (s): cpu = 00:00:15 ; elapsed = 00:00:15 . Memory (MB): peak = 2702.527 ; gain = 867.156 ; free physical = 2882 ; free virtual = 8872
Synthesis Optimization Complete : Time (s): cpu = 00:00:16 ; elapsed = 00:00:17 . Memory (MB): peak = 2702.535 ; gain = 914.844 ; free physical = 2882 ; free virtual = 8872
INFO: [Project 1-571] Translating synthesized netlist
Netlist sorting complete. Time (s): cpu = 00:00:00.01 ; elapsed = 00:00:00.01 . Memory (MB): peak = 2702.535 ; gain = 0.000 ; free physical = 2944 ; free virtual = 8935
INFO: [Project 1-570] Preparing netlist for logic optimization
INFO: [Opt 31-138] Pushed 0 inverter(s) to 0 load pin(s).
Netlist sorting complete. Time (s): cpu = 00:00:00 ; elapsed = 00:00:00 . Memory (MB): peak = 2702.535 ; gain = 0.000 ; free physical = 2964 ; free virtual = 8952
INFO: [Project 1-111] Unisim Transformation Summary:
No Unisim elements were transformed.

Synth Design complete | Checksum: 96a1b1a6
INFO: [Common 17-83] Releasing license: Synthesis
57 Infos, 55 Warnings, 49 Critical Warnings and 0 Errors encountered.
synth_design completed successfully
synth_design: Time (s): cpu = 00:00:22 ; elapsed = 00:00:21 . Memory (MB): peak = 2702.562 ; gain = 1090.371 ; free physical = 2973 ; free virtual = 8960
INFO: [Common 17-2834] synth_design peak Physical Memory [PSS] (MB): overall = 1836.447; main = 1836.447; forked = 282.555
INFO: [Common 17-2834] synth_design peak Virtual Memory [VSS] (MB): overall = 3401.922; main = 2702.531; forked = 994.219
INFO: [runtcl-6] Synthesis results are not added to the cache due to CRITICAL_WARNING
Write ShapeDB Complete: Time (s): cpu = 00:00:00 ; elapsed = 00:00:00 . Memory (MB): peak = 2726.539 ; gain = 0.000 ; free physical = 2973 ; free virtual = 8960
INFO: [Common 17-1381] The checkpoint '/home/lovro/ARES/ARES_fpga/ARES_fpga/ARES_fpga.runs/synth_1/Block_top_wrapper.dcp' has been generated.
INFO: [Vivado 12-24828] Executing command : report_utilization -file Block_top_wrapper_utilization_synth.rpt -pb Block_top_wrapper_utilization_synth.pb
INFO: [Common 17-206] Exiting Vivado at Thu Aug  6 22:29:53 2026...
