
*** Running vivado
    with args -log CPU_block_inst_1_CPU_IO_converter_0_0.vds -m64 -product Vivado -mode batch -messageDb vivado.pb -notrace -source CPU_block_inst_1_CPU_IO_converter_0_0.tcl


****** Vivado v2025.2 (64-bit)
  **** SW Build 6299465 on Fri Nov 14 12:34:56 MST 2025
  **** IP Build 6300035 on Fri Nov 14 10:48:45 MST 2025
  **** SharedData Build 6298862 on Thu Nov 13 04:50:51 MST 2025
  **** Start of session at: Wed Jul 29 23:01:54 2026
    ** Copyright 1986-2022 Xilinx, Inc. All Rights Reserved.
    ** Copyright 2022-2025 Advanced Micro Devices, Inc. All Rights Reserved.

source CPU_block_inst_1_CPU_IO_converter_0_0.tcl -notrace
create_project: Time (s): cpu = 00:00:21 ; elapsed = 00:00:12 . Memory (MB): peak = 1604.723 ; gain = 64.059 ; free physical = 6489 ; free virtual = 21459
INFO: [IP_Flow 19-234] Refreshing IP repositories
INFO: [IP_Flow 19-1700] Loaded user IP repository '/home/lovro/Documents/Alchistry_Labs/DDR3 test/cores/ip_repo/myip_1_0'.
INFO: [IP_Flow 19-1700] Loaded user IP repository '/home/lovro/Documents/Alchistry_Labs/DDR3 test/cores/ip_repo/CPU_IO_converter_1_0'.
INFO: [IP_Flow 19-1700] Loaded user IP repository '/home/lovro/Documents/Alchistry_Labs/DDR3 test/cores/ip_repo/CPU_io_converter_1_0'.
INFO: [IP_Flow 19-2313] Loaded Vivado IP repository '/opt/Vivado/2025.2/data/ip'.
Command: synth_design -top CPU_block_inst_1_CPU_IO_converter_0_0 -part xc7a35tftg256-2 -incremental_mode off -mode out_of_context
Starting synth_design
Attempting to get a license for feature 'Synthesis' and/or device 'xc7a35t'
INFO: [Common 17-349] Got license for feature 'Synthesis' and/or device 'xc7a35t'
INFO: [Device 21-403] Loading part xc7a35tftg256-2
INFO: [Synth 8-7079] Multithreading enabled for synth_design using a maximum of 7 processes.
INFO: [Synth 8-7078] Launching helper process for spawning children vivado processes
INFO: [Synth 8-7075] Helper process launched with PID 589094
---------------------------------------------------------------------------------
Starting RTL Elaboration : Time (s): cpu = 00:00:08 ; elapsed = 00:00:09 . Memory (MB): peak = 2219.840 ; gain = 481.875 ; free physical = 1606 ; free virtual = 16578
---------------------------------------------------------------------------------
INFO: [Synth 8-6157] synthesizing module 'CPU_block_inst_1_CPU_IO_converter_0_0' [/home/lovro/Documents/ARES_fpga/ARES_fpga/ARES_fpga.gen/sources_1/bd/Block_top/bd/CPU_block_inst_1/ip/CPU_block_inst_1_CPU_IO_converter_0_0/synth/CPU_block_inst_1_CPU_IO_converter_0_0.v:53]
INFO: [Synth 8-6157] synthesizing module 'CPU_IO_converter' [/home/lovro/Documents/ARES_fpga/ARES_fpga/ARES_fpga.srcs/sources_1/new/CPU_IO_converter.v:23]
INFO: [Synth 8-155] case statement is not full and has no default [/home/lovro/Documents/ARES_fpga/ARES_fpga/ARES_fpga.srcs/sources_1/new/CPU_IO_converter.v:182]
INFO: [Synth 8-6155] done synthesizing module 'CPU_IO_converter' (0#1) [/home/lovro/Documents/ARES_fpga/ARES_fpga/ARES_fpga.srcs/sources_1/new/CPU_IO_converter.v:23]
INFO: [Synth 8-6155] done synthesizing module 'CPU_block_inst_1_CPU_IO_converter_0_0' (0#1) [/home/lovro/Documents/ARES_fpga/ARES_fpga/ARES_fpga.gen/sources_1/bd/Block_top/bd/CPU_block_inst_1/ip/CPU_block_inst_1_CPU_IO_converter_0_0/synth/CPU_block_inst_1_CPU_IO_converter_0_0.v:53]
INFO: [Synth 8-7129] Port m00_axi_bresp[1] in module CPU_IO_converter is either unconnected or has no load
INFO: [Synth 8-7129] Port m00_axi_bresp[0] in module CPU_IO_converter is either unconnected or has no load
INFO: [Synth 8-7129] Port m00_axi_rresp[1] in module CPU_IO_converter is either unconnected or has no load
INFO: [Synth 8-7129] Port m00_axi_rresp[0] in module CPU_IO_converter is either unconnected or has no load
INFO: [Synth 8-7129] Port cpu_io_cmd_size[1] in module CPU_IO_converter is either unconnected or has no load
INFO: [Synth 8-7129] Port cpu_io_cmd_size[0] in module CPU_IO_converter is either unconnected or has no load
INFO: [Synth 8-7129] Port cpu_io_cmd_io in module CPU_IO_converter is either unconnected or has no load
INFO: [Synth 8-7129] Port cpu_io_cmd_fromHart in module CPU_IO_converter is either unconnected or has no load
INFO: [Synth 8-7129] Port cpu_io_cmd_uopId[15] in module CPU_IO_converter is either unconnected or has no load
INFO: [Synth 8-7129] Port cpu_io_cmd_uopId[14] in module CPU_IO_converter is either unconnected or has no load
INFO: [Synth 8-7129] Port cpu_io_cmd_uopId[13] in module CPU_IO_converter is either unconnected or has no load
INFO: [Synth 8-7129] Port cpu_io_cmd_uopId[12] in module CPU_IO_converter is either unconnected or has no load
INFO: [Synth 8-7129] Port cpu_io_cmd_uopId[11] in module CPU_IO_converter is either unconnected or has no load
INFO: [Synth 8-7129] Port cpu_io_cmd_uopId[10] in module CPU_IO_converter is either unconnected or has no load
INFO: [Synth 8-7129] Port cpu_io_cmd_uopId[9] in module CPU_IO_converter is either unconnected or has no load
INFO: [Synth 8-7129] Port cpu_io_cmd_uopId[8] in module CPU_IO_converter is either unconnected or has no load
INFO: [Synth 8-7129] Port cpu_io_cmd_uopId[7] in module CPU_IO_converter is either unconnected or has no load
INFO: [Synth 8-7129] Port cpu_io_cmd_uopId[6] in module CPU_IO_converter is either unconnected or has no load
INFO: [Synth 8-7129] Port cpu_io_cmd_uopId[5] in module CPU_IO_converter is either unconnected or has no load
INFO: [Synth 8-7129] Port cpu_io_cmd_uopId[4] in module CPU_IO_converter is either unconnected or has no load
INFO: [Synth 8-7129] Port cpu_io_cmd_uopId[3] in module CPU_IO_converter is either unconnected or has no load
INFO: [Synth 8-7129] Port cpu_io_cmd_uopId[2] in module CPU_IO_converter is either unconnected or has no load
INFO: [Synth 8-7129] Port cpu_io_cmd_uopId[1] in module CPU_IO_converter is either unconnected or has no load
INFO: [Synth 8-7129] Port cpu_io_cmd_uopId[0] in module CPU_IO_converter is either unconnected or has no load
---------------------------------------------------------------------------------
Finished RTL Elaboration : Time (s): cpu = 00:00:10 ; elapsed = 00:00:12 . Memory (MB): peak = 2310.809 ; gain = 572.844 ; free physical = 1023 ; free virtual = 15997
---------------------------------------------------------------------------------
---------------------------------------------------------------------------------
Start Handling Custom Attributes
---------------------------------------------------------------------------------
---------------------------------------------------------------------------------
Finished Handling Custom Attributes : Time (s): cpu = 00:00:10 ; elapsed = 00:00:12 . Memory (MB): peak = 2325.652 ; gain = 587.688 ; free physical = 1013 ; free virtual = 15987
---------------------------------------------------------------------------------
---------------------------------------------------------------------------------
Finished RTL Optimization Phase 1 : Time (s): cpu = 00:00:10 ; elapsed = 00:00:12 . Memory (MB): peak = 2325.652 ; gain = 587.688 ; free physical = 1013 ; free virtual = 15987
---------------------------------------------------------------------------------
Netlist sorting complete. Time (s): cpu = 00:00:00.01 ; elapsed = 00:00:00 . Memory (MB): peak = 2325.652 ; gain = 0.000 ; free physical = 1005 ; free virtual = 15979
INFO: [Project 1-570] Preparing netlist for logic optimization

Processing XDC Constraints
Initializing timing engine
Completed Processing XDC Constraints

Netlist sorting complete. Time (s): cpu = 00:00:00 ; elapsed = 00:00:00 . Memory (MB): peak = 2441.453 ; gain = 0.000 ; free physical = 810 ; free virtual = 15787
INFO: [Project 1-111] Unisim Transformation Summary:
No Unisim elements were transformed.

Constraint Validation Runtime : Time (s): cpu = 00:00:00.03 ; elapsed = 00:00:00.03 . Memory (MB): peak = 2441.488 ; gain = 0.000 ; free physical = 810 ; free virtual = 15787
INFO: [Designutils 20-5008] Incremental synthesis strategy off
---------------------------------------------------------------------------------
Finished Constraint Validation : Time (s): cpu = 00:00:20 ; elapsed = 00:00:22 . Memory (MB): peak = 2441.488 ; gain = 703.523 ; free physical = 727 ; free virtual = 15705
---------------------------------------------------------------------------------
---------------------------------------------------------------------------------
Start Loading Part and Timing Information
---------------------------------------------------------------------------------
Loading part: xc7a35tftg256-2
---------------------------------------------------------------------------------
Finished Loading Part and Timing Information : Time (s): cpu = 00:00:20 ; elapsed = 00:00:22 . Memory (MB): peak = 2449.457 ; gain = 711.492 ; free physical = 727 ; free virtual = 15705
---------------------------------------------------------------------------------
---------------------------------------------------------------------------------
Start Applying 'set_property' XDC Constraints
---------------------------------------------------------------------------------
---------------------------------------------------------------------------------
Finished applying 'set_property' XDC Constraints : Time (s): cpu = 00:00:20 ; elapsed = 00:00:22 . Memory (MB): peak = 2449.457 ; gain = 711.492 ; free physical = 727 ; free virtual = 15705
---------------------------------------------------------------------------------
INFO: [Synth 8-802] inferred FSM for state register 'state_reg' in module 'CPU_IO_converter'
---------------------------------------------------------------------------------------------------
                   State |                     New Encoding |                Previous Encoding 
---------------------------------------------------------------------------------------------------
              STATE_IDLE |                 0000000000000001 |                 0000000000000001
                STATE_AW |                 0000000000000010 |                 0000000000000010
                 STATE_W |                 0000000000000100 |                 0000000000000100
                 STATE_B |                 0000000000001000 |                 0000000000001000
                STATE_AR |                 0000000000010000 |                 0000000000010000
                 STATE_R |                 0000000000100000 |                 0000000000100000
---------------------------------------------------------------------------------------------------
INFO: [Synth 8-3354] encoded FSM with state register 'state_reg' using encoding 'one-hot' in module 'CPU_IO_converter'
---------------------------------------------------------------------------------
Finished RTL Optimization Phase 2 : Time (s): cpu = 00:00:21 ; elapsed = 00:00:22 . Memory (MB): peak = 2449.457 ; gain = 711.492 ; free physical = 726 ; free virtual = 15710
---------------------------------------------------------------------------------
No constraint files found.
---------------------------------------------------------------------------------
Start RTL Component Statistics 
---------------------------------------------------------------------------------
Detailed RTL Component Info : 
+---Registers : 
	               32 Bit    Registers := 4     
	                4 Bit    Registers := 1     
	                1 Bit    Registers := 7     
+---Muxes : 
	   6 Input   16 Bit        Muxes := 1     
	   2 Input   16 Bit        Muxes := 1     
	   6 Input    1 Bit        Muxes := 16    
---------------------------------------------------------------------------------
Finished RTL Component Statistics 
---------------------------------------------------------------------------------
---------------------------------------------------------------------------------
Start Part Resource Summary
---------------------------------------------------------------------------------
Part Resources:
DSPs: 90 (col length:60)
BRAMs: 100 (col length: RAMB18 60 RAMB36 30)
---------------------------------------------------------------------------------
Finished Part Resource Summary
---------------------------------------------------------------------------------
No constraint files found.
---------------------------------------------------------------------------------
Start Cross Boundary and Area Optimization
---------------------------------------------------------------------------------
INFO: [Synth 8-3917] design CPU_block_inst_1_CPU_IO_converter_0_0 has port m00_axi_awprot[2] driven by constant 0
INFO: [Synth 8-3917] design CPU_block_inst_1_CPU_IO_converter_0_0 has port m00_axi_awprot[1] driven by constant 1
INFO: [Synth 8-3917] design CPU_block_inst_1_CPU_IO_converter_0_0 has port m00_axi_awprot[0] driven by constant 0
INFO: [Synth 8-3917] design CPU_block_inst_1_CPU_IO_converter_0_0 has port m00_axi_arprot[2] driven by constant 0
INFO: [Synth 8-3917] design CPU_block_inst_1_CPU_IO_converter_0_0 has port m00_axi_arprot[1] driven by constant 1
INFO: [Synth 8-3917] design CPU_block_inst_1_CPU_IO_converter_0_0 has port m00_axi_arprot[0] driven by constant 0
INFO: [Synth 8-3917] design CPU_block_inst_1_CPU_IO_converter_0_0 has port cpu_io_rsp_error driven by constant 0
INFO: [Synth 8-7129] Port m00_axi_bresp[1] in module CPU_block_inst_1_CPU_IO_converter_0_0 is either unconnected or has no load
INFO: [Synth 8-7129] Port m00_axi_bresp[0] in module CPU_block_inst_1_CPU_IO_converter_0_0 is either unconnected or has no load
INFO: [Synth 8-7129] Port m00_axi_rresp[1] in module CPU_block_inst_1_CPU_IO_converter_0_0 is either unconnected or has no load
INFO: [Synth 8-7129] Port m00_axi_rresp[0] in module CPU_block_inst_1_CPU_IO_converter_0_0 is either unconnected or has no load
INFO: [Synth 8-7129] Port cpu_io_cmd_size[1] in module CPU_block_inst_1_CPU_IO_converter_0_0 is either unconnected or has no load
INFO: [Synth 8-7129] Port cpu_io_cmd_size[0] in module CPU_block_inst_1_CPU_IO_converter_0_0 is either unconnected or has no load
INFO: [Synth 8-7129] Port cpu_io_cmd_io in module CPU_block_inst_1_CPU_IO_converter_0_0 is either unconnected or has no load
INFO: [Synth 8-7129] Port cpu_io_cmd_fromHart in module CPU_block_inst_1_CPU_IO_converter_0_0 is either unconnected or has no load
INFO: [Synth 8-7129] Port cpu_io_cmd_uopId[15] in module CPU_block_inst_1_CPU_IO_converter_0_0 is either unconnected or has no load
INFO: [Synth 8-7129] Port cpu_io_cmd_uopId[14] in module CPU_block_inst_1_CPU_IO_converter_0_0 is either unconnected or has no load
INFO: [Synth 8-7129] Port cpu_io_cmd_uopId[13] in module CPU_block_inst_1_CPU_IO_converter_0_0 is either unconnected or has no load
INFO: [Synth 8-7129] Port cpu_io_cmd_uopId[12] in module CPU_block_inst_1_CPU_IO_converter_0_0 is either unconnected or has no load
INFO: [Synth 8-7129] Port cpu_io_cmd_uopId[11] in module CPU_block_inst_1_CPU_IO_converter_0_0 is either unconnected or has no load
INFO: [Synth 8-7129] Port cpu_io_cmd_uopId[10] in module CPU_block_inst_1_CPU_IO_converter_0_0 is either unconnected or has no load
INFO: [Synth 8-7129] Port cpu_io_cmd_uopId[9] in module CPU_block_inst_1_CPU_IO_converter_0_0 is either unconnected or has no load
INFO: [Synth 8-7129] Port cpu_io_cmd_uopId[8] in module CPU_block_inst_1_CPU_IO_converter_0_0 is either unconnected or has no load
INFO: [Synth 8-7129] Port cpu_io_cmd_uopId[7] in module CPU_block_inst_1_CPU_IO_converter_0_0 is either unconnected or has no load
INFO: [Synth 8-7129] Port cpu_io_cmd_uopId[6] in module CPU_block_inst_1_CPU_IO_converter_0_0 is either unconnected or has no load
INFO: [Synth 8-7129] Port cpu_io_cmd_uopId[5] in module CPU_block_inst_1_CPU_IO_converter_0_0 is either unconnected or has no load
INFO: [Synth 8-7129] Port cpu_io_cmd_uopId[4] in module CPU_block_inst_1_CPU_IO_converter_0_0 is either unconnected or has no load
INFO: [Synth 8-7129] Port cpu_io_cmd_uopId[3] in module CPU_block_inst_1_CPU_IO_converter_0_0 is either unconnected or has no load
INFO: [Synth 8-7129] Port cpu_io_cmd_uopId[2] in module CPU_block_inst_1_CPU_IO_converter_0_0 is either unconnected or has no load
INFO: [Synth 8-7129] Port cpu_io_cmd_uopId[1] in module CPU_block_inst_1_CPU_IO_converter_0_0 is either unconnected or has no load
INFO: [Synth 8-7129] Port cpu_io_cmd_uopId[0] in module CPU_block_inst_1_CPU_IO_converter_0_0 is either unconnected or has no load
INFO: [Synth 8-3332] Sequential element (inst/FSM_onehot_state_reg[15]) is unused and will be removed from module CPU_block_inst_1_CPU_IO_converter_0_0.
INFO: [Synth 8-3332] Sequential element (inst/FSM_onehot_state_reg[14]) is unused and will be removed from module CPU_block_inst_1_CPU_IO_converter_0_0.
INFO: [Synth 8-3332] Sequential element (inst/FSM_onehot_state_reg[13]) is unused and will be removed from module CPU_block_inst_1_CPU_IO_converter_0_0.
INFO: [Synth 8-3332] Sequential element (inst/FSM_onehot_state_reg[12]) is unused and will be removed from module CPU_block_inst_1_CPU_IO_converter_0_0.
INFO: [Synth 8-3332] Sequential element (inst/FSM_onehot_state_reg[11]) is unused and will be removed from module CPU_block_inst_1_CPU_IO_converter_0_0.
INFO: [Synth 8-3332] Sequential element (inst/FSM_onehot_state_reg[10]) is unused and will be removed from module CPU_block_inst_1_CPU_IO_converter_0_0.
INFO: [Synth 8-3332] Sequential element (inst/FSM_onehot_state_reg[9]) is unused and will be removed from module CPU_block_inst_1_CPU_IO_converter_0_0.
INFO: [Synth 8-3332] Sequential element (inst/FSM_onehot_state_reg[8]) is unused and will be removed from module CPU_block_inst_1_CPU_IO_converter_0_0.
INFO: [Synth 8-3332] Sequential element (inst/FSM_onehot_state_reg[7]) is unused and will be removed from module CPU_block_inst_1_CPU_IO_converter_0_0.
INFO: [Synth 8-3332] Sequential element (inst/FSM_onehot_state_reg[6]) is unused and will be removed from module CPU_block_inst_1_CPU_IO_converter_0_0.
---------------------------------------------------------------------------------
Finished Cross Boundary and Area Optimization : Time (s): cpu = 00:00:23 ; elapsed = 00:00:24 . Memory (MB): peak = 2449.457 ; gain = 711.492 ; free physical = 719 ; free virtual = 15699
---------------------------------------------------------------------------------
No constraint files found.
---------------------------------------------------------------------------------
Start Timing Optimization
---------------------------------------------------------------------------------
---------------------------------------------------------------------------------
Finished Timing Optimization : Time (s): cpu = 00:00:23 ; elapsed = 00:00:24 . Memory (MB): peak = 2449.457 ; gain = 711.492 ; free physical = 722 ; free virtual = 15703
---------------------------------------------------------------------------------
---------------------------------------------------------------------------------
Start Technology Mapping
---------------------------------------------------------------------------------
---------------------------------------------------------------------------------
Finished Technology Mapping : Time (s): cpu = 00:00:23 ; elapsed = 00:00:24 . Memory (MB): peak = 2449.457 ; gain = 711.492 ; free physical = 713 ; free virtual = 15696
---------------------------------------------------------------------------------
---------------------------------------------------------------------------------
Start IO Insertion
---------------------------------------------------------------------------------
---------------------------------------------------------------------------------
Start Flattening Before IO Insertion
---------------------------------------------------------------------------------
---------------------------------------------------------------------------------
Finished Flattening Before IO Insertion
---------------------------------------------------------------------------------
---------------------------------------------------------------------------------
Start Final Netlist Cleanup
---------------------------------------------------------------------------------
---------------------------------------------------------------------------------
Finished Final Netlist Cleanup
---------------------------------------------------------------------------------
---------------------------------------------------------------------------------
Finished IO Insertion : Time (s): cpu = 00:00:28 ; elapsed = 00:00:30 . Memory (MB): peak = 2532.270 ; gain = 794.305 ; free physical = 379 ; free virtual = 15360
---------------------------------------------------------------------------------
---------------------------------------------------------------------------------
Start Renaming Generated Instances
---------------------------------------------------------------------------------
---------------------------------------------------------------------------------
Finished Renaming Generated Instances : Time (s): cpu = 00:00:28 ; elapsed = 00:00:30 . Memory (MB): peak = 2532.270 ; gain = 794.305 ; free physical = 393 ; free virtual = 15374
---------------------------------------------------------------------------------
---------------------------------------------------------------------------------
Start Rebuilding User Hierarchy
---------------------------------------------------------------------------------
---------------------------------------------------------------------------------
Finished Rebuilding User Hierarchy : Time (s): cpu = 00:00:28 ; elapsed = 00:00:30 . Memory (MB): peak = 2532.270 ; gain = 794.305 ; free physical = 395 ; free virtual = 15376
---------------------------------------------------------------------------------
---------------------------------------------------------------------------------
Start Renaming Generated Ports
---------------------------------------------------------------------------------
---------------------------------------------------------------------------------
Finished Renaming Generated Ports : Time (s): cpu = 00:00:28 ; elapsed = 00:00:30 . Memory (MB): peak = 2532.270 ; gain = 794.305 ; free physical = 400 ; free virtual = 15382
---------------------------------------------------------------------------------
---------------------------------------------------------------------------------
Start Handling Custom Attributes
---------------------------------------------------------------------------------
---------------------------------------------------------------------------------
Finished Handling Custom Attributes : Time (s): cpu = 00:00:28 ; elapsed = 00:00:30 . Memory (MB): peak = 2532.270 ; gain = 794.305 ; free physical = 400 ; free virtual = 15382
---------------------------------------------------------------------------------
---------------------------------------------------------------------------------
Start Renaming Generated Nets
---------------------------------------------------------------------------------
---------------------------------------------------------------------------------
Finished Renaming Generated Nets : Time (s): cpu = 00:00:28 ; elapsed = 00:00:30 . Memory (MB): peak = 2532.270 ; gain = 794.305 ; free physical = 400 ; free virtual = 15382
---------------------------------------------------------------------------------
---------------------------------------------------------------------------------
Start Writing Synthesis Report
---------------------------------------------------------------------------------

Report BlackBoxes: 
+-+--------------+----------+
| |BlackBox name |Instances |
+-+--------------+----------+
+-+--------------+----------+

Report Cell Usage: 
+------+-----+------+
|      |Cell |Count |
+------+-----+------+
|1     |LUT1 |     1|
|2     |LUT2 |     5|
|3     |LUT3 |     2|
|4     |LUT4 |     3|
|5     |LUT5 |     1|
|6     |LUT6 |     5|
|7     |FDCE |   144|
|8     |FDPE |     1|
+------+-----+------+
---------------------------------------------------------------------------------
Finished Writing Synthesis Report : Time (s): cpu = 00:00:28 ; elapsed = 00:00:30 . Memory (MB): peak = 2532.270 ; gain = 794.305 ; free physical = 408 ; free virtual = 15389
---------------------------------------------------------------------------------
Synthesis finished with 0 errors, 0 critical warnings and 0 warnings.
Synthesis Optimization Runtime : Time (s): cpu = 00:00:26 ; elapsed = 00:00:28 . Memory (MB): peak = 2532.270 ; gain = 678.469 ; free physical = 408 ; free virtual = 15389
Synthesis Optimization Complete : Time (s): cpu = 00:00:28 ; elapsed = 00:00:30 . Memory (MB): peak = 2532.277 ; gain = 794.305 ; free physical = 408 ; free virtual = 15389
INFO: [Project 1-571] Translating synthesized netlist
Netlist sorting complete. Time (s): cpu = 00:00:00 ; elapsed = 00:00:00.01 . Memory (MB): peak = 2547.113 ; gain = 0.000 ; free physical = 392 ; free virtual = 15374
INFO: [Project 1-570] Preparing netlist for logic optimization
INFO: [Opt 31-138] Pushed 0 inverter(s) to 0 load pin(s).
Netlist sorting complete. Time (s): cpu = 00:00:00 ; elapsed = 00:00:00 . Memory (MB): peak = 2694.766 ; gain = 0.000 ; free physical = 456 ; free virtual = 15308
INFO: [Project 1-111] Unisim Transformation Summary:
No Unisim elements were transformed.

Synth Design complete | Checksum: 3aa3379b
INFO: [Common 17-83] Releasing license: Synthesis
90 Infos, 0 Warnings, 0 Critical Warnings and 0 Errors encountered.
synth_design completed successfully
synth_design: Time (s): cpu = 00:00:40 ; elapsed = 00:00:37 . Memory (MB): peak = 2694.801 ; gain = 1090.078 ; free physical = 426 ; free virtual = 15296
INFO: [Common 17-2834] synth_design peak Physical Memory [PSS] (MB): overall = 1549.406; main = 1549.406; forked = 193.767
INFO: [Common 17-2834] synth_design peak Virtual Memory [VSS] (MB): overall = 3435.656; main = 2694.770; forked = 994.199
Write ShapeDB Complete: Time (s): cpu = 00:00:00 ; elapsed = 00:00:00 . Memory (MB): peak = 2718.777 ; gain = 0.000 ; free physical = 416 ; free virtual = 15287
INFO: [Common 17-1381] The checkpoint '/home/lovro/Documents/ARES_fpga/ARES_fpga/ARES_fpga.runs/CPU_block_inst_1_CPU_IO_converter_0_0_synth_1/CPU_block_inst_1_CPU_IO_converter_0_0.dcp' has been generated.
INFO: [Vivado 12-24828] Executing command : report_utilization -file CPU_block_inst_1_CPU_IO_converter_0_0_utilization_synth.rpt -pb CPU_block_inst_1_CPU_IO_converter_0_0_utilization_synth.pb
INFO: [Common 17-206] Exiting Vivado at Wed Jul 29 23:02:49 2026...
