#-----------------------------------------------------------
# Vivado v2025.2 (64-bit)
# SW Build 6299465 on Fri Nov 14 12:34:56 MST 2025
# IP Build 6300035 on Fri Nov 14 10:48:45 MST 2025
# SharedData Build 6298862 on Thu Nov 13 04:50:51 MST 2025
# Start of session at: Wed Jul 29 23:01:54 2026
# Process ID         : 588696
# Current directory  : /home/lovro/Documents/ARES_fpga/ARES_fpga/ARES_fpga.runs/CPU_block_inst_1_CPU_IO_converter_0_0_synth_1
# Command line       : vivado -log CPU_block_inst_1_CPU_IO_converter_0_0.vds -product Vivado -mode batch -messageDb vivado.pb -notrace -source CPU_block_inst_1_CPU_IO_converter_0_0.tcl
# Log file           : /home/lovro/Documents/ARES_fpga/ARES_fpga/ARES_fpga.runs/CPU_block_inst_1_CPU_IO_converter_0_0_synth_1/CPU_block_inst_1_CPU_IO_converter_0_0.vds
# Journal file       : /home/lovro/Documents/ARES_fpga/ARES_fpga/ARES_fpga.runs/CPU_block_inst_1_CPU_IO_converter_0_0_synth_1/vivado.jou
# Running On         : lovroRadiona
# Platform           : Ubuntu
# Operating System   : Ubuntu 24.04.4 LTS
# Processor Detail   : AMD Ryzen 5 2600 Six-Core Processor
# CPU Frequency      : 3615.300 MHz
# CPU Physical cores : 6
# CPU Logical cores  : 12
# Host memory        : 33577 MB
# Swap memory        : 8589 MB
# Total Virtual      : 42167 MB
# Available Virtual  : 24893 MB
#-----------------------------------------------------------
source CPU_block_inst_1_CPU_IO_converter_0_0.tcl -notrace
