Vivado Simulator v2025.2
Copyright 1986-2022 Xilinx, Inc. All Rights Reserved.
Copyright 2022-2025 Advanced Micro Devices, Inc. All Rights Reserved.
Running: /opt/Vivado/2025.2/Vivado/bin/unwrapped/lnx64.o/xelab --incr --debug typical --relax --mt 8 -L xil_defaultlib -L util_vector_logic_v2_0_5 -L proc_sys_reset_v5_0_17 -L smartconnect_v1_0 -L axi_infrastructure_v1_1_0 -L axi_register_slice_v2_1_36 -L axi_vip_v1_1_22 -L axi_lite_ipif_v3_0_4 -L axi_uart16550_v2_0_39 -L xlconstant_v1_1_10 -L uvm -L xilinx_vip -L unisims_ver -L unimacro_ver -L secureip -L xpm --snapshot Block_Testbench_behav xil_defaultlib.Block_Testbench xil_defaultlib.glbl -log elaborate.log 
Using 8 slave threads.
WARNING: [XSIM 43-3431] One or more environment variables have been detected which affect the operation of the C compiler. These are typically not set in standard installations and are not tested by AMD, however they may be appropriate for your system, so the flow will attempt to continue.  If errors occur, try running xelab with the "-mt off -v 1" switches to see more information from the C compiler. The following environment variables have been detected:
Starting static elaboration
Pass Through NonSizing Optimizer
WARNING: [VRFC 10-9543] actual bit length 12 differs from formal bit length 4 for port 'pi_dqs_found_lanes' [/home/lovro/Documents/Alchistry_Labs/DDR3 test/cores/Alchitry AMIX_RISCV/Alchitry AMIX_RISCV.gen/sources_1/ip/mig_7series_0/mig_7series_0/user_design/rtl/phy/mig_7series_v4_2_ddr_mc_phy_wrapper.v:1671]
WARNING: [VRFC 10-9543] actual bit length 12 differs from formal bit length 4 for port 'pi_phase_locked_lanes' [/home/lovro/Documents/Alchistry_Labs/DDR3 test/cores/Alchitry AMIX_RISCV/Alchitry AMIX_RISCV.gen/sources_1/ip/mig_7series_0/mig_7series_0/user_design/rtl/phy/mig_7series_v4_2_ddr_mc_phy_wrapper.v:1679]
WARNING: [VRFC 10-9543] actual bit length 12 differs from formal bit length 4 for port 'pi_dqs_found_lanes' [/home/lovro/Documents/Alchistry_Labs/DDR3 test/cores/Alchitry AMIX_RISCV/Alchitry AMIX_RISCV.gen/sources_1/ip/mig_7series_0/mig_7series_0/user_design/rtl/phy/mig_7series_v4_2_ddr_phy_top.v:1339]
WARNING: [VRFC 10-5021] port 'ip2intc_irpt' is not connected on this instance [/home/lovro/Documents/Alchistry_Labs/DDR3 test/cores/Alchitry AMIX_RISCV/Alchitry AMIX_RISCV.ip_user_files/bd/Block_top/sim/Block_top.v:310]
WARNING: [VRFC 10-5021] port 'complex_oclk_prech_req' is not connected on this instance [/home/lovro/Documents/Alchistry_Labs/DDR3 test/cores/Alchitry AMIX_RISCV/Alchitry AMIX_RISCV.gen/sources_1/ip/mig_7series_0/mig_7series_0/user_design/rtl/phy/mig_7series_v4_2_ddr_calib_top.v:1317]
WARNING: [VRFC 10-5021] port 'mb_reset' is not connected on this instance [/home/lovro/Documents/Alchistry_Labs/DDR3 test/cores/Alchitry AMIX_RISCV/Alchitry AMIX_RISCV.ip_user_files/bd/Block_top/ip/Block_top_smartconnect_0_1/bd_0/sim/bd_b9bc.v:615]
WARNING: [VRFC 10-5021] port 'mb_reset' is not connected on this instance [/home/lovro/Documents/Alchistry_Labs/DDR3 test/cores/Alchitry AMIX_RISCV/Alchitry AMIX_RISCV.ip_user_files/bd/Block_top/ip/Block_top_smartconnect_0_0/bd_0/sim/bd_797d.v:1278]
Completed static elaboration
Starting simulation data flow analysis
Completed simulation data flow analysis
Time Resolution for simulation is 1fs
Compiling package std.standard
Compiling package std.textio
Compiling package ieee.std_logic_1164
Compiling package ieee.numeric_std
Compiling package ieee.std_logic_arith
Compiling package ieee.std_logic_unsigned
Compiling package axi_lite_ipif_v3_0_4.ipif_pkg
Compiling package synopsys.attributes
Compiling package ieee.std_logic_misc
Compiling package xpm.vcomponents
Compiling package unisim.vcomponents
Compiling package ieee.vital_timing
Compiling package ieee.vital_primitives
Compiling package unisim.vpkg
Compiling package smartconnect_v1_0.sc_util_v1_0_4_pkg
Compiling module xil_defaultlib.CPU_IO_converter
Compiling module xil_defaultlib.CPU_block_inst_1_CPU_IO_converte...
Compiling module xil_defaultlib.StreamFork
Compiling module xil_defaultlib.StreamArbiter
Compiling module xil_defaultlib.DivRadix
Compiling module xil_defaultlib.StreamArbiter_1
Compiling module xil_defaultlib.StreamArbiter_2
Compiling module xil_defaultlib.StreamArbiter_3
Compiling module xil_defaultlib.FpuSqrt
Compiling module xil_defaultlib.RegFileMem
Compiling module xil_defaultlib.RegFileMem_1
Compiling module xil_defaultlib.VexiiRiscv
Compiling module xil_defaultlib.VexiiRV_wrapper
Compiling module xil_defaultlib.CPU_block_inst_1_VexiiRV_wrapper...
Compiling module util_vector_logic_v2_0_5.util_vector_logic_v2_0_5_util_ve...
Compiling module xil_defaultlib.CPU_block_inst_1_util_vector_log...
Compiling module xil_defaultlib.CPU_block_inst_1
Compiling module xil_defaultlib.FLASH_SPI
Compiling module xil_defaultlib.FLASH_SPI_wrapper
Compiling module xil_defaultlib.Block_top_FLASH_SPI_wrapper_0_0
Compiling architecture imp of entity axi_lite_ipif_v3_0_4.address_decoder [\address_decoder(c_bus_awidth=5,...]
Compiling architecture imp of entity axi_lite_ipif_v3_0_4.slave_attachment [\slave_attachment(c_ard_addr_ran...]
Compiling architecture imp of entity axi_lite_ipif_v3_0_4.axi_lite_ipif [\axi_lite_ipif(c_s_axi_addr_widt...]
Compiling architecture oddr_v of entity unisim.ODDR [\ODDR(1,13)(1,4)\]
Compiling architecture imp of entity axi_uart16550_v2_0_39.srl_fifo [\srl_fifo(c_dwidth=8,c_depth=16,...]
Compiling architecture implementation of entity axi_uart16550_v2_0_39.tx_fifo_block [\tx_fifo_block(c_family="artix7"...]
Compiling architecture implementation of entity axi_uart16550_v2_0_39.rx_fifo_control [\rx_fifo_control(c_family="artix...]
Compiling architecture imp of entity axi_uart16550_v2_0_39.srl_fifo [\srl_fifo(c_dwidth=11,c_depth=16...]
Compiling architecture implementation of entity axi_uart16550_v2_0_39.rx_fifo_block [\rx_fifo_block(c_family="artix7"...]
Compiling architecture implementation of entity axi_uart16550_v2_0_39.xuart_tx_load_sm [xuart_tx_load_sm_default]
Compiling architecture implementation of entity axi_uart16550_v2_0_39.rx16550 [rx16550_default]
Compiling architecture implementation of entity axi_uart16550_v2_0_39.tx16550 [tx16550_default]
Compiling architecture implementation of entity axi_uart16550_v2_0_39.uart16550 [\uart16550(c_is_a_16550=true,c_e...]
Compiling architecture imp of entity axi_uart16550_v2_0_39.ipic_if [ipic_if_default]
Compiling architecture imp of entity axi_uart16550_v2_0_39.xuart [\xuart(c_family="artix7",c_sim_d...]
Compiling architecture rtl of entity axi_uart16550_v2_0_39.axi_uart16550 [\axi_uart16550(c_family="artix7"...]
Compiling architecture block_top_axi_uart16550_0_0_arch of entity xil_defaultlib.Block_top_axi_uart16550_0_0 [block_top_axi_uart16550_0_0_defa...]
Compiling module unisims_ver.IBUF
Compiling module unisims_ver.MMCME2_ADV(CLKFBOUT_MULT_F=10.0,...
Compiling module unisims_ver.BUFG
Compiling module xil_defaultlib.Block_top_clk_wiz_0_0_clk_wiz
Compiling module xil_defaultlib.Block_top_clk_wiz_0_0
Compiling module unisims_ver.IDELAYCTRL_default
Compiling module xil_defaultlib.mig_7series_v4_2_iodelay_ctrl(IO...
Compiling module xil_defaultlib.mig_7series_v4_2_clk_ibuf(SYSCLK...
Compiling module unisims_ver.XADC(INIT_40=16'b01000000000000,...
Compiling module xil_defaultlib.mig_7series_v4_2_tempmon_default
Compiling module unisims_ver.PLLE2_ADV(CLKFBOUT_MULT=8,CLKIN1...
Compiling module unisims_ver.BUFH
Compiling module unisims_ver.MMCME2_ADV(BANDWIDTH="HIGH",CLKF...
Compiling module xil_defaultlib.mig_7series_v4_2_infrastructure(...
Compiling module unisims_ver.SRLC32E_default
Compiling module xil_defaultlib.mig_7series_v4_2_rank_cntrl(DQRD...
Compiling module xil_defaultlib.mig_7series_v4_2_round_robin_arb...
Compiling module xil_defaultlib.mig_7series_v4_2_round_robin_arb...
Compiling module xil_defaultlib.mig_7series_v4_2_rank_common(MAI...
Compiling module xil_defaultlib.mig_7series_v4_2_rank_mach(CS_WI...
Compiling module xil_defaultlib.mig_7series_v4_2_bank_compare(CO...
Compiling module xil_defaultlib.mig_7series_v4_2_bank_state(DATA...
Compiling module xil_defaultlib.mig_7series_v4_2_bank_queue(ORDE...
Compiling module xil_defaultlib.mig_7series_v4_2_bank_cntrl(COL_...
Compiling module xil_defaultlib.mig_7series_v4_2_bank_state(DATA...
Compiling module xil_defaultlib.mig_7series_v4_2_bank_queue(ORDE...
Compiling module xil_defaultlib.mig_7series_v4_2_bank_cntrl(COL_...
Compiling module xil_defaultlib.mig_7series_v4_2_bank_state(DATA...
Compiling module xil_defaultlib.mig_7series_v4_2_bank_queue(ORDE...
Compiling module xil_defaultlib.mig_7series_v4_2_bank_cntrl(COL_...
Compiling module xil_defaultlib.mig_7series_v4_2_bank_state(DATA...
Compiling module xil_defaultlib.mig_7series_v4_2_bank_queue(ORDE...
Compiling module xil_defaultlib.mig_7series_v4_2_bank_cntrl(COL_...
Compiling module xil_defaultlib.mig_7series_v4_2_bank_common(LOW...
Compiling module xil_defaultlib.mig_7series_v4_2_round_robin_arb...
Compiling module xil_defaultlib.mig_7series_v4_2_arb_row_col(nCK...
Compiling module xil_defaultlib.mig_7series_v4_2_arb_select(CS_W...
Compiling module xil_defaultlib.mig_7series_v4_2_arb_mux(CS_WIDT...
Compiling module xil_defaultlib.mig_7series_v4_2_bank_mach(COL_W...
Compiling module unisims_ver.RAM32M
Compiling module xil_defaultlib.mig_7series_v4_2_col_mach(COL_WI...
Compiling module xil_defaultlib.mig_7series_v4_2_mc(CL=6,COL_WID...
Compiling module unisims_ver.OBUF
Compiling module unisims_ver.OBUFT
Compiling module unisims_ver.IOBUF(IBUF_LOW_PWR="FALSE")
Compiling module unisims_ver.IOBUFDS_DIFF_OUT_INTERMDISABLE(D...
Compiling module unisims_ver.IDDR
Compiling module xil_defaultlib.mig_7series_v4_2_poc_pd_default
Compiling module xil_defaultlib.mig_7series_v4_2_ddr_of_pre_fifo...
Compiling module xil_defaultlib.mig_7series_v4_2_ddr_of_pre_fifo...
Compiling module unisims_ver.BUFIO
Compiling module xil_defaultlib.mig_7series_v4_2_ddr_of_pre_fifo...
Compiling module unisims_ver.PHASER_OUT_PHY(FINE_DELAY=60,MEM...
Compiling module unisims_ver.OUT_FIFO(ARRAY_MODE="ARRAY_MODE_...
Compiling module unisims_ver.OSERDESE2(DATA_RATE_OQ="SDR",DAT...
Compiling module xil_defaultlib.mig_7series_v4_2_ddr_byte_group_...
Compiling module unisims_ver.ODDR(DDR_CLK_EDGE="SAME_EDGE")
Compiling module unisims_ver.OBUFDS
Compiling module xil_defaultlib.mig_7series_v4_2_ddr_byte_lane(B...
Compiling module xil_defaultlib.mig_7series_v4_2_ddr_byte_group_...
Compiling module xil_defaultlib.mig_7series_v4_2_ddr_byte_lane(A...
Compiling module xil_defaultlib.mig_7series_v4_2_ddr_if_post_fif...
Compiling module unisims_ver.PHASER_IN_PHY(BURST_MODE="TRUE",...
Compiling module unisims_ver.PHASER_OUT_PHY(CLKOUT_DIV=2,DATA...
Compiling module unisims_ver.IN_FIFO
Compiling module unisims_ver.OUT_FIFO
Compiling module unisims_ver.ISERDESE2(INTERFACE_TYPE="MEMORY...
Compiling module unisims_ver.IDELAYE2(HIGH_PERFORMANCE_MODE="...
Compiling module unisims_ver.OSERDESE2(INIT_OQ=1'b1,INIT_TQ=1...
Compiling module unisims_ver.OSERDESE2(INIT_OQ=1'b1,INIT_TQ=1...
Compiling module xil_defaultlib.mig_7series_v4_2_ddr_byte_group_...
Compiling module xil_defaultlib.mig_7series_v4_2_ddr_byte_lane(A...
Compiling module xil_defaultlib.mig_7series_v4_2_ddr_byte_group_...
Compiling module xil_defaultlib.mig_7series_v4_2_ddr_byte_lane(A...
Compiling module unisims_ver.PHY_CONTROL(AO_TOGGLE=1,BURST_MO...
Compiling module unisims_ver.PHASER_REF
Compiling module xil_defaultlib.mig_7series_v4_2_ddr_phy_4lanes(...
WARNING: [VRFC 10-8809] cannot index into scalar type parameter/localparam 'PRESENT_DATA_A' [/home/lovro/Documents/Alchistry_Labs/DDR3 test/cores/Alchitry AMIX_RISCV/Alchitry AMIX_RISCV.gen/sources_1/ip/mig_7series_0/mig_7series_0/user_design/rtl/phy/mig_7series_v4_2_ddr_phy_4lanes.v:709]
WARNING: [VRFC 10-8809] cannot index into scalar type parameter/localparam 'PRESENT_DATA_B' [/home/lovro/Documents/Alchistry_Labs/DDR3 test/cores/Alchitry AMIX_RISCV/Alchitry AMIX_RISCV.gen/sources_1/ip/mig_7series_0/mig_7series_0/user_design/rtl/phy/mig_7series_v4_2_ddr_phy_4lanes.v:708]
WARNING: [VRFC 10-8809] cannot index into scalar type parameter/localparam 'PRESENT_DATA_C' [/home/lovro/Documents/Alchistry_Labs/DDR3 test/cores/Alchitry AMIX_RISCV/Alchitry AMIX_RISCV.gen/sources_1/ip/mig_7series_0/mig_7series_0/user_design/rtl/phy/mig_7series_v4_2_ddr_phy_4lanes.v:707]
WARNING: [VRFC 10-8809] cannot index into scalar type parameter/localparam 'PRESENT_DATA_D' [/home/lovro/Documents/Alchistry_Labs/DDR3 test/cores/Alchitry AMIX_RISCV/Alchitry AMIX_RISCV.gen/sources_1/ip/mig_7series_0/mig_7series_0/user_design/rtl/phy/mig_7series_v4_2_ddr_phy_4lanes.v:706]
Compiling module xil_defaultlib.mig_7series_v4_2_ddr_mc_phy(DATA...
Compiling module xil_defaultlib.mig_7series_v4_2_ddr_mc_phy_wrap...
Compiling module xil_defaultlib.mig_7series_v4_2_ddr_prbs_gen(DQ...
Compiling module xil_defaultlib.mig_7series_v4_2_ddr_phy_init(tC...
Compiling module xil_defaultlib.mig_7series_v4_2_ddr_phy_wrcal(n...
Compiling module xil_defaultlib.mig_7series_v4_2_ddr_phy_wrlvl(D...
Compiling module xil_defaultlib.mig_7series_v4_2_ddr_phy_ck_addr...
Compiling module xil_defaultlib.mig_7series_v4_2_ddr_phy_dqs_fou...
Compiling module xil_defaultlib.mig_7series_v4_2_ddr_phy_rdlvl(n...
Compiling module xil_defaultlib.mig_7series_v4_2_ddr_phy_prbs_rd...
Compiling module xil_defaultlib.mig_7series_v4_2_ddr_phy_tempmon...
Compiling module xil_defaultlib.mig_7series_v4_2_ddr_calib_top(n...
Compiling module xil_defaultlib.mig_7series_v4_2_ddr_phy_top(DDR...
Compiling module xil_defaultlib.mig_7series_v4_2_mem_intfc(PAYLO...
Compiling module xil_defaultlib.mig_7series_v4_2_ui_cmd(ADDR_WID...
Compiling module xil_defaultlib.mig_7series_v4_2_ui_wr_data(APP_...
Compiling module xil_defaultlib.mig_7series_v4_2_ui_rd_data(APP_...
Compiling module xil_defaultlib.mig_7series_v4_2_ui_top(APP_DATA...
Compiling module xil_defaultlib.mig_7series_v4_2_ddr_axic_regist...
Compiling module xil_defaultlib.mig_7series_v4_2_ddr_axic_regist...
Compiling module xil_defaultlib.mig_7series_v4_2_ddr_axic_regist...
Compiling module xil_defaultlib.mig_7series_v4_2_ddr_axic_regist...
Compiling module xil_defaultlib.mig_7series_v4_2_ddr_axi_registe...
Compiling module xil_defaultlib.mig_7series_v4_2_ddr_axic_regist...
Compiling module xil_defaultlib.mig_7series_v4_2_ddr_axic_regist...
Compiling module xil_defaultlib.mig_7series_v4_2_ddr_axic_regist...
Compiling module xil_defaultlib.mig_7series_v4_2_ddr_axic_regist...
Compiling module xil_defaultlib.mig_7series_v4_2_ddr_axi_registe...
Compiling module xil_defaultlib.mig_7series_v4_2_ddr_axic_regist...
Compiling module xil_defaultlib.mig_7series_v4_2_ddr_axic_regist...
Compiling module xil_defaultlib.mig_7series_v4_2_ddr_axi_registe...
Compiling module unisims_ver.MUXCY
Compiling module unisims_ver.XORCY
Compiling module unisims_ver.AND2B1L
Compiling module xil_defaultlib.mig_7series_v4_2_ddr_carry_latch...
Compiling module xil_defaultlib.mig_7series_v4_2_ddr_carry_and(C...
Compiling module unisims_ver.OR2L
Compiling module xil_defaultlib.mig_7series_v4_2_ddr_carry_latch...
Compiling module unisims_ver.FDRE_default
Compiling module xil_defaultlib.mig_7series_v4_2_ddr_command_fif...
Compiling module xil_defaultlib.mig_7series_v4_2_ddr_a_upsizer(C...
Compiling module xil_defaultlib.mig_7series_v4_2_ddr_comparator_...
Compiling module xil_defaultlib.mig_7series_v4_2_ddr_carry_or(C_...
Compiling module unisims_ver.LUT6_2
Compiling module unisims_ver.LUT4(INIT=16'b1100110011001010)
Compiling module unisims_ver.LUT6
Compiling module unisims_ver.FDSE_default
Compiling module xil_defaultlib.mig_7series_v4_2_ddr_comparator_...
Compiling module xil_defaultlib.mig_7series_v4_2_ddr_comparator_...
Compiling module xil_defaultlib.mig_7series_v4_2_ddr_w_upsizer(C...
Compiling module xil_defaultlib.mig_7series_v4_2_ddr_r_upsizer(C...
Compiling module xil_defaultlib.mig_7series_v4_2_ddr_axi_upsizer...
Compiling module xil_defaultlib.mig_7series_v4_2_axi_mc_incr_cmd...
Compiling module xil_defaultlib.mig_7series_v4_2_axi_mc_wrap_cmd...
Compiling module xil_defaultlib.mig_7series_v4_2_axi_mc_cmd_tran...
Compiling module xil_defaultlib.mig_7series_v4_2_axi_mc_wr_cmd_f...
Compiling module xil_defaultlib.mig_7series_v4_2_axi_mc_aw_chann...
Compiling module xil_defaultlib.mig_7series_v4_2_axi_mc_w_channe...
Compiling module xil_defaultlib.mig_7series_v4_2_axi_mc_fifo(C_W...
Compiling module xil_defaultlib.mig_7series_v4_2_axi_mc_b_channe...
Compiling module xil_defaultlib.mig_7series_v4_2_axi_mc_incr_cmd...
Compiling module xil_defaultlib.mig_7series_v4_2_axi_mc_wrap_cmd...
Compiling module xil_defaultlib.mig_7series_v4_2_axi_mc_cmd_tran...
Compiling module xil_defaultlib.mig_7series_v4_2_axi_mc_cmd_fsm(...
Compiling module xil_defaultlib.mig_7series_v4_2_axi_mc_ar_chann...
Compiling module xil_defaultlib.mig_7series_v4_2_axi_mc_fifo(C_W...
Compiling module xil_defaultlib.mig_7series_v4_2_axi_mc_fifo(C_W...
Compiling module xil_defaultlib.mig_7series_v4_2_axi_mc_r_channe...
Compiling module xil_defaultlib.mig_7series_v4_2_axi_mc_cmd_arbi...
Compiling module xil_defaultlib.mig_7series_v4_2_axi_mc(C_FAMILY...
Compiling module xil_defaultlib.mig_7series_v4_2_memc_ui_top_axi...
Compiling module xil_defaultlib.mig_7series_0_mig_default
Compiling module xil_defaultlib.mig_7series_0
Compiling module xil_defaultlib.mig_axi_wrapper
Compiling module xil_defaultlib.Block_top_mig_axi_wrapper_0_0
Compiling architecture fdre_v of entity unisim.FDRE [fdre_default]
Compiling architecture fdre_v of entity unisim.FDRE [\FDRE(init='1')\]
Compiling architecture srl16e_v of entity unisim.SRL16E [\SRL16E(init="1111111111111111")...]
Compiling architecture srl16_v of entity unisim.SRL16 [\SRL16(init="1111111111111111")(...]
Compiling module xpm.xpm_cdc_single(DEST_SYNC_FF=4,IN...
Compiling architecture imp of entity proc_sys_reset_v5_0_17.lpf [\lpf(c_ext_rst_width=4,c_aux_rst...]
Compiling architecture imp of entity proc_sys_reset_v5_0_17.upcnt_n [\upcnt_n(c_size=6)\]
Compiling architecture imp of entity proc_sys_reset_v5_0_17.sequence_psr [sequence_psr_default]
Compiling architecture imp of entity proc_sys_reset_v5_0_17.proc_sys_reset [\proc_sys_reset(c_family="artix7...]
Compiling architecture bd_b9bc_psr_aclk_0_arch of entity xil_defaultlib.bd_b9bc_psr_aclk_0 [bd_b9bc_psr_aclk_0_default]
Compiling module xil_defaultlib.clk_map_imp_536M96
Compiling module xpm.xpm_cdc_async_rst(DEST_SYNC_FF=3...
Compiling module xil_defaultlib.bd_b9bc_m00e_0
Compiling module xil_defaultlib.m00_exit_pipeline_imp_1T740KX
Compiling module xil_defaultlib.bd_b9bc_m00s2a_0
Compiling module xil_defaultlib.bd_b9bc_s00a2s_0
Compiling module xil_defaultlib.bd_b9bc_s00mmu_0
Compiling module xil_defaultlib.bd_b9bc_s00sic_0
Compiling module xil_defaultlib.bd_b9bc_s00tr_0
Compiling module xil_defaultlib.s00_entry_pipeline_imp_TCXKOI
Compiling module xil_defaultlib.bd_b9bc_sarn_0
Compiling module xil_defaultlib.bd_b9bc_sawn_0
Compiling module xil_defaultlib.bd_b9bc_sbn_0
Compiling module xil_defaultlib.bd_b9bc_srn_0
Compiling module xil_defaultlib.bd_b9bc_swn_0
Compiling module xil_defaultlib.s00_nodes_imp_YIPK2W
Compiling module xil_defaultlib.bd_b9bc
Compiling module xil_defaultlib.Block_top_smartconnect_0_1
Compiling architecture bd_797d_psr_aclk_0_arch of entity xil_defaultlib.bd_797d_psr_aclk_0 [bd_797d_psr_aclk_0_default]
Compiling module xil_defaultlib.clk_map_imp_1ETOZD4
Compiling module xil_defaultlib.bd_797d_m00e_0
Compiling module xil_defaultlib.m00_exit_pipeline_imp_M26QJ7
Compiling module xpm.xpm_memory_base(MEMORY_TYPE=1,ME...
Compiling module xpm.xpm_memory_sdpram(MEMORY_SIZE=32...
Compiling module xpm.xpm_memory_base(MEMORY_TYPE=1,ME...
Compiling module xpm.xpm_memory_sdpram(MEMORY_SIZE=50...
Compiling module xil_defaultlib.bd_797d_m00arn_0
Compiling module xpm.xpm_memory_base(MEMORY_TYPE=1,ME...
Compiling module xpm.xpm_memory_sdpram(MEMORY_SIZE=60...
Compiling module xpm.xpm_memory_base(MEMORY_TYPE=1,ME...
Compiling module xpm.xpm_memory_sdpram(MEMORY_SIZE=47...
Compiling module xil_defaultlib.bd_797d_m00rn_0
Compiling module xil_defaultlib.m00_nodes_imp_8SSTMN
Compiling module xil_defaultlib.bd_797d_m00s2a_0
Compiling module xil_defaultlib.bd_797d_m01e_0
Compiling module xil_defaultlib.m01_exit_pipeline_imp_OLNF2R
Compiling module xil_defaultlib.bd_797d_m01arn_0
Compiling module xil_defaultlib.bd_797d_m01awn_0
Compiling module xpm.xpm_memory_base(MEMORY_TYPE=1,ME...
Compiling module xpm.xpm_memory_sdpram(MEMORY_SIZE=22...
Compiling module xil_defaultlib.bd_797d_m01bn_0
Compiling module xil_defaultlib.bd_797d_m01rn_0
Compiling module xpm.xpm_memory_base(MEMORY_TYPE=1,ME...
Compiling module xpm.xpm_memory_sdpram(MEMORY_SIZE=4,...
Compiling module xpm.xpm_memory_base(MEMORY_TYPE=1,ME...
Compiling module xpm.xpm_memory_sdpram(MEMORY_SIZE=57...
Compiling module xil_defaultlib.bd_797d_m01wn_0
Compiling module xil_defaultlib.m01_nodes_imp_109QK5L
Compiling module xil_defaultlib.bd_797d_m01s2a_0
Compiling module xil_defaultlib.bd_797d_s00a2s_0
Compiling module xil_defaultlib.bd_797d_s00mmu_0
Compiling module xil_defaultlib.bd_797d_s00sic_0
Compiling module xil_defaultlib.bd_797d_s00tr_0
Compiling module xil_defaultlib.s00_entry_pipeline_imp_1KSEG9C
Compiling module xpm.xpm_memory_base(MEMORY_TYPE=1,ME...
Compiling module xpm.xpm_memory_sdpram(MEMORY_SIZE=45...
Compiling module xil_defaultlib.bd_797d_sarn_0
Compiling module xil_defaultlib.bd_797d_sawn_0
Compiling module xpm.xpm_memory_base(MEMORY_TYPE=1,ME...
Compiling module xpm.xpm_memory_sdpram(MEMORY_SIZE=80...
Compiling module xil_defaultlib.bd_797d_sbn_0
Compiling module xpm.xpm_memory_base(MEMORY_TYPE=1,ME...
Compiling module xpm.xpm_memory_sdpram(MEMORY_SIZE=53...
Compiling module xil_defaultlib.bd_797d_srn_0
Compiling module xpm.xpm_memory_base(MEMORY_TYPE=1,ME...
Compiling module xpm.xpm_memory_sdpram(MEMORY_SIZE=51...
Compiling module xil_defaultlib.bd_797d_swn_0
Compiling module xil_defaultlib.s00_nodes_imp_1O89XAI
Compiling module xil_defaultlib.bd_797d_s01a2s_0
Compiling module xil_defaultlib.bd_797d_s01mmu_0
Compiling module xil_defaultlib.bd_797d_s01sic_0
Compiling module xil_defaultlib.bd_797d_s01tr_0
Compiling module xil_defaultlib.s01_entry_pipeline_imp_ODGC90
Compiling module xil_defaultlib.bd_797d_sarn_1
Compiling module xil_defaultlib.bd_797d_srn_1
Compiling module xil_defaultlib.s01_nodes_imp_IWDPDO
Compiling module xil_defaultlib.bd_797d_arsw_0
Compiling module xil_defaultlib.bd_797d_awsw_0
Compiling module xil_defaultlib.bd_797d_bsw_0
Compiling module xil_defaultlib.bd_797d_rsw_0
Compiling module xil_defaultlib.bd_797d_wsw_0
Compiling module xil_defaultlib.switchboards_imp_1DMXFBY
Compiling module xil_defaultlib.bd_797d
Compiling module xil_defaultlib.Block_top_smartconnect_0_0
Compiling module util_vector_logic_v2_0_5.util_vector_logic_v2_0_5_util_ve...
Compiling module xil_defaultlib.Block_top_util_vector_logic_0_0
Compiling module xil_defaultlib.Block_top_util_vector_logic_0_1
Compiling module xlconstant_v1_1_10.xlconstant_v1_1_10_xlconstant(CO...
Compiling module xil_defaultlib.Block_top_xlconstant_0_0
Compiling module xil_defaultlib.Block_top
Compiling module xil_defaultlib.Block_top_wrapper
Compiling module xil_defaultlib.ddr3_model_default
Compiling module xil_defaultlib.FLASH_SIM
Compiling module xil_defaultlib.Block_Testbench
Compiling module xil_defaultlib.glbl
Built simulation snapshot Block_Testbench_behav
