
*** Running vivado
    with args -log Block_top_util_ds_buf_2_0.vds -m64 -product Vivado -mode batch -messageDb vivado.pb -notrace -source Block_top_util_ds_buf_2_0.tcl


****** Vivado v2025.2 (64-bit)
  **** SW Build 6299465 on Fri Nov 14 12:34:56 MST 2025
  **** IP Build 6300035 on Fri Nov 14 10:48:45 MST 2025
  **** SharedData Build 6298862 on Thu Nov 13 04:50:51 MST 2025
  **** Start of session at: Fri Aug 14 21:36:21 2026
    ** Copyright 1986-2022 Xilinx, Inc. All Rights Reserved.
    ** Copyright 2022-2025 Advanced Micro Devices, Inc. All Rights Reserved.

source Block_top_util_ds_buf_2_0.tcl -notrace
create_project: Time (s): cpu = 00:00:09 ; elapsed = 00:00:08 . Memory (MB): peak = 1571.543 ; gain = 83.059 ; free physical = 15852 ; free virtual = 25800
INFO: [IP_Flow 19-234] Refreshing IP repositories
WARNING: [IP_Flow 19-2248] Failed to load user IP repository '/home/lovro/ARES/Alchistry_Labs/DDR3 test/cores/ip_repo/myip_1_0'; Can't find the specified path.
If this directory should no longer be in your list of user repositories, go to the IP Settings dialog and remove it.
WARNING: [IP_Flow 19-2248] Failed to load user IP repository '/home/lovro/ARES/Alchistry_Labs/DDR3 test/cores/ip_repo/CPU_IO_converter_1_0'; Can't find the specified path.
If this directory should no longer be in your list of user repositories, go to the IP Settings dialog and remove it.
WARNING: [IP_Flow 19-2248] Failed to load user IP repository '/home/lovro/ARES/Alchistry_Labs/DDR3 test/cores/ip_repo/CPU_io_converter_1_0'; Can't find the specified path.
If this directory should no longer be in your list of user repositories, go to the IP Settings dialog and remove it.
INFO: [IP_Flow 19-2313] Loaded Vivado IP repository '/opt/Vivado/2025.2/data/ip'.
Command: synth_design -top Block_top_util_ds_buf_2_0 -part xc7a100tfgg484-2 -incremental_mode off -mode out_of_context
Starting synth_design
Attempting to get a license for feature 'Synthesis' and/or device 'xc7a100t'
INFO: [Common 17-349] Got license for feature 'Synthesis' and/or device 'xc7a100t'
INFO: [Device 21-403] Loading part xc7a100tfgg484-2
INFO: [Synth 8-7079] Multithreading enabled for synth_design using a maximum of 7 processes.
INFO: [Synth 8-7078] Launching helper process for spawning children vivado processes
INFO: [Synth 8-7075] Helper process launched with PID 15307
---------------------------------------------------------------------------------
Starting RTL Elaboration : Time (s): cpu = 00:00:05 ; elapsed = 00:00:08 . Memory (MB): peak = 2209.504 ; gain = 482.875 ; free physical = 7570 ; free virtual = 17524
---------------------------------------------------------------------------------
INFO: [Synth 8-638] synthesizing module 'Block_top_util_ds_buf_2_0' [/home/lovro/ARES/ARES_fpga/ARES_fpga/ARES_fpga.gen/sources_1/bd/Block_top/ip/Block_top_util_ds_buf_2_0/synth/Block_top_util_ds_buf_2_0.vhd:65]
	Parameter C_SIZE bound to: 4 - type: integer 
	Parameter C_BUF_TYPE bound to: IOBUF - type: string 
	Parameter C_BUFGCE_DIV bound to: 1 - type: integer 
	Parameter C_BUFG_GT_SYNC bound to: 0 - type: integer 
	Parameter C_OBUFDS_GTE5_ADV bound to: 2'b00 
	Parameter C_REFCLK_ICNTL_TX bound to: 5'b00000 
	Parameter C_SIM_DEVICE bound to: VERSAL_AI_CORE_ES1 - type: string 
	Parameter C_DIVBY2 bound to: 0 - type: integer 
INFO: [Synth 8-3491] module 'util_ds_buf' declared at '/home/lovro/ARES/ARES_fpga/ARES_fpga/ARES_fpga.gen/sources_1/bd/Block_top/ip/Block_top_util_ds_buf_2_0/util_ds_buf.vhd:73' bound to instance 'U0' of component 'util_ds_buf' [/home/lovro/ARES/ARES_fpga/ARES_fpga/ARES_fpga.gen/sources_1/bd/Block_top/ip/Block_top_util_ds_buf_2_0/synth/Block_top_util_ds_buf_2_0.vhd:246]
INFO: [Synth 8-638] synthesizing module 'util_ds_buf' [/home/lovro/ARES/ARES_fpga/ARES_fpga/ARES_fpga.gen/sources_1/bd/Block_top/ip/Block_top_util_ds_buf_2_0/util_ds_buf.vhd:303]
INFO: [Synth 8-113] binding component instance 'IOBUF_I' to cell 'IOBUF' [/home/lovro/ARES/ARES_fpga/ARES_fpga/ARES_fpga.gen/sources_1/bd/Block_top/ip/Block_top_util_ds_buf_2_0/util_ds_buf.vhd:840]
INFO: [Synth 8-113] binding component instance 'IOBUF_I' to cell 'IOBUF' [/home/lovro/ARES/ARES_fpga/ARES_fpga/ARES_fpga.gen/sources_1/bd/Block_top/ip/Block_top_util_ds_buf_2_0/util_ds_buf.vhd:840]
INFO: [Synth 8-113] binding component instance 'IOBUF_I' to cell 'IOBUF' [/home/lovro/ARES/ARES_fpga/ARES_fpga/ARES_fpga.gen/sources_1/bd/Block_top/ip/Block_top_util_ds_buf_2_0/util_ds_buf.vhd:840]
INFO: [Synth 8-113] binding component instance 'IOBUF_I' to cell 'IOBUF' [/home/lovro/ARES/ARES_fpga/ARES_fpga/ARES_fpga.gen/sources_1/bd/Block_top/ip/Block_top_util_ds_buf_2_0/util_ds_buf.vhd:840]
INFO: [Synth 8-256] done synthesizing module 'util_ds_buf' (0#1) [/home/lovro/ARES/ARES_fpga/ARES_fpga/ARES_fpga.gen/sources_1/bd/Block_top/ip/Block_top_util_ds_buf_2_0/util_ds_buf.vhd:303]
INFO: [Synth 8-256] done synthesizing module 'Block_top_util_ds_buf_2_0' (0#1) [/home/lovro/ARES/ARES_fpga/ARES_fpga/ARES_fpga.gen/sources_1/bd/Block_top/ip/Block_top_util_ds_buf_2_0/synth/Block_top_util_ds_buf_2_0.vhd:65]
INFO: [Synth 8-7129] Port IBUF_DS_P[3] in module util_ds_buf is either unconnected or has no load
INFO: [Synth 8-7129] Port IBUF_DS_P[2] in module util_ds_buf is either unconnected or has no load
INFO: [Synth 8-7129] Port IBUF_DS_P[1] in module util_ds_buf is either unconnected or has no load
INFO: [Synth 8-7129] Port IBUF_DS_P[0] in module util_ds_buf is either unconnected or has no load
INFO: [Synth 8-7129] Port IBUF_DS_N[3] in module util_ds_buf is either unconnected or has no load
INFO: [Synth 8-7129] Port IBUF_DS_N[2] in module util_ds_buf is either unconnected or has no load
INFO: [Synth 8-7129] Port IBUF_DS_N[1] in module util_ds_buf is either unconnected or has no load
INFO: [Synth 8-7129] Port IBUF_DS_N[0] in module util_ds_buf is either unconnected or has no load
INFO: [Synth 8-7129] Port IBUF_DS_CEB[3] in module util_ds_buf is either unconnected or has no load
INFO: [Synth 8-7129] Port IBUF_DS_CEB[2] in module util_ds_buf is either unconnected or has no load
INFO: [Synth 8-7129] Port IBUF_DS_CEB[1] in module util_ds_buf is either unconnected or has no load
INFO: [Synth 8-7129] Port IBUF_DS_CEB[0] in module util_ds_buf is either unconnected or has no load
INFO: [Synth 8-7129] Port OBUF_IN[3] in module util_ds_buf is either unconnected or has no load
INFO: [Synth 8-7129] Port OBUF_IN[2] in module util_ds_buf is either unconnected or has no load
INFO: [Synth 8-7129] Port OBUF_IN[1] in module util_ds_buf is either unconnected or has no load
INFO: [Synth 8-7129] Port OBUF_IN[0] in module util_ds_buf is either unconnected or has no load
INFO: [Synth 8-7129] Port BUFG_I[3] in module util_ds_buf is either unconnected or has no load
INFO: [Synth 8-7129] Port BUFG_I[2] in module util_ds_buf is either unconnected or has no load
INFO: [Synth 8-7129] Port BUFG_I[1] in module util_ds_buf is either unconnected or has no load
INFO: [Synth 8-7129] Port BUFG_I[0] in module util_ds_buf is either unconnected or has no load
INFO: [Synth 8-7129] Port BUFGCE_I[3] in module util_ds_buf is either unconnected or has no load
INFO: [Synth 8-7129] Port BUFGCE_I[2] in module util_ds_buf is either unconnected or has no load
INFO: [Synth 8-7129] Port BUFGCE_I[1] in module util_ds_buf is either unconnected or has no load
INFO: [Synth 8-7129] Port BUFGCE_I[0] in module util_ds_buf is either unconnected or has no load
INFO: [Synth 8-7129] Port BUFGCE_CE[3] in module util_ds_buf is either unconnected or has no load
INFO: [Synth 8-7129] Port BUFGCE_CE[2] in module util_ds_buf is either unconnected or has no load
INFO: [Synth 8-7129] Port BUFGCE_CE[1] in module util_ds_buf is either unconnected or has no load
INFO: [Synth 8-7129] Port BUFGCE_CE[0] in module util_ds_buf is either unconnected or has no load
INFO: [Synth 8-7129] Port BUFGCE_CLR[3] in module util_ds_buf is either unconnected or has no load
INFO: [Synth 8-7129] Port BUFGCE_CLR[2] in module util_ds_buf is either unconnected or has no load
INFO: [Synth 8-7129] Port BUFGCE_CLR[1] in module util_ds_buf is either unconnected or has no load
INFO: [Synth 8-7129] Port BUFGCE_CLR[0] in module util_ds_buf is either unconnected or has no load
INFO: [Synth 8-7129] Port BUFH_I[3] in module util_ds_buf is either unconnected or has no load
INFO: [Synth 8-7129] Port BUFH_I[2] in module util_ds_buf is either unconnected or has no load
INFO: [Synth 8-7129] Port BUFH_I[1] in module util_ds_buf is either unconnected or has no load
INFO: [Synth 8-7129] Port BUFH_I[0] in module util_ds_buf is either unconnected or has no load
INFO: [Synth 8-7129] Port BUFHCE_I[3] in module util_ds_buf is either unconnected or has no load
INFO: [Synth 8-7129] Port BUFHCE_I[2] in module util_ds_buf is either unconnected or has no load
INFO: [Synth 8-7129] Port BUFHCE_I[1] in module util_ds_buf is either unconnected or has no load
INFO: [Synth 8-7129] Port BUFHCE_I[0] in module util_ds_buf is either unconnected or has no load
INFO: [Synth 8-7129] Port BUFHCE_CE[3] in module util_ds_buf is either unconnected or has no load
INFO: [Synth 8-7129] Port BUFHCE_CE[2] in module util_ds_buf is either unconnected or has no load
INFO: [Synth 8-7129] Port BUFHCE_CE[1] in module util_ds_buf is either unconnected or has no load
INFO: [Synth 8-7129] Port BUFHCE_CE[0] in module util_ds_buf is either unconnected or has no load
INFO: [Synth 8-7129] Port BUFG_FABRIC_I[3] in module util_ds_buf is either unconnected or has no load
INFO: [Synth 8-7129] Port BUFG_FABRIC_I[2] in module util_ds_buf is either unconnected or has no load
INFO: [Synth 8-7129] Port BUFG_FABRIC_I[1] in module util_ds_buf is either unconnected or has no load
INFO: [Synth 8-7129] Port BUFG_FABRIC_I[0] in module util_ds_buf is either unconnected or has no load
INFO: [Synth 8-7129] Port OBUFDS_GTE5_CEB[3] in module util_ds_buf is either unconnected or has no load
INFO: [Synth 8-7129] Port OBUFDS_GTE5_CEB[2] in module util_ds_buf is either unconnected or has no load
INFO: [Synth 8-7129] Port OBUFDS_GTE5_CEB[1] in module util_ds_buf is either unconnected or has no load
INFO: [Synth 8-7129] Port OBUFDS_GTE5_CEB[0] in module util_ds_buf is either unconnected or has no load
INFO: [Synth 8-7129] Port OBUFDS_GTE5_I[3] in module util_ds_buf is either unconnected or has no load
INFO: [Synth 8-7129] Port OBUFDS_GTE5_I[2] in module util_ds_buf is either unconnected or has no load
INFO: [Synth 8-7129] Port OBUFDS_GTE5_I[1] in module util_ds_buf is either unconnected or has no load
INFO: [Synth 8-7129] Port OBUFDS_GTE5_I[0] in module util_ds_buf is either unconnected or has no load
INFO: [Synth 8-7129] Port OBUFDS_GTE5_ADV_CEB[3] in module util_ds_buf is either unconnected or has no load
INFO: [Synth 8-7129] Port OBUFDS_GTE5_ADV_CEB[2] in module util_ds_buf is either unconnected or has no load
INFO: [Synth 8-7129] Port OBUFDS_GTE5_ADV_CEB[1] in module util_ds_buf is either unconnected or has no load
INFO: [Synth 8-7129] Port OBUFDS_GTE5_ADV_CEB[0] in module util_ds_buf is either unconnected or has no load
INFO: [Synth 8-7129] Port OBUFDS_GTE5_ADV_I[15] in module util_ds_buf is either unconnected or has no load
INFO: [Synth 8-7129] Port OBUFDS_GTE5_ADV_I[14] in module util_ds_buf is either unconnected or has no load
INFO: [Synth 8-7129] Port OBUFDS_GTE5_ADV_I[13] in module util_ds_buf is either unconnected or has no load
INFO: [Synth 8-7129] Port OBUFDS_GTE5_ADV_I[12] in module util_ds_buf is either unconnected or has no load
INFO: [Synth 8-7129] Port OBUFDS_GTE5_ADV_I[11] in module util_ds_buf is either unconnected or has no load
INFO: [Synth 8-7129] Port OBUFDS_GTE5_ADV_I[10] in module util_ds_buf is either unconnected or has no load
INFO: [Synth 8-7129] Port OBUFDS_GTE5_ADV_I[9] in module util_ds_buf is either unconnected or has no load
INFO: [Synth 8-7129] Port OBUFDS_GTE5_ADV_I[8] in module util_ds_buf is either unconnected or has no load
INFO: [Synth 8-7129] Port OBUFDS_GTE5_ADV_I[7] in module util_ds_buf is either unconnected or has no load
INFO: [Synth 8-7129] Port OBUFDS_GTE5_ADV_I[6] in module util_ds_buf is either unconnected or has no load
INFO: [Synth 8-7129] Port OBUFDS_GTE5_ADV_I[5] in module util_ds_buf is either unconnected or has no load
INFO: [Synth 8-7129] Port OBUFDS_GTE5_ADV_I[4] in module util_ds_buf is either unconnected or has no load
INFO: [Synth 8-7129] Port OBUFDS_GTE5_ADV_I[3] in module util_ds_buf is either unconnected or has no load
INFO: [Synth 8-7129] Port OBUFDS_GTE5_ADV_I[2] in module util_ds_buf is either unconnected or has no load
INFO: [Synth 8-7129] Port OBUFDS_GTE5_ADV_I[1] in module util_ds_buf is either unconnected or has no load
INFO: [Synth 8-7129] Port OBUFDS_GTE5_ADV_I[0] in module util_ds_buf is either unconnected or has no load
INFO: [Synth 8-7129] Port OBUFDS_GTE5_ADV_RXRECCLKSEL[7] in module util_ds_buf is either unconnected or has no load
INFO: [Synth 8-7129] Port OBUFDS_GTE5_ADV_RXRECCLKSEL[6] in module util_ds_buf is either unconnected or has no load
INFO: [Synth 8-7129] Port OBUFDS_GTE5_ADV_RXRECCLKSEL[5] in module util_ds_buf is either unconnected or has no load
INFO: [Synth 8-7129] Port OBUFDS_GTE5_ADV_RXRECCLKSEL[4] in module util_ds_buf is either unconnected or has no load
INFO: [Synth 8-7129] Port OBUFDS_GTE5_ADV_RXRECCLKSEL[3] in module util_ds_buf is either unconnected or has no load
INFO: [Synth 8-7129] Port OBUFDS_GTE5_ADV_RXRECCLKSEL[2] in module util_ds_buf is either unconnected or has no load
INFO: [Synth 8-7129] Port OBUFDS_GTE5_ADV_RXRECCLKSEL[1] in module util_ds_buf is either unconnected or has no load
INFO: [Synth 8-7129] Port OBUFDS_GTE5_ADV_RXRECCLKSEL[0] in module util_ds_buf is either unconnected or has no load
INFO: [Synth 8-7129] Port OBUFDS_GTE3_CEB[3] in module util_ds_buf is either unconnected or has no load
INFO: [Synth 8-7129] Port OBUFDS_GTE3_CEB[2] in module util_ds_buf is either unconnected or has no load
INFO: [Synth 8-7129] Port OBUFDS_GTE3_CEB[1] in module util_ds_buf is either unconnected or has no load
INFO: [Synth 8-7129] Port OBUFDS_GTE3_CEB[0] in module util_ds_buf is either unconnected or has no load
INFO: [Synth 8-7129] Port OBUFDS_GTE3_I[3] in module util_ds_buf is either unconnected or has no load
INFO: [Synth 8-7129] Port OBUFDS_GTE3_I[2] in module util_ds_buf is either unconnected or has no load
INFO: [Synth 8-7129] Port OBUFDS_GTE3_I[1] in module util_ds_buf is either unconnected or has no load
INFO: [Synth 8-7129] Port OBUFDS_GTE3_I[0] in module util_ds_buf is either unconnected or has no load
INFO: [Synth 8-7129] Port OBUFDS_GTE3_ADV_CEB[3] in module util_ds_buf is either unconnected or has no load
INFO: [Synth 8-7129] Port OBUFDS_GTE3_ADV_CEB[2] in module util_ds_buf is either unconnected or has no load
INFO: [Synth 8-7129] Port OBUFDS_GTE3_ADV_CEB[1] in module util_ds_buf is either unconnected or has no load
INFO: [Synth 8-7129] Port OBUFDS_GTE3_ADV_CEB[0] in module util_ds_buf is either unconnected or has no load
INFO: [Synth 8-7129] Port OBUFDS_GTE3_ADV_I[15] in module util_ds_buf is either unconnected or has no load
INFO: [Synth 8-7129] Port OBUFDS_GTE3_ADV_I[14] in module util_ds_buf is either unconnected or has no load
INFO: [Synth 8-7129] Port OBUFDS_GTE3_ADV_I[13] in module util_ds_buf is either unconnected or has no load
INFO: [Synth 8-7129] Port OBUFDS_GTE3_ADV_I[12] in module util_ds_buf is either unconnected or has no load
INFO: [Common 17-14] Message 'Synth 8-7129' appears 100 times and further instances of the messages will be disabled. Use the Tcl command set_msg_config to change the current settings.
---------------------------------------------------------------------------------
Finished RTL Elaboration : Time (s): cpu = 00:00:07 ; elapsed = 00:00:10 . Memory (MB): peak = 2301.473 ; gain = 574.844 ; free physical = 6716 ; free virtual = 16681
---------------------------------------------------------------------------------
---------------------------------------------------------------------------------
Start Handling Custom Attributes
---------------------------------------------------------------------------------
---------------------------------------------------------------------------------
Finished Handling Custom Attributes : Time (s): cpu = 00:00:07 ; elapsed = 00:00:10 . Memory (MB): peak = 2313.348 ; gain = 586.719 ; free physical = 6702 ; free virtual = 16671
---------------------------------------------------------------------------------
---------------------------------------------------------------------------------
Finished RTL Optimization Phase 1 : Time (s): cpu = 00:00:07 ; elapsed = 00:00:10 . Memory (MB): peak = 2313.348 ; gain = 586.719 ; free physical = 6700 ; free virtual = 16670
---------------------------------------------------------------------------------
Netlist sorting complete. Time (s): cpu = 00:00:00 ; elapsed = 00:00:00 . Memory (MB): peak = 2316.316 ; gain = 0.000 ; free physical = 6695 ; free virtual = 16666
INFO: [Netlist 29-17] Analyzing 4 Unisim elements for replacement
INFO: [Netlist 29-28] Unisim Transformation completed in 0 CPU seconds
WARNING: [Netlist 29-1115] Found multi-term driver net: U0/<const0>.
INFO: [Project 1-570] Preparing netlist for logic optimization

Processing XDC Constraints
Initializing timing engine
Parsing XDC File [/home/lovro/ARES/ARES_fpga/ARES_fpga/ARES_fpga.gen/sources_1/bd/Block_top/ip/Block_top_util_ds_buf_2_0/Block_top_util_ds_buf_2_0_ooc.xdc] for cell 'U0'
Finished Parsing XDC File [/home/lovro/ARES/ARES_fpga/ARES_fpga/ARES_fpga.gen/sources_1/bd/Block_top/ip/Block_top_util_ds_buf_2_0/Block_top_util_ds_buf_2_0_ooc.xdc] for cell 'U0'
Parsing XDC File [/home/lovro/ARES/ARES_fpga/ARES_fpga/ARES_fpga.gen/sources_1/bd/Block_top/ip/Block_top_util_ds_buf_2_0/Block_top_util_ds_buf_2_0_board.xdc] for cell 'U0'
Finished Parsing XDC File [/home/lovro/ARES/ARES_fpga/ARES_fpga/ARES_fpga.gen/sources_1/bd/Block_top/ip/Block_top_util_ds_buf_2_0/Block_top_util_ds_buf_2_0_board.xdc] for cell 'U0'
Parsing XDC File [/home/lovro/ARES/ARES_fpga/ARES_fpga/ARES_fpga.runs/Block_top_util_ds_buf_2_0_synth_1/dont_touch.xdc]
Finished Parsing XDC File [/home/lovro/ARES/ARES_fpga/ARES_fpga/ARES_fpga.runs/Block_top_util_ds_buf_2_0_synth_1/dont_touch.xdc]
Completed Processing XDC Constraints

Netlist sorting complete. Time (s): cpu = 00:00:00 ; elapsed = 00:00:00 . Memory (MB): peak = 2362.273 ; gain = 0.000 ; free physical = 6417 ; free virtual = 16392
INFO: [Project 1-111] Unisim Transformation Summary:
  A total of 4 instances were transformed.
  IOBUF => IOBUF (IBUF, OBUFT): 4 instances

Constraint Validation Runtime : Time (s): cpu = 00:00:00.01 ; elapsed = 00:00:00.02 . Memory (MB): peak = 2362.309 ; gain = 0.000 ; free physical = 6406 ; free virtual = 16381
INFO: [Designutils 20-5008] Incremental synthesis strategy off
---------------------------------------------------------------------------------
Finished Constraint Validation : Time (s): cpu = 00:00:16 ; elapsed = 00:00:18 . Memory (MB): peak = 2362.309 ; gain = 635.680 ; free physical = 6028 ; free virtual = 16014
---------------------------------------------------------------------------------
---------------------------------------------------------------------------------
Start Loading Part and Timing Information
---------------------------------------------------------------------------------
Loading part: xc7a100tfgg484-2
---------------------------------------------------------------------------------
Finished Loading Part and Timing Information : Time (s): cpu = 00:00:16 ; elapsed = 00:00:18 . Memory (MB): peak = 2370.277 ; gain = 643.648 ; free physical = 6028 ; free virtual = 16014
---------------------------------------------------------------------------------
---------------------------------------------------------------------------------
Start Applying 'set_property' XDC Constraints
---------------------------------------------------------------------------------
---------------------------------------------------------------------------------
Finished applying 'set_property' XDC Constraints : Time (s): cpu = 00:00:16 ; elapsed = 00:00:18 . Memory (MB): peak = 2370.277 ; gain = 643.648 ; free physical = 6028 ; free virtual = 16014
---------------------------------------------------------------------------------
---------------------------------------------------------------------------------
Finished RTL Optimization Phase 2 : Time (s): cpu = 00:00:16 ; elapsed = 00:00:19 . Memory (MB): peak = 2370.277 ; gain = 643.648 ; free physical = 6028 ; free virtual = 16015
---------------------------------------------------------------------------------
---------------------------------------------------------------------------------
Start RTL Component Statistics 
---------------------------------------------------------------------------------
Detailed RTL Component Info : 
---------------------------------------------------------------------------------
Finished RTL Component Statistics 
---------------------------------------------------------------------------------
---------------------------------------------------------------------------------
Start Part Resource Summary
---------------------------------------------------------------------------------
Part Resources:
DSPs: 240 (col length:80)
BRAMs: 270 (col length: RAMB18 80 RAMB36 40)
---------------------------------------------------------------------------------
Finished Part Resource Summary
---------------------------------------------------------------------------------
---------------------------------------------------------------------------------
Start Cross Boundary and Area Optimization
---------------------------------------------------------------------------------
---------------------------------------------------------------------------------
Finished Cross Boundary and Area Optimization : Time (s): cpu = 00:00:18 ; elapsed = 00:00:21 . Memory (MB): peak = 2370.277 ; gain = 643.648 ; free physical = 5937 ; free virtual = 15933
---------------------------------------------------------------------------------
---------------------------------------------------------------------------------
Start Applying XDC Timing Constraints
---------------------------------------------------------------------------------
---------------------------------------------------------------------------------
Finished Applying XDC Timing Constraints : Time (s): cpu = 00:00:23 ; elapsed = 00:00:26 . Memory (MB): peak = 2458.277 ; gain = 731.648 ; free physical = 5447 ; free virtual = 15449
---------------------------------------------------------------------------------
---------------------------------------------------------------------------------
Start Timing Optimization
---------------------------------------------------------------------------------
---------------------------------------------------------------------------------
Finished Timing Optimization : Time (s): cpu = 00:00:23 ; elapsed = 00:00:26 . Memory (MB): peak = 2458.277 ; gain = 731.648 ; free physical = 5447 ; free virtual = 15449
---------------------------------------------------------------------------------
---------------------------------------------------------------------------------
Start Technology Mapping
---------------------------------------------------------------------------------
---------------------------------------------------------------------------------
Finished Technology Mapping : Time (s): cpu = 00:00:23 ; elapsed = 00:00:26 . Memory (MB): peak = 2467.293 ; gain = 740.664 ; free physical = 5438 ; free virtual = 15440
---------------------------------------------------------------------------------
---------------------------------------------------------------------------------
Start IO Insertion
---------------------------------------------------------------------------------
---------------------------------------------------------------------------------
Start Flattening Before IO Insertion
---------------------------------------------------------------------------------
---------------------------------------------------------------------------------
Finished Flattening Before IO Insertion
---------------------------------------------------------------------------------
---------------------------------------------------------------------------------
Start Final Netlist Cleanup
---------------------------------------------------------------------------------
---------------------------------------------------------------------------------
Finished Final Netlist Cleanup
---------------------------------------------------------------------------------
---------------------------------------------------------------------------------
Finished IO Insertion : Time (s): cpu = 00:00:27 ; elapsed = 00:00:30 . Memory (MB): peak = 2655.105 ; gain = 928.477 ; free physical = 5867 ; free virtual = 15868
---------------------------------------------------------------------------------
---------------------------------------------------------------------------------
Start Renaming Generated Instances
---------------------------------------------------------------------------------
---------------------------------------------------------------------------------
Finished Renaming Generated Instances : Time (s): cpu = 00:00:27 ; elapsed = 00:00:30 . Memory (MB): peak = 2655.105 ; gain = 928.477 ; free physical = 5867 ; free virtual = 15868
---------------------------------------------------------------------------------
---------------------------------------------------------------------------------
Start Rebuilding User Hierarchy
---------------------------------------------------------------------------------
---------------------------------------------------------------------------------
Finished Rebuilding User Hierarchy : Time (s): cpu = 00:00:27 ; elapsed = 00:00:30 . Memory (MB): peak = 2655.105 ; gain = 928.477 ; free physical = 5867 ; free virtual = 15868
---------------------------------------------------------------------------------
---------------------------------------------------------------------------------
Start Renaming Generated Ports
---------------------------------------------------------------------------------
---------------------------------------------------------------------------------
Finished Renaming Generated Ports : Time (s): cpu = 00:00:27 ; elapsed = 00:00:30 . Memory (MB): peak = 2655.105 ; gain = 928.477 ; free physical = 5867 ; free virtual = 15868
---------------------------------------------------------------------------------
---------------------------------------------------------------------------------
Start Handling Custom Attributes
---------------------------------------------------------------------------------
---------------------------------------------------------------------------------
Finished Handling Custom Attributes : Time (s): cpu = 00:00:27 ; elapsed = 00:00:30 . Memory (MB): peak = 2655.105 ; gain = 928.477 ; free physical = 5867 ; free virtual = 15868
---------------------------------------------------------------------------------
---------------------------------------------------------------------------------
Start Renaming Generated Nets
---------------------------------------------------------------------------------
---------------------------------------------------------------------------------
Finished Renaming Generated Nets : Time (s): cpu = 00:00:27 ; elapsed = 00:00:30 . Memory (MB): peak = 2655.105 ; gain = 928.477 ; free physical = 5867 ; free virtual = 15868
---------------------------------------------------------------------------------
---------------------------------------------------------------------------------
Start Writing Synthesis Report
---------------------------------------------------------------------------------

Report BlackBoxes: 
+-+--------------+----------+
| |BlackBox name |Instances |
+-+--------------+----------+
+-+--------------+----------+

Report Cell Usage: 
+------+------+------+
|      |Cell  |Count |
+------+------+------+
|1     |IOBUF |     4|
+------+------+------+
---------------------------------------------------------------------------------
Finished Writing Synthesis Report : Time (s): cpu = 00:00:27 ; elapsed = 00:00:30 . Memory (MB): peak = 2655.105 ; gain = 928.477 ; free physical = 5867 ; free virtual = 15868
---------------------------------------------------------------------------------
Synthesis finished with 0 errors, 0 critical warnings and 0 warnings.
Synthesis Optimization Runtime : Time (s): cpu = 00:00:25 ; elapsed = 00:00:28 . Memory (MB): peak = 2655.105 ; gain = 879.516 ; free physical = 5907 ; free virtual = 15908
Synthesis Optimization Complete : Time (s): cpu = 00:00:27 ; elapsed = 00:00:30 . Memory (MB): peak = 2655.113 ; gain = 928.477 ; free physical = 5907 ; free virtual = 15908
INFO: [Project 1-571] Translating synthesized netlist
Netlist sorting complete. Time (s): cpu = 00:00:00 ; elapsed = 00:00:00 . Memory (MB): peak = 2655.113 ; gain = 0.000 ; free physical = 5905 ; free virtual = 15906
INFO: [Netlist 29-17] Analyzing 4 Unisim elements for replacement
INFO: [Netlist 29-28] Unisim Transformation completed in 0 CPU seconds
WARNING: [Netlist 29-1115] Found multi-term driver net: U0/<const0>.
INFO: [Project 1-570] Preparing netlist for logic optimization
INFO: [Opt 31-138] Pushed 0 inverter(s) to 0 load pin(s).
Netlist sorting complete. Time (s): cpu = 00:00:00 ; elapsed = 00:00:00 . Memory (MB): peak = 2655.113 ; gain = 0.000 ; free physical = 5940 ; free virtual = 15941
INFO: [Project 1-111] Unisim Transformation Summary:
  A total of 4 instances were transformed.
  IOBUF => IOBUF (IBUF, OBUFT): 4 instances

Synth Design complete | Checksum: 5bf01c79
INFO: [Common 17-83] Releasing license: Synthesis
129 Infos, 5 Warnings, 0 Critical Warnings and 0 Errors encountered.
synth_design completed successfully
synth_design: Time (s): cpu = 00:00:33 ; elapsed = 00:00:34 . Memory (MB): peak = 2655.141 ; gain = 1083.598 ; free physical = 5886 ; free virtual = 15887
INFO: [Common 17-2834] synth_design peak Physical Memory [PSS] (MB): overall = 1716.229; main = 1529.872; forked = 186.648
INFO: [Common 17-2834] synth_design peak Virtual Memory [VSS] (MB): overall = 3649.312; main = 2655.109; forked = 994.219
Write ShapeDB Complete: Time (s): cpu = 00:00:00 ; elapsed = 00:00:00 . Memory (MB): peak = 2679.117 ; gain = 0.000 ; free physical = 5878 ; free virtual = 15879
INFO: [Common 17-1381] The checkpoint '/home/lovro/ARES/ARES_fpga/ARES_fpga/ARES_fpga.runs/Block_top_util_ds_buf_2_0_synth_1/Block_top_util_ds_buf_2_0.dcp' has been generated.
INFO: [Coretcl 2-1648] Added synthesis output to IP cache for IP Block_top_util_ds_buf_2_0, cache-ID = bb32ca422f21a5dc
Write ShapeDB Complete: Time (s): cpu = 00:00:00 ; elapsed = 00:00:00 . Memory (MB): peak = 2679.117 ; gain = 0.000 ; free physical = 5780 ; free virtual = 15781
INFO: [Common 17-1381] The checkpoint '/home/lovro/ARES/ARES_fpga/ARES_fpga/ARES_fpga.runs/Block_top_util_ds_buf_2_0_synth_1/Block_top_util_ds_buf_2_0.dcp' has been generated.
INFO: [Vivado 12-24828] Executing command : report_utilization -file Block_top_util_ds_buf_2_0_utilization_synth.rpt -pb Block_top_util_ds_buf_2_0_utilization_synth.pb
INFO: [Common 17-206] Exiting Vivado at Fri Aug 14 21:37:09 2026...
