
*** Running vivado
    with args -log CPU_block_inst_1_VexiiRV_wrapper_0_0.vds -m64 -product Vivado -mode batch -messageDb vivado.pb -notrace -source CPU_block_inst_1_VexiiRV_wrapper_0_0.tcl


****** Vivado v2025.2 (64-bit)
  **** SW Build 6299465 on Fri Nov 14 12:34:56 MST 2025
  **** IP Build 6300035 on Fri Nov 14 10:48:45 MST 2025
  **** SharedData Build 6298862 on Thu Nov 13 04:50:51 MST 2025
  **** Start of session at: Mon Jul 27 16:29:25 2026
    ** Copyright 1986-2022 Xilinx, Inc. All Rights Reserved.
    ** Copyright 2022-2025 Advanced Micro Devices, Inc. All Rights Reserved.

source CPU_block_inst_1_VexiiRV_wrapper_0_0.tcl -notrace
INFO: [IP_Flow 19-234] Refreshing IP repositories
INFO: [IP_Flow 19-1700] Loaded user IP repository '/home/lovro/Documents/Alchistry_Labs/DDR3 test/cores/ip_repo/myip_1_0'.
INFO: [IP_Flow 19-1700] Loaded user IP repository '/home/lovro/Documents/Alchistry_Labs/DDR3 test/cores/ip_repo/CPU_IO_converter_1_0'.
INFO: [IP_Flow 19-1700] Loaded user IP repository '/home/lovro/Documents/Alchistry_Labs/DDR3 test/cores/ip_repo/CPU_io_converter_1_0'.
INFO: [IP_Flow 19-2313] Loaded Vivado IP repository '/opt/Vivado/2025.2/data/ip'.
Command: synth_design -top CPU_block_inst_1_VexiiRV_wrapper_0_0 -part xc7a35tftg256-2 -incremental_mode off -mode out_of_context
Starting synth_design
Attempting to get a license for feature 'Synthesis' and/or device 'xc7a35t'
INFO: [Common 17-349] Got license for feature 'Synthesis' and/or device 'xc7a35t'
INFO: [Device 21-403] Loading part xc7a35tftg256-2
INFO: [Synth 8-7079] Multithreading enabled for synth_design using a maximum of 7 processes.
INFO: [Synth 8-7078] Launching helper process for spawning children vivado processes
INFO: [Synth 8-7075] Helper process launched with PID 184165
---------------------------------------------------------------------------------
Starting RTL Elaboration : Time (s): cpu = 00:00:08 ; elapsed = 00:00:08 . Memory (MB): peak = 2220.434 ; gain = 481.844 ; free physical = 10156 ; free virtual = 26005
---------------------------------------------------------------------------------
INFO: [Synth 8-6157] synthesizing module 'CPU_block_inst_1_VexiiRV_wrapper_0_0' [/home/lovro/Documents/Alchistry_Labs/DDR3 test/cores/Alchitry AMIX_RISCV/Alchitry AMIX_RISCV.gen/sources_1/bd/Block_top/bd/CPU_block_inst_1/ip/CPU_block_inst_1_VexiiRV_wrapper_0_0/synth/CPU_block_inst_1_VexiiRV_wrapper_0_0.v:53]
INFO: [Synth 8-6157] synthesizing module 'VexiiRV_wrapper' [/home/lovro/Documents/Alchistry_Labs/DDR3 test/cores/Alchitry AMIX_RISCV/Alchitry AMIX_RISCV.srcs/sources_1/new/VexiiRV_wrapper.v:23]
INFO: [Synth 8-6157] synthesizing module 'VexiiRiscv' [/home/lovro/Documents/VexiiRiscv/VexiiRiscv.v:7]
INFO: [Synth 8-6157] synthesizing module 'StreamFork' [/home/lovro/Documents/VexiiRiscv/VexiiRiscv.v:19715]
INFO: [Synth 8-6155] done synthesizing module 'StreamFork' (0#1) [/home/lovro/Documents/VexiiRiscv/VexiiRiscv.v:19715]
INFO: [Synth 8-6157] synthesizing module 'StreamArbiter' [/home/lovro/Documents/VexiiRiscv/VexiiRiscv.v:19679]
INFO: [Synth 8-6155] done synthesizing module 'StreamArbiter' (0#1) [/home/lovro/Documents/VexiiRiscv/VexiiRiscv.v:19679]
INFO: [Synth 8-6157] synthesizing module 'DivRadix' [/home/lovro/Documents/VexiiRiscv/VexiiRiscv.v:19511]
INFO: [Synth 8-6155] done synthesizing module 'DivRadix' (0#1) [/home/lovro/Documents/VexiiRiscv/VexiiRiscv.v:19511]
INFO: [Synth 8-6157] synthesizing module 'StreamArbiter_1' [/home/lovro/Documents/VexiiRiscv/VexiiRiscv.v:19494]
INFO: [Synth 8-6155] done synthesizing module 'StreamArbiter_1' (0#1) [/home/lovro/Documents/VexiiRiscv/VexiiRiscv.v:19494]
INFO: [Synth 8-6157] synthesizing module 'StreamArbiter_2' [/home/lovro/Documents/VexiiRiscv/VexiiRiscv.v:19369]
INFO: [Synth 8-6155] done synthesizing module 'StreamArbiter_2' (0#1) [/home/lovro/Documents/VexiiRiscv/VexiiRiscv.v:19369]
INFO: [Synth 8-6157] synthesizing module 'StreamArbiter_3' [/home/lovro/Documents/VexiiRiscv/VexiiRiscv.v:19326]
INFO: [Synth 8-6155] done synthesizing module 'StreamArbiter_3' (0#1) [/home/lovro/Documents/VexiiRiscv/VexiiRiscv.v:19326]
INFO: [Synth 8-6157] synthesizing module 'FpuSqrt' [/home/lovro/Documents/VexiiRiscv/VexiiRiscv.v:19228]
INFO: [Synth 8-6155] done synthesizing module 'FpuSqrt' (0#1) [/home/lovro/Documents/VexiiRiscv/VexiiRiscv.v:19228]
INFO: [Synth 8-6157] synthesizing module 'RegFileMem' [/home/lovro/Documents/VexiiRiscv/VexiiRiscv.v:19142]
INFO: [Synth 8-6155] done synthesizing module 'RegFileMem' (0#1) [/home/lovro/Documents/VexiiRiscv/VexiiRiscv.v:19142]
INFO: [Synth 8-6157] synthesizing module 'RegFileMem_1' [/home/lovro/Documents/VexiiRiscv/VexiiRiscv.v:19033]
INFO: [Synth 8-6155] done synthesizing module 'RegFileMem_1' (0#1) [/home/lovro/Documents/VexiiRiscv/VexiiRiscv.v:19033]
INFO: [Synth 8-6155] done synthesizing module 'VexiiRiscv' (0#1) [/home/lovro/Documents/VexiiRiscv/VexiiRiscv.v:7]
INFO: [Synth 8-6155] done synthesizing module 'VexiiRV_wrapper' (0#1) [/home/lovro/Documents/Alchistry_Labs/DDR3 test/cores/Alchitry AMIX_RISCV/Alchitry AMIX_RISCV.srcs/sources_1/new/VexiiRV_wrapper.v:23]
INFO: [Synth 8-6155] done synthesizing module 'CPU_block_inst_1_VexiiRV_wrapper_0_0' (0#1) [/home/lovro/Documents/Alchistry_Labs/DDR3 test/cores/Alchitry AMIX_RISCV/Alchitry AMIX_RISCV.gen/sources_1/bd/Block_top/bd/CPU_block_inst_1/ip/CPU_block_inst_1_VexiiRV_wrapper_0_0/synth/CPU_block_inst_1_VexiiRV_wrapper_0_0.v:53]
WARNING: [Synth 8-6014] Unused sequential element wasBusy_reg was removed.  [/home/lovro/Documents/VexiiRiscv/VexiiRiscv.v:19611]
WARNING: [Synth 8-3936] Found unconnected internal register '_zz_shifter_reg' and it is trimmed from '33' to '32' bits. [/home/lovro/Documents/VexiiRiscv/VexiiRiscv.v:19579]
WARNING: [Synth 8-6014] Unused sequential element LsuL1Plugin_logic_refill_pushCounter_reg was removed.  [/home/lovro/Documents/VexiiRiscv/VexiiRiscv.v:17041]
WARNING: [Synth 8-6014] Unused sequential element FetchL1Plugin_logic_refill_pushCounter_reg was removed.  [/home/lovro/Documents/VexiiRiscv/VexiiRiscv.v:17086]
WARNING: [Synth 8-6014] Unused sequential element FetchL1Plugin_logic_ctrl_firstCycle_reg was removed.  [/home/lovro/Documents/VexiiRiscv/VexiiRiscv.v:17092]
WARNING: [Synth 8-6014] Unused sequential element decode_ctrls_0_up_LANE_SEL_0_regNext_reg was removed.  [/home/lovro/Documents/VexiiRiscv/VexiiRiscv.v:10753]
WARNING: [Synth 8-6014] Unused sequential element FpuAddSharedPlugin_logic_pip_node_1_valid_reg was removed.  [/home/lovro/Documents/VexiiRiscv/VexiiRiscv.v:11314]
WARNING: [Synth 8-6014] Unused sequential element FpuAddSharedPlugin_logic_pip_node_2_valid_reg was removed.  [/home/lovro/Documents/VexiiRiscv/VexiiRiscv.v:11316]
WARNING: [Synth 8-6014] Unused sequential element FpuAddSharedPlugin_logic_pip_node_3_valid_reg was removed.  [/home/lovro/Documents/VexiiRiscv/VexiiRiscv.v:11318]
WARNING: [Synth 8-6014] Unused sequential element FpuAddSharedPlugin_logic_pip_node_4_valid_reg was removed.  [/home/lovro/Documents/VexiiRiscv/VexiiRiscv.v:17097]
WARNING: [Synth 8-6014] Unused sequential element LsuPlugin_logic_onCtrl_commitProbeToken_reg was removed.  [/home/lovro/Documents/VexiiRiscv/VexiiRiscv.v:12044]
WARNING: [Synth 8-6014] Unused sequential element AlignerPlugin_logic_feeder_harts_0_dopId_reg was removed.  [/home/lovro/Documents/VexiiRiscv/VexiiRiscv.v:12483]
WARNING: [Synth 8-6014] Unused sequential element AlignerPlugin_logic_buffer_last_reg was removed.  [/home/lovro/Documents/VexiiRiscv/VexiiRiscv.v:12493]
WARNING: [Synth 8-6014] Unused sequential element decode_ctrls_1_up_LANE_SEL_0_regNext_reg was removed.  [/home/lovro/Documents/VexiiRiscv/VexiiRiscv.v:13343]
WARNING: [Synth 8-6014] Unused sequential element decode_ctrls_1_up_LANE_SEL_0_regNext_1_reg was removed.  [/home/lovro/Documents/VexiiRiscv/VexiiRiscv.v:14249]
WARNING: [Synth 8-6014] Unused sequential element execute_ctrl0_down_LANE_SEL_lane0_regNext_reg was removed.  [/home/lovro/Documents/VexiiRiscv/VexiiRiscv.v:14254]
WARNING: [Synth 8-6014] Unused sequential element execute_ctrl2_down_LANE_SEL_lane0_regNext_reg was removed.  [/home/lovro/Documents/VexiiRiscv/VexiiRiscv.v:14257]
WARNING: [Synth 8-6014] Unused sequential element TrapPlugin_logic_harts_0_trap_fsm_trapEnterDebug_reg was removed.  [/home/lovro/Documents/VexiiRiscv/VexiiRiscv.v:17150]
WARNING: [Synth 8-6014] Unused sequential element PcPlugin_logic_harts_0_self_id_reg was removed.  [/home/lovro/Documents/VexiiRiscv/VexiiRiscv.v:17151]
WARNING: [Synth 8-6014] Unused sequential element _zz_WhiteboxerPlugin_logic_perf_executeFreezedCounter_2_reg was removed.  [/home/lovro/Documents/VexiiRiscv/VexiiRiscv.v:16071]
WARNING: [Synth 8-6014] Unused sequential element _zz_WhiteboxerPlugin_logic_perf_dispatchHazardsCounter_2_reg was removed.  [/home/lovro/Documents/VexiiRiscv/VexiiRiscv.v:16086]
WARNING: [Synth 8-6014] Unused sequential element _zz_WhiteboxerPlugin_logic_perf_candidatesCountCounters_0_2_reg was removed.  [/home/lovro/Documents/VexiiRiscv/VexiiRiscv.v:16102]
WARNING: [Synth 8-6014] Unused sequential element _zz_WhiteboxerPlugin_logic_perf_candidatesCountCounters_1_2_reg was removed.  [/home/lovro/Documents/VexiiRiscv/VexiiRiscv.v:16118]
WARNING: [Synth 8-6014] Unused sequential element _zz_WhiteboxerPlugin_logic_perf_dispatchFeedCounters_0_2_reg was removed.  [/home/lovro/Documents/VexiiRiscv/VexiiRiscv.v:16134]
WARNING: [Synth 8-6014] Unused sequential element _zz_WhiteboxerPlugin_logic_perf_dispatchFeedCounters_1_2_reg was removed.  [/home/lovro/Documents/VexiiRiscv/VexiiRiscv.v:16150]
WARNING: [Synth 8-6014] Unused sequential element LsuL1Plugin_logic_writeback_slots_0_readRspDone_reg was removed.  [/home/lovro/Documents/VexiiRiscv/VexiiRiscv.v:17984]
WARNING: [Synth 8-6014] Unused sequential element LsuL1Plugin_logic_writeback_slots_1_readRspDone_reg was removed.  [/home/lovro/Documents/VexiiRiscv/VexiiRiscv.v:17997]
WARNING: [Synth 8-6014] Unused sequential element LsuL1Plugin_logic_writeback_read_slotReadLast_payload_last_reg was removed.  [/home/lovro/Documents/VexiiRiscv/VexiiRiscv.v:18013]
WARNING: [Synth 8-6014] Unused sequential element LsuL1Plugin_logic_bus_toAxi4_awFiltred_rData_last_reg was removed.  [/home/lovro/Documents/VexiiRiscv/VexiiRiscv.v:10336]
WARNING: [Synth 8-6014] Unused sequential element LsuL1Plugin_logic_bus_toAxi4_awFiltred_rData_fragment_data_reg was removed.  [/home/lovro/Documents/VexiiRiscv/VexiiRiscv.v:10338]
WARNING: [Synth 8-6014] Unused sequential element FetchL1Plugin_logic_refill_slots_0_isIo_reg was removed.  [/home/lovro/Documents/VexiiRiscv/VexiiRiscv.v:6099]
WARNING: [Synth 8-6014] Unused sequential element FetchL1Plugin_logic_refill_slots_1_isIo_reg was removed.  [/home/lovro/Documents/VexiiRiscv/VexiiRiscv.v:6099]
WARNING: [Synth 8-6014] Unused sequential element FpuAddSharedPlugin_logic_pip_node_1_inserter_FORMAT_reg was removed.  [/home/lovro/Documents/VexiiRiscv/VexiiRiscv.v:18094]
WARNING: [Synth 8-6014] Unused sequential element FpuAddSharedPlugin_logic_pip_node_1_Decode_UOP_ID_reg was removed.  [/home/lovro/Documents/VexiiRiscv/VexiiRiscv.v:18102]
WARNING: [Synth 8-6014] Unused sequential element FpuAddSharedPlugin_logic_pip_node_2_inserter_rs1_exponent_reg was removed.  [/home/lovro/Documents/VexiiRiscv/VexiiRiscv.v:6190]
WARNING: [Synth 8-6014] Unused sequential element FpuAddSharedPlugin_logic_pip_node_2_inserter_rs1_mantissa_reg was removed.  [/home/lovro/Documents/VexiiRiscv/VexiiRiscv.v:18114]
WARNING: [Synth 8-6014] Unused sequential element FpuAddSharedPlugin_logic_pip_node_2_inserter_rs2_exponent_reg was removed.  [/home/lovro/Documents/VexiiRiscv/VexiiRiscv.v:6191]
WARNING: [Synth 8-6014] Unused sequential element FpuAddSharedPlugin_logic_pip_node_2_inserter_rs2_mantissa_reg was removed.  [/home/lovro/Documents/VexiiRiscv/VexiiRiscv.v:18119]
WARNING: [Synth 8-6014] Unused sequential element FpuAddSharedPlugin_logic_pip_node_2_inserter_FORMAT_reg was removed.  [/home/lovro/Documents/VexiiRiscv/VexiiRiscv.v:18120]
WARNING: [Synth 8-6014] Unused sequential element FpuAddSharedPlugin_logic_pip_node_2_Decode_UOP_ID_reg was removed.  [/home/lovro/Documents/VexiiRiscv/VexiiRiscv.v:18128]
WARNING: [Synth 8-6014] Unused sequential element FpuAddSharedPlugin_logic_pip_node_3_inserter_rs1_exponent_reg was removed.  [/home/lovro/Documents/VexiiRiscv/VexiiRiscv.v:6193]
WARNING: [Synth 8-6014] Unused sequential element FpuAddSharedPlugin_logic_pip_node_3_inserter_rs1_mantissa_reg was removed.  [/home/lovro/Documents/VexiiRiscv/VexiiRiscv.v:18143]
WARNING: [Synth 8-6014] Unused sequential element FpuAddSharedPlugin_logic_pip_node_3_inserter_rs2_exponent_reg was removed.  [/home/lovro/Documents/VexiiRiscv/VexiiRiscv.v:6194]
WARNING: [Synth 8-6014] Unused sequential element FpuAddSharedPlugin_logic_pip_node_3_inserter_rs2_mantissa_reg was removed.  [/home/lovro/Documents/VexiiRiscv/VexiiRiscv.v:18148]
WARNING: [Synth 8-6014] Unused sequential element FpuAddSharedPlugin_logic_pip_node_3_inserter_FORMAT_reg was removed.  [/home/lovro/Documents/VexiiRiscv/VexiiRiscv.v:18149]
WARNING: [Synth 8-6014] Unused sequential element FpuAddSharedPlugin_logic_pip_node_3_Decode_UOP_ID_reg was removed.  [/home/lovro/Documents/VexiiRiscv/VexiiRiscv.v:18157]
WARNING: [Synth 8-6014] Unused sequential element FpuAddSharedPlugin_logic_pip_node_4_inserter_rs1_exponent_reg was removed.  [/home/lovro/Documents/VexiiRiscv/VexiiRiscv.v:18168]
WARNING: [Synth 8-6014] Unused sequential element FpuAddSharedPlugin_logic_pip_node_4_inserter_rs1_mantissa_reg was removed.  [/home/lovro/Documents/VexiiRiscv/VexiiRiscv.v:18169]
WARNING: [Synth 8-6014] Unused sequential element FpuAddSharedPlugin_logic_pip_node_4_inserter_rs2_exponent_reg was removed.  [/home/lovro/Documents/VexiiRiscv/VexiiRiscv.v:18173]
WARNING: [Synth 8-6014] Unused sequential element FpuAddSharedPlugin_logic_pip_node_4_inserter_rs2_mantissa_reg was removed.  [/home/lovro/Documents/VexiiRiscv/VexiiRiscv.v:18174]
WARNING: [Synth 8-6014] Unused sequential element FpuAddSharedPlugin_logic_pip_node_4_inserter_FORMAT_reg was removed.  [/home/lovro/Documents/VexiiRiscv/VexiiRiscv.v:11293]
WARNING: [Synth 8-6014] Unused sequential element FpuAddSharedPlugin_logic_pip_node_4_Decode_UOP_ID_reg was removed.  [/home/lovro/Documents/VexiiRiscv/VexiiRiscv.v:11295]
WARNING: [Synth 8-6014] Unused sequential element LsuPlugin_logic_onCtrl_rva_lrsc_address_reg was removed.  [/home/lovro/Documents/VexiiRiscv/VexiiRiscv.v:11889]
WARNING: [Synth 8-6014] Unused sequential element AlignerPlugin_logic_buffer_hm_Fetch_ID_reg was removed.  [/home/lovro/Documents/VexiiRiscv/VexiiRiscv.v:14271]
WARNING: [Synth 8-6014] Unused sequential element FpuPackerPlugin_logic_pip_node_1_s0_FORMAT_reg was removed.  [/home/lovro/Documents/VexiiRiscv/VexiiRiscv.v:18243]
WARNING: [Synth 8-6014] Unused sequential element FpuPackerPlugin_logic_pip_node_1_Decode_UOP_ID_reg was removed.  [/home/lovro/Documents/VexiiRiscv/VexiiRiscv.v:18250]
WARNING: [Synth 8-6014] Unused sequential element FpuPackerPlugin_logic_pip_node_2_s0_VALUE_exponent_reg was removed.  [/home/lovro/Documents/VexiiRiscv/VexiiRiscv.v:18259]
WARNING: [Synth 8-6014] Unused sequential element FpuPackerPlugin_logic_pip_node_2_s0_FORMAT_reg was removed.  [/home/lovro/Documents/VexiiRiscv/VexiiRiscv.v:18261]
WARNING: [Synth 8-6014] Unused sequential element FpuPackerPlugin_logic_pip_node_2_Decode_UOP_ID_reg was removed.  [/home/lovro/Documents/VexiiRiscv/VexiiRiscv.v:13043]
WARNING: [Synth 8-6014] Unused sequential element TrapPlugin_logic_harts_0_interrupt_privilegeTriggers_0_triggered_priority_reg was removed.  [/home/lovro/Documents/VexiiRiscv/VexiiRiscv.v:14472]
WARNING: [Synth 8-6014] Unused sequential element CsrAccessPlugin_logic_fsm_interface_onWriteBits_reg was removed.  [/home/lovro/Documents/VexiiRiscv/VexiiRiscv.v:15854]
WARNING: [Synth 8-6014] Unused sequential element fetch_logic_ctrls_1_up_Fetch_ID_reg was removed.  [/home/lovro/Documents/VexiiRiscv/VexiiRiscv.v:16189]
WARNING: [Synth 8-6014] Unused sequential element fetch_logic_ctrls_2_up_Fetch_ID_reg was removed.  [/home/lovro/Documents/VexiiRiscv/VexiiRiscv.v:16198]
WARNING: [Synth 8-6014] Unused sequential element fetch_logic_ctrls_2_up_FetchL1Plugin_logic_WAYS_TAGS_0_loaded_reg was removed.  [/home/lovro/Documents/VexiiRiscv/VexiiRiscv.v:16199]
WARNING: [Synth 8-6014] Unused sequential element fetch_logic_ctrls_2_up_FetchL1Plugin_logic_WAYS_TAGS_0_address_reg was removed.  [/home/lovro/Documents/VexiiRiscv/VexiiRiscv.v:16201]
WARNING: [Synth 8-6014] Unused sequential element fetch_logic_ctrls_2_up_FetchL1Plugin_logic_WAYS_TAGS_1_loaded_reg was removed.  [/home/lovro/Documents/VexiiRiscv/VexiiRiscv.v:16202]
WARNING: [Synth 8-6014] Unused sequential element fetch_logic_ctrls_2_up_FetchL1Plugin_logic_WAYS_TAGS_1_address_reg was removed.  [/home/lovro/Documents/VexiiRiscv/VexiiRiscv.v:16204]
WARNING: [Synth 8-6014] Unused sequential element decode_ctrls_1_up_Decode_DOP_ID_0_reg was removed.  [/home/lovro/Documents/VexiiRiscv/VexiiRiscv.v:16244]
WARNING: [Synth 8-6014] Unused sequential element execute_ctrl2_up_lane0_logic_completions_onCtrl_0_ENABLE_lane0_reg was removed.  [/home/lovro/Documents/VexiiRiscv/VexiiRiscv.v:16352]
WARNING: [Synth 8-6014] Unused sequential element execute_ctrl2_up_lane0_logic_completions_onCtrl_1_ENABLE_lane0_reg was removed.  [/home/lovro/Documents/VexiiRiscv/VexiiRiscv.v:16353]
WARNING: [Synth 8-6014] Unused sequential element execute_ctrl2_up_lane0_logic_completions_onCtrl_2_ENABLE_lane0_reg was removed.  [/home/lovro/Documents/VexiiRiscv/VexiiRiscv.v:16354]
WARNING: [Synth 8-6014] Unused sequential element execute_ctrl2_up_lane0_logic_completions_onCtrl_3_ENABLE_lane0_reg was removed.  [/home/lovro/Documents/VexiiRiscv/VexiiRiscv.v:16355]
WARNING: [Synth 8-6014] Unused sequential element execute_ctrl2_up_lane0_logic_completions_onCtrl_4_ENABLE_lane0_reg was removed.  [/home/lovro/Documents/VexiiRiscv/VexiiRiscv.v:16356]
WARNING: [Synth 8-6014] Unused sequential element execute_ctrl2_up_lane0_logic_completions_onCtrl_5_ENABLE_lane0_reg was removed.  [/home/lovro/Documents/VexiiRiscv/VexiiRiscv.v:16357]
WARNING: [Synth 8-6014] Unused sequential element execute_ctrl2_up_FpuUtils_FORMAT_lane0_reg was removed.  [/home/lovro/Documents/VexiiRiscv/VexiiRiscv.v:16386]
WARNING: [Synth 8-6014] Unused sequential element execute_ctrl2_up_LsuPlugin_logic_LSU_PREFETCH_lane0_reg was removed.  [/home/lovro/Documents/VexiiRiscv/VexiiRiscv.v:16398]
WARNING: [Synth 8-6014] Unused sequential element execute_ctrl3_up_AguPlugin_SIZE_lane0_reg was removed.  [/home/lovro/Documents/VexiiRiscv/VexiiRiscv.v:16422]
WARNING: [Synth 8-6014] Unused sequential element execute_ctrl3_up_lane0_logic_completions_onCtrl_0_ENABLE_lane0_reg was removed.  [/home/lovro/Documents/VexiiRiscv/VexiiRiscv.v:16446]
WARNING: [Synth 8-6014] Unused sequential element execute_ctrl3_up_lane0_logic_completions_onCtrl_1_ENABLE_lane0_reg was removed.  [/home/lovro/Documents/VexiiRiscv/VexiiRiscv.v:16447]
WARNING: [Synth 8-6014] Unused sequential element execute_ctrl3_up_lane0_logic_completions_onCtrl_2_ENABLE_lane0_reg was removed.  [/home/lovro/Documents/VexiiRiscv/VexiiRiscv.v:16448]
WARNING: [Synth 8-6014] Unused sequential element execute_ctrl3_up_lane0_logic_completions_onCtrl_3_ENABLE_lane0_reg was removed.  [/home/lovro/Documents/VexiiRiscv/VexiiRiscv.v:16449]
WARNING: [Synth 8-6014] Unused sequential element execute_ctrl3_up_lane0_logic_completions_onCtrl_4_ENABLE_lane0_reg was removed.  [/home/lovro/Documents/VexiiRiscv/VexiiRiscv.v:16450]
WARNING: [Synth 8-6014] Unused sequential element execute_ctrl3_up_FpuUtils_FORMAT_lane0_reg was removed.  [/home/lovro/Documents/VexiiRiscv/VexiiRiscv.v:16463]
WARNING: [Synth 8-6014] Unused sequential element execute_ctrl3_up_AguPlugin_LOAD_lane0_reg was removed.  [/home/lovro/Documents/VexiiRiscv/VexiiRiscv.v:16465]
WARNING: [Synth 8-6014] Unused sequential element execute_ctrl3_up_AguPlugin_ATOMIC_lane0_reg was removed.  [/home/lovro/Documents/VexiiRiscv/VexiiRiscv.v:16467]
WARNING: [Synth 8-6014] Unused sequential element execute_ctrl3_up_LsuPlugin_logic_LSU_PREFETCH_lane0_reg was removed.  [/home/lovro/Documents/VexiiRiscv/VexiiRiscv.v:16469]
WARNING: [Synth 8-6014] Unused sequential element execute_ctrl3_up_early0_SrcPlugin_ADD_SUB_lane0_reg was removed.  [/home/lovro/Documents/VexiiRiscv/VexiiRiscv.v:16479]
WARNING: [Synth 8-6014] Unused sequential element execute_ctrl3_up_Decode_STORE_ID_lane0_reg was removed.  [/home/lovro/Documents/VexiiRiscv/VexiiRiscv.v:16503]
WARNING: [Synth 8-6014] Unused sequential element execute_ctrl3_up_FpuUnpack_RS1_RS_lane0_mantissa_reg was removed.  [/home/lovro/Documents/VexiiRiscv/VexiiRiscv.v:16512]
WARNING: [Synth 8-6014] Unused sequential element execute_ctrl3_up_FpuUnpack_RS2_RS_lane0_sign_reg was removed.  [/home/lovro/Documents/VexiiRiscv/VexiiRiscv.v:16515]
WARNING: [Synth 8-6014] Unused sequential element execute_ctrl3_up_FpuUnpack_RS2_RS_lane0_exponent_reg was removed.  [/home/lovro/Documents/VexiiRiscv/VexiiRiscv.v:6714]
WARNING: [Synth 8-6014] Unused sequential element execute_ctrl3_up_FpuUnpack_RS2_RS_lane0_mantissa_reg was removed.  [/home/lovro/Documents/VexiiRiscv/VexiiRiscv.v:16517]
WARNING: [Synth 8-6014] Unused sequential element execute_ctrl4_up_AguPlugin_SIZE_lane0_reg was removed.  [/home/lovro/Documents/VexiiRiscv/VexiiRiscv.v:16543]
WARNING: [Synth 8-6014] Unused sequential element execute_ctrl4_up_lane0_logic_completions_onCtrl_0_ENABLE_lane0_reg was removed.  [/home/lovro/Documents/VexiiRiscv/VexiiRiscv.v:16557]
WARNING: [Synth 8-6014] Unused sequential element execute_ctrl4_up_lane0_logic_completions_onCtrl_1_ENABLE_lane0_reg was removed.  [/home/lovro/Documents/VexiiRiscv/VexiiRiscv.v:16558]
WARNING: [Synth 8-6014] Unused sequential element execute_ctrl4_up_lane0_logic_completions_onCtrl_2_ENABLE_lane0_reg was removed.  [/home/lovro/Documents/VexiiRiscv/VexiiRiscv.v:16559]
WARNING: [Synth 8-6014] Unused sequential element execute_ctrl4_up_lane0_logic_completions_onCtrl_4_ENABLE_lane0_reg was removed.  [/home/lovro/Documents/VexiiRiscv/VexiiRiscv.v:16560]
WARNING: [Synth 8-6014] Unused sequential element execute_ctrl4_up_FpuUtils_FORMAT_lane0_reg was removed.  [/home/lovro/Documents/VexiiRiscv/VexiiRiscv.v:16572]
WARNING: [Synth 8-6014] Unused sequential element execute_ctrl4_up_AguPlugin_LOAD_lane0_reg was removed.  [/home/lovro/Documents/VexiiRiscv/VexiiRiscv.v:16573]
WARNING: [Synth 8-6014] Unused sequential element execute_ctrl4_up_AguPlugin_ATOMIC_lane0_reg was removed.  [/home/lovro/Documents/VexiiRiscv/VexiiRiscv.v:16575]
WARNING: [Synth 8-6014] Unused sequential element execute_ctrl4_up_LsuPlugin_logic_LSU_PREFETCH_lane0_reg was removed.  [/home/lovro/Documents/VexiiRiscv/VexiiRiscv.v:16577]
INFO: [Common 17-14] Message 'Synth 8-6014' appears 100 times and further instances of the messages will be disabled. Use the Tcl command set_msg_config to change the current settings.
WARNING: [Synth 8-3936] Found unconnected internal register '_zz_FpuPackerPlugin_logic_s1_subnormal_manShifter_reg' and it is trimmed from '26' to '25' bits. [/home/lovro/Documents/VexiiRiscv/VexiiRiscv.v:6276]
WARNING: [Synth 8-3936] Found unconnected internal register '_zz_execute_ctrl4_down_early0_MulPlugin_logic_steps_1_adders_0_lane0_reg' and it is trimmed from '66' to '64' bits. [/home/lovro/Documents/VexiiRiscv/VexiiRiscv.v:11541]
WARNING: [Synth 8-3936] Found unconnected internal register '_zz_execute_ctrl4_down_early0_MulPlugin_logic_steps_1_adders_0_lane0_1_reg' and it is trimmed from '66' to '64' bits. [/home/lovro/Documents/VexiiRiscv/VexiiRiscv.v:11546]
WARNING: [Synth 8-3936] Found unconnected internal register '_zz_LsuL1Plugin_logic_writeback_read_address_reg' and it is trimmed from '32' to '12' bits. [/home/lovro/Documents/VexiiRiscv/VexiiRiscv.v:7347]
INFO: [Synth 8-7129] Port io_writes_0_uopId[15] in module RegFileMem_1 is either unconnected or has no load
INFO: [Synth 8-7129] Port io_writes_0_uopId[14] in module RegFileMem_1 is either unconnected or has no load
INFO: [Synth 8-7129] Port io_writes_0_uopId[13] in module RegFileMem_1 is either unconnected or has no load
INFO: [Synth 8-7129] Port io_writes_0_uopId[12] in module RegFileMem_1 is either unconnected or has no load
INFO: [Synth 8-7129] Port io_writes_0_uopId[11] in module RegFileMem_1 is either unconnected or has no load
INFO: [Synth 8-7129] Port io_writes_0_uopId[10] in module RegFileMem_1 is either unconnected or has no load
INFO: [Synth 8-7129] Port io_writes_0_uopId[9] in module RegFileMem_1 is either unconnected or has no load
INFO: [Synth 8-7129] Port io_writes_0_uopId[8] in module RegFileMem_1 is either unconnected or has no load
INFO: [Synth 8-7129] Port io_writes_0_uopId[7] in module RegFileMem_1 is either unconnected or has no load
INFO: [Synth 8-7129] Port io_writes_0_uopId[6] in module RegFileMem_1 is either unconnected or has no load
INFO: [Synth 8-7129] Port io_writes_0_uopId[5] in module RegFileMem_1 is either unconnected or has no load
INFO: [Synth 8-7129] Port io_writes_0_uopId[4] in module RegFileMem_1 is either unconnected or has no load
INFO: [Synth 8-7129] Port io_writes_0_uopId[3] in module RegFileMem_1 is either unconnected or has no load
INFO: [Synth 8-7129] Port io_writes_0_uopId[2] in module RegFileMem_1 is either unconnected or has no load
INFO: [Synth 8-7129] Port io_writes_0_uopId[1] in module RegFileMem_1 is either unconnected or has no load
INFO: [Synth 8-7129] Port io_writes_0_uopId[0] in module RegFileMem_1 is either unconnected or has no load
INFO: [Synth 8-7129] Port reset in module RegFileMem_1 is either unconnected or has no load
INFO: [Synth 8-7129] Port io_writes_0_uopId[15] in module RegFileMem is either unconnected or has no load
INFO: [Synth 8-7129] Port io_writes_0_uopId[14] in module RegFileMem is either unconnected or has no load
INFO: [Synth 8-7129] Port io_writes_0_uopId[13] in module RegFileMem is either unconnected or has no load
INFO: [Synth 8-7129] Port io_writes_0_uopId[12] in module RegFileMem is either unconnected or has no load
INFO: [Synth 8-7129] Port io_writes_0_uopId[11] in module RegFileMem is either unconnected or has no load
INFO: [Synth 8-7129] Port io_writes_0_uopId[10] in module RegFileMem is either unconnected or has no load
INFO: [Synth 8-7129] Port io_writes_0_uopId[9] in module RegFileMem is either unconnected or has no load
INFO: [Synth 8-7129] Port io_writes_0_uopId[8] in module RegFileMem is either unconnected or has no load
INFO: [Synth 8-7129] Port io_writes_0_uopId[7] in module RegFileMem is either unconnected or has no load
INFO: [Synth 8-7129] Port io_writes_0_uopId[6] in module RegFileMem is either unconnected or has no load
INFO: [Synth 8-7129] Port io_writes_0_uopId[5] in module RegFileMem is either unconnected or has no load
INFO: [Synth 8-7129] Port io_writes_0_uopId[4] in module RegFileMem is either unconnected or has no load
INFO: [Synth 8-7129] Port io_writes_0_uopId[3] in module RegFileMem is either unconnected or has no load
INFO: [Synth 8-7129] Port io_writes_0_uopId[2] in module RegFileMem is either unconnected or has no load
INFO: [Synth 8-7129] Port io_writes_0_uopId[1] in module RegFileMem is either unconnected or has no load
INFO: [Synth 8-7129] Port io_writes_0_uopId[0] in module RegFileMem is either unconnected or has no load
INFO: [Synth 8-7129] Port reset in module RegFileMem is either unconnected or has no load
INFO: [Synth 8-7129] Port PrivilegedPlugin_logic_rdtime[63] in module VexiiRiscv is either unconnected or has no load
INFO: [Synth 8-7129] Port PrivilegedPlugin_logic_rdtime[62] in module VexiiRiscv is either unconnected or has no load
INFO: [Synth 8-7129] Port PrivilegedPlugin_logic_rdtime[61] in module VexiiRiscv is either unconnected or has no load
INFO: [Synth 8-7129] Port PrivilegedPlugin_logic_rdtime[60] in module VexiiRiscv is either unconnected or has no load
INFO: [Synth 8-7129] Port PrivilegedPlugin_logic_rdtime[59] in module VexiiRiscv is either unconnected or has no load
INFO: [Synth 8-7129] Port PrivilegedPlugin_logic_rdtime[58] in module VexiiRiscv is either unconnected or has no load
INFO: [Synth 8-7129] Port PrivilegedPlugin_logic_rdtime[57] in module VexiiRiscv is either unconnected or has no load
INFO: [Synth 8-7129] Port PrivilegedPlugin_logic_rdtime[56] in module VexiiRiscv is either unconnected or has no load
INFO: [Synth 8-7129] Port PrivilegedPlugin_logic_rdtime[55] in module VexiiRiscv is either unconnected or has no load
INFO: [Synth 8-7129] Port PrivilegedPlugin_logic_rdtime[54] in module VexiiRiscv is either unconnected or has no load
INFO: [Synth 8-7129] Port PrivilegedPlugin_logic_rdtime[53] in module VexiiRiscv is either unconnected or has no load
INFO: [Synth 8-7129] Port PrivilegedPlugin_logic_rdtime[52] in module VexiiRiscv is either unconnected or has no load
INFO: [Synth 8-7129] Port PrivilegedPlugin_logic_rdtime[51] in module VexiiRiscv is either unconnected or has no load
INFO: [Synth 8-7129] Port PrivilegedPlugin_logic_rdtime[50] in module VexiiRiscv is either unconnected or has no load
INFO: [Synth 8-7129] Port PrivilegedPlugin_logic_rdtime[49] in module VexiiRiscv is either unconnected or has no load
INFO: [Synth 8-7129] Port PrivilegedPlugin_logic_rdtime[48] in module VexiiRiscv is either unconnected or has no load
INFO: [Synth 8-7129] Port PrivilegedPlugin_logic_rdtime[47] in module VexiiRiscv is either unconnected or has no load
INFO: [Synth 8-7129] Port PrivilegedPlugin_logic_rdtime[46] in module VexiiRiscv is either unconnected or has no load
INFO: [Synth 8-7129] Port PrivilegedPlugin_logic_rdtime[45] in module VexiiRiscv is either unconnected or has no load
INFO: [Synth 8-7129] Port PrivilegedPlugin_logic_rdtime[44] in module VexiiRiscv is either unconnected or has no load
INFO: [Synth 8-7129] Port PrivilegedPlugin_logic_rdtime[43] in module VexiiRiscv is either unconnected or has no load
INFO: [Synth 8-7129] Port PrivilegedPlugin_logic_rdtime[42] in module VexiiRiscv is either unconnected or has no load
INFO: [Synth 8-7129] Port PrivilegedPlugin_logic_rdtime[41] in module VexiiRiscv is either unconnected or has no load
INFO: [Synth 8-7129] Port PrivilegedPlugin_logic_rdtime[40] in module VexiiRiscv is either unconnected or has no load
INFO: [Synth 8-7129] Port PrivilegedPlugin_logic_rdtime[39] in module VexiiRiscv is either unconnected or has no load
INFO: [Synth 8-7129] Port PrivilegedPlugin_logic_rdtime[38] in module VexiiRiscv is either unconnected or has no load
INFO: [Synth 8-7129] Port PrivilegedPlugin_logic_rdtime[37] in module VexiiRiscv is either unconnected or has no load
INFO: [Synth 8-7129] Port PrivilegedPlugin_logic_rdtime[36] in module VexiiRiscv is either unconnected or has no load
INFO: [Synth 8-7129] Port PrivilegedPlugin_logic_rdtime[35] in module VexiiRiscv is either unconnected or has no load
INFO: [Synth 8-7129] Port PrivilegedPlugin_logic_rdtime[34] in module VexiiRiscv is either unconnected or has no load
INFO: [Synth 8-7129] Port PrivilegedPlugin_logic_rdtime[33] in module VexiiRiscv is either unconnected or has no load
INFO: [Synth 8-7129] Port PrivilegedPlugin_logic_rdtime[32] in module VexiiRiscv is either unconnected or has no load
INFO: [Synth 8-7129] Port PrivilegedPlugin_logic_rdtime[31] in module VexiiRiscv is either unconnected or has no load
INFO: [Synth 8-7129] Port PrivilegedPlugin_logic_rdtime[30] in module VexiiRiscv is either unconnected or has no load
INFO: [Synth 8-7129] Port PrivilegedPlugin_logic_rdtime[29] in module VexiiRiscv is either unconnected or has no load
INFO: [Synth 8-7129] Port PrivilegedPlugin_logic_rdtime[28] in module VexiiRiscv is either unconnected or has no load
INFO: [Synth 8-7129] Port PrivilegedPlugin_logic_rdtime[27] in module VexiiRiscv is either unconnected or has no load
INFO: [Synth 8-7129] Port PrivilegedPlugin_logic_rdtime[26] in module VexiiRiscv is either unconnected or has no load
INFO: [Synth 8-7129] Port PrivilegedPlugin_logic_rdtime[25] in module VexiiRiscv is either unconnected or has no load
INFO: [Synth 8-7129] Port PrivilegedPlugin_logic_rdtime[24] in module VexiiRiscv is either unconnected or has no load
INFO: [Synth 8-7129] Port PrivilegedPlugin_logic_rdtime[23] in module VexiiRiscv is either unconnected or has no load
INFO: [Synth 8-7129] Port PrivilegedPlugin_logic_rdtime[22] in module VexiiRiscv is either unconnected or has no load
INFO: [Synth 8-7129] Port PrivilegedPlugin_logic_rdtime[21] in module VexiiRiscv is either unconnected or has no load
INFO: [Synth 8-7129] Port PrivilegedPlugin_logic_rdtime[20] in module VexiiRiscv is either unconnected or has no load
INFO: [Synth 8-7129] Port PrivilegedPlugin_logic_rdtime[19] in module VexiiRiscv is either unconnected or has no load
INFO: [Synth 8-7129] Port PrivilegedPlugin_logic_rdtime[18] in module VexiiRiscv is either unconnected or has no load
INFO: [Synth 8-7129] Port PrivilegedPlugin_logic_rdtime[17] in module VexiiRiscv is either unconnected or has no load
INFO: [Synth 8-7129] Port PrivilegedPlugin_logic_rdtime[16] in module VexiiRiscv is either unconnected or has no load
INFO: [Synth 8-7129] Port PrivilegedPlugin_logic_rdtime[15] in module VexiiRiscv is either unconnected or has no load
INFO: [Synth 8-7129] Port PrivilegedPlugin_logic_rdtime[14] in module VexiiRiscv is either unconnected or has no load
INFO: [Synth 8-7129] Port PrivilegedPlugin_logic_rdtime[13] in module VexiiRiscv is either unconnected or has no load
INFO: [Synth 8-7129] Port PrivilegedPlugin_logic_rdtime[12] in module VexiiRiscv is either unconnected or has no load
INFO: [Synth 8-7129] Port PrivilegedPlugin_logic_rdtime[11] in module VexiiRiscv is either unconnected or has no load
INFO: [Synth 8-7129] Port PrivilegedPlugin_logic_rdtime[10] in module VexiiRiscv is either unconnected or has no load
INFO: [Synth 8-7129] Port PrivilegedPlugin_logic_rdtime[9] in module VexiiRiscv is either unconnected or has no load
INFO: [Synth 8-7129] Port PrivilegedPlugin_logic_rdtime[8] in module VexiiRiscv is either unconnected or has no load
INFO: [Synth 8-7129] Port PrivilegedPlugin_logic_rdtime[7] in module VexiiRiscv is either unconnected or has no load
INFO: [Synth 8-7129] Port PrivilegedPlugin_logic_rdtime[6] in module VexiiRiscv is either unconnected or has no load
INFO: [Synth 8-7129] Port PrivilegedPlugin_logic_rdtime[5] in module VexiiRiscv is either unconnected or has no load
INFO: [Synth 8-7129] Port PrivilegedPlugin_logic_rdtime[4] in module VexiiRiscv is either unconnected or has no load
INFO: [Synth 8-7129] Port PrivilegedPlugin_logic_rdtime[3] in module VexiiRiscv is either unconnected or has no load
INFO: [Synth 8-7129] Port PrivilegedPlugin_logic_rdtime[2] in module VexiiRiscv is either unconnected or has no load
INFO: [Synth 8-7129] Port PrivilegedPlugin_logic_rdtime[1] in module VexiiRiscv is either unconnected or has no load
INFO: [Synth 8-7129] Port PrivilegedPlugin_logic_rdtime[0] in module VexiiRiscv is either unconnected or has no load
INFO: [Synth 8-7129] Port LsuL1Axi4Plugin_logic_axi_b_payload_resp[1] in module VexiiRiscv is either unconnected or has no load
INFO: [Synth 8-7129] Port LsuL1Axi4Plugin_logic_axi_b_payload_resp[0] in module VexiiRiscv is either unconnected or has no load
INFO: [Common 17-14] Message 'Synth 8-7129' appears 100 times and further instances of the messages will be disabled. Use the Tcl command set_msg_config to change the current settings.
---------------------------------------------------------------------------------
Finished RTL Elaboration : Time (s): cpu = 00:00:14 ; elapsed = 00:00:15 . Memory (MB): peak = 2399.371 ; gain = 660.781 ; free physical = 9954 ; free virtual = 25807
---------------------------------------------------------------------------------
---------------------------------------------------------------------------------
Start Handling Custom Attributes
---------------------------------------------------------------------------------
---------------------------------------------------------------------------------
Finished Handling Custom Attributes : Time (s): cpu = 00:00:14 ; elapsed = 00:00:15 . Memory (MB): peak = 2399.371 ; gain = 660.781 ; free physical = 9953 ; free virtual = 25807
---------------------------------------------------------------------------------
---------------------------------------------------------------------------------
Finished RTL Optimization Phase 1 : Time (s): cpu = 00:00:14 ; elapsed = 00:00:15 . Memory (MB): peak = 2399.371 ; gain = 660.781 ; free physical = 9953 ; free virtual = 25807
---------------------------------------------------------------------------------
Netlist sorting complete. Time (s): cpu = 00:00:00.21 ; elapsed = 00:00:00.22 . Memory (MB): peak = 2399.371 ; gain = 0.000 ; free physical = 9967 ; free virtual = 25820
INFO: [Project 1-570] Preparing netlist for logic optimization

Processing XDC Constraints
Initializing timing engine
Completed Processing XDC Constraints

Netlist sorting complete. Time (s): cpu = 00:00:00 ; elapsed = 00:00:00 . Memory (MB): peak = 2485.836 ; gain = 0.000 ; free physical = 10004 ; free virtual = 25858
INFO: [Project 1-111] Unisim Transformation Summary:
No Unisim elements were transformed.

lscpu: bad usage
Try 'lscpu --help' for more information.
Constraint Validation Runtime : Time (s): cpu = 00:00:00.55 ; elapsed = 00:00:00.15 . Memory (MB): peak = 2485.871 ; gain = 0.000 ; free physical = 10001 ; free virtual = 25856
INFO: [Designutils 20-5008] Incremental synthesis strategy off
---------------------------------------------------------------------------------
Finished Constraint Validation : Time (s): cpu = 00:00:28 ; elapsed = 00:00:28 . Memory (MB): peak = 2485.871 ; gain = 747.281 ; free physical = 10169 ; free virtual = 26022
---------------------------------------------------------------------------------
---------------------------------------------------------------------------------
Start Loading Part and Timing Information
---------------------------------------------------------------------------------
Loading part: xc7a35tftg256-2
---------------------------------------------------------------------------------
Finished Loading Part and Timing Information : Time (s): cpu = 00:00:28 ; elapsed = 00:00:28 . Memory (MB): peak = 2493.840 ; gain = 755.250 ; free physical = 10169 ; free virtual = 26022
---------------------------------------------------------------------------------
---------------------------------------------------------------------------------
Start Applying 'set_property' XDC Constraints
---------------------------------------------------------------------------------
---------------------------------------------------------------------------------
Finished applying 'set_property' XDC Constraints : Time (s): cpu = 00:00:28 ; elapsed = 00:00:28 . Memory (MB): peak = 2493.840 ; gain = 755.250 ; free physical = 10169 ; free virtual = 26022
---------------------------------------------------------------------------------
WARNING: [Synth 8-3936] Found unconnected internal register 'FpuAddSharedPlugin_logic_pip_node_4_adder_math_xyMantissa_reg' and it is trimmed from '50' to '49' bits. [/home/lovro/Documents/VexiiRiscv/VexiiRiscv.v:11233]
WARNING: [Synth 8-3936] Found unconnected internal register 'FpuAddSharedPlugin_logic_pip_node_2_adder_shifter_shifter_reg' and it is trimmed from '50' to '1' bits. [/home/lovro/Documents/VexiiRiscv/VexiiRiscv.v:18134]
INFO: [Synth 8-802] inferred FSM for state register 'LsuPlugin_logic_flusher_stateReg_reg' in module 'VexiiRiscv'
INFO: [Synth 8-802] inferred FSM for state register 'CsrAccessPlugin_logic_fsm_stateReg_reg' in module 'VexiiRiscv'
INFO: [Synth 8-3971] The signal "RegFileMem:/asMem_ram_reg" was recognized as a true dual port RAM template.
INFO: [Synth 8-3971] The signal "RegFileMem_1:/asMem_ram_reg" was recognized as a true dual port RAM template.
---------------------------------------------------------------------------------------------------
                   State |                     New Encoding |                Previous Encoding 
---------------------------------------------------------------------------------------------------
                  iSTATE |                               00 |                               00
*
CsrAccessPlugin_logic_fsm_READ |                               01 |                               01
CsrAccessPlugin_logic_fsm_WRITE |                               10 |                               10
CsrAccessPlugin_logic_fsm_COMPLETION |                               11 |                               11
---------------------------------------------------------------------------------------------------
INFO: [Synth 8-3354] encoded FSM with state register 'CsrAccessPlugin_logic_fsm_stateReg_reg' using encoding 'sequential' in module 'VexiiRiscv'
---------------------------------------------------------------------------------------------------
                   State |                     New Encoding |                Previous Encoding 
---------------------------------------------------------------------------------------------------
                  iSTATE |                              001 |                               00
*
LsuPlugin_logic_flusher_CMD |                              010 |                               01
LsuPlugin_logic_flusher_COMPLETION |                              100 |                               10
---------------------------------------------------------------------------------------------------
INFO: [Synth 8-3354] encoded FSM with state register 'LsuPlugin_logic_flusher_stateReg_reg' using encoding 'one-hot' in module 'VexiiRiscv'
---------------------------------------------------------------------------------
Finished RTL Optimization Phase 2 : Time (s): cpu = 00:00:35 ; elapsed = 00:00:36 . Memory (MB): peak = 2493.840 ; gain = 755.250 ; free physical = 12719 ; free virtual = 28575
---------------------------------------------------------------------------------
No constraint files found.
---------------------------------------------------------------------------------
Start RTL Component Statistics 
---------------------------------------------------------------------------------
Detailed RTL Component Info : 
+---Adders : 
	   2 Input   64 Bit       Adders := 1     
	   3 Input   63 Bit       Adders := 1     
	   3 Input   50 Bit       Adders := 1     
	   2 Input   48 Bit       Adders := 2     
	   3 Input   34 Bit       Adders := 1     
	   3 Input   32 Bit       Adders := 2     
	   2 Input   32 Bit       Adders := 9     
	   3 Input   28 Bit       Adders := 1     
	   2 Input   24 Bit       Adders := 1     
	   3 Input   10 Bit       Adders := 7     
	   2 Input   10 Bit       Adders := 4     
	   2 Input    9 Bit       Adders := 2     
	   2 Input    8 Bit       Adders := 3     
	   3 Input    8 Bit       Adders := 1     
	   2 Input    7 Bit       Adders := 3     
	   2 Input    6 Bit       Adders := 4     
	   2 Input    5 Bit       Adders := 2     
	   3 Input    5 Bit       Adders := 1     
	   2 Input    4 Bit       Adders := 4     
	   2 Input    3 Bit       Adders := 2     
	   2 Input    2 Bit       Adders := 9     
	   2 Input    1 Bit       Adders := 4     
+---XORs : 
	   2 Input     32 Bit         XORs := 2     
	   2 Input      1 Bit         XORs := 11    
	   3 Input      1 Bit         XORs := 1     
+---Registers : 
	               63 Bit    Registers := 1     
	               50 Bit    Registers := 1     
	               49 Bit    Registers := 2     
	               48 Bit    Registers := 2     
	               47 Bit    Registers := 1     
	               34 Bit    Registers := 2     
	               32 Bit    Registers := 83    
	               28 Bit    Registers := 1     
	               25 Bit    Registers := 3     
	               24 Bit    Registers := 1     
	               23 Bit    Registers := 9     
	               22 Bit    Registers := 4     
	               20 Bit    Registers := 2     
	               16 Bit    Registers := 11    
	               10 Bit    Registers := 10    
	                9 Bit    Registers := 9     
	                8 Bit    Registers := 10    
	                7 Bit    Registers := 3     
	                6 Bit    Registers := 10    
	                5 Bit    Registers := 24    
	                4 Bit    Registers := 11    
	                3 Bit    Registers := 17    
	                2 Bit    Registers := 56    
	                1 Bit    Registers := 538   
+---RAMs : 
	              32K Bit	(1024 X 32 bit)          RAMs := 2     
	               8K Bit	(1024 X 8 bit)          RAMs := 8     
	             1024 Bit	(32 X 32 bit)          RAMs := 3     
	               1K Bit	(64 X 22 bit)          RAMs := 4     
	              192 Bit	(64 X 3 bit)          RAMs := 1     
	              128 Bit	(4 X 32 bit)          RAMs := 1     
	               64 Bit	(64 X 1 bit)          RAMs := 1     
+---Muxes : 
	   2 Input   61 Bit        Muxes := 2     
	   2 Input   50 Bit        Muxes := 7     
	   2 Input   49 Bit        Muxes := 1     
	   2 Input   47 Bit        Muxes := 3     
	   2 Input   41 Bit        Muxes := 6     
	   2 Input   39 Bit        Muxes := 5     
	   2 Input   36 Bit        Muxes := 2     
	   2 Input   34 Bit        Muxes := 12    
	   2 Input   33 Bit        Muxes := 2     
	   2 Input   32 Bit        Muxes := 94    
	   4 Input   32 Bit        Muxes := 6     
	  13 Input   32 Bit        Muxes := 1     
	   3 Input   32 Bit        Muxes := 2     
	   2 Input   31 Bit        Muxes := 2     
	   2 Input   28 Bit        Muxes := 1     
	   2 Input   26 Bit        Muxes := 9     
	   2 Input   25 Bit        Muxes := 4     
	   4 Input   24 Bit        Muxes := 1     
	   2 Input   23 Bit        Muxes := 8     
	   2 Input   20 Bit        Muxes := 4     
	   2 Input   16 Bit        Muxes := 2     
	   2 Input   12 Bit        Muxes := 4     
	   2 Input   10 Bit        Muxes := 8     
	   2 Input    9 Bit        Muxes := 3     
	   2 Input    8 Bit        Muxes := 7     
	   4 Input    8 Bit        Muxes := 1     
	   2 Input    7 Bit        Muxes := 2     
	   3 Input    7 Bit        Muxes := 1     
	   2 Input    6 Bit        Muxes := 7     
	   2 Input    5 Bit        Muxes := 23    
	   5 Input    5 Bit        Muxes := 1     
	   6 Input    5 Bit        Muxes := 2     
	  13 Input    5 Bit        Muxes := 1     
	   4 Input    5 Bit        Muxes := 1     
	   4 Input    4 Bit        Muxes := 1     
	   3 Input    4 Bit        Muxes := 2     
	   5 Input    4 Bit        Muxes := 1     
	   2 Input    4 Bit        Muxes := 7     
	   9 Input    4 Bit        Muxes := 1     
	   2 Input    3 Bit        Muxes := 29    
	  13 Input    3 Bit        Muxes := 1     
	   8 Input    3 Bit        Muxes := 1     
	   3 Input    3 Bit        Muxes := 1     
	   2 Input    2 Bit        Muxes := 84    
	   5 Input    2 Bit        Muxes := 3     
	   4 Input    2 Bit        Muxes := 4     
	  13 Input    2 Bit        Muxes := 2     
	  12 Input    2 Bit        Muxes := 1     
	   3 Input    2 Bit        Muxes := 1     
	   2 Input    1 Bit        Muxes := 253   
	   5 Input    1 Bit        Muxes := 4     
	  13 Input    1 Bit        Muxes := 10    
	   4 Input    1 Bit        Muxes := 30    
	   6 Input    1 Bit        Muxes := 3     
	   8 Input    1 Bit        Muxes := 2     
	   3 Input    1 Bit        Muxes := 6     
---------------------------------------------------------------------------------
Finished RTL Component Statistics 
---------------------------------------------------------------------------------
---------------------------------------------------------------------------------
Start Part Resource Summary
---------------------------------------------------------------------------------
Part Resources:
DSPs: 90 (col length:60)
BRAMs: 100 (col length: RAMB18 60 RAMB36 30)
---------------------------------------------------------------------------------
Finished Part Resource Summary
---------------------------------------------------------------------------------
No constraint files found.
---------------------------------------------------------------------------------
Start Cross Boundary and Area Optimization
---------------------------------------------------------------------------------
WARNING: [Synth 8-3936] Found unconnected internal register 'execute_ctrl4_up_early0_MulPlugin_logic_steps_0_adders_1_lane0_reg' and it is trimmed from '5' to '3' bits. [/home/lovro/Documents/VexiiRiscv/VexiiRiscv.v:16635]
DSP Report: Generating DSP execute_ctrl3_up_early0_MulPlugin_logic_mul_VALUES_1_lane0_reg, operation Mode is: (A*B)'.
DSP Report: register execute_ctrl3_up_early0_MulPlugin_logic_mul_VALUES_1_lane0_reg is absorbed into DSP execute_ctrl3_up_early0_MulPlugin_logic_mul_VALUES_1_lane0_reg.
DSP Report: operator _zz_execute_ctrl2_down_early0_MulPlugin_logic_mul_VALUES_1_lane0_1 is absorbed into DSP execute_ctrl3_up_early0_MulPlugin_logic_mul_VALUES_1_lane0_reg.
DSP Report: Generating DSP execute_ctrl3_up_early0_MulPlugin_logic_mul_VALUES_2_lane0_reg, operation Mode is: (A*B)'.
DSP Report: register execute_ctrl3_up_early0_MulPlugin_logic_mul_VALUES_2_lane0_reg is absorbed into DSP execute_ctrl3_up_early0_MulPlugin_logic_mul_VALUES_2_lane0_reg.
DSP Report: operator _zz_execute_ctrl2_down_early0_MulPlugin_logic_mul_VALUES_2_lane0_1 is absorbed into DSP execute_ctrl3_up_early0_MulPlugin_logic_mul_VALUES_2_lane0_reg.
DSP Report: Generating DSP execute_ctrl3_up_early0_MulPlugin_logic_mul_VALUES_3_lane0_reg, operation Mode is: (A*B)'.
DSP Report: register execute_ctrl3_up_early0_MulPlugin_logic_mul_VALUES_3_lane0_reg is absorbed into DSP execute_ctrl3_up_early0_MulPlugin_logic_mul_VALUES_3_lane0_reg.
DSP Report: operator _zz_execute_ctrl2_down_early0_MulPlugin_logic_mul_VALUES_3_lane0_1 is absorbed into DSP execute_ctrl3_up_early0_MulPlugin_logic_mul_VALUES_3_lane0_reg.
DSP Report: Generating DSP execute_ctrl3_up_early0_MulPlugin_logic_mul_VALUES_0_lane0_reg, operation Mode is: (A*B)'.
DSP Report: register execute_ctrl3_up_early0_MulPlugin_logic_mul_VALUES_0_lane0_reg is absorbed into DSP execute_ctrl3_up_early0_MulPlugin_logic_mul_VALUES_0_lane0_reg.
DSP Report: operator execute_ctrl2_down_early0_MulPlugin_logic_mul_VALUES_0_lane0 is absorbed into DSP execute_ctrl3_up_early0_MulPlugin_logic_mul_VALUES_0_lane0_reg.
INFO: [Synth 8-3971] The signal "\inst/CPU/integer_RegFilePlugin_logic_regfile_fpga/asMem_ram_reg " was recognized as a true dual port RAM template.
INFO: [Synth 8-3971] The signal "\inst/CPU/float_RegFilePlugin_logic_regfile_fpga/asMem_ram_reg " was recognized as a true dual port RAM template.
WARNING: [Synth 8-3332] Sequential element (FSM_onehot_LsuPlugin_logic_flusher_stateReg_reg[0]) is unused and will be removed from module VexiiRiscv.
---------------------------------------------------------------------------------
Finished Cross Boundary and Area Optimization : Time (s): cpu = 00:00:57 ; elapsed = 00:00:59 . Memory (MB): peak = 2515.840 ; gain = 777.250 ; free physical = 14393 ; free virtual = 30246
---------------------------------------------------------------------------------
 Sort Area is  execute_ctrl3_up_early0_MulPlugin_logic_mul_VALUES_0_lane0_reg_0 : 0 0 : 2215 2215 : Used 1 time 0
 Sort Area is  execute_ctrl3_up_early0_MulPlugin_logic_mul_VALUES_1_lane0_reg_6 : 0 0 : 2160 2160 : Used 1 time 0
 Sort Area is  execute_ctrl3_up_early0_MulPlugin_logic_mul_VALUES_2_lane0_reg_4 : 0 0 : 2160 2160 : Used 1 time 0
 Sort Area is  execute_ctrl3_up_early0_MulPlugin_logic_mul_VALUES_3_lane0_reg_2 : 0 0 : 1967 1967 : Used 1 time 0
---------------------------------------------------------------------------------
Start ROM, RAM, DSP, Shift Register and Retiming Reporting
---------------------------------------------------------------------------------

Block RAM: Preliminary Mapping Report (see note below)
+------------+----------------------------------------------+------------------------+---+---+------------------------+---+---+------------------+--------+--------+
|Module Name | RTL Object                                   | PORT A (Depth x Width) | W | R | PORT B (Depth x Width) | W | R | Ports driving FF | RAMB18 | RAMB36 | 
+------------+----------------------------------------------+------------------------+---+---+------------------------+---+---+------------------+--------+--------+
|\inst/CPU   | LsuL1Plugin_logic_ways_1_mem_reg             | 64 x 22(READ_FIRST)    | W |   | 64 x 22(WRITE_FIRST)   |   | R | Port A and B     | 1      | 0      | 
|\inst/CPU   | LsuL1Plugin_logic_ways_0_mem_reg             | 64 x 22(READ_FIRST)    | W |   | 64 x 22(WRITE_FIRST)   |   | R | Port A and B     | 1      | 0      | 
|\inst/CPU   | FetchL1Plugin_logic_ways_0_mem_reg           | 64 x 22(READ_FIRST)    | W |   | 64 x 22(WRITE_FIRST)   |   | R | Port A and B     | 1      | 0      | 
|\inst/CPU   | FetchL1Plugin_logic_ways_1_mem_reg           | 64 x 22(READ_FIRST)    | W |   | 64 x 22(WRITE_FIRST)   |   | R | Port A and B     | 1      | 0      | 
|\inst/CPU   | LsuL1Plugin_logic_banks_1_mem_symbol0_reg    | 1 K x 8(READ_FIRST)    | W |   | 1 K x 8(WRITE_FIRST)   |   | R | Port A and B     | 1      | 0      | 
|\inst/CPU   | LsuL1Plugin_logic_banks_1_mem_symbol1_reg    | 1 K x 8(READ_FIRST)    | W |   | 1 K x 8(WRITE_FIRST)   |   | R | Port A and B     | 1      | 0      | 
|\inst/CPU   | LsuL1Plugin_logic_banks_1_mem_symbol2_reg    | 1 K x 8(READ_FIRST)    | W |   | 1 K x 8(WRITE_FIRST)   |   | R | Port A and B     | 1      | 0      | 
|\inst/CPU   | LsuL1Plugin_logic_banks_1_mem_symbol3_reg    | 1 K x 8(READ_FIRST)    | W |   | 1 K x 8(WRITE_FIRST)   |   | R | Port A and B     | 1      | 0      | 
|\inst/CPU   | LsuL1Plugin_logic_banks_0_mem_symbol0_reg    | 1 K x 8(READ_FIRST)    | W |   | 1 K x 8(WRITE_FIRST)   |   | R | Port A and B     | 1      | 0      | 
|\inst/CPU   | LsuL1Plugin_logic_banks_0_mem_symbol1_reg    | 1 K x 8(READ_FIRST)    | W |   | 1 K x 8(WRITE_FIRST)   |   | R | Port A and B     | 1      | 0      | 
|\inst/CPU   | LsuL1Plugin_logic_banks_0_mem_symbol2_reg    | 1 K x 8(READ_FIRST)    | W |   | 1 K x 8(WRITE_FIRST)   |   | R | Port A and B     | 1      | 0      | 
|\inst/CPU   | LsuL1Plugin_logic_banks_0_mem_symbol3_reg    | 1 K x 8(READ_FIRST)    | W |   | 1 K x 8(WRITE_FIRST)   |   | R | Port A and B     | 1      | 0      | 
|\inst/CPU   | FetchL1Plugin_logic_banks_1_mem_reg          | 1 K x 32(READ_FIRST)   | W |   | 1 K x 32(WRITE_FIRST)  |   | R | Port A and B     | 0      | 1      | 
|\inst/CPU   | FetchL1Plugin_logic_banks_0_mem_reg          | 1 K x 32(READ_FIRST)   | W |   | 1 K x 32(WRITE_FIRST)  |   | R | Port A and B     | 0      | 1      | 
|\inst/CPU   | LsuL1Plugin_logic_writeback_victimBuffer_reg | 32 x 32(READ_FIRST)    | W |   | 32 x 32(WRITE_FIRST)   |   | R | Port A and B     | 1      | 0      | 
+------------+----------------------------------------------+------------------------+---+---+------------------------+---+---+------------------+--------+--------+

Note: The table above is a preliminary report that shows the Block RAMs at the current stage of the synthesis flow. Some Block RAMs may be reimplemented as non Block RAM primitives later in the synthesis flow. Multiple instantiated Block RAMs are reported only once. 

Distributed RAM: Preliminary Mapping Report (see note below)
+------------+----------------------------------+-----------+----------------------+-------------+
|Module Name | RTL Object                       | Inference | Size (Depth x Width) | Primitives  | 
+------------+----------------------------------+-----------+----------------------+-------------+
|\inst/CPU   | LsuL1Plugin_logic_shared_mem_reg | Implied   | 64 x 3               | RAM64M x 1  | 
|\inst/CPU   | FetchL1Plugin_logic_plru_mem_reg | Implied   | 64 x 1               | RAM64M x 1  | 
|\inst/CPU   | CsrRamPlugin_logic_mem_reg       | Implied   | 4 x 32               | RAM32M x 6  | 
+------------+----------------------------------+-----------+----------------------+-------------+

Note: The table above is a preliminary report that shows the Distributed RAMs at the current stage of the synthesis flow. Some Distributed RAMs may be reimplemented as non Distributed RAM primitives later in the synthesis flow. Multiple instantiated RAMs are reported only once.

DSP: Preliminary Mapping Report (see note below. The ' indicates corresponding REG is set)
+------------+-------------+--------+--------+--------+--------+--------+------+------+------+------+-------+------+------+
|Module Name | DSP Mapping | A Size | B Size | C Size | D Size | P Size | AREG | BREG | CREG | DREG | ADREG | MREG | PREG | 
+------------+-------------+--------+--------+--------+--------+--------+------+------+------+------+-------+------+------+
|VexiiRiscv  | (A*B)'      | 18     | 16     | -      | -      | 34     | 0    | 0    | -    | -    | -     | 1    | 0    | 
|VexiiRiscv  | (A*B)'      | 18     | 16     | -      | -      | 34     | 0    | 0    | -    | -    | -     | 1    | 0    | 
|VexiiRiscv  | (A*B)'      | 16     | 16     | -      | -      | 32     | 0    | 0    | -    | -    | -     | 1    | 0    | 
|VexiiRiscv  | (A*B)'      | 17     | 17     | -      | -      | 34     | 0    | 0    | -    | -    | -     | 1    | 0    | 
+------------+-------------+--------+--------+--------+--------+--------+------+------+------+------+-------+------+------+

Note: The table above is a preliminary report that shows the DSPs inferred at the current stage of the synthesis flow. Some DSP may be reimplemented as non DSP primitives later in the synthesis flow. Multiple instantiated DSPs are reported only once.
---------------------------------------------------------------------------------
Finished ROM, RAM, DSP, Shift Register and Retiming Reporting
---------------------------------------------------------------------------------
No constraint files found.
---------------------------------------------------------------------------------
Start Timing Optimization
---------------------------------------------------------------------------------
---------------------------------------------------------------------------------
Finished Timing Optimization : Time (s): cpu = 00:00:58 ; elapsed = 00:01:00 . Memory (MB): peak = 2515.840 ; gain = 777.250 ; free physical = 14393 ; free virtual = 30246
---------------------------------------------------------------------------------
---------------------------------------------------------------------------------
Start ROM, RAM, DSP, Shift Register and Retiming Reporting
---------------------------------------------------------------------------------

Block RAM: Final Mapping Report
+------------+----------------------------------------------+------------------------+---+---+------------------------+---+---+------------------+--------+--------+
|Module Name | RTL Object                                   | PORT A (Depth x Width) | W | R | PORT B (Depth x Width) | W | R | Ports driving FF | RAMB18 | RAMB36 | 
+------------+----------------------------------------------+------------------------+---+---+------------------------+---+---+------------------+--------+--------+
|\inst/CPU   | LsuL1Plugin_logic_ways_1_mem_reg             | 64 x 22(READ_FIRST)    | W |   | 64 x 22(WRITE_FIRST)   |   | R | Port A and B     | 1      | 0      | 
|\inst/CPU   | LsuL1Plugin_logic_ways_0_mem_reg             | 64 x 22(READ_FIRST)    | W |   | 64 x 22(WRITE_FIRST)   |   | R | Port A and B     | 1      | 0      | 
|\inst/CPU   | FetchL1Plugin_logic_ways_0_mem_reg           | 64 x 22(READ_FIRST)    | W |   | 64 x 22(WRITE_FIRST)   |   | R | Port A and B     | 1      | 0      | 
|\inst/CPU   | FetchL1Plugin_logic_ways_1_mem_reg           | 64 x 22(READ_FIRST)    | W |   | 64 x 22(WRITE_FIRST)   |   | R | Port A and B     | 1      | 0      | 
|\inst/CPU   | LsuL1Plugin_logic_banks_1_mem_symbol0_reg    | 1 K x 8(READ_FIRST)    | W |   | 1 K x 8(WRITE_FIRST)   |   | R | Port A and B     | 1      | 0      | 
|\inst/CPU   | LsuL1Plugin_logic_banks_1_mem_symbol1_reg    | 1 K x 8(READ_FIRST)    | W |   | 1 K x 8(WRITE_FIRST)   |   | R | Port A and B     | 1      | 0      | 
|\inst/CPU   | LsuL1Plugin_logic_banks_1_mem_symbol2_reg    | 1 K x 8(READ_FIRST)    | W |   | 1 K x 8(WRITE_FIRST)   |   | R | Port A and B     | 1      | 0      | 
|\inst/CPU   | LsuL1Plugin_logic_banks_1_mem_symbol3_reg    | 1 K x 8(READ_FIRST)    | W |   | 1 K x 8(WRITE_FIRST)   |   | R | Port A and B     | 1      | 0      | 
|\inst/CPU   | LsuL1Plugin_logic_banks_0_mem_symbol0_reg    | 1 K x 8(READ_FIRST)    | W |   | 1 K x 8(WRITE_FIRST)   |   | R | Port A and B     | 1      | 0      | 
|\inst/CPU   | LsuL1Plugin_logic_banks_0_mem_symbol1_reg    | 1 K x 8(READ_FIRST)    | W |   | 1 K x 8(WRITE_FIRST)   |   | R | Port A and B     | 1      | 0      | 
|\inst/CPU   | LsuL1Plugin_logic_banks_0_mem_symbol2_reg    | 1 K x 8(READ_FIRST)    | W |   | 1 K x 8(WRITE_FIRST)   |   | R | Port A and B     | 1      | 0      | 
|\inst/CPU   | LsuL1Plugin_logic_banks_0_mem_symbol3_reg    | 1 K x 8(READ_FIRST)    | W |   | 1 K x 8(WRITE_FIRST)   |   | R | Port A and B     | 1      | 0      | 
|\inst/CPU   | FetchL1Plugin_logic_banks_1_mem_reg          | 1 K x 32(READ_FIRST)   | W |   | 1 K x 32(WRITE_FIRST)  |   | R | Port A and B     | 0      | 1      | 
|\inst/CPU   | FetchL1Plugin_logic_banks_0_mem_reg          | 1 K x 32(READ_FIRST)   | W |   | 1 K x 32(WRITE_FIRST)  |   | R | Port A and B     | 0      | 1      | 
|\inst/CPU   | LsuL1Plugin_logic_writeback_victimBuffer_reg | 32 x 32(READ_FIRST)    | W |   | 32 x 32(WRITE_FIRST)   |   | R | Port A and B     | 1      | 0      | 
+------------+----------------------------------------------+------------------------+---+---+------------------------+---+---+------------------+--------+--------+


Distributed RAM: Final Mapping Report
+------------+----------------------------------+-----------+----------------------+-------------+
|Module Name | RTL Object                       | Inference | Size (Depth x Width) | Primitives  | 
+------------+----------------------------------+-----------+----------------------+-------------+
|\inst/CPU   | LsuL1Plugin_logic_shared_mem_reg | Implied   | 64 x 3               | RAM64M x 1  | 
|\inst/CPU   | FetchL1Plugin_logic_plru_mem_reg | Implied   | 64 x 1               | RAM64M x 1  | 
|\inst/CPU   | CsrRamPlugin_logic_mem_reg       | Implied   | 4 x 32               | RAM32M x 6  | 
+------------+----------------------------------+-----------+----------------------+-------------+

---------------------------------------------------------------------------------
Finished ROM, RAM, DSP, Shift Register and Retiming Reporting
---------------------------------------------------------------------------------
---------------------------------------------------------------------------------
Start Technology Mapping
---------------------------------------------------------------------------------
INFO: [Synth 8-7052] The timing for the instance inst/CPU/integer_RegFilePlugin_logic_regfile_fpga/asMem_ram_reg_1 (implemented as a Block RAM) might be sub-optimal as no optional output register could be merged into the ram block. Providing additional output register may help in improving timing.
INFO: [Synth 8-7052] The timing for the instance inst/CPU/integer_RegFilePlugin_logic_regfile_fpga/asMem_ram_reg_2 (implemented as a Block RAM) might be sub-optimal as no optional output register could be merged into the ram block. Providing additional output register may help in improving timing.
INFO: [Synth 8-7052] The timing for the instance inst/CPU/float_RegFilePlugin_logic_regfile_fpga/asMem_ram_reg_1 (implemented as a Block RAM) might be sub-optimal as no optional output register could be merged into the ram block. Providing additional output register may help in improving timing.
INFO: [Synth 8-7052] The timing for the instance inst/CPU/float_RegFilePlugin_logic_regfile_fpga/asMem_ram_reg_2 (implemented as a Block RAM) might be sub-optimal as no optional output register could be merged into the ram block. Providing additional output register may help in improving timing.
INFO: [Synth 8-7052] The timing for the instance inst/CPU/float_RegFilePlugin_logic_regfile_fpga/asMem_ram_reg_3 (implemented as a Block RAM) might be sub-optimal as no optional output register could be merged into the ram block. Providing additional output register may help in improving timing.
INFO: [Synth 8-7052] The timing for the instance inst/CPU/LsuL1Plugin_logic_ways_1_mem_reg (implemented as a Block RAM) might be sub-optimal as no optional output register could be merged into the ram block. Providing additional output register may help in improving timing.
INFO: [Synth 8-7052] The timing for the instance inst/CPU/LsuL1Plugin_logic_ways_0_mem_reg (implemented as a Block RAM) might be sub-optimal as no optional output register could be merged into the ram block. Providing additional output register may help in improving timing.
INFO: [Synth 8-7052] The timing for the instance inst/CPU/FetchL1Plugin_logic_ways_0_mem_reg (implemented as a Block RAM) might be sub-optimal as no optional output register could be merged into the ram block. Providing additional output register may help in improving timing.
INFO: [Synth 8-7052] The timing for the instance inst/CPU/FetchL1Plugin_logic_ways_1_mem_reg (implemented as a Block RAM) might be sub-optimal as no optional output register could be merged into the ram block. Providing additional output register may help in improving timing.
INFO: [Synth 8-7052] The timing for the instance inst/CPU/LsuL1Plugin_logic_banks_1_mem_symbol0_reg (implemented as a Block RAM) might be sub-optimal as no optional output register could be merged into the ram block. Providing additional output register may help in improving timing.
INFO: [Synth 8-7052] The timing for the instance inst/CPU/LsuL1Plugin_logic_banks_1_mem_symbol1_reg (implemented as a Block RAM) might be sub-optimal as no optional output register could be merged into the ram block. Providing additional output register may help in improving timing.
INFO: [Synth 8-7052] The timing for the instance inst/CPU/LsuL1Plugin_logic_banks_1_mem_symbol2_reg (implemented as a Block RAM) might be sub-optimal as no optional output register could be merged into the ram block. Providing additional output register may help in improving timing.
INFO: [Synth 8-7052] The timing for the instance inst/CPU/LsuL1Plugin_logic_banks_1_mem_symbol3_reg (implemented as a Block RAM) might be sub-optimal as no optional output register could be merged into the ram block. Providing additional output register may help in improving timing.
INFO: [Synth 8-7052] The timing for the instance inst/CPU/LsuL1Plugin_logic_banks_0_mem_symbol0_reg (implemented as a Block RAM) might be sub-optimal as no optional output register could be merged into the ram block. Providing additional output register may help in improving timing.
INFO: [Synth 8-7052] The timing for the instance inst/CPU/LsuL1Plugin_logic_banks_0_mem_symbol1_reg (implemented as a Block RAM) might be sub-optimal as no optional output register could be merged into the ram block. Providing additional output register may help in improving timing.
INFO: [Synth 8-7052] The timing for the instance inst/CPU/LsuL1Plugin_logic_banks_0_mem_symbol2_reg (implemented as a Block RAM) might be sub-optimal as no optional output register could be merged into the ram block. Providing additional output register may help in improving timing.
INFO: [Synth 8-7052] The timing for the instance inst/CPU/LsuL1Plugin_logic_banks_0_mem_symbol3_reg (implemented as a Block RAM) might be sub-optimal as no optional output register could be merged into the ram block. Providing additional output register may help in improving timing.
INFO: [Synth 8-7052] The timing for the instance inst/CPU/FetchL1Plugin_logic_banks_1_mem_reg (implemented as a Block RAM) might be sub-optimal as no optional output register could be merged into the ram block. Providing additional output register may help in improving timing.
INFO: [Synth 8-7052] The timing for the instance inst/CPU/FetchL1Plugin_logic_banks_0_mem_reg (implemented as a Block RAM) might be sub-optimal as no optional output register could be merged into the ram block. Providing additional output register may help in improving timing.
INFO: [Synth 8-7052] The timing for the instance inst/CPU/LsuL1Plugin_logic_writeback_victimBuffer_reg (implemented as a Block RAM) might be sub-optimal as no optional output register could be merged into the ram block. Providing additional output register may help in improving timing.
---------------------------------------------------------------------------------
Finished Technology Mapping : Time (s): cpu = 00:01:01 ; elapsed = 00:01:03 . Memory (MB): peak = 2523.840 ; gain = 785.250 ; free physical = 14389 ; free virtual = 30242
---------------------------------------------------------------------------------
---------------------------------------------------------------------------------
Start IO Insertion
---------------------------------------------------------------------------------
---------------------------------------------------------------------------------
Start Flattening Before IO Insertion
---------------------------------------------------------------------------------
---------------------------------------------------------------------------------
Finished Flattening Before IO Insertion
---------------------------------------------------------------------------------
---------------------------------------------------------------------------------
Start Final Netlist Cleanup
---------------------------------------------------------------------------------
---------------------------------------------------------------------------------
Finished Final Netlist Cleanup
---------------------------------------------------------------------------------
---------------------------------------------------------------------------------
Finished IO Insertion : Time (s): cpu = 00:01:06 ; elapsed = 00:01:08 . Memory (MB): peak = 2580.652 ; gain = 842.062 ; free physical = 14359 ; free virtual = 30211
---------------------------------------------------------------------------------
---------------------------------------------------------------------------------
Start Renaming Generated Instances
---------------------------------------------------------------------------------
---------------------------------------------------------------------------------
Finished Renaming Generated Instances : Time (s): cpu = 00:01:06 ; elapsed = 00:01:08 . Memory (MB): peak = 2580.652 ; gain = 842.062 ; free physical = 14359 ; free virtual = 30211
---------------------------------------------------------------------------------
---------------------------------------------------------------------------------
Start Rebuilding User Hierarchy
---------------------------------------------------------------------------------
---------------------------------------------------------------------------------
Finished Rebuilding User Hierarchy : Time (s): cpu = 00:01:06 ; elapsed = 00:01:08 . Memory (MB): peak = 2580.652 ; gain = 842.062 ; free physical = 14351 ; free virtual = 30203
---------------------------------------------------------------------------------
---------------------------------------------------------------------------------
Start Renaming Generated Ports
---------------------------------------------------------------------------------
---------------------------------------------------------------------------------
Finished Renaming Generated Ports : Time (s): cpu = 00:01:06 ; elapsed = 00:01:08 . Memory (MB): peak = 2580.652 ; gain = 842.062 ; free physical = 14351 ; free virtual = 30203
---------------------------------------------------------------------------------
---------------------------------------------------------------------------------
Start Handling Custom Attributes
---------------------------------------------------------------------------------
---------------------------------------------------------------------------------
Finished Handling Custom Attributes : Time (s): cpu = 00:01:06 ; elapsed = 00:01:08 . Memory (MB): peak = 2586.590 ; gain = 848.000 ; free physical = 14351 ; free virtual = 30203
---------------------------------------------------------------------------------
---------------------------------------------------------------------------------
Start Renaming Generated Nets
---------------------------------------------------------------------------------
---------------------------------------------------------------------------------
Finished Renaming Generated Nets : Time (s): cpu = 00:01:06 ; elapsed = 00:01:09 . Memory (MB): peak = 2586.590 ; gain = 848.000 ; free physical = 14351 ; free virtual = 30203
---------------------------------------------------------------------------------
---------------------------------------------------------------------------------
Start ROM, RAM, DSP, Shift Register and Retiming Reporting
---------------------------------------------------------------------------------

Static Shift Register Report:
+-------------------------------------+---------------------------------------------------------------------------------+--------+-------+--------------+--------------------+-------------------+--------+---------+
|Module Name                          | RTL Name                                                                        | Length | Width | Reset Signal | Pull out first Reg | Pull out last Reg | SRL16E | SRLC32E | 
+-------------------------------------+---------------------------------------------------------------------------------+--------+-------+--------------+--------------------+-------------------+--------+---------+
|CPU_block_inst_1_VexiiRV_wrapper_0_0 | inst/CPU/execute_ctrl7_up_COMPLETION_AT_7_lane0_reg                             | 5      | 1     | NO           | NO                 | YES               | 1      | 0       | 
|CPU_block_inst_1_VexiiRV_wrapper_0_0 | inst/CPU/execute_ctrl8_up_COMPLETION_AT_8_lane0_reg                             | 6      | 1     | NO           | NO                 | YES               | 1      | 0       | 
|CPU_block_inst_1_VexiiRV_wrapper_0_0 | inst/CPU/execute_ctrl11_up_COMPLETION_AT_11_lane0_reg                           | 9      | 1     | NO           | NO                 | YES               | 1      | 0       | 
|CPU_block_inst_1_VexiiRV_wrapper_0_0 | inst/CPU/execute_ctrl4_up_FpuPackerPlugin_RESERVED_ON_early0_AT_6_lane0_reg     | 3      | 1     | NO           | NO                 | YES               | 1      | 0       | 
|CPU_block_inst_1_VexiiRV_wrapper_0_0 | inst/CPU/execute_ctrl3_up_FpuPackerPlugin_RESERVED_ON_early0_AT_5_lane0_reg     | 3      | 1     | NO           | NO                 | YES               | 1      | 0       | 
|CPU_block_inst_1_VexiiRV_wrapper_0_0 | inst/CPU/execute_ctrl7_up_FpuPackerPlugin_RESERVED_ON_early0_AT_9_lane0_reg     | 3      | 1     | NO           | NO                 | YES               | 1      | 0       | 
|CPU_block_inst_1_VexiiRV_wrapper_0_0 | inst/CPU/execute_ctrl5_up_BYPASSED_AT_5_lane0_reg                               | 4      | 1     | NO           | NO                 | YES               | 1      | 0       | 
|CPU_block_inst_1_VexiiRV_wrapper_0_0 | inst/CPU/execute_ctrl5_up_FpuMulPlugin_FMA_lane0_reg                            | 4      | 1     | NO           | NO                 | YES               | 1      | 0       | 
|CPU_block_inst_1_VexiiRV_wrapper_0_0 | inst/CPU/execute_ctrl5_up_FpuMulPlugin_SEL_lane0_reg                            | 3      | 1     | NO           | NO                 | YES               | 1      | 0       | 
|CPU_block_inst_1_VexiiRV_wrapper_0_0 | inst/CPU/FpuAddSharedPlugin_logic_pip_node_4_inserter_GROUP_OH_reg[1]           | 4      | 2     | NO           | NO                 | YES               | 2      | 0       | 
|CPU_block_inst_1_VexiiRV_wrapper_0_0 | inst/CPU/execute_ctrl5_up_FpuMulPlugin_logic_calc_FORCE_ZERO_lane0_reg          | 3      | 1     | NO           | NO                 | YES               | 1      | 0       | 
|CPU_block_inst_1_VexiiRV_wrapper_0_0 | inst/CPU/execute_ctrl5_up_FpuMulPlugin_logic_calc_FORCE_OVERFLOW_lane0_reg      | 3      | 1     | NO           | NO                 | YES               | 1      | 0       | 
|CPU_block_inst_1_VexiiRV_wrapper_0_0 | inst/CPU/execute_ctrl5_up_FpuMulPlugin_logic_calc_FORCE_NAN_lane0_reg           | 3      | 1     | NO           | NO                 | YES               | 1      | 0       | 
|CPU_block_inst_1_VexiiRV_wrapper_0_0 | inst/CPU/execute_ctrl5_up_FpuMulPlugin_logic_calc_SIGN_lane0_reg                | 3      | 1     | NO           | NO                 | YES               | 1      | 0       | 
|CPU_block_inst_1_VexiiRV_wrapper_0_0 | inst/CPU/execute_ctrl5_up_FpuMulPlugin_SUB2_lane0_reg                           | 3      | 1     | NO           | NO                 | YES               | 1      | 0       | 
|CPU_block_inst_1_VexiiRV_wrapper_0_0 | inst/CPU/execute_ctrl5_up_FpuUnpack_RS3_RS_lane0_sign_reg                       | 4      | 1     | NO           | NO                 | YES               | 1      | 0       | 
|CPU_block_inst_1_VexiiRV_wrapper_0_0 | inst/CPU/execute_ctrl5_up_FpuUnpack_RS3_RS_lane0_mode_reg[1]                    | 3      | 2     | NO           | NO                 | YES               | 2      | 0       | 
|CPU_block_inst_1_VexiiRV_wrapper_0_0 | inst/CPU/execute_ctrl5_up_FpuUnpack_RS3_RS_lane0_quiet_reg                      | 3      | 1     | NO           | NO                 | YES               | 1      | 0       | 
|CPU_block_inst_1_VexiiRV_wrapper_0_0 | inst/CPU/execute_ctrl5_up_FpuUnpack_RS3_RS_lane0_exponent_reg[7]                | 3      | 8     | NO           | NO                 | YES               | 8      | 0       | 
|CPU_block_inst_1_VexiiRV_wrapper_0_0 | inst/CPU/execute_ctrl5_up_FpuUnpack_RS3_RS_lane0_mantissa_reg[22]               | 3      | 23    | NO           | NO                 | YES               | 23     | 0       | 
|CPU_block_inst_1_VexiiRV_wrapper_0_0 | inst/CPU/execute_ctrl5_up_FpuMulPlugin_SUB1_lane0_reg                           | 3      | 1     | NO           | NO                 | YES               | 1      | 0       | 
|CPU_block_inst_1_VexiiRV_wrapper_0_0 | inst/CPU/FpuAddSharedPlugin_logic_pip_node_4_inserter_RDN_reg                   | 4      | 1     | NO           | NO                 | YES               | 1      | 0       | 
|CPU_block_inst_1_VexiiRV_wrapper_0_0 | inst/CPU/FpuAddSharedPlugin_logic_pip_node_4_adder_shifter_xySign_reg           | 3      | 1     | NO           | NO                 | YES               | 1      | 0       | 
|CPU_block_inst_1_VexiiRV_wrapper_0_0 | inst/CPU/FpuAddSharedPlugin_logic_pip_node_4_adder_shifter_xyExponent_reg[9]    | 3      | 10    | NO           | NO                 | YES               | 10     | 0       | 
|CPU_block_inst_1_VexiiRV_wrapper_0_0 | inst/CPU/FpuAddSharedPlugin_logic_pip_node_4_inserter_ROUNDMODE_reg[2]          | 4      | 3     | NO           | NO                 | YES               | 3      | 0       | 
|CPU_block_inst_1_VexiiRV_wrapper_0_0 | inst/CPU/execute_ctrl7_up_lane0_float_WriteBackPlugin_logic_DATA_lane0_reg[31]  | 3      | 32    | NO           | NO                 | YES               | 32     | 0       | 
|CPU_block_inst_1_VexiiRV_wrapper_0_0 | inst/CPU/execute_ctrl11_up_lane0_float_WriteBackPlugin_logic_DATA_lane0_reg[31] | 3      | 32    | NO           | NO                 | YES               | 32     | 0       | 
|CPU_block_inst_1_VexiiRV_wrapper_0_0 | inst/CPU/execute_ctrl4_up_MulPlugin_HIGH_lane0_reg                              | 3      | 1     | NO           | NO                 | YES               | 1      | 0       | 
|CPU_block_inst_1_VexiiRV_wrapper_0_0 | inst/CPU/execute_ctrl4_up_lane0_IntFormatPlugin_logic_WIDTH_ID_lane0_reg[1]     | 3      | 2     | NO           | NO                 | YES               | 2      | 0       | 
|CPU_block_inst_1_VexiiRV_wrapper_0_0 | inst/CPU/execute_ctrl4_up_lane0_IntFormatPlugin_logic_SIGNED_lane0_reg          | 3      | 1     | NO           | NO                 | YES               | 1      | 0       | 
|CPU_block_inst_1_VexiiRV_wrapper_0_0 | inst/CPU/FpuAddSharedPlugin_logic_pip_node_4_inserter_rs1_quiet_reg             | 4      | 1     | NO           | NO                 | YES               | 1      | 0       | 
|CPU_block_inst_1_VexiiRV_wrapper_0_0 | inst/CPU/FpuAddSharedPlugin_logic_pip_node_4_inserter_rs2_quiet_reg             | 4      | 1     | NO           | NO                 | YES               | 1      | 0       | 
|CPU_block_inst_1_VexiiRV_wrapper_0_0 | inst/CPU/execute_ctrl5_up_FpuMulPlugin_logic_calc_INFINITY_NAN_lane0_reg        | 3      | 1     | NO           | NO                 | YES               | 1      | 0       | 
|CPU_block_inst_1_VexiiRV_wrapper_0_0 | inst/CPU/FpuAddSharedPlugin_logic_pip_node_4_inserter_FLAGS_NV_reg              | 4      | 1     | NO           | NO                 | YES               | 1      | 0       | 
|CPU_block_inst_1_VexiiRV_wrapper_0_0 | inst/CPU/execute_ctrl7_up_COMMIT_lane0_reg                                      | 3      | 1     | NO           | NO                 | YES               | 1      | 0       | 
|CPU_block_inst_1_VexiiRV_wrapper_0_0 | inst/CPU/execute_ctrl11_up_COMMIT_lane0_reg                                     | 3      | 1     | NO           | NO                 | YES               | 1      | 0       | 
|CPU_block_inst_1_VexiiRV_wrapper_0_0 | inst/CPU/execute_ctrl4_up_FpuCsrPlugin_DIRTY_lane0_reg                          | 3      | 1     | NO           | NO                 | YES               | 1      | 0       | 
|CPU_block_inst_1_VexiiRV_wrapper_0_0 | inst/CPU/execute_ctrl4_up_Decode_UOP_ID_lane0_reg[15]                           | 4      | 16    | NO           | NO                 | YES               | 16     | 0       | 
|CPU_block_inst_1_VexiiRV_wrapper_0_0 | inst/CPU/execute_ctrl11_up_lane0_float_WriteBackPlugin_SEL_lane0_reg            | 7      | 1     | NO           | NO                 | YES               | 1      | 0       | 
+-------------------------------------+---------------------------------------------------------------------------------+--------+-------+--------------+--------------------+-------------------+--------+---------+

---------------------------------------------------------------------------------
Finished ROM, RAM, DSP, Shift Register and Retiming Reporting
---------------------------------------------------------------------------------
---------------------------------------------------------------------------------
Start Writing Synthesis Report
---------------------------------------------------------------------------------

DSP Final Report (the ' indicates corresponding REG is set)
+------------+-------------+--------+--------+--------+--------+--------+------+------+------+------+-------+------+------+
|Module Name | DSP Mapping | A Size | B Size | C Size | D Size | P Size | AREG | BREG | CREG | DREG | ADREG | MREG | PREG | 
+------------+-------------+--------+--------+--------+--------+--------+------+------+------+------+-------+------+------+
|VexiiRiscv  | (A*B)'      | 17     | 18     | -      | -      | 34     | 0    | 0    | -    | -    | -     | 0    | 1    | 
|VexiiRiscv  | (A*B)'      | 17     | 18     | -      | -      | 34     | 0    | 0    | -    | -    | -     | 0    | 1    | 
|VexiiRiscv  | (A*B)'      | 30     | 18     | -      | -      | 30     | 0    | 0    | -    | -    | -     | 0    | 1    | 
|VexiiRiscv  | (A*B)'      | 17     | 17     | -      | -      | 34     | 0    | 0    | -    | -    | -     | 0    | 1    | 
+------------+-------------+--------+--------+--------+--------+--------+------+------+------+------+-------+------+------+


Report BlackBoxes: 
+-+--------------+----------+
| |BlackBox name |Instances |
+-+--------------+----------+
+-+--------------+----------+

Report Cell Usage: 
+------+---------+------+
|      |Cell     |Count |
+------+---------+------+
|1     |CARRY4   |   194|
|2     |DSP48E1  |     4|
|3     |LUT1     |    97|
|4     |LUT2     |   395|
|5     |LUT3     |  1050|
|6     |LUT4     |   770|
|7     |LUT5     |  1184|
|8     |LUT6     |  2085|
|9     |MUXF7    |     2|
|10    |RAM32M   |     5|
|11    |RAM32X1D |     2|
|12    |RAM64M   |     1|
|13    |RAM64X1D |     1|
|14    |RAMB18E1 |    18|
|15    |RAMB36E1 |     2|
|16    |SRL16E   |   159|
|17    |FDCE     |   209|
|18    |FDPE     |    22|
|19    |FDRE     |  3579|
|20    |FDSE     |    12|
+------+---------+------+
---------------------------------------------------------------------------------
Finished Writing Synthesis Report : Time (s): cpu = 00:01:06 ; elapsed = 00:01:09 . Memory (MB): peak = 2586.590 ; gain = 848.000 ; free physical = 14351 ; free virtual = 30203
---------------------------------------------------------------------------------
Synthesis finished with 0 errors, 0 critical warnings and 4 warnings.
Synthesis Optimization Runtime : Time (s): cpu = 00:01:01 ; elapsed = 00:01:04 . Memory (MB): peak = 2586.590 ; gain = 761.500 ; free physical = 14344 ; free virtual = 30196
Synthesis Optimization Complete : Time (s): cpu = 00:01:06 ; elapsed = 00:01:09 . Memory (MB): peak = 2586.598 ; gain = 848.000 ; free physical = 14344 ; free virtual = 30196
INFO: [Project 1-571] Translating synthesized netlist
Netlist sorting complete. Time (s): cpu = 00:00:00.1 ; elapsed = 00:00:00.1 . Memory (MB): peak = 2599.465 ; gain = 0.000 ; free physical = 14510 ; free virtual = 30362
INFO: [Netlist 29-17] Analyzing 229 Unisim elements for replacement
INFO: [Netlist 29-28] Unisim Transformation completed in 0 CPU seconds
WARNING: [Netlist 29-101] Netlist 'CPU_block_inst_1_VexiiRV_wrapper_0_0' is not ideal for floorplanning, since the cellview 'VexiiRiscv' contains a large number of primitives.  Please consider enabling hierarchy in synthesis if you want to do floorplanning.
INFO: [Project 1-570] Preparing netlist for logic optimization
INFO: [Opt 31-138] Pushed 0 inverter(s) to 0 load pin(s).
Netlist sorting complete. Time (s): cpu = 00:00:00.01 ; elapsed = 00:00:00.01 . Memory (MB): peak = 2753.086 ; gain = 0.000 ; free physical = 14435 ; free virtual = 30294
INFO: [Project 1-111] Unisim Transformation Summary:
  A total of 9 instances were transformed.
  RAM32M => RAM32M (RAMD32(x6), RAMS32(x2)): 5 instances
  RAM32X1D => RAM32X1D (RAMD32(x2)): 2 instances
  RAM64M => RAM64M (RAMD64E(x4)): 1 instance 
  RAM64X1D => RAM64X1D (RAMD64E(x2)): 1 instance 

lscpu: bad usage
Try 'lscpu --help' for more information.
Synth Design complete | Checksum: 3fe54d25
INFO: [Common 17-83] Releasing license: Synthesis
174 Infos, 110 Warnings, 0 Critical Warnings and 0 Errors encountered.
synth_design completed successfully
INFO: [Common 17-600] The following parameters have non-default value.
tcl.statsThreshold
INFO: [Coretcl 2-1174] Renamed 7 cell refs.
Write ShapeDB Complete: Time (s): cpu = 00:00:00.04 ; elapsed = 00:00:00.01 . Memory (MB): peak = 2777.098 ; gain = 0.000 ; free physical = 14435 ; free virtual = 30293
INFO: [Common 17-1381] The checkpoint '/home/lovro/Documents/Alchistry_Labs/DDR3 test/cores/Alchitry AMIX_RISCV/Alchitry AMIX_RISCV.runs/CPU_block_inst_1_VexiiRV_wrapper_0_0_synth_1/CPU_block_inst_1_VexiiRV_wrapper_0_0.dcp' has been generated.
INFO: [Vivado 12-24828] Executing command : report_utilization -file CPU_block_inst_1_VexiiRV_wrapper_0_0_utilization_synth.rpt -pb CPU_block_inst_1_VexiiRV_wrapper_0_0_utilization_synth.pb
INFO: [Common 17-206] Exiting Vivado at Mon Jul 27 16:30:58 2026...
