
*** Running vivado
    with args -log Block_top_VDP_0_0.vds -m64 -product Vivado -mode batch -messageDb vivado.pb -notrace -source Block_top_VDP_0_0.tcl


****** Vivado v2025.2 (64-bit)
  **** SW Build 6299465 on Fri Nov 14 12:34:56 MST 2025
  **** IP Build 6300035 on Fri Nov 14 10:48:45 MST 2025
  **** SharedData Build 6298862 on Thu Nov 13 04:50:51 MST 2025
  **** Start of session at: Fri Aug 14 21:36:21 2026
    ** Copyright 1986-2022 Xilinx, Inc. All Rights Reserved.
    ** Copyright 2022-2025 Advanced Micro Devices, Inc. All Rights Reserved.

source Block_top_VDP_0_0.tcl -notrace
create_project: Time (s): cpu = 00:00:09 ; elapsed = 00:00:07 . Memory (MB): peak = 1612.672 ; gain = 64.059 ; free physical = 15868 ; free virtual = 25816
INFO: [IP_Flow 19-234] Refreshing IP repositories
WARNING: [IP_Flow 19-2248] Failed to load user IP repository '/home/lovro/ARES/Alchistry_Labs/DDR3 test/cores/ip_repo/myip_1_0'; Can't find the specified path.
If this directory should no longer be in your list of user repositories, go to the IP Settings dialog and remove it.
WARNING: [IP_Flow 19-2248] Failed to load user IP repository '/home/lovro/ARES/Alchistry_Labs/DDR3 test/cores/ip_repo/CPU_IO_converter_1_0'; Can't find the specified path.
If this directory should no longer be in your list of user repositories, go to the IP Settings dialog and remove it.
WARNING: [IP_Flow 19-2248] Failed to load user IP repository '/home/lovro/ARES/Alchistry_Labs/DDR3 test/cores/ip_repo/CPU_io_converter_1_0'; Can't find the specified path.
If this directory should no longer be in your list of user repositories, go to the IP Settings dialog and remove it.
INFO: [IP_Flow 19-2313] Loaded Vivado IP repository '/opt/Vivado/2025.2/data/ip'.
Command: synth_design -top Block_top_VDP_0_0 -part xc7a100tfgg484-2 -incremental_mode off -mode out_of_context
Starting synth_design
Attempting to get a license for feature 'Synthesis' and/or device 'xc7a100t'
INFO: [Common 17-349] Got license for feature 'Synthesis' and/or device 'xc7a100t'
INFO: [Device 21-403] Loading part xc7a100tfgg484-2
INFO: [Synth 8-7079] Multithreading enabled for synth_design using a maximum of 7 processes.
INFO: [Synth 8-7078] Launching helper process for spawning children vivado processes
INFO: [Synth 8-7075] Helper process launched with PID 15546
---------------------------------------------------------------------------------
Starting RTL Elaboration : Time (s): cpu = 00:00:05 ; elapsed = 00:00:07 . Memory (MB): peak = 2210.539 ; gain = 480.594 ; free physical = 7581 ; free virtual = 17535
---------------------------------------------------------------------------------
INFO: [Synth 8-11241] undeclared symbol 'VGA_clk', assumed default net type 'wire' [/home/lovro/ARES/ARES_fpga/ARES_fpga/ARES_fpga.srcs/sources_1/new/VDP.v:158]
INFO: [Synth 8-11241] undeclared symbol 'gen_line_start', assumed default net type 'wire' [/home/lovro/ARES/ARES_fpga/ARES_fpga/ARES_fpga.srcs/sources_1/new/VDP.v:205]
INFO: [Synth 8-11241] undeclared symbol 'draw_line_start', assumed default net type 'wire' [/home/lovro/ARES/ARES_fpga/ARES_fpga/ARES_fpga.srcs/sources_1/new/VDP.v:206]
INFO: [Synth 8-6157] synthesizing module 'Block_top_VDP_0_0' [/home/lovro/ARES/ARES_fpga/ARES_fpga/ARES_fpga.gen/sources_1/bd/Block_top/ip/Block_top_VDP_0_0/synth/Block_top_VDP_0_0.v:53]
INFO: [Synth 8-6157] synthesizing module 'VDP' [/home/lovro/ARES/ARES_fpga/ARES_fpga/ARES_fpga.srcs/sources_1/new/VDP.v:23]
	Parameter VGA_H_ACTIVE bound to: 640 - type: integer 
	Parameter VGA_V_ACTIVE bound to: 480 - type: integer 
	Parameter VGA_H_SYNC bound to: 96 - type: integer 
	Parameter VGA_V_SYNC bound to: 2 - type: integer 
	Parameter VGA_H_FRONT_PORCH bound to: 16 - type: integer 
	Parameter VGA_V_FRONT_PORCH bound to: 11 - type: integer 
	Parameter VGA_H_BACK_PORCH bound to: 48 - type: integer 
	Parameter VGA_V_BACK_PORCH bound to: 31 - type: integer 
	Parameter VGA_H_TOTAL bound to: 800 - type: integer 
	Parameter VGA_V_TOTAL bound to: 524 - type: integer 
	Parameter NUM_GEN bound to: 2 - type: integer 
	Parameter T0_GEN_NUM bound to: 0 - type: integer 
	Parameter S0_GEN_NUM bound to: 1 - type: integer 
INFO: [Synth 8-6157] synthesizing module 'blk_mem_fin_line' [/home/lovro/ARES/ARES_fpga/ARES_fpga/ARES_fpga.runs/Block_top_VDP_0_0_synth_1/.Xil/Vivado-14511-lovroLinuxM/realtime/blk_mem_fin_line_stub.v:6]
INFO: [Synth 8-6155] done synthesizing module 'blk_mem_fin_line' (0#1) [/home/lovro/ARES/ARES_fpga/ARES_fpga/ARES_fpga.runs/Block_top_VDP_0_0_synth_1/.Xil/Vivado-14511-lovroLinuxM/realtime/blk_mem_fin_line_stub.v:6]
INFO: [Synth 8-6157] synthesizing module 'VDP_tile_gen' [/home/lovro/ARES/ARES_fpga/ARES_fpga/ARES_fpga.srcs/sources_1/new/VDP.v:370]
	Parameter SCREEN_WIDTH bound to: 640 - type: integer 
	Parameter SCREEN_HEIGHT bound to: 480 - type: integer 
INFO: [Synth 8-6157] synthesizing module 'blk_mem_buf_line' [/home/lovro/ARES/ARES_fpga/ARES_fpga/ARES_fpga.runs/Block_top_VDP_0_0_synth_1/.Xil/Vivado-14511-lovroLinuxM/realtime/blk_mem_buf_line_stub.v:6]
INFO: [Synth 8-6155] done synthesizing module 'blk_mem_buf_line' (0#1) [/home/lovro/ARES/ARES_fpga/ARES_fpga/ARES_fpga.runs/Block_top_VDP_0_0_synth_1/.Xil/Vivado-14511-lovroLinuxM/realtime/blk_mem_buf_line_stub.v:6]
WARNING: [Synth 8-7071] port 'douta' of module 'blk_mem_buf_line' is unconnected for instance 'line_buf' [/home/lovro/ARES/ARES_fpga/ARES_fpga/ARES_fpga.srcs/sources_1/new/VDP.v:444]
WARNING: [Synth 8-7071] port 'dinb' of module 'blk_mem_buf_line' is unconnected for instance 'line_buf' [/home/lovro/ARES/ARES_fpga/ARES_fpga/ARES_fpga.srcs/sources_1/new/VDP.v:444]
WARNING: [Synth 8-7023] instance 'line_buf' of module 'blk_mem_buf_line' has 11 connections declared, but only 9 given [/home/lovro/ARES/ARES_fpga/ARES_fpga/ARES_fpga.srcs/sources_1/new/VDP.v:444]
INFO: [Synth 8-6157] synthesizing module 'blk_mem_tile_map' [/home/lovro/ARES/ARES_fpga/ARES_fpga/ARES_fpga.runs/Block_top_VDP_0_0_synth_1/.Xil/Vivado-14511-lovroLinuxM/realtime/blk_mem_tile_map_stub.v:6]
INFO: [Synth 8-6155] done synthesizing module 'blk_mem_tile_map' (0#1) [/home/lovro/ARES/ARES_fpga/ARES_fpga/ARES_fpga.runs/Block_top_VDP_0_0_synth_1/.Xil/Vivado-14511-lovroLinuxM/realtime/blk_mem_tile_map_stub.v:6]
WARNING: [Synth 8-7071] port 'dina' of module 'blk_mem_tile_map' is unconnected for instance 'Tile_MAP_mem' [/home/lovro/ARES/ARES_fpga/ARES_fpga/ARES_fpga.srcs/sources_1/new/VDP.v:479]
WARNING: [Synth 8-7023] instance 'Tile_MAP_mem' of module 'blk_mem_tile_map' has 11 connections declared, but only 10 given [/home/lovro/ARES/ARES_fpga/ARES_fpga/ARES_fpga.srcs/sources_1/new/VDP.v:479]
INFO: [Synth 8-6157] synthesizing module 'blk_mem_tile_data' [/home/lovro/ARES/ARES_fpga/ARES_fpga/ARES_fpga.runs/Block_top_VDP_0_0_synth_1/.Xil/Vivado-14511-lovroLinuxM/realtime/blk_mem_tile_data_stub.v:6]
INFO: [Synth 8-6155] done synthesizing module 'blk_mem_tile_data' (0#1) [/home/lovro/ARES/ARES_fpga/ARES_fpga/ARES_fpga.runs/Block_top_VDP_0_0_synth_1/.Xil/Vivado-14511-lovroLinuxM/realtime/blk_mem_tile_data_stub.v:6]
WARNING: [Synth 8-7071] port 'dina' of module 'blk_mem_tile_data' is unconnected for instance 'Tile_DATA_mem' [/home/lovro/ARES/ARES_fpga/ARES_fpga/ARES_fpga.srcs/sources_1/new/VDP.v:506]
WARNING: [Synth 8-7023] instance 'Tile_DATA_mem' of module 'blk_mem_tile_data' has 11 connections declared, but only 10 given [/home/lovro/ARES/ARES_fpga/ARES_fpga/ARES_fpga.srcs/sources_1/new/VDP.v:506]
INFO: [Synth 8-155] case statement is not full and has no default [/home/lovro/ARES/ARES_fpga/ARES_fpga/ARES_fpga.srcs/sources_1/new/VDP.v:556]
INFO: [Synth 8-6155] done synthesizing module 'VDP_tile_gen' (0#1) [/home/lovro/ARES/ARES_fpga/ARES_fpga/ARES_fpga.srcs/sources_1/new/VDP.v:370]
INFO: [Synth 8-6157] synthesizing module 'VDP_sprite_gen' [/home/lovro/ARES/ARES_fpga/ARES_fpga/ARES_fpga.srcs/sources_1/new/VDP.v:619]
	Parameter SCREEN_WIDTH bound to: 640 - type: integer 
	Parameter SCREEN_HEIGHT bound to: 480 - type: integer 
	Parameter MAX_SPR_LINE bound to: 32 - type: integer 
INFO: [Synth 8-6157] synthesizing module 'blk_mem_gen_spr_line' [/home/lovro/ARES/ARES_fpga/ARES_fpga/ARES_fpga.runs/Block_top_VDP_0_0_synth_1/.Xil/Vivado-14511-lovroLinuxM/realtime/blk_mem_gen_spr_line_stub.v:6]
INFO: [Synth 8-6155] done synthesizing module 'blk_mem_gen_spr_line' (0#1) [/home/lovro/ARES/ARES_fpga/ARES_fpga/ARES_fpga.runs/Block_top_VDP_0_0_synth_1/.Xil/Vivado-14511-lovroLinuxM/realtime/blk_mem_gen_spr_line_stub.v:6]
WARNING: [Synth 8-7071] port 'douta' of module 'blk_mem_gen_spr_line' is unconnected for instance 'spr_line' [/home/lovro/ARES/ARES_fpga/ARES_fpga/ARES_fpga.srcs/sources_1/new/VDP.v:690]
WARNING: [Synth 8-7023] instance 'spr_line' of module 'blk_mem_gen_spr_line' has 10 connections declared, but only 9 given [/home/lovro/ARES/ARES_fpga/ARES_fpga/ARES_fpga.srcs/sources_1/new/VDP.v:690]
INFO: [Synth 8-6157] synthesizing module 'blk_mem_gen_spr_data' [/home/lovro/ARES/ARES_fpga/ARES_fpga/ARES_fpga.runs/Block_top_VDP_0_0_synth_1/.Xil/Vivado-14511-lovroLinuxM/realtime/blk_mem_gen_spr_data_stub.v:6]
INFO: [Synth 8-6155] done synthesizing module 'blk_mem_gen_spr_data' (0#1) [/home/lovro/ARES/ARES_fpga/ARES_fpga/ARES_fpga.runs/Block_top_VDP_0_0_synth_1/.Xil/Vivado-14511-lovroLinuxM/realtime/blk_mem_gen_spr_data_stub.v:6]
INFO: [Synth 8-6157] synthesizing module 'blk_mem_gen_spr_att' [/home/lovro/ARES/ARES_fpga/ARES_fpga/ARES_fpga.runs/Block_top_VDP_0_0_synth_1/.Xil/Vivado-14511-lovroLinuxM/realtime/blk_mem_gen_spr_att_stub.v:6]
INFO: [Synth 8-6155] done synthesizing module 'blk_mem_gen_spr_att' (0#1) [/home/lovro/ARES/ARES_fpga/ARES_fpga/ARES_fpga.runs/Block_top_VDP_0_0_synth_1/.Xil/Vivado-14511-lovroLinuxM/realtime/blk_mem_gen_spr_att_stub.v:6]
INFO: [Synth 8-155] case statement is not full and has no default [/home/lovro/ARES/ARES_fpga/ARES_fpga/ARES_fpga.srcs/sources_1/new/VDP.v:817]
INFO: [Synth 8-6155] done synthesizing module 'VDP_sprite_gen' (0#1) [/home/lovro/ARES/ARES_fpga/ARES_fpga/ARES_fpga.srcs/sources_1/new/VDP.v:619]
INFO: [Synth 8-6155] done synthesizing module 'VDP' (0#1) [/home/lovro/ARES/ARES_fpga/ARES_fpga/ARES_fpga.srcs/sources_1/new/VDP.v:23]
INFO: [Synth 8-6155] done synthesizing module 'Block_top_VDP_0_0' (0#1) [/home/lovro/ARES/ARES_fpga/ARES_fpga/ARES_fpga.gen/sources_1/bd/Block_top/ip/Block_top_VDP_0_0/synth/Block_top_VDP_0_0.v:53]
WARNING: [Synth 8-6014] Unused sequential element src_pixel_reg was removed.  [/home/lovro/ARES/ARES_fpga/ARES_fpga/ARES_fpga.srcs/sources_1/new/VDP.v:911]
WARNING: [Synth 8-3848] Net palette[1][0] in module/entity VDP_sprite_gen does not have driver. [/home/lovro/ARES/ARES_fpga/ARES_fpga/ARES_fpga.srcs/sources_1/new/VDP.v:656]
WARNING: [Synth 8-3848] Net palette[1][1] in module/entity VDP_sprite_gen does not have driver. [/home/lovro/ARES/ARES_fpga/ARES_fpga/ARES_fpga.srcs/sources_1/new/VDP.v:656]
WARNING: [Synth 8-3848] Net palette[1][2] in module/entity VDP_sprite_gen does not have driver. [/home/lovro/ARES/ARES_fpga/ARES_fpga/ARES_fpga.srcs/sources_1/new/VDP.v:656]
WARNING: [Synth 8-3848] Net palette[1][3] in module/entity VDP_sprite_gen does not have driver. [/home/lovro/ARES/ARES_fpga/ARES_fpga/ARES_fpga.srcs/sources_1/new/VDP.v:656]
WARNING: [Synth 8-3848] Net palette[1][4] in module/entity VDP_sprite_gen does not have driver. [/home/lovro/ARES/ARES_fpga/ARES_fpga/ARES_fpga.srcs/sources_1/new/VDP.v:656]
WARNING: [Synth 8-3848] Net palette[1][5] in module/entity VDP_sprite_gen does not have driver. [/home/lovro/ARES/ARES_fpga/ARES_fpga/ARES_fpga.srcs/sources_1/new/VDP.v:656]
WARNING: [Synth 8-3848] Net palette[1][6] in module/entity VDP_sprite_gen does not have driver. [/home/lovro/ARES/ARES_fpga/ARES_fpga/ARES_fpga.srcs/sources_1/new/VDP.v:656]
WARNING: [Synth 8-3848] Net palette[1][7] in module/entity VDP_sprite_gen does not have driver. [/home/lovro/ARES/ARES_fpga/ARES_fpga/ARES_fpga.srcs/sources_1/new/VDP.v:656]
WARNING: [Synth 8-3848] Net palette[1][8] in module/entity VDP_sprite_gen does not have driver. [/home/lovro/ARES/ARES_fpga/ARES_fpga/ARES_fpga.srcs/sources_1/new/VDP.v:656]
WARNING: [Synth 8-3848] Net palette[1][9] in module/entity VDP_sprite_gen does not have driver. [/home/lovro/ARES/ARES_fpga/ARES_fpga/ARES_fpga.srcs/sources_1/new/VDP.v:656]
WARNING: [Synth 8-3848] Net palette[1][10] in module/entity VDP_sprite_gen does not have driver. [/home/lovro/ARES/ARES_fpga/ARES_fpga/ARES_fpga.srcs/sources_1/new/VDP.v:656]
WARNING: [Synth 8-3848] Net palette[1][11] in module/entity VDP_sprite_gen does not have driver. [/home/lovro/ARES/ARES_fpga/ARES_fpga/ARES_fpga.srcs/sources_1/new/VDP.v:656]
WARNING: [Synth 8-3848] Net palette[1][12] in module/entity VDP_sprite_gen does not have driver. [/home/lovro/ARES/ARES_fpga/ARES_fpga/ARES_fpga.srcs/sources_1/new/VDP.v:656]
WARNING: [Synth 8-3848] Net palette[1][13] in module/entity VDP_sprite_gen does not have driver. [/home/lovro/ARES/ARES_fpga/ARES_fpga/ARES_fpga.srcs/sources_1/new/VDP.v:656]
WARNING: [Synth 8-3848] Net palette[1][14] in module/entity VDP_sprite_gen does not have driver. [/home/lovro/ARES/ARES_fpga/ARES_fpga/ARES_fpga.srcs/sources_1/new/VDP.v:656]
WARNING: [Synth 8-3848] Net palette[1][15] in module/entity VDP_sprite_gen does not have driver. [/home/lovro/ARES/ARES_fpga/ARES_fpga/ARES_fpga.srcs/sources_1/new/VDP.v:656]
WARNING: [Synth 8-3848] Net palette[1][16] in module/entity VDP_sprite_gen does not have driver. [/home/lovro/ARES/ARES_fpga/ARES_fpga/ARES_fpga.srcs/sources_1/new/VDP.v:656]
WARNING: [Synth 8-3848] Net palette[1][17] in module/entity VDP_sprite_gen does not have driver. [/home/lovro/ARES/ARES_fpga/ARES_fpga/ARES_fpga.srcs/sources_1/new/VDP.v:656]
WARNING: [Synth 8-3848] Net palette[1][18] in module/entity VDP_sprite_gen does not have driver. [/home/lovro/ARES/ARES_fpga/ARES_fpga/ARES_fpga.srcs/sources_1/new/VDP.v:656]
WARNING: [Synth 8-3848] Net palette[1][19] in module/entity VDP_sprite_gen does not have driver. [/home/lovro/ARES/ARES_fpga/ARES_fpga/ARES_fpga.srcs/sources_1/new/VDP.v:656]
WARNING: [Synth 8-3848] Net palette[1][20] in module/entity VDP_sprite_gen does not have driver. [/home/lovro/ARES/ARES_fpga/ARES_fpga/ARES_fpga.srcs/sources_1/new/VDP.v:656]
WARNING: [Synth 8-3848] Net palette[1][21] in module/entity VDP_sprite_gen does not have driver. [/home/lovro/ARES/ARES_fpga/ARES_fpga/ARES_fpga.srcs/sources_1/new/VDP.v:656]
WARNING: [Synth 8-3848] Net palette[1][22] in module/entity VDP_sprite_gen does not have driver. [/home/lovro/ARES/ARES_fpga/ARES_fpga/ARES_fpga.srcs/sources_1/new/VDP.v:656]
WARNING: [Synth 8-3848] Net palette[1][23] in module/entity VDP_sprite_gen does not have driver. [/home/lovro/ARES/ARES_fpga/ARES_fpga/ARES_fpga.srcs/sources_1/new/VDP.v:656]
WARNING: [Synth 8-3848] Net palette[1][24] in module/entity VDP_sprite_gen does not have driver. [/home/lovro/ARES/ARES_fpga/ARES_fpga/ARES_fpga.srcs/sources_1/new/VDP.v:656]
WARNING: [Synth 8-3848] Net palette[1][25] in module/entity VDP_sprite_gen does not have driver. [/home/lovro/ARES/ARES_fpga/ARES_fpga/ARES_fpga.srcs/sources_1/new/VDP.v:656]
WARNING: [Synth 8-3848] Net palette[1][26] in module/entity VDP_sprite_gen does not have driver. [/home/lovro/ARES/ARES_fpga/ARES_fpga/ARES_fpga.srcs/sources_1/new/VDP.v:656]
WARNING: [Synth 8-3848] Net palette[1][27] in module/entity VDP_sprite_gen does not have driver. [/home/lovro/ARES/ARES_fpga/ARES_fpga/ARES_fpga.srcs/sources_1/new/VDP.v:656]
WARNING: [Synth 8-3848] Net palette[1][28] in module/entity VDP_sprite_gen does not have driver. [/home/lovro/ARES/ARES_fpga/ARES_fpga/ARES_fpga.srcs/sources_1/new/VDP.v:656]
WARNING: [Synth 8-3848] Net palette[1][29] in module/entity VDP_sprite_gen does not have driver. [/home/lovro/ARES/ARES_fpga/ARES_fpga/ARES_fpga.srcs/sources_1/new/VDP.v:656]
WARNING: [Synth 8-3848] Net palette[1][30] in module/entity VDP_sprite_gen does not have driver. [/home/lovro/ARES/ARES_fpga/ARES_fpga/ARES_fpga.srcs/sources_1/new/VDP.v:656]
WARNING: [Synth 8-3848] Net palette[1][31] in module/entity VDP_sprite_gen does not have driver. [/home/lovro/ARES/ARES_fpga/ARES_fpga/ARES_fpga.srcs/sources_1/new/VDP.v:656]
WARNING: [Synth 8-3848] Net palette[1][32] in module/entity VDP_sprite_gen does not have driver. [/home/lovro/ARES/ARES_fpga/ARES_fpga/ARES_fpga.srcs/sources_1/new/VDP.v:656]
WARNING: [Synth 8-3848] Net palette[1][33] in module/entity VDP_sprite_gen does not have driver. [/home/lovro/ARES/ARES_fpga/ARES_fpga/ARES_fpga.srcs/sources_1/new/VDP.v:656]
WARNING: [Synth 8-3848] Net palette[1][34] in module/entity VDP_sprite_gen does not have driver. [/home/lovro/ARES/ARES_fpga/ARES_fpga/ARES_fpga.srcs/sources_1/new/VDP.v:656]
WARNING: [Synth 8-3848] Net palette[1][35] in module/entity VDP_sprite_gen does not have driver. [/home/lovro/ARES/ARES_fpga/ARES_fpga/ARES_fpga.srcs/sources_1/new/VDP.v:656]
WARNING: [Synth 8-3848] Net palette[1][36] in module/entity VDP_sprite_gen does not have driver. [/home/lovro/ARES/ARES_fpga/ARES_fpga/ARES_fpga.srcs/sources_1/new/VDP.v:656]
WARNING: [Synth 8-3848] Net palette[1][37] in module/entity VDP_sprite_gen does not have driver. [/home/lovro/ARES/ARES_fpga/ARES_fpga/ARES_fpga.srcs/sources_1/new/VDP.v:656]
WARNING: [Synth 8-3848] Net palette[1][38] in module/entity VDP_sprite_gen does not have driver. [/home/lovro/ARES/ARES_fpga/ARES_fpga/ARES_fpga.srcs/sources_1/new/VDP.v:656]
WARNING: [Synth 8-3848] Net palette[1][39] in module/entity VDP_sprite_gen does not have driver. [/home/lovro/ARES/ARES_fpga/ARES_fpga/ARES_fpga.srcs/sources_1/new/VDP.v:656]
WARNING: [Synth 8-3848] Net palette[1][40] in module/entity VDP_sprite_gen does not have driver. [/home/lovro/ARES/ARES_fpga/ARES_fpga/ARES_fpga.srcs/sources_1/new/VDP.v:656]
WARNING: [Synth 8-3848] Net palette[1][41] in module/entity VDP_sprite_gen does not have driver. [/home/lovro/ARES/ARES_fpga/ARES_fpga/ARES_fpga.srcs/sources_1/new/VDP.v:656]
WARNING: [Synth 8-3848] Net palette[1][42] in module/entity VDP_sprite_gen does not have driver. [/home/lovro/ARES/ARES_fpga/ARES_fpga/ARES_fpga.srcs/sources_1/new/VDP.v:656]
WARNING: [Synth 8-3848] Net palette[1][43] in module/entity VDP_sprite_gen does not have driver. [/home/lovro/ARES/ARES_fpga/ARES_fpga/ARES_fpga.srcs/sources_1/new/VDP.v:656]
WARNING: [Synth 8-3848] Net palette[1][44] in module/entity VDP_sprite_gen does not have driver. [/home/lovro/ARES/ARES_fpga/ARES_fpga/ARES_fpga.srcs/sources_1/new/VDP.v:656]
WARNING: [Synth 8-3848] Net palette[1][45] in module/entity VDP_sprite_gen does not have driver. [/home/lovro/ARES/ARES_fpga/ARES_fpga/ARES_fpga.srcs/sources_1/new/VDP.v:656]
WARNING: [Synth 8-3848] Net palette[1][46] in module/entity VDP_sprite_gen does not have driver. [/home/lovro/ARES/ARES_fpga/ARES_fpga/ARES_fpga.srcs/sources_1/new/VDP.v:656]
WARNING: [Synth 8-3848] Net palette[1][47] in module/entity VDP_sprite_gen does not have driver. [/home/lovro/ARES/ARES_fpga/ARES_fpga/ARES_fpga.srcs/sources_1/new/VDP.v:656]
WARNING: [Synth 8-3848] Net palette[1][48] in module/entity VDP_sprite_gen does not have driver. [/home/lovro/ARES/ARES_fpga/ARES_fpga/ARES_fpga.srcs/sources_1/new/VDP.v:656]
WARNING: [Synth 8-3848] Net palette[1][49] in module/entity VDP_sprite_gen does not have driver. [/home/lovro/ARES/ARES_fpga/ARES_fpga/ARES_fpga.srcs/sources_1/new/VDP.v:656]
WARNING: [Synth 8-3848] Net palette[1][50] in module/entity VDP_sprite_gen does not have driver. [/home/lovro/ARES/ARES_fpga/ARES_fpga/ARES_fpga.srcs/sources_1/new/VDP.v:656]
WARNING: [Synth 8-3848] Net palette[1][51] in module/entity VDP_sprite_gen does not have driver. [/home/lovro/ARES/ARES_fpga/ARES_fpga/ARES_fpga.srcs/sources_1/new/VDP.v:656]
WARNING: [Synth 8-3848] Net palette[1][52] in module/entity VDP_sprite_gen does not have driver. [/home/lovro/ARES/ARES_fpga/ARES_fpga/ARES_fpga.srcs/sources_1/new/VDP.v:656]
WARNING: [Synth 8-3848] Net palette[1][53] in module/entity VDP_sprite_gen does not have driver. [/home/lovro/ARES/ARES_fpga/ARES_fpga/ARES_fpga.srcs/sources_1/new/VDP.v:656]
WARNING: [Synth 8-3848] Net palette[1][54] in module/entity VDP_sprite_gen does not have driver. [/home/lovro/ARES/ARES_fpga/ARES_fpga/ARES_fpga.srcs/sources_1/new/VDP.v:656]
WARNING: [Synth 8-3848] Net palette[1][55] in module/entity VDP_sprite_gen does not have driver. [/home/lovro/ARES/ARES_fpga/ARES_fpga/ARES_fpga.srcs/sources_1/new/VDP.v:656]
WARNING: [Synth 8-3848] Net palette[1][56] in module/entity VDP_sprite_gen does not have driver. [/home/lovro/ARES/ARES_fpga/ARES_fpga/ARES_fpga.srcs/sources_1/new/VDP.v:656]
WARNING: [Synth 8-3848] Net palette[1][57] in module/entity VDP_sprite_gen does not have driver. [/home/lovro/ARES/ARES_fpga/ARES_fpga/ARES_fpga.srcs/sources_1/new/VDP.v:656]
WARNING: [Synth 8-3848] Net palette[1][58] in module/entity VDP_sprite_gen does not have driver. [/home/lovro/ARES/ARES_fpga/ARES_fpga/ARES_fpga.srcs/sources_1/new/VDP.v:656]
WARNING: [Synth 8-3848] Net palette[1][59] in module/entity VDP_sprite_gen does not have driver. [/home/lovro/ARES/ARES_fpga/ARES_fpga/ARES_fpga.srcs/sources_1/new/VDP.v:656]
WARNING: [Synth 8-3848] Net palette[1][60] in module/entity VDP_sprite_gen does not have driver. [/home/lovro/ARES/ARES_fpga/ARES_fpga/ARES_fpga.srcs/sources_1/new/VDP.v:656]
WARNING: [Synth 8-3848] Net palette[1][61] in module/entity VDP_sprite_gen does not have driver. [/home/lovro/ARES/ARES_fpga/ARES_fpga/ARES_fpga.srcs/sources_1/new/VDP.v:656]
WARNING: [Synth 8-3848] Net palette[1][62] in module/entity VDP_sprite_gen does not have driver. [/home/lovro/ARES/ARES_fpga/ARES_fpga/ARES_fpga.srcs/sources_1/new/VDP.v:656]
WARNING: [Synth 8-3848] Net palette[1][63] in module/entity VDP_sprite_gen does not have driver. [/home/lovro/ARES/ARES_fpga/ARES_fpga/ARES_fpga.srcs/sources_1/new/VDP.v:656]
WARNING: [Synth 8-3848] Net palette[1][64] in module/entity VDP_sprite_gen does not have driver. [/home/lovro/ARES/ARES_fpga/ARES_fpga/ARES_fpga.srcs/sources_1/new/VDP.v:656]
WARNING: [Synth 8-3848] Net palette[1][65] in module/entity VDP_sprite_gen does not have driver. [/home/lovro/ARES/ARES_fpga/ARES_fpga/ARES_fpga.srcs/sources_1/new/VDP.v:656]
WARNING: [Synth 8-3848] Net palette[1][66] in module/entity VDP_sprite_gen does not have driver. [/home/lovro/ARES/ARES_fpga/ARES_fpga/ARES_fpga.srcs/sources_1/new/VDP.v:656]
WARNING: [Synth 8-3848] Net palette[1][67] in module/entity VDP_sprite_gen does not have driver. [/home/lovro/ARES/ARES_fpga/ARES_fpga/ARES_fpga.srcs/sources_1/new/VDP.v:656]
WARNING: [Synth 8-3848] Net palette[1][68] in module/entity VDP_sprite_gen does not have driver. [/home/lovro/ARES/ARES_fpga/ARES_fpga/ARES_fpga.srcs/sources_1/new/VDP.v:656]
WARNING: [Synth 8-3848] Net palette[1][69] in module/entity VDP_sprite_gen does not have driver. [/home/lovro/ARES/ARES_fpga/ARES_fpga/ARES_fpga.srcs/sources_1/new/VDP.v:656]
WARNING: [Synth 8-3848] Net palette[1][70] in module/entity VDP_sprite_gen does not have driver. [/home/lovro/ARES/ARES_fpga/ARES_fpga/ARES_fpga.srcs/sources_1/new/VDP.v:656]
WARNING: [Synth 8-3848] Net palette[1][71] in module/entity VDP_sprite_gen does not have driver. [/home/lovro/ARES/ARES_fpga/ARES_fpga/ARES_fpga.srcs/sources_1/new/VDP.v:656]
WARNING: [Synth 8-3848] Net palette[1][72] in module/entity VDP_sprite_gen does not have driver. [/home/lovro/ARES/ARES_fpga/ARES_fpga/ARES_fpga.srcs/sources_1/new/VDP.v:656]
WARNING: [Synth 8-3848] Net palette[1][73] in module/entity VDP_sprite_gen does not have driver. [/home/lovro/ARES/ARES_fpga/ARES_fpga/ARES_fpga.srcs/sources_1/new/VDP.v:656]
WARNING: [Synth 8-3848] Net palette[1][74] in module/entity VDP_sprite_gen does not have driver. [/home/lovro/ARES/ARES_fpga/ARES_fpga/ARES_fpga.srcs/sources_1/new/VDP.v:656]
WARNING: [Synth 8-3848] Net palette[1][75] in module/entity VDP_sprite_gen does not have driver. [/home/lovro/ARES/ARES_fpga/ARES_fpga/ARES_fpga.srcs/sources_1/new/VDP.v:656]
WARNING: [Synth 8-3848] Net palette[1][76] in module/entity VDP_sprite_gen does not have driver. [/home/lovro/ARES/ARES_fpga/ARES_fpga/ARES_fpga.srcs/sources_1/new/VDP.v:656]
WARNING: [Synth 8-3848] Net palette[1][77] in module/entity VDP_sprite_gen does not have driver. [/home/lovro/ARES/ARES_fpga/ARES_fpga/ARES_fpga.srcs/sources_1/new/VDP.v:656]
WARNING: [Synth 8-3848] Net palette[1][78] in module/entity VDP_sprite_gen does not have driver. [/home/lovro/ARES/ARES_fpga/ARES_fpga/ARES_fpga.srcs/sources_1/new/VDP.v:656]
WARNING: [Synth 8-3848] Net palette[1][79] in module/entity VDP_sprite_gen does not have driver. [/home/lovro/ARES/ARES_fpga/ARES_fpga/ARES_fpga.srcs/sources_1/new/VDP.v:656]
WARNING: [Synth 8-3848] Net palette[1][80] in module/entity VDP_sprite_gen does not have driver. [/home/lovro/ARES/ARES_fpga/ARES_fpga/ARES_fpga.srcs/sources_1/new/VDP.v:656]
WARNING: [Synth 8-3848] Net palette[1][81] in module/entity VDP_sprite_gen does not have driver. [/home/lovro/ARES/ARES_fpga/ARES_fpga/ARES_fpga.srcs/sources_1/new/VDP.v:656]
WARNING: [Synth 8-3848] Net palette[1][82] in module/entity VDP_sprite_gen does not have driver. [/home/lovro/ARES/ARES_fpga/ARES_fpga/ARES_fpga.srcs/sources_1/new/VDP.v:656]
WARNING: [Synth 8-3848] Net palette[1][83] in module/entity VDP_sprite_gen does not have driver. [/home/lovro/ARES/ARES_fpga/ARES_fpga/ARES_fpga.srcs/sources_1/new/VDP.v:656]
WARNING: [Synth 8-3848] Net palette[1][84] in module/entity VDP_sprite_gen does not have driver. [/home/lovro/ARES/ARES_fpga/ARES_fpga/ARES_fpga.srcs/sources_1/new/VDP.v:656]
WARNING: [Synth 8-3848] Net palette[1][85] in module/entity VDP_sprite_gen does not have driver. [/home/lovro/ARES/ARES_fpga/ARES_fpga/ARES_fpga.srcs/sources_1/new/VDP.v:656]
WARNING: [Synth 8-3848] Net palette[1][86] in module/entity VDP_sprite_gen does not have driver. [/home/lovro/ARES/ARES_fpga/ARES_fpga/ARES_fpga.srcs/sources_1/new/VDP.v:656]
WARNING: [Synth 8-3848] Net palette[1][87] in module/entity VDP_sprite_gen does not have driver. [/home/lovro/ARES/ARES_fpga/ARES_fpga/ARES_fpga.srcs/sources_1/new/VDP.v:656]
WARNING: [Synth 8-3848] Net palette[1][88] in module/entity VDP_sprite_gen does not have driver. [/home/lovro/ARES/ARES_fpga/ARES_fpga/ARES_fpga.srcs/sources_1/new/VDP.v:656]
WARNING: [Synth 8-3848] Net palette[1][89] in module/entity VDP_sprite_gen does not have driver. [/home/lovro/ARES/ARES_fpga/ARES_fpga/ARES_fpga.srcs/sources_1/new/VDP.v:656]
WARNING: [Synth 8-3848] Net palette[1][90] in module/entity VDP_sprite_gen does not have driver. [/home/lovro/ARES/ARES_fpga/ARES_fpga/ARES_fpga.srcs/sources_1/new/VDP.v:656]
WARNING: [Synth 8-3848] Net palette[1][91] in module/entity VDP_sprite_gen does not have driver. [/home/lovro/ARES/ARES_fpga/ARES_fpga/ARES_fpga.srcs/sources_1/new/VDP.v:656]
WARNING: [Synth 8-3848] Net palette[1][92] in module/entity VDP_sprite_gen does not have driver. [/home/lovro/ARES/ARES_fpga/ARES_fpga/ARES_fpga.srcs/sources_1/new/VDP.v:656]
WARNING: [Synth 8-3848] Net palette[1][93] in module/entity VDP_sprite_gen does not have driver. [/home/lovro/ARES/ARES_fpga/ARES_fpga/ARES_fpga.srcs/sources_1/new/VDP.v:656]
WARNING: [Synth 8-3848] Net palette[1][94] in module/entity VDP_sprite_gen does not have driver. [/home/lovro/ARES/ARES_fpga/ARES_fpga/ARES_fpga.srcs/sources_1/new/VDP.v:656]
WARNING: [Synth 8-3848] Net palette[1][95] in module/entity VDP_sprite_gen does not have driver. [/home/lovro/ARES/ARES_fpga/ARES_fpga/ARES_fpga.srcs/sources_1/new/VDP.v:656]
WARNING: [Synth 8-3848] Net palette[1][96] in module/entity VDP_sprite_gen does not have driver. [/home/lovro/ARES/ARES_fpga/ARES_fpga/ARES_fpga.srcs/sources_1/new/VDP.v:656]
WARNING: [Synth 8-3848] Net palette[1][97] in module/entity VDP_sprite_gen does not have driver. [/home/lovro/ARES/ARES_fpga/ARES_fpga/ARES_fpga.srcs/sources_1/new/VDP.v:656]
WARNING: [Synth 8-3848] Net palette[1][98] in module/entity VDP_sprite_gen does not have driver. [/home/lovro/ARES/ARES_fpga/ARES_fpga/ARES_fpga.srcs/sources_1/new/VDP.v:656]
WARNING: [Synth 8-3848] Net palette[1][99] in module/entity VDP_sprite_gen does not have driver. [/home/lovro/ARES/ARES_fpga/ARES_fpga/ARES_fpga.srcs/sources_1/new/VDP.v:656]
INFO: [Common 17-14] Message 'Synth 8-3848' appears 100 times and further instances of the messages will be disabled. Use the Tcl command set_msg_config to change the current settings.
INFO: [Synth 8-7129] Port att_cpu_addr[1] in module VDP_sprite_gen is either unconnected or has no load
INFO: [Synth 8-7129] Port att_cpu_addr[0] in module VDP_sprite_gen is either unconnected or has no load
INFO: [Synth 8-7129] Port data_cpu_addr[1] in module VDP_sprite_gen is either unconnected or has no load
INFO: [Synth 8-7129] Port data_cpu_addr[0] in module VDP_sprite_gen is either unconnected or has no load
INFO: [Synth 8-7129] Port map_cpu_addr[1] in module VDP_tile_gen is either unconnected or has no load
INFO: [Synth 8-7129] Port map_cpu_addr[0] in module VDP_tile_gen is either unconnected or has no load
INFO: [Synth 8-7129] Port data_cpu_addr[1] in module VDP_tile_gen is either unconnected or has no load
INFO: [Synth 8-7129] Port data_cpu_addr[0] in module VDP_tile_gen is either unconnected or has no load
---------------------------------------------------------------------------------
Finished RTL Elaboration : Time (s): cpu = 00:00:09 ; elapsed = 00:00:11 . Memory (MB): peak = 2346.477 ; gain = 616.531 ; free physical = 6426 ; free virtual = 16401
---------------------------------------------------------------------------------
---------------------------------------------------------------------------------
Start Handling Custom Attributes
---------------------------------------------------------------------------------
---------------------------------------------------------------------------------
Finished Handling Custom Attributes : Time (s): cpu = 00:00:09 ; elapsed = 00:00:11 . Memory (MB): peak = 2355.383 ; gain = 625.438 ; free physical = 6406 ; free virtual = 16381
---------------------------------------------------------------------------------
---------------------------------------------------------------------------------
Finished RTL Optimization Phase 1 : Time (s): cpu = 00:00:09 ; elapsed = 00:00:11 . Memory (MB): peak = 2355.383 ; gain = 625.438 ; free physical = 6406 ; free virtual = 16381
---------------------------------------------------------------------------------
Netlist sorting complete. Time (s): cpu = 00:00:00.07 ; elapsed = 00:00:00.07 . Memory (MB): peak = 2355.383 ; gain = 0.000 ; free physical = 6373 ; free virtual = 16348
INFO: [Project 1-570] Preparing netlist for logic optimization

Processing XDC Constraints
Initializing timing engine
Parsing XDC File [/home/lovro/ARES/ARES_fpga/ARES_fpga/ARES_fpga.gen/sources_1/ip/blk_mem_gen_spr_att/blk_mem_gen_spr_att/blk_mem_gen_spr_att_in_context.xdc] for cell 'inst/S0_gen/spr_att'
Finished Parsing XDC File [/home/lovro/ARES/ARES_fpga/ARES_fpga/ARES_fpga.gen/sources_1/ip/blk_mem_gen_spr_att/blk_mem_gen_spr_att/blk_mem_gen_spr_att_in_context.xdc] for cell 'inst/S0_gen/spr_att'
Parsing XDC File [/home/lovro/ARES/ARES_fpga/ARES_fpga/ARES_fpga.gen/sources_1/ip/blk_mem_gen_spr_data/blk_mem_gen_spr_data/blk_mem_gen_spr_data_in_context.xdc] for cell 'inst/S0_gen/spr_data'
Finished Parsing XDC File [/home/lovro/ARES/ARES_fpga/ARES_fpga/ARES_fpga.gen/sources_1/ip/blk_mem_gen_spr_data/blk_mem_gen_spr_data/blk_mem_gen_spr_data_in_context.xdc] for cell 'inst/S0_gen/spr_data'
Parsing XDC File [/home/lovro/ARES/ARES_fpga/ARES_fpga/ARES_fpga.gen/sources_1/ip/blk_mem_gen_spr_line/blk_mem_gen_spr_line/blk_mem_gen_spr_line_in_context.xdc] for cell 'inst/S0_gen/spr_line'
Finished Parsing XDC File [/home/lovro/ARES/ARES_fpga/ARES_fpga/ARES_fpga.gen/sources_1/ip/blk_mem_gen_spr_line/blk_mem_gen_spr_line/blk_mem_gen_spr_line_in_context.xdc] for cell 'inst/S0_gen/spr_line'
Parsing XDC File [/home/lovro/ARES/ARES_fpga/ARES_fpga/ARES_fpga.gen/sources_1/ip/blk_mem_tile_data/blk_mem_tile_data/blk_mem_tile_data_in_context.xdc] for cell 'inst/T0_gen/Tile_DATA_mem'
Finished Parsing XDC File [/home/lovro/ARES/ARES_fpga/ARES_fpga/ARES_fpga.gen/sources_1/ip/blk_mem_tile_data/blk_mem_tile_data/blk_mem_tile_data_in_context.xdc] for cell 'inst/T0_gen/Tile_DATA_mem'
Parsing XDC File [/home/lovro/ARES/ARES_fpga/ARES_fpga/ARES_fpga.gen/sources_1/ip/blk_mem_tile_map/blk_mem_tile_map/blk_mem_tile_map_in_context.xdc] for cell 'inst/T0_gen/Tile_MAP_mem'
Finished Parsing XDC File [/home/lovro/ARES/ARES_fpga/ARES_fpga/ARES_fpga.gen/sources_1/ip/blk_mem_tile_map/blk_mem_tile_map/blk_mem_tile_map_in_context.xdc] for cell 'inst/T0_gen/Tile_MAP_mem'
Parsing XDC File [/home/lovro/ARES/ARES_fpga/ARES_fpga/ARES_fpga.gen/sources_1/ip/blk_mem_buf_line/blk_mem_buf_line/blk_mem_buf_line_in_context.xdc] for cell 'inst/T0_gen/line_buf'
Finished Parsing XDC File [/home/lovro/ARES/ARES_fpga/ARES_fpga/ARES_fpga.gen/sources_1/ip/blk_mem_buf_line/blk_mem_buf_line/blk_mem_buf_line_in_context.xdc] for cell 'inst/T0_gen/line_buf'
Parsing XDC File [/home/lovro/ARES/ARES_fpga/ARES_fpga/ARES_fpga.gen/sources_1/ip/blk_mem_fin_line/blk_mem_fin_line/blk_mem_fin_line_in_context.xdc] for cell 'inst/fin_line_buf'
Finished Parsing XDC File [/home/lovro/ARES/ARES_fpga/ARES_fpga/ARES_fpga.gen/sources_1/ip/blk_mem_fin_line/blk_mem_fin_line/blk_mem_fin_line_in_context.xdc] for cell 'inst/fin_line_buf'
Parsing XDC File [/home/lovro/ARES/ARES_fpga/ARES_fpga/ARES_fpga.gen/sources_1/bd/Block_top/ip/Block_top_VDP_0_0/Block_top_VDP_0_0_ooc.xdc] for cell 'inst'
Finished Parsing XDC File [/home/lovro/ARES/ARES_fpga/ARES_fpga/ARES_fpga.gen/sources_1/bd/Block_top/ip/Block_top_VDP_0_0/Block_top_VDP_0_0_ooc.xdc] for cell 'inst'
Parsing XDC File [/home/lovro/ARES/ARES_fpga/ARES_fpga/ARES_fpga.runs/Block_top_VDP_0_0_synth_1/dont_touch.xdc]
Finished Parsing XDC File [/home/lovro/ARES/ARES_fpga/ARES_fpga/ARES_fpga.runs/Block_top_VDP_0_0_synth_1/dont_touch.xdc]
Completed Processing XDC Constraints

Netlist sorting complete. Time (s): cpu = 00:00:00 ; elapsed = 00:00:00 . Memory (MB): peak = 2451.121 ; gain = 0.000 ; free physical = 6192 ; free virtual = 16177
INFO: [Project 1-111] Unisim Transformation Summary:
No Unisim elements were transformed.

Constraint Validation Runtime : Time (s): cpu = 00:00:00.05 ; elapsed = 00:00:00.04 . Memory (MB): peak = 2451.156 ; gain = 0.000 ; free physical = 6189 ; free virtual = 16179
INFO: [Designutils 20-5008] Incremental synthesis strategy off
---------------------------------------------------------------------------------
Finished Constraint Validation : Time (s): cpu = 00:00:18 ; elapsed = 00:00:20 . Memory (MB): peak = 2451.156 ; gain = 721.211 ; free physical = 5941 ; free virtual = 15937
---------------------------------------------------------------------------------
---------------------------------------------------------------------------------
Start Loading Part and Timing Information
---------------------------------------------------------------------------------
Loading part: xc7a100tfgg484-2
---------------------------------------------------------------------------------
Finished Loading Part and Timing Information : Time (s): cpu = 00:00:18 ; elapsed = 00:00:20 . Memory (MB): peak = 2459.125 ; gain = 729.180 ; free physical = 5941 ; free virtual = 15937
---------------------------------------------------------------------------------
---------------------------------------------------------------------------------
Start Applying 'set_property' XDC Constraints
---------------------------------------------------------------------------------
---------------------------------------------------------------------------------
Finished applying 'set_property' XDC Constraints : Time (s): cpu = 00:00:18 ; elapsed = 00:00:20 . Memory (MB): peak = 2459.125 ; gain = 729.180 ; free physical = 5941 ; free virtual = 15937
---------------------------------------------------------------------------------
INFO: [Synth 8-802] inferred FSM for state register 'state_reg' in module 'VDP_tile_gen'
INFO: [Synth 8-802] inferred FSM for state register 'state_reg' in module 'VDP_sprite_gen'
INFO: [Synth 8-802] inferred FSM for state register 'gen_fin_state_reg' in module 'VDP'
---------------------------------------------------------------------------------------------------
                   State |                     New Encoding |                Previous Encoding 
---------------------------------------------------------------------------------------------------
*
              STATE_WAIT |                     000000000001 |                     000000000001
             STATE_START |                     000000000010 |                     000000000010
                STATE_C0 |                     000000000100 |                     000000000100
                STATE_C1 |                     000000001000 |                     000000001000
                STATE_C2 |                     000000010000 |                     000000010000
                STATE_C3 |                     000000100000 |                     000000100000
---------------------------------------------------------------------------------------------------
INFO: [Synth 8-3354] encoded FSM with state register 'state_reg' using encoding 'one-hot' in module 'VDP_tile_gen'
---------------------------------------------------------------------------------------------------
                   State |                     New Encoding |                Previous Encoding 
---------------------------------------------------------------------------------------------------
*
              STATE_WAIT |                     000000000001 |                     000000000001
             STATE_CLEAR |                     010000000000 |                     010000000000
             STATE_START |                     000000000010 |                     000000000010
                STATE_C0 |                     000000000100 |                     000000000100
                STATE_C1 |                     000000001000 |                     000000001000
                STATE_C2 |                     000000010000 |                     000000010000
                STATE_C3 |                     000000100000 |                     000000100000
                STATE_C4 |                     000001000000 |                     000001000000
                STATE_C5 |                     000010000000 |                     000010000000
              STATE_NEXT |                     001000000000 |                     001000000000
---------------------------------------------------------------------------------------------------
INFO: [Synth 8-3354] encoded FSM with state register 'state_reg' using encoding 'one-hot' in module 'VDP_sprite_gen'
---------------------------------------------------------------------------------------------------
                   State |                     New Encoding |                Previous Encoding 
---------------------------------------------------------------------------------------------------
*
              STATE_WAIT |                     000000000001 |                     000000000001
             STATE_START |                     000000000010 |                     000000000010
                STATE_C0 |                     000000000100 |                     000000000100
---------------------------------------------------------------------------------------------------
INFO: [Synth 8-3354] encoded FSM with state register 'gen_fin_state_reg' using encoding 'one-hot' in module 'VDP'
---------------------------------------------------------------------------------
Finished RTL Optimization Phase 2 : Time (s): cpu = 00:00:19 ; elapsed = 00:00:21 . Memory (MB): peak = 2459.125 ; gain = 729.180 ; free physical = 5825 ; free virtual = 15822
---------------------------------------------------------------------------------
---------------------------------------------------------------------------------
Start RTL Component Statistics 
---------------------------------------------------------------------------------
Detailed RTL Component Info : 
+---Adders : 
	   3 Input   32 Bit       Adders := 3     
	   2 Input   13 Bit       Adders := 1     
	   2 Input   11 Bit       Adders := 7     
	   3 Input   11 Bit       Adders := 1     
	   2 Input   10 Bit       Adders := 3     
	   2 Input    8 Bit       Adders := 3     
	   2 Input    7 Bit       Adders := 1     
	   3 Input    6 Bit       Adders := 1     
	   2 Input    6 Bit       Adders := 1     
	   2 Input    4 Bit       Adders := 2     
	   2 Input    3 Bit       Adders := 1     
	   2 Input    2 Bit       Adders := 1     
+---Registers : 
	               64 Bit    Registers := 1     
	               16 Bit    Registers := 32    
	               13 Bit    Registers := 1     
	               12 Bit    Registers := 1     
	               11 Bit    Registers := 3     
	               10 Bit    Registers := 4     
	                8 Bit    Registers := 5     
	                7 Bit    Registers := 2     
	                6 Bit    Registers := 1     
	                4 Bit    Registers := 3     
	                3 Bit    Registers := 1     
	                2 Bit    Registers := 3     
	                1 Bit    Registers := 3     
+---Muxes : 
	   2 Input   16 Bit        Muxes := 275   
	  11 Input   16 Bit        Muxes := 32    
	 257 Input   16 Bit        Muxes := 1     
	  11 Input   12 Bit        Muxes := 1     
	   2 Input   12 Bit        Muxes := 5     
	   7 Input   12 Bit        Muxes := 1     
	   4 Input   12 Bit        Muxes := 1     
	  11 Input   11 Bit        Muxes := 2     
	   2 Input   11 Bit        Muxes := 4     
	   7 Input   10 Bit        Muxes := 1     
	  11 Input    8 Bit        Muxes := 3     
	   2 Input    8 Bit        Muxes := 2     
	   7 Input    7 Bit        Muxes := 1     
	   2 Input    6 Bit        Muxes := 1     
	   2 Input    4 Bit        Muxes := 3     
	   2 Input    3 Bit        Muxes := 1     
	   7 Input    3 Bit        Muxes := 1     
	   2 Input    2 Bit        Muxes := 2     
	  11 Input    1 Bit        Muxes := 10    
	  10 Input    1 Bit        Muxes := 3     
	   2 Input    1 Bit        Muxes := 1     
	   7 Input    1 Bit        Muxes := 3     
	   6 Input    1 Bit        Muxes := 1     
	   4 Input    1 Bit        Muxes := 2     
---------------------------------------------------------------------------------
Finished RTL Component Statistics 
---------------------------------------------------------------------------------
---------------------------------------------------------------------------------
Start Part Resource Summary
---------------------------------------------------------------------------------
Part Resources:
DSPs: 240 (col length:80)
BRAMs: 270 (col length: RAMB18 80 RAMB36 40)
---------------------------------------------------------------------------------
Finished Part Resource Summary
---------------------------------------------------------------------------------
---------------------------------------------------------------------------------
Start Cross Boundary and Area Optimization
---------------------------------------------------------------------------------
INFO: [Synth 8-7129] Port s0_att_cpu_addr[1] in module VDP is either unconnected or has no load
INFO: [Synth 8-7129] Port s0_att_cpu_addr[0] in module VDP is either unconnected or has no load
INFO: [Synth 8-7129] Port s0_data_cpu_addr[1] in module VDP is either unconnected or has no load
INFO: [Synth 8-7129] Port s0_data_cpu_addr[0] in module VDP is either unconnected or has no load
---------------------------------------------------------------------------------
Finished Cross Boundary and Area Optimization : Time (s): cpu = 00:01:09 ; elapsed = 00:01:18 . Memory (MB): peak = 2978.953 ; gain = 1249.008 ; free physical = 11612 ; free virtual = 21635
---------------------------------------------------------------------------------
---------------------------------------------------------------------------------
Start Applying XDC Timing Constraints
---------------------------------------------------------------------------------
---------------------------------------------------------------------------------
Finished Applying XDC Timing Constraints : Time (s): cpu = 00:01:13 ; elapsed = 00:01:21 . Memory (MB): peak = 2978.953 ; gain = 1249.008 ; free physical = 12672 ; free virtual = 22743
---------------------------------------------------------------------------------
---------------------------------------------------------------------------------
Start Timing Optimization
---------------------------------------------------------------------------------
---------------------------------------------------------------------------------
Finished Timing Optimization : Time (s): cpu = 00:01:26 ; elapsed = 00:01:35 . Memory (MB): peak = 2978.953 ; gain = 1249.008 ; free physical = 13322 ; free virtual = 23349
---------------------------------------------------------------------------------
---------------------------------------------------------------------------------
Start Technology Mapping
---------------------------------------------------------------------------------
---------------------------------------------------------------------------------
Finished Technology Mapping : Time (s): cpu = 00:01:27 ; elapsed = 00:01:36 . Memory (MB): peak = 2978.953 ; gain = 1249.008 ; free physical = 13332 ; free virtual = 23359
---------------------------------------------------------------------------------
---------------------------------------------------------------------------------
Start IO Insertion
---------------------------------------------------------------------------------
---------------------------------------------------------------------------------
Start Flattening Before IO Insertion
---------------------------------------------------------------------------------
---------------------------------------------------------------------------------
Finished Flattening Before IO Insertion
---------------------------------------------------------------------------------
---------------------------------------------------------------------------------
Start Final Netlist Cleanup
---------------------------------------------------------------------------------
---------------------------------------------------------------------------------
Finished Final Netlist Cleanup
---------------------------------------------------------------------------------
CRITICAL WARNING: [Synth 8-4442] BlackBox module \S0_gen/spr_att  has unconnected pin dina[63]
CRITICAL WARNING: [Synth 8-4442] BlackBox module \S0_gen/spr_att  has unconnected pin dina[62]
CRITICAL WARNING: [Synth 8-4442] BlackBox module \S0_gen/spr_att  has unconnected pin dina[61]
CRITICAL WARNING: [Synth 8-4442] BlackBox module \S0_gen/spr_att  has unconnected pin dina[60]
CRITICAL WARNING: [Synth 8-4442] BlackBox module \S0_gen/spr_att  has unconnected pin dina[59]
CRITICAL WARNING: [Synth 8-4442] BlackBox module \S0_gen/spr_att  has unconnected pin dina[58]
CRITICAL WARNING: [Synth 8-4442] BlackBox module \S0_gen/spr_att  has unconnected pin dina[57]
CRITICAL WARNING: [Synth 8-4442] BlackBox module \S0_gen/spr_att  has unconnected pin dina[56]
CRITICAL WARNING: [Synth 8-4442] BlackBox module \S0_gen/spr_att  has unconnected pin dina[55]
CRITICAL WARNING: [Synth 8-4442] BlackBox module \S0_gen/spr_att  has unconnected pin dina[54]
CRITICAL WARNING: [Synth 8-4442] BlackBox module \S0_gen/spr_att  has unconnected pin dina[53]
CRITICAL WARNING: [Synth 8-4442] BlackBox module \S0_gen/spr_att  has unconnected pin dina[52]
CRITICAL WARNING: [Synth 8-4442] BlackBox module \S0_gen/spr_att  has unconnected pin dina[51]
CRITICAL WARNING: [Synth 8-4442] BlackBox module \S0_gen/spr_att  has unconnected pin dina[50]
CRITICAL WARNING: [Synth 8-4442] BlackBox module \S0_gen/spr_att  has unconnected pin dina[49]
CRITICAL WARNING: [Synth 8-4442] BlackBox module \S0_gen/spr_att  has unconnected pin dina[48]
CRITICAL WARNING: [Synth 8-4442] BlackBox module \S0_gen/spr_att  has unconnected pin dina[47]
CRITICAL WARNING: [Synth 8-4442] BlackBox module \S0_gen/spr_att  has unconnected pin dina[46]
CRITICAL WARNING: [Synth 8-4442] BlackBox module \S0_gen/spr_att  has unconnected pin dina[45]
CRITICAL WARNING: [Synth 8-4442] BlackBox module \S0_gen/spr_att  has unconnected pin dina[44]
CRITICAL WARNING: [Synth 8-4442] BlackBox module \S0_gen/spr_att  has unconnected pin dina[43]
CRITICAL WARNING: [Synth 8-4442] BlackBox module \S0_gen/spr_att  has unconnected pin dina[42]
CRITICAL WARNING: [Synth 8-4442] BlackBox module \S0_gen/spr_att  has unconnected pin dina[41]
CRITICAL WARNING: [Synth 8-4442] BlackBox module \S0_gen/spr_att  has unconnected pin dina[40]
CRITICAL WARNING: [Synth 8-4442] BlackBox module \S0_gen/spr_att  has unconnected pin dina[39]
CRITICAL WARNING: [Synth 8-4442] BlackBox module \S0_gen/spr_att  has unconnected pin dina[38]
CRITICAL WARNING: [Synth 8-4442] BlackBox module \S0_gen/spr_att  has unconnected pin dina[37]
CRITICAL WARNING: [Synth 8-4442] BlackBox module \S0_gen/spr_att  has unconnected pin dina[36]
CRITICAL WARNING: [Synth 8-4442] BlackBox module \S0_gen/spr_att  has unconnected pin dina[35]
CRITICAL WARNING: [Synth 8-4442] BlackBox module \S0_gen/spr_att  has unconnected pin dina[34]
CRITICAL WARNING: [Synth 8-4442] BlackBox module \S0_gen/spr_att  has unconnected pin dina[33]
CRITICAL WARNING: [Synth 8-4442] BlackBox module \S0_gen/spr_att  has unconnected pin dina[32]
CRITICAL WARNING: [Synth 8-4442] BlackBox module \S0_gen/spr_att  has unconnected pin dina[31]
CRITICAL WARNING: [Synth 8-4442] BlackBox module \S0_gen/spr_att  has unconnected pin dina[30]
CRITICAL WARNING: [Synth 8-4442] BlackBox module \S0_gen/spr_att  has unconnected pin dina[29]
CRITICAL WARNING: [Synth 8-4442] BlackBox module \S0_gen/spr_att  has unconnected pin dina[28]
CRITICAL WARNING: [Synth 8-4442] BlackBox module \S0_gen/spr_att  has unconnected pin dina[27]
CRITICAL WARNING: [Synth 8-4442] BlackBox module \S0_gen/spr_att  has unconnected pin dina[26]
CRITICAL WARNING: [Synth 8-4442] BlackBox module \S0_gen/spr_att  has unconnected pin dina[25]
CRITICAL WARNING: [Synth 8-4442] BlackBox module \S0_gen/spr_att  has unconnected pin dina[24]
CRITICAL WARNING: [Synth 8-4442] BlackBox module \S0_gen/spr_att  has unconnected pin dina[23]
CRITICAL WARNING: [Synth 8-4442] BlackBox module \S0_gen/spr_att  has unconnected pin dina[22]
CRITICAL WARNING: [Synth 8-4442] BlackBox module \S0_gen/spr_att  has unconnected pin dina[21]
CRITICAL WARNING: [Synth 8-4442] BlackBox module \S0_gen/spr_att  has unconnected pin dina[20]
CRITICAL WARNING: [Synth 8-4442] BlackBox module \S0_gen/spr_att  has unconnected pin dina[19]
CRITICAL WARNING: [Synth 8-4442] BlackBox module \S0_gen/spr_att  has unconnected pin dina[18]
CRITICAL WARNING: [Synth 8-4442] BlackBox module \S0_gen/spr_att  has unconnected pin dina[17]
CRITICAL WARNING: [Synth 8-4442] BlackBox module \S0_gen/spr_att  has unconnected pin dina[16]
CRITICAL WARNING: [Synth 8-4442] BlackBox module \S0_gen/spr_att  has unconnected pin dina[15]
CRITICAL WARNING: [Synth 8-4442] BlackBox module \S0_gen/spr_att  has unconnected pin dina[14]
CRITICAL WARNING: [Synth 8-4442] BlackBox module \S0_gen/spr_att  has unconnected pin dina[13]
CRITICAL WARNING: [Synth 8-4442] BlackBox module \S0_gen/spr_att  has unconnected pin dina[12]
CRITICAL WARNING: [Synth 8-4442] BlackBox module \S0_gen/spr_att  has unconnected pin dina[11]
CRITICAL WARNING: [Synth 8-4442] BlackBox module \S0_gen/spr_att  has unconnected pin dina[10]
CRITICAL WARNING: [Synth 8-4442] BlackBox module \S0_gen/spr_att  has unconnected pin dina[9]
CRITICAL WARNING: [Synth 8-4442] BlackBox module \S0_gen/spr_att  has unconnected pin dina[8]
CRITICAL WARNING: [Synth 8-4442] BlackBox module \S0_gen/spr_att  has unconnected pin dina[7]
CRITICAL WARNING: [Synth 8-4442] BlackBox module \S0_gen/spr_att  has unconnected pin dina[6]
CRITICAL WARNING: [Synth 8-4442] BlackBox module \S0_gen/spr_att  has unconnected pin dina[5]
CRITICAL WARNING: [Synth 8-4442] BlackBox module \S0_gen/spr_att  has unconnected pin dina[4]
CRITICAL WARNING: [Synth 8-4442] BlackBox module \S0_gen/spr_att  has unconnected pin dina[3]
CRITICAL WARNING: [Synth 8-4442] BlackBox module \S0_gen/spr_att  has unconnected pin dina[2]
CRITICAL WARNING: [Synth 8-4442] BlackBox module \S0_gen/spr_att  has unconnected pin dina[1]
CRITICAL WARNING: [Synth 8-4442] BlackBox module \S0_gen/spr_att  has unconnected pin dina[0]
CRITICAL WARNING: [Synth 8-4442] BlackBox module \T0_gen/line_buf  has unconnected pin dinb[15]
CRITICAL WARNING: [Synth 8-4442] BlackBox module \T0_gen/line_buf  has unconnected pin dinb[14]
CRITICAL WARNING: [Synth 8-4442] BlackBox module \T0_gen/line_buf  has unconnected pin dinb[13]
CRITICAL WARNING: [Synth 8-4442] BlackBox module \T0_gen/line_buf  has unconnected pin dinb[12]
CRITICAL WARNING: [Synth 8-4442] BlackBox module \T0_gen/line_buf  has unconnected pin dinb[11]
CRITICAL WARNING: [Synth 8-4442] BlackBox module \T0_gen/line_buf  has unconnected pin dinb[10]
CRITICAL WARNING: [Synth 8-4442] BlackBox module \T0_gen/line_buf  has unconnected pin dinb[9]
CRITICAL WARNING: [Synth 8-4442] BlackBox module \T0_gen/line_buf  has unconnected pin dinb[8]
CRITICAL WARNING: [Synth 8-4442] BlackBox module \T0_gen/line_buf  has unconnected pin dinb[7]
CRITICAL WARNING: [Synth 8-4442] BlackBox module \T0_gen/line_buf  has unconnected pin dinb[6]
CRITICAL WARNING: [Synth 8-4442] BlackBox module \T0_gen/line_buf  has unconnected pin dinb[5]
CRITICAL WARNING: [Synth 8-4442] BlackBox module \T0_gen/line_buf  has unconnected pin dinb[4]
CRITICAL WARNING: [Synth 8-4442] BlackBox module \T0_gen/line_buf  has unconnected pin dinb[3]
CRITICAL WARNING: [Synth 8-4442] BlackBox module \T0_gen/line_buf  has unconnected pin dinb[2]
CRITICAL WARNING: [Synth 8-4442] BlackBox module \T0_gen/line_buf  has unconnected pin dinb[1]
CRITICAL WARNING: [Synth 8-4442] BlackBox module \T0_gen/line_buf  has unconnected pin dinb[0]
CRITICAL WARNING: [Synth 8-4442] BlackBox module \T0_gen/Tile_MAP_mem  has unconnected pin dina[15]
CRITICAL WARNING: [Synth 8-4442] BlackBox module \T0_gen/Tile_MAP_mem  has unconnected pin dina[14]
CRITICAL WARNING: [Synth 8-4442] BlackBox module \T0_gen/Tile_MAP_mem  has unconnected pin dina[13]
CRITICAL WARNING: [Synth 8-4442] BlackBox module \T0_gen/Tile_MAP_mem  has unconnected pin dina[12]
CRITICAL WARNING: [Synth 8-4442] BlackBox module \T0_gen/Tile_MAP_mem  has unconnected pin dina[11]
CRITICAL WARNING: [Synth 8-4442] BlackBox module \T0_gen/Tile_MAP_mem  has unconnected pin dina[10]
CRITICAL WARNING: [Synth 8-4442] BlackBox module \T0_gen/Tile_MAP_mem  has unconnected pin dina[9]
CRITICAL WARNING: [Synth 8-4442] BlackBox module \T0_gen/Tile_MAP_mem  has unconnected pin dina[8]
CRITICAL WARNING: [Synth 8-4442] BlackBox module \T0_gen/Tile_MAP_mem  has unconnected pin dina[7]
CRITICAL WARNING: [Synth 8-4442] BlackBox module \T0_gen/Tile_MAP_mem  has unconnected pin dina[6]
CRITICAL WARNING: [Synth 8-4442] BlackBox module \T0_gen/Tile_MAP_mem  has unconnected pin dina[5]
CRITICAL WARNING: [Synth 8-4442] BlackBox module \T0_gen/Tile_MAP_mem  has unconnected pin dina[4]
CRITICAL WARNING: [Synth 8-4442] BlackBox module \T0_gen/Tile_MAP_mem  has unconnected pin dina[3]
CRITICAL WARNING: [Synth 8-4442] BlackBox module \T0_gen/Tile_MAP_mem  has unconnected pin dina[2]
CRITICAL WARNING: [Synth 8-4442] BlackBox module \T0_gen/Tile_MAP_mem  has unconnected pin dina[1]
CRITICAL WARNING: [Synth 8-4442] BlackBox module \T0_gen/Tile_MAP_mem  has unconnected pin dina[0]
CRITICAL WARNING: [Synth 8-4442] BlackBox module \T0_gen/Tile_DATA_mem  has unconnected pin dina[63]
CRITICAL WARNING: [Synth 8-4442] BlackBox module \T0_gen/Tile_DATA_mem  has unconnected pin dina[62]
CRITICAL WARNING: [Synth 8-4442] BlackBox module \T0_gen/Tile_DATA_mem  has unconnected pin dina[61]
CRITICAL WARNING: [Synth 8-4442] BlackBox module \T0_gen/Tile_DATA_mem  has unconnected pin dina[60]
INFO: [Common 17-14] Message 'Synth 8-4442' appears 100 times and further instances of the messages will be disabled. Use the Tcl command set_msg_config to change the current settings.
---------------------------------------------------------------------------------
Finished IO Insertion : Time (s): cpu = 00:01:30 ; elapsed = 00:01:39 . Memory (MB): peak = 2978.953 ; gain = 1249.008 ; free physical = 13373 ; free virtual = 23394
---------------------------------------------------------------------------------
---------------------------------------------------------------------------------
Start Renaming Generated Instances
---------------------------------------------------------------------------------
---------------------------------------------------------------------------------
Finished Renaming Generated Instances : Time (s): cpu = 00:01:30 ; elapsed = 00:01:39 . Memory (MB): peak = 2978.953 ; gain = 1249.008 ; free physical = 13373 ; free virtual = 23394
---------------------------------------------------------------------------------
---------------------------------------------------------------------------------
Start Rebuilding User Hierarchy
---------------------------------------------------------------------------------
---------------------------------------------------------------------------------
Finished Rebuilding User Hierarchy : Time (s): cpu = 00:01:30 ; elapsed = 00:01:39 . Memory (MB): peak = 2978.953 ; gain = 1249.008 ; free physical = 13365 ; free virtual = 23386
---------------------------------------------------------------------------------
---------------------------------------------------------------------------------
Start Renaming Generated Ports
---------------------------------------------------------------------------------
---------------------------------------------------------------------------------
Finished Renaming Generated Ports : Time (s): cpu = 00:01:30 ; elapsed = 00:01:39 . Memory (MB): peak = 2978.953 ; gain = 1249.008 ; free physical = 13365 ; free virtual = 23386
---------------------------------------------------------------------------------
---------------------------------------------------------------------------------
Start Handling Custom Attributes
---------------------------------------------------------------------------------
---------------------------------------------------------------------------------
Finished Handling Custom Attributes : Time (s): cpu = 00:01:30 ; elapsed = 00:01:39 . Memory (MB): peak = 2978.953 ; gain = 1249.008 ; free physical = 13365 ; free virtual = 23386
---------------------------------------------------------------------------------
---------------------------------------------------------------------------------
Start Renaming Generated Nets
---------------------------------------------------------------------------------
---------------------------------------------------------------------------------
Finished Renaming Generated Nets : Time (s): cpu = 00:01:30 ; elapsed = 00:01:39 . Memory (MB): peak = 2978.953 ; gain = 1249.008 ; free physical = 13365 ; free virtual = 23386
---------------------------------------------------------------------------------
---------------------------------------------------------------------------------
Start Writing Synthesis Report
---------------------------------------------------------------------------------

Report BlackBoxes: 
+------+---------------------+----------+
|      |BlackBox name        |Instances |
+------+---------------------+----------+
|1     |blk_mem_fin_line     |         1|
|2     |blk_mem_gen_spr_line |         1|
|3     |blk_mem_gen_spr_data |         1|
|4     |blk_mem_gen_spr_att  |         1|
|5     |blk_mem_buf_line     |         1|
|6     |blk_mem_tile_map     |         1|
|7     |blk_mem_tile_data    |         1|
+------+---------------------+----------+

Report Cell Usage: 
+------+---------------------+------+
|      |Cell                 |Count |
+------+---------------------+------+
|1     |blk_mem_buf_line     |     1|
|2     |blk_mem_fin_line     |     1|
|3     |blk_mem_gen_spr_att  |     1|
|4     |blk_mem_gen_spr_data |     1|
|5     |blk_mem_gen_spr_line |     1|
|6     |blk_mem_tile_data    |     1|
|7     |blk_mem_tile_map     |     1|
|8     |CARRY4               |    31|
|9     |LUT1                 |    17|
|10    |LUT2                 |    88|
|11    |LUT3                 |   106|
|12    |LUT4                 |   169|
|13    |LUT5                 |   220|
|14    |LUT6                 |   578|
|15    |MUXF7                |    83|
|16    |MUXF8                |     2|
|17    |FDRE                 |   475|
|18    |FDSE                 |     4|
+------+---------------------+------+
---------------------------------------------------------------------------------
Finished Writing Synthesis Report : Time (s): cpu = 00:01:30 ; elapsed = 00:01:39 . Memory (MB): peak = 2978.953 ; gain = 1249.008 ; free physical = 13365 ; free virtual = 23386
---------------------------------------------------------------------------------
Synthesis finished with 0 errors, 160 critical warnings and 0 warnings.
Synthesis Optimization Runtime : Time (s): cpu = 00:01:27 ; elapsed = 00:01:36 . Memory (MB): peak = 2978.953 ; gain = 1153.234 ; free physical = 13365 ; free virtual = 23385
Synthesis Optimization Complete : Time (s): cpu = 00:01:30 ; elapsed = 00:01:39 . Memory (MB): peak = 2978.961 ; gain = 1249.008 ; free physical = 13365 ; free virtual = 23385
INFO: [Project 1-571] Translating synthesized netlist
Netlist sorting complete. Time (s): cpu = 00:00:00.01 ; elapsed = 00:00:00.01 . Memory (MB): peak = 2978.961 ; gain = 0.000 ; free physical = 13535 ; free virtual = 23556
INFO: [Netlist 29-17] Analyzing 116 Unisim elements for replacement
INFO: [Netlist 29-28] Unisim Transformation completed in 0 CPU seconds
WARNING: [Netlist 29-101] Netlist 'Block_top_VDP_0_0' is not ideal for floorplanning, since the cellview 'VDP_sprite_gen' contains a large number of primitives.  Please consider enabling hierarchy in synthesis if you want to do floorplanning.
INFO: [Project 1-570] Preparing netlist for logic optimization
INFO: [Opt 31-138] Pushed 0 inverter(s) to 0 load pin(s).
Netlist sorting complete. Time (s): cpu = 00:00:00 ; elapsed = 00:00:00 . Memory (MB): peak = 3034.980 ; gain = 0.000 ; free physical = 13536 ; free virtual = 23556
INFO: [Project 1-111] Unisim Transformation Summary:
No Unisim elements were transformed.

Synth Design complete | Checksum: 2dcd91d3
INFO: [Common 17-83] Releasing license: Synthesis
64 Infos, 114 Warnings, 100 Critical Warnings and 0 Errors encountered.
synth_design completed successfully
synth_design: Time (s): cpu = 00:01:38 ; elapsed = 00:01:44 . Memory (MB): peak = 3035.016 ; gain = 1422.344 ; free physical = 13535 ; free virtual = 23556
INFO: [Common 17-2834] synth_design peak Physical Memory [PSS] (MB): overall = 2090.481; main = 1901.151; forked = 204.900
INFO: [Common 17-2834] synth_design peak Virtual Memory [VSS] (MB): overall = 3973.172; main = 3034.984; forked = 994.215
INFO: [runtcl-6] Synthesis results are not added to the cache due to CRITICAL_WARNING
INFO: [Coretcl 2-1174] Renamed 10 cell refs.
Write ShapeDB Complete: Time (s): cpu = 00:00:00 ; elapsed = 00:00:00 . Memory (MB): peak = 3058.992 ; gain = 0.000 ; free physical = 13535 ; free virtual = 23556
INFO: [Common 17-1381] The checkpoint '/home/lovro/ARES/ARES_fpga/ARES_fpga/ARES_fpga.runs/Block_top_VDP_0_0_synth_1/Block_top_VDP_0_0.dcp' has been generated.
INFO: [Vivado 12-24828] Executing command : report_utilization -file Block_top_VDP_0_0_utilization_synth.rpt -pb Block_top_VDP_0_0_utilization_synth.pb
INFO: [Common 17-206] Exiting Vivado at Fri Aug 14 21:38:18 2026...
