
*** Running vivado
    with args -log Block_top_VDP_wrapper_0_0.vds -m64 -product Vivado -mode batch -messageDb vivado.pb -notrace -source Block_top_VDP_wrapper_0_0.tcl


****** Vivado v2025.2 (64-bit)
  **** SW Build 6299465 on Fri Nov 14 12:34:56 MST 2025
  **** IP Build 6300035 on Fri Nov 14 10:48:45 MST 2025
  **** SharedData Build 6298862 on Thu Nov 13 04:50:51 MST 2025
  **** Start of session at: Thu Aug 20 16:15:09 2026
    ** Copyright 1986-2022 Xilinx, Inc. All Rights Reserved.
    ** Copyright 2022-2025 Advanced Micro Devices, Inc. All Rights Reserved.

source Block_top_VDP_wrapper_0_0.tcl -notrace
INFO: [IP_Flow 19-234] Refreshing IP repositories
WARNING: [IP_Flow 19-2248] Failed to load user IP repository '/home/lovro/ARES/Alchistry_Labs/DDR3 test/cores/ip_repo/myip_1_0'; Can't find the specified path.
If this directory should no longer be in your list of user repositories, go to the IP Settings dialog and remove it.
WARNING: [IP_Flow 19-2248] Failed to load user IP repository '/home/lovro/ARES/Alchistry_Labs/DDR3 test/cores/ip_repo/CPU_IO_converter_1_0'; Can't find the specified path.
If this directory should no longer be in your list of user repositories, go to the IP Settings dialog and remove it.
WARNING: [IP_Flow 19-2248] Failed to load user IP repository '/home/lovro/ARES/Alchistry_Labs/DDR3 test/cores/ip_repo/CPU_io_converter_1_0'; Can't find the specified path.
If this directory should no longer be in your list of user repositories, go to the IP Settings dialog and remove it.
INFO: [IP_Flow 19-2313] Loaded Vivado IP repository '/opt/Vivado/2025.2/data/ip'.
Command: synth_design -top Block_top_VDP_wrapper_0_0 -part xc7a100tfgg484-2 -incremental_mode off -mode out_of_context
Starting synth_design
Attempting to get a license for feature 'Synthesis' and/or device 'xc7a100t'
INFO: [Common 17-349] Got license for feature 'Synthesis' and/or device 'xc7a100t'
INFO: [Device 21-403] Loading part xc7a100tfgg484-2
INFO: [Synth 8-7079] Multithreading enabled for synth_design using a maximum of 7 processes.
INFO: [Synth 8-7078] Launching helper process for spawning children vivado processes
INFO: [Synth 8-7075] Helper process launched with PID 498170
---------------------------------------------------------------------------------
Starting RTL Elaboration : Time (s): cpu = 00:00:03 ; elapsed = 00:00:03 . Memory (MB): peak = 2211.332 ; gain = 479.906 ; free physical = 1457 ; free virtual = 21031
---------------------------------------------------------------------------------
INFO: [Synth 8-6157] synthesizing module 'Block_top_VDP_wrapper_0_0' [/home/lovro/ARES/ARES_fpga/ARES_fpga/ARES_fpga.gen/sources_1/bd/Block_top/ip/Block_top_VDP_wrapper_0_0/synth/Block_top_VDP_wrapper_0_0.v:53]
INFO: [Synth 8-6157] synthesizing module 'VDP_wrapper' [/home/lovro/ARES/ARES_fpga/ARES_fpga/ARES_fpga.srcs/sources_1/new/VDP_wrapper.v:23]
INFO: [Synth 8-6157] synthesizing module 'VDP' [/home/lovro/ARES/ARES_fpga/ARES_fpga/ARES_fpga.srcs/sources_1/new/VDP.sv:32]
	Parameter VGA_H_ACTIVE bound to: 640 - type: integer 
	Parameter VGA_V_ACTIVE bound to: 480 - type: integer 
	Parameter VGA_H_SYNC bound to: 96 - type: integer 
	Parameter VGA_V_SYNC bound to: 2 - type: integer 
	Parameter VGA_H_FRONT_PORCH bound to: 16 - type: integer 
	Parameter VGA_V_FRONT_PORCH bound to: 11 - type: integer 
	Parameter VGA_H_BACK_PORCH bound to: 48 - type: integer 
	Parameter VGA_V_BACK_PORCH bound to: 31 - type: integer 
INFO: [Synth 8-6157] synthesizing module 'blk_mem_fin_line' [/home/lovro/ARES/ARES_fpga/ARES_fpga/ARES_fpga.runs/Block_top_VDP_wrapper_0_0_synth_1/.Xil/Vivado-497946-lovroLinuxM/realtime/blk_mem_fin_line_stub.v:6]
INFO: [Synth 8-6155] done synthesizing module 'blk_mem_fin_line' (0#1) [/home/lovro/ARES/ARES_fpga/ARES_fpga/ARES_fpga.runs/Block_top_VDP_wrapper_0_0_synth_1/.Xil/Vivado-497946-lovroLinuxM/realtime/blk_mem_fin_line_stub.v:6]
INFO: [Synth 8-6157] synthesizing module 'REG_MEMORY' [/home/lovro/ARES/ARES_fpga/ARES_fpga/ARES_fpga.srcs/sources_1/new/VDP.sv:1287]
	Parameter REG_CTRL_0 bound to: 8'b00000000 
	Parameter REG_STAT_0 bound to: 8'b00000001 
	Parameter REG_LINE bound to: 8'b00000010 
	Parameter REG_BCK_GND bound to: 8'b00000011 
	Parameter REG_T0_X_OFF bound to: 8'b00000100 
	Parameter REG_T0_Y_OFF bound to: 8'b00000101 
	Parameter REG_T1_X_OFF bound to: 8'b00001000 
	Parameter REG_T1_Y_OFF bound to: 8'b00001001 
	Parameter REG_B0_X_OFF bound to: 8'b00001100 
	Parameter REG_B0_Y_OFF bound to: 8'b00001101 
INFO: [Synth 8-155] case statement is not full and has no default [/home/lovro/ARES/ARES_fpga/ARES_fpga/ARES_fpga.srcs/sources_1/new/VDP.sv:1388]
INFO: [Synth 8-6155] done synthesizing module 'REG_MEMORY' (0#1) [/home/lovro/ARES/ARES_fpga/ARES_fpga/ARES_fpga.srcs/sources_1/new/VDP.sv:1287]
INFO: [Synth 8-6157] synthesizing module 'VDP_tile_gen' [/home/lovro/ARES/ARES_fpga/ARES_fpga/ARES_fpga.srcs/sources_1/new/VDP.sv:724]
	Parameter SCREEN_WIDTH bound to: 640 - type: integer 
	Parameter SCREEN_HEIGHT bound to: 480 - type: integer 
INFO: [Synth 8-6157] synthesizing module 'blk_mem_buf_line' [/home/lovro/ARES/ARES_fpga/ARES_fpga/ARES_fpga.runs/Block_top_VDP_wrapper_0_0_synth_1/.Xil/Vivado-497946-lovroLinuxM/realtime/blk_mem_buf_line_stub.v:6]
INFO: [Synth 8-6155] done synthesizing module 'blk_mem_buf_line' (0#1) [/home/lovro/ARES/ARES_fpga/ARES_fpga/ARES_fpga.runs/Block_top_VDP_wrapper_0_0_synth_1/.Xil/Vivado-497946-lovroLinuxM/realtime/blk_mem_buf_line_stub.v:6]
WARNING: [Synth 8-7071] port 'douta' of module 'blk_mem_buf_line' is unconnected for instance 'line_buf' [/home/lovro/ARES/ARES_fpga/ARES_fpga/ARES_fpga.srcs/sources_1/new/VDP.sv:768]
WARNING: [Synth 8-7071] port 'dinb' of module 'blk_mem_buf_line' is unconnected for instance 'line_buf' [/home/lovro/ARES/ARES_fpga/ARES_fpga/ARES_fpga.srcs/sources_1/new/VDP.sv:768]
WARNING: [Synth 8-7023] instance 'line_buf' of module 'blk_mem_buf_line' has 11 connections declared, but only 9 given [/home/lovro/ARES/ARES_fpga/ARES_fpga/ARES_fpga.srcs/sources_1/new/VDP.sv:768]
INFO: [Synth 8-6157] synthesizing module 'blk_mem_tile_map' [/home/lovro/ARES/ARES_fpga/ARES_fpga/ARES_fpga.runs/Block_top_VDP_wrapper_0_0_synth_1/.Xil/Vivado-497946-lovroLinuxM/realtime/blk_mem_tile_map_stub.v:6]
INFO: [Synth 8-6155] done synthesizing module 'blk_mem_tile_map' (0#1) [/home/lovro/ARES/ARES_fpga/ARES_fpga/ARES_fpga.runs/Block_top_VDP_wrapper_0_0_synth_1/.Xil/Vivado-497946-lovroLinuxM/realtime/blk_mem_tile_map_stub.v:6]
WARNING: [Synth 8-7071] port 'dina' of module 'blk_mem_tile_map' is unconnected for instance 'Tile_MAP_mem' [/home/lovro/ARES/ARES_fpga/ARES_fpga/ARES_fpga.srcs/sources_1/new/VDP.sv:788]
WARNING: [Synth 8-7023] instance 'Tile_MAP_mem' of module 'blk_mem_tile_map' has 11 connections declared, but only 10 given [/home/lovro/ARES/ARES_fpga/ARES_fpga/ARES_fpga.srcs/sources_1/new/VDP.sv:788]
INFO: [Synth 8-6157] synthesizing module 'blk_mem_tile_data' [/home/lovro/ARES/ARES_fpga/ARES_fpga/ARES_fpga.runs/Block_top_VDP_wrapper_0_0_synth_1/.Xil/Vivado-497946-lovroLinuxM/realtime/blk_mem_tile_data_stub.v:6]
INFO: [Synth 8-6155] done synthesizing module 'blk_mem_tile_data' (0#1) [/home/lovro/ARES/ARES_fpga/ARES_fpga/ARES_fpga.runs/Block_top_VDP_wrapper_0_0_synth_1/.Xil/Vivado-497946-lovroLinuxM/realtime/blk_mem_tile_data_stub.v:6]
WARNING: [Synth 8-7071] port 'dina' of module 'blk_mem_tile_data' is unconnected for instance 'Tile_DATA_mem' [/home/lovro/ARES/ARES_fpga/ARES_fpga/ARES_fpga.srcs/sources_1/new/VDP.sv:806]
WARNING: [Synth 8-7023] instance 'Tile_DATA_mem' of module 'blk_mem_tile_data' has 11 connections declared, but only 10 given [/home/lovro/ARES/ARES_fpga/ARES_fpga/ARES_fpga.srcs/sources_1/new/VDP.sv:806]
INFO: [Synth 8-6155] done synthesizing module 'VDP_tile_gen' (0#1) [/home/lovro/ARES/ARES_fpga/ARES_fpga/ARES_fpga.srcs/sources_1/new/VDP.sv:724]
INFO: [Synth 8-6157] synthesizing module 'VDP_sprite_gen' [/home/lovro/ARES/ARES_fpga/ARES_fpga/ARES_fpga.srcs/sources_1/new/VDP.sv:906]
	Parameter SCREEN_WIDTH bound to: 640 - type: integer 
	Parameter SCREEN_HEIGHT bound to: 480 - type: integer 
	Parameter MAX_SPR_LINE bound to: 32 - type: integer 
INFO: [Synth 8-6157] synthesizing module 'blk_mem_gen_spr_line' [/home/lovro/ARES/ARES_fpga/ARES_fpga/ARES_fpga.runs/Block_top_VDP_wrapper_0_0_synth_1/.Xil/Vivado-497946-lovroLinuxM/realtime/blk_mem_gen_spr_line_stub.v:6]
INFO: [Synth 8-6155] done synthesizing module 'blk_mem_gen_spr_line' (0#1) [/home/lovro/ARES/ARES_fpga/ARES_fpga/ARES_fpga.runs/Block_top_VDP_wrapper_0_0_synth_1/.Xil/Vivado-497946-lovroLinuxM/realtime/blk_mem_gen_spr_line_stub.v:6]
WARNING: [Synth 8-7071] port 'douta' of module 'blk_mem_gen_spr_line' is unconnected for instance 'spr_line' [/home/lovro/ARES/ARES_fpga/ARES_fpga/ARES_fpga.srcs/sources_1/new/VDP.sv:956]
WARNING: [Synth 8-7023] instance 'spr_line' of module 'blk_mem_gen_spr_line' has 10 connections declared, but only 9 given [/home/lovro/ARES/ARES_fpga/ARES_fpga/ARES_fpga.srcs/sources_1/new/VDP.sv:956]
INFO: [Synth 8-6157] synthesizing module 'blk_mem_gen_spr_data' [/home/lovro/ARES/ARES_fpga/ARES_fpga/ARES_fpga.runs/Block_top_VDP_wrapper_0_0_synth_1/.Xil/Vivado-497946-lovroLinuxM/realtime/blk_mem_gen_spr_data_stub.v:6]
INFO: [Synth 8-6155] done synthesizing module 'blk_mem_gen_spr_data' (0#1) [/home/lovro/ARES/ARES_fpga/ARES_fpga/ARES_fpga.runs/Block_top_VDP_wrapper_0_0_synth_1/.Xil/Vivado-497946-lovroLinuxM/realtime/blk_mem_gen_spr_data_stub.v:6]
INFO: [Synth 8-6157] synthesizing module 'blk_mem_gen_spr_att' [/home/lovro/ARES/ARES_fpga/ARES_fpga/ARES_fpga.runs/Block_top_VDP_wrapper_0_0_synth_1/.Xil/Vivado-497946-lovroLinuxM/realtime/blk_mem_gen_spr_att_stub.v:6]
INFO: [Synth 8-6155] done synthesizing module 'blk_mem_gen_spr_att' (0#1) [/home/lovro/ARES/ARES_fpga/ARES_fpga/ARES_fpga.runs/Block_top_VDP_wrapper_0_0_synth_1/.Xil/Vivado-497946-lovroLinuxM/realtime/blk_mem_gen_spr_att_stub.v:6]
INFO: [Synth 8-6155] done synthesizing module 'VDP_sprite_gen' (0#1) [/home/lovro/ARES/ARES_fpga/ARES_fpga/ARES_fpga.srcs/sources_1/new/VDP.sv:906]
INFO: [Synth 8-6157] synthesizing module 'VDP_bitmap_gen' [/home/lovro/ARES/ARES_fpga/ARES_fpga/ARES_fpga.srcs/sources_1/new/VDP.sv:1595]
	Parameter SCREEN_WIDTH bound to: 640 - type: integer 
	Parameter SCREEN_HEIGHT bound to: 480 - type: integer 
INFO: [Synth 8-6157] synthesizing module 'blk_mem_gen_bit_line' [/home/lovro/ARES/ARES_fpga/ARES_fpga/ARES_fpga.runs/Block_top_VDP_wrapper_0_0_synth_1/.Xil/Vivado-497946-lovroLinuxM/realtime/blk_mem_gen_bit_line_stub.v:6]
INFO: [Synth 8-6155] done synthesizing module 'blk_mem_gen_bit_line' (0#1) [/home/lovro/ARES/ARES_fpga/ARES_fpga/ARES_fpga.runs/Block_top_VDP_wrapper_0_0_synth_1/.Xil/Vivado-497946-lovroLinuxM/realtime/blk_mem_gen_bit_line_stub.v:6]
WARNING: [Synth 8-7071] port 'douta' of module 'blk_mem_gen_bit_line' is unconnected for instance 'line_buf' [/home/lovro/ARES/ARES_fpga/ARES_fpga/ARES_fpga.srcs/sources_1/new/VDP.sv:1672]
WARNING: [Synth 8-7023] instance 'line_buf' of module 'blk_mem_gen_bit_line' has 10 connections declared, but only 9 given [/home/lovro/ARES/ARES_fpga/ARES_fpga/ARES_fpga.srcs/sources_1/new/VDP.sv:1672]
INFO: [Synth 8-155] case statement is not full and has no default [/home/lovro/ARES/ARES_fpga/ARES_fpga/ARES_fpga.srcs/sources_1/new/VDP.sv:1714]
INFO: [Synth 8-6155] done synthesizing module 'VDP_bitmap_gen' (0#1) [/home/lovro/ARES/ARES_fpga/ARES_fpga/ARES_fpga.srcs/sources_1/new/VDP.sv:1595]
INFO: [Synth 8-6155] done synthesizing module 'VDP' (0#1) [/home/lovro/ARES/ARES_fpga/ARES_fpga/ARES_fpga.srcs/sources_1/new/VDP.sv:32]
INFO: [Synth 8-6155] done synthesizing module 'VDP_wrapper' (0#1) [/home/lovro/ARES/ARES_fpga/ARES_fpga/ARES_fpga.srcs/sources_1/new/VDP_wrapper.v:23]
INFO: [Synth 8-6155] done synthesizing module 'Block_top_VDP_wrapper_0_0' (0#1) [/home/lovro/ARES/ARES_fpga/ARES_fpga/ARES_fpga.gen/sources_1/bd/Block_top/ip/Block_top_VDP_wrapper_0_0/synth/Block_top_VDP_wrapper_0_0.v:53]
WARNING: [Synth 8-6014] Unused sequential element src_pixel_reg was removed.  [/home/lovro/ARES/ARES_fpga/ARES_fpga/ARES_fpga.srcs/sources_1/new/VDP.sv:1239]
WARNING: [Synth 8-6014] Unused sequential element pixels_to_write_reg was removed.  [/home/lovro/ARES/ARES_fpga/ARES_fpga/ARES_fpga.srcs/sources_1/new/VDP.sv:1776]
INFO: [Synth 8-7129] Port ram_rresp[1] in module VDP_bitmap_gen is either unconnected or has no load
INFO: [Synth 8-7129] Port ram_rresp[0] in module VDP_bitmap_gen is either unconnected or has no load
INFO: [Synth 8-7129] Port ram_rlast in module VDP_bitmap_gen is either unconnected or has no load
INFO: [Synth 8-7129] Port att_cpu_addr[1] in module VDP_sprite_gen is either unconnected or has no load
INFO: [Synth 8-7129] Port att_cpu_addr[0] in module VDP_sprite_gen is either unconnected or has no load
INFO: [Synth 8-7129] Port data_cpu_addr[1] in module VDP_sprite_gen is either unconnected or has no load
INFO: [Synth 8-7129] Port data_cpu_addr[0] in module VDP_sprite_gen is either unconnected or has no load
INFO: [Synth 8-7129] Port map_cpu_addr[1] in module VDP_tile_gen is either unconnected or has no load
INFO: [Synth 8-7129] Port map_cpu_addr[0] in module VDP_tile_gen is either unconnected or has no load
INFO: [Synth 8-7129] Port data_cpu_addr[1] in module VDP_tile_gen is either unconnected or has no load
INFO: [Synth 8-7129] Port data_cpu_addr[0] in module VDP_tile_gen is either unconnected or has no load
INFO: [Synth 8-7129] Port r0_map_cpu_addr[1] in module REG_MEMORY is either unconnected or has no load
INFO: [Synth 8-7129] Port r0_map_cpu_addr[0] in module REG_MEMORY is either unconnected or has no load
---------------------------------------------------------------------------------
Finished RTL Elaboration : Time (s): cpu = 00:00:05 ; elapsed = 00:00:05 . Memory (MB): peak = 2371.301 ; gain = 639.875 ; free physical = 1162 ; free virtual = 20740
---------------------------------------------------------------------------------
---------------------------------------------------------------------------------
Start Handling Custom Attributes
---------------------------------------------------------------------------------
---------------------------------------------------------------------------------
Finished Handling Custom Attributes : Time (s): cpu = 00:00:05 ; elapsed = 00:00:05 . Memory (MB): peak = 2380.207 ; gain = 648.781 ; free physical = 1143 ; free virtual = 20726
---------------------------------------------------------------------------------
---------------------------------------------------------------------------------
Finished RTL Optimization Phase 1 : Time (s): cpu = 00:00:05 ; elapsed = 00:00:05 . Memory (MB): peak = 2380.207 ; gain = 648.781 ; free physical = 1143 ; free virtual = 20726
---------------------------------------------------------------------------------
Netlist sorting complete. Time (s): cpu = 00:00:00.04 ; elapsed = 00:00:00.03 . Memory (MB): peak = 2380.207 ; gain = 0.000 ; free physical = 1139 ; free virtual = 20723
INFO: [Project 1-570] Preparing netlist for logic optimization

Processing XDC Constraints
Initializing timing engine
Parsing XDC File [/home/lovro/ARES/ARES_fpga/ARES_fpga/ARES_fpga.gen/sources_1/ip/blk_mem_gen_bit_line/blk_mem_gen_bit_line/blk_mem_gen_bit_line_in_context.xdc] for cell 'inst/dut/B0_gen/line_buf'
Finished Parsing XDC File [/home/lovro/ARES/ARES_fpga/ARES_fpga/ARES_fpga.gen/sources_1/ip/blk_mem_gen_bit_line/blk_mem_gen_bit_line/blk_mem_gen_bit_line_in_context.xdc] for cell 'inst/dut/B0_gen/line_buf'
Parsing XDC File [/home/lovro/ARES/ARES_fpga/ARES_fpga/ARES_fpga.gen/sources_1/ip/blk_mem_gen_spr_att/blk_mem_gen_spr_att/blk_mem_gen_spr_att_in_context.xdc] for cell 'inst/dut/S0_gen/spr_att'
Finished Parsing XDC File [/home/lovro/ARES/ARES_fpga/ARES_fpga/ARES_fpga.gen/sources_1/ip/blk_mem_gen_spr_att/blk_mem_gen_spr_att/blk_mem_gen_spr_att_in_context.xdc] for cell 'inst/dut/S0_gen/spr_att'
Parsing XDC File [/home/lovro/ARES/ARES_fpga/ARES_fpga/ARES_fpga.gen/sources_1/ip/blk_mem_gen_spr_data/blk_mem_gen_spr_data/blk_mem_gen_spr_data_in_context.xdc] for cell 'inst/dut/S0_gen/spr_data'
Finished Parsing XDC File [/home/lovro/ARES/ARES_fpga/ARES_fpga/ARES_fpga.gen/sources_1/ip/blk_mem_gen_spr_data/blk_mem_gen_spr_data/blk_mem_gen_spr_data_in_context.xdc] for cell 'inst/dut/S0_gen/spr_data'
Parsing XDC File [/home/lovro/ARES/ARES_fpga/ARES_fpga/ARES_fpga.gen/sources_1/ip/blk_mem_gen_spr_line/blk_mem_gen_spr_line/blk_mem_gen_spr_line_in_context.xdc] for cell 'inst/dut/S0_gen/spr_line'
Finished Parsing XDC File [/home/lovro/ARES/ARES_fpga/ARES_fpga/ARES_fpga.gen/sources_1/ip/blk_mem_gen_spr_line/blk_mem_gen_spr_line/blk_mem_gen_spr_line_in_context.xdc] for cell 'inst/dut/S0_gen/spr_line'
Parsing XDC File [/home/lovro/ARES/ARES_fpga/ARES_fpga/ARES_fpga.gen/sources_1/ip/blk_mem_tile_data/blk_mem_tile_data/blk_mem_tile_data_in_context.xdc] for cell 'inst/dut/T0_gen/Tile_DATA_mem'
Finished Parsing XDC File [/home/lovro/ARES/ARES_fpga/ARES_fpga/ARES_fpga.gen/sources_1/ip/blk_mem_tile_data/blk_mem_tile_data/blk_mem_tile_data_in_context.xdc] for cell 'inst/dut/T0_gen/Tile_DATA_mem'
Parsing XDC File [/home/lovro/ARES/ARES_fpga/ARES_fpga/ARES_fpga.gen/sources_1/ip/blk_mem_tile_data/blk_mem_tile_data/blk_mem_tile_data_in_context.xdc] for cell 'inst/dut/T1_gen/Tile_DATA_mem'
Finished Parsing XDC File [/home/lovro/ARES/ARES_fpga/ARES_fpga/ARES_fpga.gen/sources_1/ip/blk_mem_tile_data/blk_mem_tile_data/blk_mem_tile_data_in_context.xdc] for cell 'inst/dut/T1_gen/Tile_DATA_mem'
Parsing XDC File [/home/lovro/ARES/ARES_fpga/ARES_fpga/ARES_fpga.gen/sources_1/ip/blk_mem_tile_map/blk_mem_tile_map/blk_mem_tile_map_in_context.xdc] for cell 'inst/dut/T0_gen/Tile_MAP_mem'
Finished Parsing XDC File [/home/lovro/ARES/ARES_fpga/ARES_fpga/ARES_fpga.gen/sources_1/ip/blk_mem_tile_map/blk_mem_tile_map/blk_mem_tile_map_in_context.xdc] for cell 'inst/dut/T0_gen/Tile_MAP_mem'
Parsing XDC File [/home/lovro/ARES/ARES_fpga/ARES_fpga/ARES_fpga.gen/sources_1/ip/blk_mem_tile_map/blk_mem_tile_map/blk_mem_tile_map_in_context.xdc] for cell 'inst/dut/T1_gen/Tile_MAP_mem'
Finished Parsing XDC File [/home/lovro/ARES/ARES_fpga/ARES_fpga/ARES_fpga.gen/sources_1/ip/blk_mem_tile_map/blk_mem_tile_map/blk_mem_tile_map_in_context.xdc] for cell 'inst/dut/T1_gen/Tile_MAP_mem'
Parsing XDC File [/home/lovro/ARES/ARES_fpga/ARES_fpga/ARES_fpga.gen/sources_1/ip/blk_mem_buf_line/blk_mem_buf_line/blk_mem_buf_line_in_context.xdc] for cell 'inst/dut/T0_gen/line_buf'
Finished Parsing XDC File [/home/lovro/ARES/ARES_fpga/ARES_fpga/ARES_fpga.gen/sources_1/ip/blk_mem_buf_line/blk_mem_buf_line/blk_mem_buf_line_in_context.xdc] for cell 'inst/dut/T0_gen/line_buf'
Parsing XDC File [/home/lovro/ARES/ARES_fpga/ARES_fpga/ARES_fpga.gen/sources_1/ip/blk_mem_buf_line/blk_mem_buf_line/blk_mem_buf_line_in_context.xdc] for cell 'inst/dut/T1_gen/line_buf'
Finished Parsing XDC File [/home/lovro/ARES/ARES_fpga/ARES_fpga/ARES_fpga.gen/sources_1/ip/blk_mem_buf_line/blk_mem_buf_line/blk_mem_buf_line_in_context.xdc] for cell 'inst/dut/T1_gen/line_buf'
Parsing XDC File [/home/lovro/ARES/ARES_fpga/ARES_fpga/ARES_fpga.gen/sources_1/ip/blk_mem_fin_line/blk_mem_fin_line/blk_mem_fin_line_in_context.xdc] for cell 'inst/dut/fin_line_buf'
Finished Parsing XDC File [/home/lovro/ARES/ARES_fpga/ARES_fpga/ARES_fpga.gen/sources_1/ip/blk_mem_fin_line/blk_mem_fin_line/blk_mem_fin_line_in_context.xdc] for cell 'inst/dut/fin_line_buf'
Parsing XDC File [/home/lovro/ARES/ARES_fpga/ARES_fpga/ARES_fpga.gen/sources_1/bd/Block_top/ip/Block_top_VDP_wrapper_0_0/Block_top_VDP_wrapper_0_0_ooc.xdc] for cell 'inst'
Finished Parsing XDC File [/home/lovro/ARES/ARES_fpga/ARES_fpga/ARES_fpga.gen/sources_1/bd/Block_top/ip/Block_top_VDP_wrapper_0_0/Block_top_VDP_wrapper_0_0_ooc.xdc] for cell 'inst'
Parsing XDC File [/home/lovro/ARES/ARES_fpga/ARES_fpga/ARES_fpga.runs/Block_top_VDP_wrapper_0_0_synth_1/dont_touch.xdc]
Finished Parsing XDC File [/home/lovro/ARES/ARES_fpga/ARES_fpga/ARES_fpga.runs/Block_top_VDP_wrapper_0_0_synth_1/dont_touch.xdc]
Completed Processing XDC Constraints

Netlist sorting complete. Time (s): cpu = 00:00:00 ; elapsed = 00:00:00 . Memory (MB): peak = 2485.945 ; gain = 0.000 ; free physical = 1037 ; free virtual = 20622
INFO: [Project 1-111] Unisim Transformation Summary:
No Unisim elements were transformed.

Constraint Validation Runtime : Time (s): cpu = 00:00:00.06 ; elapsed = 00:00:00.03 . Memory (MB): peak = 2485.980 ; gain = 0.000 ; free physical = 1037 ; free virtual = 20624
INFO: [Designutils 20-5008] Incremental synthesis strategy off
---------------------------------------------------------------------------------
Finished Constraint Validation : Time (s): cpu = 00:00:11 ; elapsed = 00:00:11 . Memory (MB): peak = 2485.980 ; gain = 754.555 ; free physical = 838 ; free virtual = 20426
---------------------------------------------------------------------------------
---------------------------------------------------------------------------------
Start Loading Part and Timing Information
---------------------------------------------------------------------------------
Loading part: xc7a100tfgg484-2
---------------------------------------------------------------------------------
Finished Loading Part and Timing Information : Time (s): cpu = 00:00:11 ; elapsed = 00:00:11 . Memory (MB): peak = 2493.949 ; gain = 762.523 ; free physical = 838 ; free virtual = 20426
---------------------------------------------------------------------------------
---------------------------------------------------------------------------------
Start Applying 'set_property' XDC Constraints
---------------------------------------------------------------------------------
---------------------------------------------------------------------------------
Finished applying 'set_property' XDC Constraints : Time (s): cpu = 00:00:11 ; elapsed = 00:00:11 . Memory (MB): peak = 2493.949 ; gain = 762.523 ; free physical = 838 ; free virtual = 20426
---------------------------------------------------------------------------------
INFO: [Synth 8-802] inferred FSM for state register 'state_reg' in module 'VDP_tile_gen__xdcDup__1'
INFO: [Synth 8-802] inferred FSM for state register 'state_reg' in module 'VDP_tile_gen'
INFO: [Synth 8-802] inferred FSM for state register 'state_reg' in module 'VDP_sprite_gen'
INFO: [Synth 8-802] inferred FSM for state register 'state_reg' in module 'VDP_bitmap_gen'
INFO: [Synth 8-802] inferred FSM for state register 'gen_fin_state_reg' in module 'VDP'
---------------------------------------------------------------------------------------------------
                   State |                     New Encoding |                Previous Encoding 
---------------------------------------------------------------------------------------------------
*
              STATE_WAIT |                     000000000001 |                     000000000001
             STATE_START |                     000000000010 |                     000000000010
                STATE_C0 |                     000000000100 |                     000000000100
                STATE_C1 |                     000000001000 |                     000000001000
                STATE_C2 |                     000000010000 |                     000000010000
                STATE_C3 |                     000000100000 |                     000000100000
                STATE_C4 |                     000001000000 |                     000001000000
---------------------------------------------------------------------------------------------------
INFO: [Synth 8-3354] encoded FSM with state register 'state_reg' using encoding 'one-hot' in module 'VDP_tile_gen__xdcDup__1'
---------------------------------------------------------------------------------------------------
                   State |                     New Encoding |                Previous Encoding 
---------------------------------------------------------------------------------------------------
*
              STATE_WAIT |                     000000000001 |                     000000000001
             STATE_START |                     000000000010 |                     000000000010
                STATE_C0 |                     000000000100 |                     000000000100
                STATE_C1 |                     000000001000 |                     000000001000
                STATE_C2 |                     000000010000 |                     000000010000
                STATE_C3 |                     000000100000 |                     000000100000
                STATE_C4 |                     000001000000 |                     000001000000
---------------------------------------------------------------------------------------------------
INFO: [Synth 8-3354] encoded FSM with state register 'state_reg' using encoding 'one-hot' in module 'VDP_tile_gen'
---------------------------------------------------------------------------------------------------
                   State |                     New Encoding |                Previous Encoding 
---------------------------------------------------------------------------------------------------
*
              STATE_WAIT |                     000000000001 |                     000000000001
             STATE_CLEAR |                     010000000000 |                     010000000000
             STATE_START |                     000000000010 |                     000000000010
                STATE_C0 |                     000000000100 |                     000000000100
                STATE_C1 |                     000000001000 |                     000000001000
                STATE_C2 |                     000000010000 |                     000000010000
                STATE_C3 |                     000000100000 |                     000000100000
          STATE_PAL_PIPE |                     000100000000 |                     000100000000
                STATE_C4 |                     000001000000 |                     000001000000
                STATE_C5 |                     000010000000 |                     000010000000
              STATE_NEXT |                     001000000000 |                     001000000000
---------------------------------------------------------------------------------------------------
INFO: [Synth 8-3354] encoded FSM with state register 'state_reg' using encoding 'one-hot' in module 'VDP_sprite_gen'
---------------------------------------------------------------------------------------------------
                   State |                     New Encoding |                Previous Encoding 
---------------------------------------------------------------------------------------------------
*
              STATE_WAIT |                     000000000001 |                     000000000001
             STATE_START |                     000000000010 |                     000000000010
                STATE_C0 |                     000000000100 |                     000000000100
                STATE_C1 |                     000000001000 |                     000000001000
                STATE_C5 |                     000010000000 |                     000010000000
                STATE_C2 |                     000000010000 |                     000000010000
                STATE_C3 |                     000000100000 |                     000000100000
                STATE_C4 |                     000001000000 |                     000001000000
---------------------------------------------------------------------------------------------------
INFO: [Synth 8-3354] encoded FSM with state register 'state_reg' using encoding 'one-hot' in module 'VDP_bitmap_gen'
---------------------------------------------------------------------------------------------------
                   State |                     New Encoding |                Previous Encoding 
---------------------------------------------------------------------------------------------------
*
              STATE_WAIT |                     000000000001 |                     000000000001
             STATE_START |                     000000000010 |                     000000000010
                STATE_C0 |                     000000000100 |                     000000000100
---------------------------------------------------------------------------------------------------
INFO: [Synth 8-3354] encoded FSM with state register 'gen_fin_state_reg' using encoding 'one-hot' in module 'VDP'
---------------------------------------------------------------------------------
Finished RTL Optimization Phase 2 : Time (s): cpu = 00:00:12 ; elapsed = 00:00:12 . Memory (MB): peak = 2493.949 ; gain = 762.523 ; free physical = 836 ; free virtual = 20425
---------------------------------------------------------------------------------
---------------------------------------------------------------------------------
Start RTL Component Statistics 
---------------------------------------------------------------------------------
Detailed RTL Component Info : 
+---Adders : 
	   2 Input   32 Bit       Adders := 10    
	   2 Input   13 Bit       Adders := 2     
	   2 Input   11 Bit       Adders := 8     
	   3 Input   11 Bit       Adders := 1     
	   2 Input   10 Bit       Adders := 5     
	   2 Input    8 Bit       Adders := 4     
	   2 Input    7 Bit       Adders := 3     
	   2 Input    6 Bit       Adders := 3     
	   3 Input    6 Bit       Adders := 1     
	   2 Input    5 Bit       Adders := 7     
	   2 Input    4 Bit       Adders := 3     
	   2 Input    3 Bit       Adders := 2     
	   2 Input    2 Bit       Adders := 1     
+---Registers : 
	              128 Bit    Registers := 2     
	               64 Bit    Registers := 1     
	               32 Bit    Registers := 10    
	               16 Bit    Registers := 3     
	               13 Bit    Registers := 2     
	               12 Bit    Registers := 1     
	               11 Bit    Registers := 3     
	               10 Bit    Registers := 5     
	                8 Bit    Registers := 40    
	                7 Bit    Registers := 5     
	                6 Bit    Registers := 2     
	                4 Bit    Registers := 7     
	                3 Bit    Registers := 2     
	                2 Bit    Registers := 3     
	                1 Bit    Registers := 9     
+---RAMs : 
	              16K Bit	(1024 X 16 bit)          RAMs := 1     
	               8K Bit	(256 X 32 bit)          RAMs := 1     
	               4K Bit	(256 X 16 bit)          RAMs := 2     
	              512 Bit	(32 X 16 bit)          RAMs := 1     
+---Muxes : 
	   2 Input  128 Bit        Muxes := 15    
	   4 Input   32 Bit        Muxes := 2     
	   2 Input   32 Bit        Muxes := 31    
	   3 Input   32 Bit        Muxes := 1     
	   9 Input   32 Bit        Muxes := 8     
	   2 Input   23 Bit        Muxes := 1     
	   6 Input   16 Bit        Muxes := 1     
	   5 Input   16 Bit        Muxes := 1     
	   7 Input   16 Bit        Muxes := 1     
	   2 Input   16 Bit        Muxes := 4     
	   8 Input   12 Bit        Muxes := 2     
	   2 Input   12 Bit        Muxes := 10    
	  12 Input   12 Bit        Muxes := 1     
	   9 Input   12 Bit        Muxes := 1     
	   4 Input   12 Bit        Muxes := 1     
	   2 Input   11 Bit        Muxes := 4     
	  12 Input   11 Bit        Muxes := 2     
	   8 Input   10 Bit        Muxes := 2     
	   2 Input    8 Bit        Muxes := 25    
	  12 Input    8 Bit        Muxes := 36    
	   9 Input    8 Bit        Muxes := 1     
	   8 Input    7 Bit        Muxes := 2     
	   2 Input    7 Bit        Muxes := 1     
	   9 Input    7 Bit        Muxes := 1     
	   2 Input    6 Bit        Muxes := 1     
	  11 Input    6 Bit        Muxes := 1     
	  11 Input    5 Bit        Muxes := 1     
	  11 Input    4 Bit        Muxes := 1     
	   9 Input    4 Bit        Muxes := 2     
	   2 Input    4 Bit        Muxes := 3     
	   2 Input    3 Bit        Muxes := 2     
	   8 Input    3 Bit        Muxes := 2     
	   2 Input    2 Bit        Muxes := 2     
	   2 Input    1 Bit        Muxes := 12    
	   6 Input    1 Bit        Muxes := 1     
	   5 Input    1 Bit        Muxes := 1     
	   4 Input    1 Bit        Muxes := 3     
	   7 Input    1 Bit        Muxes := 3     
	   8 Input    1 Bit        Muxes := 6     
	  12 Input    1 Bit        Muxes := 14    
	  11 Input    1 Bit        Muxes := 3     
	   9 Input    1 Bit        Muxes := 9     
---------------------------------------------------------------------------------
Finished RTL Component Statistics 
---------------------------------------------------------------------------------
---------------------------------------------------------------------------------
Start Part Resource Summary
---------------------------------------------------------------------------------
Part Resources:
DSPs: 240 (col length:80)
BRAMs: 270 (col length: RAMB18 80 RAMB36 40)
---------------------------------------------------------------------------------
Finished Part Resource Summary
---------------------------------------------------------------------------------
---------------------------------------------------------------------------------
Start Cross Boundary and Area Optimization
---------------------------------------------------------------------------------
DSP Report: Generating DSP ram_addr_linux0, operation Mode is: A*(B:0x280).
DSP Report: operator ram_addr_linux0 is absorbed into DSP ram_addr_linux0.
INFO: [Synth 8-7129] Port ram_rresp[1] in module VDP_bitmap_gen is either unconnected or has no load
INFO: [Synth 8-7129] Port ram_rresp[0] in module VDP_bitmap_gen is either unconnected or has no load
INFO: [Synth 8-7129] Port ram_rlast in module VDP_bitmap_gen is either unconnected or has no load
INFO: [Synth 8-7129] Port att_cpu_addr[1] in module VDP_sprite_gen is either unconnected or has no load
INFO: [Synth 8-7129] Port att_cpu_addr[0] in module VDP_sprite_gen is either unconnected or has no load
INFO: [Synth 8-7129] Port data_cpu_addr[1] in module VDP_sprite_gen is either unconnected or has no load
INFO: [Synth 8-7129] Port data_cpu_addr[0] in module VDP_sprite_gen is either unconnected or has no load
INFO: [Synth 8-7129] Port t0_map_cpu_addr[1] in module VDP_wrapper is either unconnected or has no load
INFO: [Synth 8-7129] Port t0_map_cpu_addr[0] in module VDP_wrapper is either unconnected or has no load
INFO: [Synth 8-7129] Port t0_data_cpu_addr[1] in module VDP_wrapper is either unconnected or has no load
INFO: [Synth 8-7129] Port t0_data_cpu_addr[0] in module VDP_wrapper is either unconnected or has no load
INFO: [Synth 8-7129] Port t1_map_cpu_addr[1] in module VDP_wrapper is either unconnected or has no load
INFO: [Synth 8-7129] Port t1_map_cpu_addr[0] in module VDP_wrapper is either unconnected or has no load
INFO: [Synth 8-7129] Port t1_data_cpu_addr[1] in module VDP_wrapper is either unconnected or has no load
INFO: [Synth 8-7129] Port t1_data_cpu_addr[0] in module VDP_wrapper is either unconnected or has no load
WARNING: [Synth 8-6850] RAM (palette_t1_mem_reg) has partial Byte Wide Write Enable pattern with ram_style = "block", however no output register found in fanout of RAM. Recommended to use supported Byte Wide Write Enable template. 
WARNING: [Synth 8-6850] RAM (palette_t1_mem_reg) has partial Byte Wide Write Enable pattern with ram_style = "block", however no output register found in fanout of RAM. Recommended to use supported Byte Wide Write Enable template. 
WARNING: [Synth 8-6849] Infeasible attribute ram_style = "block" set for RAM "inst/\dut/reg_mem /palette_t1_mem_reg",trying to implement using LUTRAM
WARNING: [Synth 8-6849] Infeasible attribute ram_style = "block" set for RAM "inst/\dut/reg_mem /palette_t1_mem_reg",trying to implement using LUTRAM
WARNING: [Synth 8-6849] Infeasible attribute ram_style = "block" set for RAM "inst/\dut/reg_mem /palette_t1_mem_reg",trying to implement using LUTRAM
WARNING: [Synth 8-6849] Infeasible attribute ram_style = "block" set for RAM "inst/\dut/reg_mem /palette_t1_mem_reg",trying to implement using LUTRAM
WARNING: [Synth 8-6850] RAM (palette_t0_mem_reg) has partial Byte Wide Write Enable pattern with ram_style = "block", however no output register found in fanout of RAM. Recommended to use supported Byte Wide Write Enable template. 
WARNING: [Synth 8-6850] RAM (palette_t0_mem_reg) has partial Byte Wide Write Enable pattern with ram_style = "block", however no output register found in fanout of RAM. Recommended to use supported Byte Wide Write Enable template. 
WARNING: [Synth 8-6849] Infeasible attribute ram_style = "block" set for RAM "inst/\dut/reg_mem /palette_t0_mem_reg",trying to implement using LUTRAM
WARNING: [Synth 8-6849] Infeasible attribute ram_style = "block" set for RAM "inst/\dut/reg_mem /palette_t0_mem_reg",trying to implement using LUTRAM
WARNING: [Synth 8-6849] Infeasible attribute ram_style = "block" set for RAM "inst/\dut/reg_mem /palette_t0_mem_reg",trying to implement using LUTRAM
WARNING: [Synth 8-6849] Infeasible attribute ram_style = "block" set for RAM "inst/\dut/reg_mem /palette_t0_mem_reg",trying to implement using LUTRAM
WARNING: [Synth 8-6850] RAM (reg_space_mem_reg) has partial Byte Wide Write Enable pattern with ram_style = "block", however no output register found in fanout of RAM. Recommended to use supported Byte Wide Write Enable template. 
WARNING: [Synth 8-6849] Infeasible attribute ram_style = "block" set for RAM "inst/\dut/reg_mem /reg_space_mem_reg",trying to implement using LUTRAM
WARNING: [Synth 8-6849] Infeasible attribute ram_style = "block" set for RAM "inst/\dut/reg_mem /reg_space_mem_reg",trying to implement using LUTRAM
WARNING: [Synth 8-6850] RAM (palette_s0_mem_reg) has partial Byte Wide Write Enable pattern with ram_style = "block", however no output register found in fanout of RAM. Recommended to use supported Byte Wide Write Enable template. 
WARNING: [Synth 8-6850] RAM (palette_s0_mem_reg) has partial Byte Wide Write Enable pattern with ram_style = "block", however no output register found in fanout of RAM. Recommended to use supported Byte Wide Write Enable template. 
WARNING: [Synth 8-6849] Infeasible attribute ram_style = "block" set for RAM "inst/\dut/reg_mem /palette_s0_mem_reg",trying to implement using LUTRAM
WARNING: [Synth 8-6849] Infeasible attribute ram_style = "block" set for RAM "inst/\dut/reg_mem /palette_s0_mem_reg",trying to implement using LUTRAM
WARNING: [Synth 8-6849] Infeasible attribute ram_style = "block" set for RAM "inst/\dut/reg_mem /palette_s0_mem_reg",trying to implement using LUTRAM
WARNING: [Synth 8-6849] Infeasible attribute ram_style = "block" set for RAM "inst/\dut/reg_mem /palette_s0_mem_reg",trying to implement using LUTRAM
WARNING: [Synth 8-3332] Sequential element (dut/T0_gen/FSM_onehot_state_reg[11]) is unused and will be removed from module VDP_wrapper.
WARNING: [Synth 8-3332] Sequential element (dut/T0_gen/FSM_onehot_state_reg[10]) is unused and will be removed from module VDP_wrapper.
WARNING: [Synth 8-3332] Sequential element (dut/T0_gen/FSM_onehot_state_reg[9]) is unused and will be removed from module VDP_wrapper.
WARNING: [Synth 8-3332] Sequential element (dut/T0_gen/FSM_onehot_state_reg[8]) is unused and will be removed from module VDP_wrapper.
WARNING: [Synth 8-3332] Sequential element (dut/T0_gen/FSM_onehot_state_reg[7]) is unused and will be removed from module VDP_wrapper.
WARNING: [Synth 8-3332] Sequential element (dut/T1_gen/FSM_onehot_state_reg[11]) is unused and will be removed from module VDP_wrapper.
WARNING: [Synth 8-3332] Sequential element (dut/T1_gen/FSM_onehot_state_reg[10]) is unused and will be removed from module VDP_wrapper.
WARNING: [Synth 8-3332] Sequential element (dut/T1_gen/FSM_onehot_state_reg[9]) is unused and will be removed from module VDP_wrapper.
WARNING: [Synth 8-3332] Sequential element (dut/T1_gen/FSM_onehot_state_reg[8]) is unused and will be removed from module VDP_wrapper.
WARNING: [Synth 8-3332] Sequential element (dut/T1_gen/FSM_onehot_state_reg[7]) is unused and will be removed from module VDP_wrapper.
WARNING: [Synth 8-3332] Sequential element (FSM_onehot_state_reg[11]) is unused and will be removed from module VDP_sprite_gen.
WARNING: [Synth 8-3332] Sequential element (FSM_onehot_state_reg[11]) is unused and will be removed from module VDP_bitmap_gen.
WARNING: [Synth 8-3332] Sequential element (FSM_onehot_state_reg[10]) is unused and will be removed from module VDP_bitmap_gen.
WARNING: [Synth 8-3332] Sequential element (FSM_onehot_state_reg[9]) is unused and will be removed from module VDP_bitmap_gen.
WARNING: [Synth 8-3332] Sequential element (FSM_onehot_state_reg[8]) is unused and will be removed from module VDP_bitmap_gen.
WARNING: [Synth 8-3332] Sequential element (dut/FSM_onehot_gen_fin_state_reg[11]) is unused and will be removed from module VDP_wrapper.
WARNING: [Synth 8-3332] Sequential element (dut/FSM_onehot_gen_fin_state_reg[10]) is unused and will be removed from module VDP_wrapper.
WARNING: [Synth 8-3332] Sequential element (dut/FSM_onehot_gen_fin_state_reg[9]) is unused and will be removed from module VDP_wrapper.
WARNING: [Synth 8-3332] Sequential element (dut/FSM_onehot_gen_fin_state_reg[8]) is unused and will be removed from module VDP_wrapper.
WARNING: [Synth 8-3332] Sequential element (dut/FSM_onehot_gen_fin_state_reg[7]) is unused and will be removed from module VDP_wrapper.
WARNING: [Synth 8-3332] Sequential element (dut/FSM_onehot_gen_fin_state_reg[6]) is unused and will be removed from module VDP_wrapper.
WARNING: [Synth 8-3332] Sequential element (dut/FSM_onehot_gen_fin_state_reg[5]) is unused and will be removed from module VDP_wrapper.
WARNING: [Synth 8-3332] Sequential element (dut/FSM_onehot_gen_fin_state_reg[4]) is unused and will be removed from module VDP_wrapper.
WARNING: [Synth 8-3332] Sequential element (dut/FSM_onehot_gen_fin_state_reg[3]) is unused and will be removed from module VDP_wrapper.
---------------------------------------------------------------------------------
Finished Cross Boundary and Area Optimization : Time (s): cpu = 00:00:22 ; elapsed = 00:00:23 . Memory (MB): peak = 2634.980 ; gain = 903.555 ; free physical = 350 ; free virtual = 19791
---------------------------------------------------------------------------------
 Sort Area is  ram_addr_linux0_0 : 0 0 : 59 59 : Used 1 time 0
---------------------------------------------------------------------------------
Start ROM, RAM, DSP, Shift Register and Retiming Reporting
---------------------------------------------------------------------------------

Distributed RAM: Preliminary Mapping Report (see note below)
+-------------------+--------------------+-----------+----------------------+------------------+
|Module Name        | RTL Object         | Inference | Size (Depth x Width) | Primitives       | 
+-------------------+--------------------+-----------+----------------------+------------------+
|inst/\dut/reg_mem  | palette_t1_mem_reg | Implied   | 256 x 16             | RAM128X1D x 32   | 
|inst/\dut/reg_mem  | palette_t0_mem_reg | Implied   | 256 x 16             | RAM128X1D x 32   | 
|inst/\dut/reg_mem  | reg_space_mem_reg  | Implied   | 256 x 32             | RAM256X1S x 32   | 
|inst/\dut/reg_mem  | palette_s0_mem_reg | Implied   | 1 K x 16             | RAM128X1D x 128  | 
|inst/\dut/S0_gen   | row_buf_reg        | Implied   | 32 x 16              | RAM32M x 12      | 
+-------------------+--------------------+-----------+----------------------+------------------+

Note: The table above is a preliminary report that shows the Distributed RAMs at the current stage of the synthesis flow. Some Distributed RAMs may be reimplemented as non Distributed RAM primitives later in the synthesis flow. Multiple instantiated RAMs are reported only once.

DSP: Preliminary Mapping Report (see note below. The ' indicates corresponding REG is set)
+---------------+-------------+--------+--------+--------+--------+--------+------+------+------+------+-------+------+------+
|Module Name    | DSP Mapping | A Size | B Size | C Size | D Size | P Size | AREG | BREG | CREG | DREG | ADREG | MREG | PREG | 
+---------------+-------------+--------+--------+--------+--------+--------+------+------+------+------+-------+------+------+
|VDP_bitmap_gen | A*(B:0x280) | 10     | 10     | -      | -      | 20     | 0    | 0    | -    | -    | -     | 0    | 0    | 
+---------------+-------------+--------+--------+--------+--------+--------+------+------+------+------+-------+------+------+

Note: The table above is a preliminary report that shows the DSPs inferred at the current stage of the synthesis flow. Some DSP may be reimplemented as non DSP primitives later in the synthesis flow. Multiple instantiated DSPs are reported only once.
---------------------------------------------------------------------------------
Finished ROM, RAM, DSP, Shift Register and Retiming Reporting
---------------------------------------------------------------------------------
---------------------------------------------------------------------------------
Start Applying XDC Timing Constraints
---------------------------------------------------------------------------------
---------------------------------------------------------------------------------
Finished Applying XDC Timing Constraints : Time (s): cpu = 00:00:27 ; elapsed = 00:00:28 . Memory (MB): peak = 2634.980 ; gain = 903.555 ; free physical = 351 ; free virtual = 19791
---------------------------------------------------------------------------------
---------------------------------------------------------------------------------
Start Timing Optimization
---------------------------------------------------------------------------------
---------------------------------------------------------------------------------
Finished Timing Optimization : Time (s): cpu = 00:00:28 ; elapsed = 00:00:29 . Memory (MB): peak = 2634.980 ; gain = 903.555 ; free physical = 303 ; free virtual = 19789
---------------------------------------------------------------------------------
---------------------------------------------------------------------------------
Start ROM, RAM, DSP, Shift Register and Retiming Reporting
---------------------------------------------------------------------------------

Distributed RAM: Final Mapping Report
+-------------------+--------------------+-----------+----------------------+------------------+
|Module Name        | RTL Object         | Inference | Size (Depth x Width) | Primitives       | 
+-------------------+--------------------+-----------+----------------------+------------------+
|inst/\dut/reg_mem  | palette_t1_mem_reg | Implied   | 256 x 16             | RAM128X1D x 32   | 
|inst/\dut/reg_mem  | palette_t0_mem_reg | Implied   | 256 x 16             | RAM128X1D x 32   | 
|inst/\dut/reg_mem  | reg_space_mem_reg  | Implied   | 256 x 32             | RAM256X1S x 32   | 
|inst/\dut/reg_mem  | palette_s0_mem_reg | Implied   | 1 K x 16             | RAM128X1D x 128  | 
|inst/\dut/S0_gen   | row_buf_reg        | Implied   | 32 x 16              | RAM32M x 12      | 
+-------------------+--------------------+-----------+----------------------+------------------+

---------------------------------------------------------------------------------
Finished ROM, RAM, DSP, Shift Register and Retiming Reporting
---------------------------------------------------------------------------------
---------------------------------------------------------------------------------
Start Technology Mapping
---------------------------------------------------------------------------------
---------------------------------------------------------------------------------
Finished Technology Mapping : Time (s): cpu = 00:00:29 ; elapsed = 00:00:30 . Memory (MB): peak = 2642.988 ; gain = 911.562 ; free physical = 324 ; free virtual = 19799
---------------------------------------------------------------------------------
---------------------------------------------------------------------------------
Start IO Insertion
---------------------------------------------------------------------------------
---------------------------------------------------------------------------------
Start Flattening Before IO Insertion
---------------------------------------------------------------------------------
---------------------------------------------------------------------------------
Finished Flattening Before IO Insertion
---------------------------------------------------------------------------------
---------------------------------------------------------------------------------
Start Final Netlist Cleanup
---------------------------------------------------------------------------------
---------------------------------------------------------------------------------
Finished Final Netlist Cleanup
---------------------------------------------------------------------------------
CRITICAL WARNING: [Synth 8-4442] BlackBox module \dut/T0_gen/line_buf  has unconnected pin dinb[15]
CRITICAL WARNING: [Synth 8-4442] BlackBox module \dut/T0_gen/line_buf  has unconnected pin dinb[14]
CRITICAL WARNING: [Synth 8-4442] BlackBox module \dut/T0_gen/line_buf  has unconnected pin dinb[13]
CRITICAL WARNING: [Synth 8-4442] BlackBox module \dut/T0_gen/line_buf  has unconnected pin dinb[12]
CRITICAL WARNING: [Synth 8-4442] BlackBox module \dut/T0_gen/line_buf  has unconnected pin dinb[11]
CRITICAL WARNING: [Synth 8-4442] BlackBox module \dut/T0_gen/line_buf  has unconnected pin dinb[10]
CRITICAL WARNING: [Synth 8-4442] BlackBox module \dut/T0_gen/line_buf  has unconnected pin dinb[9]
CRITICAL WARNING: [Synth 8-4442] BlackBox module \dut/T0_gen/line_buf  has unconnected pin dinb[8]
CRITICAL WARNING: [Synth 8-4442] BlackBox module \dut/T0_gen/line_buf  has unconnected pin dinb[7]
CRITICAL WARNING: [Synth 8-4442] BlackBox module \dut/T0_gen/line_buf  has unconnected pin dinb[6]
CRITICAL WARNING: [Synth 8-4442] BlackBox module \dut/T0_gen/line_buf  has unconnected pin dinb[5]
CRITICAL WARNING: [Synth 8-4442] BlackBox module \dut/T0_gen/line_buf  has unconnected pin dinb[4]
CRITICAL WARNING: [Synth 8-4442] BlackBox module \dut/T0_gen/line_buf  has unconnected pin dinb[3]
CRITICAL WARNING: [Synth 8-4442] BlackBox module \dut/T0_gen/line_buf  has unconnected pin dinb[2]
CRITICAL WARNING: [Synth 8-4442] BlackBox module \dut/T0_gen/line_buf  has unconnected pin dinb[1]
CRITICAL WARNING: [Synth 8-4442] BlackBox module \dut/T0_gen/line_buf  has unconnected pin dinb[0]
CRITICAL WARNING: [Synth 8-4442] BlackBox module \dut/T0_gen/Tile_MAP_mem  has unconnected pin dina[15]
CRITICAL WARNING: [Synth 8-4442] BlackBox module \dut/T0_gen/Tile_MAP_mem  has unconnected pin dina[14]
CRITICAL WARNING: [Synth 8-4442] BlackBox module \dut/T0_gen/Tile_MAP_mem  has unconnected pin dina[13]
CRITICAL WARNING: [Synth 8-4442] BlackBox module \dut/T0_gen/Tile_MAP_mem  has unconnected pin dina[12]
CRITICAL WARNING: [Synth 8-4442] BlackBox module \dut/T0_gen/Tile_MAP_mem  has unconnected pin dina[11]
CRITICAL WARNING: [Synth 8-4442] BlackBox module \dut/T0_gen/Tile_MAP_mem  has unconnected pin dina[10]
CRITICAL WARNING: [Synth 8-4442] BlackBox module \dut/T0_gen/Tile_MAP_mem  has unconnected pin dina[9]
CRITICAL WARNING: [Synth 8-4442] BlackBox module \dut/T0_gen/Tile_MAP_mem  has unconnected pin dina[8]
CRITICAL WARNING: [Synth 8-4442] BlackBox module \dut/T0_gen/Tile_MAP_mem  has unconnected pin dina[7]
CRITICAL WARNING: [Synth 8-4442] BlackBox module \dut/T0_gen/Tile_MAP_mem  has unconnected pin dina[6]
CRITICAL WARNING: [Synth 8-4442] BlackBox module \dut/T0_gen/Tile_MAP_mem  has unconnected pin dina[5]
CRITICAL WARNING: [Synth 8-4442] BlackBox module \dut/T0_gen/Tile_MAP_mem  has unconnected pin dina[4]
CRITICAL WARNING: [Synth 8-4442] BlackBox module \dut/T0_gen/Tile_MAP_mem  has unconnected pin dina[3]
CRITICAL WARNING: [Synth 8-4442] BlackBox module \dut/T0_gen/Tile_MAP_mem  has unconnected pin dina[2]
CRITICAL WARNING: [Synth 8-4442] BlackBox module \dut/T0_gen/Tile_MAP_mem  has unconnected pin dina[1]
CRITICAL WARNING: [Synth 8-4442] BlackBox module \dut/T0_gen/Tile_MAP_mem  has unconnected pin dina[0]
CRITICAL WARNING: [Synth 8-4442] BlackBox module \dut/T0_gen/Tile_DATA_mem  has unconnected pin dina[63]
CRITICAL WARNING: [Synth 8-4442] BlackBox module \dut/T0_gen/Tile_DATA_mem  has unconnected pin dina[62]
CRITICAL WARNING: [Synth 8-4442] BlackBox module \dut/T0_gen/Tile_DATA_mem  has unconnected pin dina[61]
CRITICAL WARNING: [Synth 8-4442] BlackBox module \dut/T0_gen/Tile_DATA_mem  has unconnected pin dina[60]
CRITICAL WARNING: [Synth 8-4442] BlackBox module \dut/T0_gen/Tile_DATA_mem  has unconnected pin dina[59]
CRITICAL WARNING: [Synth 8-4442] BlackBox module \dut/T0_gen/Tile_DATA_mem  has unconnected pin dina[58]
CRITICAL WARNING: [Synth 8-4442] BlackBox module \dut/T0_gen/Tile_DATA_mem  has unconnected pin dina[57]
CRITICAL WARNING: [Synth 8-4442] BlackBox module \dut/T0_gen/Tile_DATA_mem  has unconnected pin dina[56]
CRITICAL WARNING: [Synth 8-4442] BlackBox module \dut/T0_gen/Tile_DATA_mem  has unconnected pin dina[55]
CRITICAL WARNING: [Synth 8-4442] BlackBox module \dut/T0_gen/Tile_DATA_mem  has unconnected pin dina[54]
CRITICAL WARNING: [Synth 8-4442] BlackBox module \dut/T0_gen/Tile_DATA_mem  has unconnected pin dina[53]
CRITICAL WARNING: [Synth 8-4442] BlackBox module \dut/T0_gen/Tile_DATA_mem  has unconnected pin dina[52]
CRITICAL WARNING: [Synth 8-4442] BlackBox module \dut/T0_gen/Tile_DATA_mem  has unconnected pin dina[51]
CRITICAL WARNING: [Synth 8-4442] BlackBox module \dut/T0_gen/Tile_DATA_mem  has unconnected pin dina[50]
CRITICAL WARNING: [Synth 8-4442] BlackBox module \dut/T0_gen/Tile_DATA_mem  has unconnected pin dina[49]
CRITICAL WARNING: [Synth 8-4442] BlackBox module \dut/T0_gen/Tile_DATA_mem  has unconnected pin dina[48]
CRITICAL WARNING: [Synth 8-4442] BlackBox module \dut/T0_gen/Tile_DATA_mem  has unconnected pin dina[47]
CRITICAL WARNING: [Synth 8-4442] BlackBox module \dut/T0_gen/Tile_DATA_mem  has unconnected pin dina[46]
CRITICAL WARNING: [Synth 8-4442] BlackBox module \dut/T0_gen/Tile_DATA_mem  has unconnected pin dina[45]
CRITICAL WARNING: [Synth 8-4442] BlackBox module \dut/T0_gen/Tile_DATA_mem  has unconnected pin dina[44]
CRITICAL WARNING: [Synth 8-4442] BlackBox module \dut/T0_gen/Tile_DATA_mem  has unconnected pin dina[43]
CRITICAL WARNING: [Synth 8-4442] BlackBox module \dut/T0_gen/Tile_DATA_mem  has unconnected pin dina[42]
CRITICAL WARNING: [Synth 8-4442] BlackBox module \dut/T0_gen/Tile_DATA_mem  has unconnected pin dina[41]
CRITICAL WARNING: [Synth 8-4442] BlackBox module \dut/T0_gen/Tile_DATA_mem  has unconnected pin dina[40]
CRITICAL WARNING: [Synth 8-4442] BlackBox module \dut/T0_gen/Tile_DATA_mem  has unconnected pin dina[39]
CRITICAL WARNING: [Synth 8-4442] BlackBox module \dut/T0_gen/Tile_DATA_mem  has unconnected pin dina[38]
CRITICAL WARNING: [Synth 8-4442] BlackBox module \dut/T0_gen/Tile_DATA_mem  has unconnected pin dina[37]
CRITICAL WARNING: [Synth 8-4442] BlackBox module \dut/T0_gen/Tile_DATA_mem  has unconnected pin dina[36]
CRITICAL WARNING: [Synth 8-4442] BlackBox module \dut/T0_gen/Tile_DATA_mem  has unconnected pin dina[35]
CRITICAL WARNING: [Synth 8-4442] BlackBox module \dut/T0_gen/Tile_DATA_mem  has unconnected pin dina[34]
CRITICAL WARNING: [Synth 8-4442] BlackBox module \dut/T0_gen/Tile_DATA_mem  has unconnected pin dina[33]
CRITICAL WARNING: [Synth 8-4442] BlackBox module \dut/T0_gen/Tile_DATA_mem  has unconnected pin dina[32]
CRITICAL WARNING: [Synth 8-4442] BlackBox module \dut/T0_gen/Tile_DATA_mem  has unconnected pin dina[31]
CRITICAL WARNING: [Synth 8-4442] BlackBox module \dut/T0_gen/Tile_DATA_mem  has unconnected pin dina[30]
CRITICAL WARNING: [Synth 8-4442] BlackBox module \dut/T0_gen/Tile_DATA_mem  has unconnected pin dina[29]
CRITICAL WARNING: [Synth 8-4442] BlackBox module \dut/T0_gen/Tile_DATA_mem  has unconnected pin dina[28]
CRITICAL WARNING: [Synth 8-4442] BlackBox module \dut/T0_gen/Tile_DATA_mem  has unconnected pin dina[27]
CRITICAL WARNING: [Synth 8-4442] BlackBox module \dut/T0_gen/Tile_DATA_mem  has unconnected pin dina[26]
CRITICAL WARNING: [Synth 8-4442] BlackBox module \dut/T0_gen/Tile_DATA_mem  has unconnected pin dina[25]
CRITICAL WARNING: [Synth 8-4442] BlackBox module \dut/T0_gen/Tile_DATA_mem  has unconnected pin dina[24]
CRITICAL WARNING: [Synth 8-4442] BlackBox module \dut/T0_gen/Tile_DATA_mem  has unconnected pin dina[23]
CRITICAL WARNING: [Synth 8-4442] BlackBox module \dut/T0_gen/Tile_DATA_mem  has unconnected pin dina[22]
CRITICAL WARNING: [Synth 8-4442] BlackBox module \dut/T0_gen/Tile_DATA_mem  has unconnected pin dina[21]
CRITICAL WARNING: [Synth 8-4442] BlackBox module \dut/T0_gen/Tile_DATA_mem  has unconnected pin dina[20]
CRITICAL WARNING: [Synth 8-4442] BlackBox module \dut/T0_gen/Tile_DATA_mem  has unconnected pin dina[19]
CRITICAL WARNING: [Synth 8-4442] BlackBox module \dut/T0_gen/Tile_DATA_mem  has unconnected pin dina[18]
CRITICAL WARNING: [Synth 8-4442] BlackBox module \dut/T0_gen/Tile_DATA_mem  has unconnected pin dina[17]
CRITICAL WARNING: [Synth 8-4442] BlackBox module \dut/T0_gen/Tile_DATA_mem  has unconnected pin dina[16]
CRITICAL WARNING: [Synth 8-4442] BlackBox module \dut/T0_gen/Tile_DATA_mem  has unconnected pin dina[15]
CRITICAL WARNING: [Synth 8-4442] BlackBox module \dut/T0_gen/Tile_DATA_mem  has unconnected pin dina[14]
CRITICAL WARNING: [Synth 8-4442] BlackBox module \dut/T0_gen/Tile_DATA_mem  has unconnected pin dina[13]
CRITICAL WARNING: [Synth 8-4442] BlackBox module \dut/T0_gen/Tile_DATA_mem  has unconnected pin dina[12]
CRITICAL WARNING: [Synth 8-4442] BlackBox module \dut/T0_gen/Tile_DATA_mem  has unconnected pin dina[11]
CRITICAL WARNING: [Synth 8-4442] BlackBox module \dut/T0_gen/Tile_DATA_mem  has unconnected pin dina[10]
CRITICAL WARNING: [Synth 8-4442] BlackBox module \dut/T0_gen/Tile_DATA_mem  has unconnected pin dina[9]
CRITICAL WARNING: [Synth 8-4442] BlackBox module \dut/T0_gen/Tile_DATA_mem  has unconnected pin dina[8]
CRITICAL WARNING: [Synth 8-4442] BlackBox module \dut/T0_gen/Tile_DATA_mem  has unconnected pin dina[7]
CRITICAL WARNING: [Synth 8-4442] BlackBox module \dut/T0_gen/Tile_DATA_mem  has unconnected pin dina[6]
CRITICAL WARNING: [Synth 8-4442] BlackBox module \dut/T0_gen/Tile_DATA_mem  has unconnected pin dina[5]
CRITICAL WARNING: [Synth 8-4442] BlackBox module \dut/T0_gen/Tile_DATA_mem  has unconnected pin dina[4]
CRITICAL WARNING: [Synth 8-4442] BlackBox module \dut/T0_gen/Tile_DATA_mem  has unconnected pin dina[3]
CRITICAL WARNING: [Synth 8-4442] BlackBox module \dut/T0_gen/Tile_DATA_mem  has unconnected pin dina[2]
CRITICAL WARNING: [Synth 8-4442] BlackBox module \dut/T0_gen/Tile_DATA_mem  has unconnected pin dina[1]
CRITICAL WARNING: [Synth 8-4442] BlackBox module \dut/T0_gen/Tile_DATA_mem  has unconnected pin dina[0]
CRITICAL WARNING: [Synth 8-4442] BlackBox module \dut/T1_gen/line_buf  has unconnected pin dinb[15]
CRITICAL WARNING: [Synth 8-4442] BlackBox module \dut/T1_gen/line_buf  has unconnected pin dinb[14]
CRITICAL WARNING: [Synth 8-4442] BlackBox module \dut/T1_gen/line_buf  has unconnected pin dinb[13]
CRITICAL WARNING: [Synth 8-4442] BlackBox module \dut/T1_gen/line_buf  has unconnected pin dinb[12]
INFO: [Common 17-14] Message 'Synth 8-4442' appears 100 times and further instances of the messages will be disabled. Use the Tcl command set_msg_config to change the current settings.
---------------------------------------------------------------------------------
Finished IO Insertion : Time (s): cpu = 00:00:32 ; elapsed = 00:00:33 . Memory (MB): peak = 2774.801 ; gain = 1043.375 ; free physical = 450 ; free virtual = 19766
---------------------------------------------------------------------------------
---------------------------------------------------------------------------------
Start Renaming Generated Instances
---------------------------------------------------------------------------------
---------------------------------------------------------------------------------
Finished Renaming Generated Instances : Time (s): cpu = 00:00:32 ; elapsed = 00:00:33 . Memory (MB): peak = 2774.801 ; gain = 1043.375 ; free physical = 450 ; free virtual = 19766
---------------------------------------------------------------------------------
---------------------------------------------------------------------------------
Start Rebuilding User Hierarchy
---------------------------------------------------------------------------------
---------------------------------------------------------------------------------
Finished Rebuilding User Hierarchy : Time (s): cpu = 00:00:32 ; elapsed = 00:00:33 . Memory (MB): peak = 2774.801 ; gain = 1043.375 ; free physical = 450 ; free virtual = 19766
---------------------------------------------------------------------------------
---------------------------------------------------------------------------------
Start Renaming Generated Ports
---------------------------------------------------------------------------------
---------------------------------------------------------------------------------
Finished Renaming Generated Ports : Time (s): cpu = 00:00:32 ; elapsed = 00:00:33 . Memory (MB): peak = 2774.801 ; gain = 1043.375 ; free physical = 450 ; free virtual = 19766
---------------------------------------------------------------------------------
---------------------------------------------------------------------------------
Start Handling Custom Attributes
---------------------------------------------------------------------------------
---------------------------------------------------------------------------------
Finished Handling Custom Attributes : Time (s): cpu = 00:00:32 ; elapsed = 00:00:33 . Memory (MB): peak = 2774.801 ; gain = 1043.375 ; free physical = 450 ; free virtual = 19766
---------------------------------------------------------------------------------
---------------------------------------------------------------------------------
Start Renaming Generated Nets
---------------------------------------------------------------------------------
---------------------------------------------------------------------------------
Finished Renaming Generated Nets : Time (s): cpu = 00:00:32 ; elapsed = 00:00:33 . Memory (MB): peak = 2774.801 ; gain = 1043.375 ; free physical = 450 ; free virtual = 19766
---------------------------------------------------------------------------------
---------------------------------------------------------------------------------
Start Writing Synthesis Report
---------------------------------------------------------------------------------

DSP Final Report (the ' indicates corresponding REG is set)
+---------------+-------------+--------+--------+--------+--------+--------+------+------+------+------+-------+------+------+
|Module Name    | DSP Mapping | A Size | B Size | C Size | D Size | P Size | AREG | BREG | CREG | DREG | ADREG | MREG | PREG | 
+---------------+-------------+--------+--------+--------+--------+--------+------+------+------+------+-------+------+------+
|VDP_bitmap_gen | A*B         | 10     | 10     | -      | -      | 20     | 0    | 0    | -    | -    | -     | 0    | 0    | 
+---------------+-------------+--------+--------+--------+--------+--------+------+------+------+------+-------+------+------+


Report BlackBoxes: 
+------+---------------------+----------+
|      |BlackBox name        |Instances |
+------+---------------------+----------+
|1     |blk_mem_fin_line     |         1|
|2     |blk_mem_gen_bit_line |         1|
|3     |blk_mem_gen_spr_line |         1|
|4     |blk_mem_gen_spr_data |         1|
|5     |blk_mem_gen_spr_att  |         1|
|6     |blk_mem_buf_line     |         2|
|7     |blk_mem_tile_map     |         2|
|8     |blk_mem_tile_data    |         2|
+------+---------------------+----------+

Report Cell Usage: 
+------+---------------------+------+
|      |Cell                 |Count |
+------+---------------------+------+
|1     |blk_mem_buf_line     |     2|
|3     |blk_mem_fin_line     |     1|
|4     |blk_mem_gen_bit_line |     1|
|5     |blk_mem_gen_spr_att  |     1|
|6     |blk_mem_gen_spr_data |     1|
|7     |blk_mem_gen_spr_line |     1|
|8     |blk_mem_tile_data    |     2|
|10    |blk_mem_tile_map     |     2|
|12    |CARRY4               |   106|
|13    |DSP48E1              |     1|
|14    |LUT1                 |    20|
|15    |LUT2                 |   293|
|16    |LUT3                 |   235|
|17    |LUT4                 |   425|
|18    |LUT5                 |   394|
|19    |LUT6                 |   861|
|20    |MUXF7                |    80|
|21    |MUXF8                |    16|
|22    |RAM128X1D            |   192|
|23    |RAM256X1S            |    32|
|24    |RAM32M               |    12|
|25    |FDRE                 |  1067|
|26    |FDSE                 |     4|
+------+---------------------+------+
---------------------------------------------------------------------------------
Finished Writing Synthesis Report : Time (s): cpu = 00:00:32 ; elapsed = 00:00:33 . Memory (MB): peak = 2774.801 ; gain = 1043.375 ; free physical = 450 ; free virtual = 19766
---------------------------------------------------------------------------------
Synthesis finished with 0 errors, 192 critical warnings and 45 warnings.
Synthesis Optimization Runtime : Time (s): cpu = 00:00:30 ; elapsed = 00:00:31 . Memory (MB): peak = 2774.801 ; gain = 937.602 ; free physical = 450 ; free virtual = 19766
Synthesis Optimization Complete : Time (s): cpu = 00:00:32 ; elapsed = 00:00:33 . Memory (MB): peak = 2774.809 ; gain = 1043.375 ; free physical = 450 ; free virtual = 19766
INFO: [Project 1-571] Translating synthesized netlist
Netlist sorting complete. Time (s): cpu = 00:00:00.03 ; elapsed = 00:00:00.02 . Memory (MB): peak = 2777.770 ; gain = 0.000 ; free physical = 593 ; free virtual = 19909
INFO: [Netlist 29-17] Analyzing 439 Unisim elements for replacement
INFO: [Netlist 29-28] Unisim Transformation completed in 0 CPU seconds
INFO: [Project 1-570] Preparing netlist for logic optimization
INFO: [Opt 31-138] Pushed 0 inverter(s) to 0 load pin(s).
Netlist sorting complete. Time (s): cpu = 00:00:00 ; elapsed = 00:00:00 . Memory (MB): peak = 2836.766 ; gain = 0.000 ; free physical = 586 ; free virtual = 19902
INFO: [Project 1-111] Unisim Transformation Summary:
  A total of 236 instances were transformed.
  RAM128X1D => RAM128X1D (MUXF7(x2), RAMD64E(x4)): 192 instances
  RAM256X1S => RAM256X1S (MUXF7(x2), MUXF8, RAMS64E(x4)): 32 instances
  RAM32M => RAM32M (RAMD32(x6), RAMS32(x2)): 12 instances

Synth Design complete | Checksum: 760e643e
INFO: [Common 17-83] Releasing license: Synthesis
88 Infos, 61 Warnings, 100 Critical Warnings and 0 Errors encountered.
synth_design completed successfully
synth_design: Time (s): cpu = 00:00:38 ; elapsed = 00:00:38 . Memory (MB): peak = 2836.801 ; gain = 1223.617 ; free physical = 591 ; free virtual = 19907
INFO: [Common 17-2834] synth_design peak Physical Memory [PSS] (MB): overall = 1889.049; main = 1803.304; forked = 235.136
INFO: [Common 17-2834] synth_design peak Virtual Memory [VSS] (MB): overall = 3637.195; main = 2836.770; forked = 994.203
INFO: [runtcl-6] Synthesis results are not added to the cache due to CRITICAL_WARNING
INFO: [Coretcl 2-1174] Renamed 15 cell refs.
Write ShapeDB Complete: Time (s): cpu = 00:00:00.02 ; elapsed = 00:00:00.01 . Memory (MB): peak = 2860.777 ; gain = 0.000 ; free physical = 591 ; free virtual = 19908
INFO: [Common 17-1381] The checkpoint '/home/lovro/ARES/ARES_fpga/ARES_fpga/ARES_fpga.runs/Block_top_VDP_wrapper_0_0_synth_1/Block_top_VDP_wrapper_0_0.dcp' has been generated.
INFO: [Vivado 12-24828] Executing command : report_utilization -file Block_top_VDP_wrapper_0_0_utilization_synth.rpt -pb Block_top_VDP_wrapper_0_0_utilization_synth.pb
INFO: [Common 17-206] Exiting Vivado at Thu Aug 20 16:15:52 2026...
