
*** Running vivado
    with args -log Block_top_util_ds_buf_0_1.vds -m64 -product Vivado -mode batch -messageDb vivado.pb -notrace -source Block_top_util_ds_buf_0_1.tcl


****** Vivado v2025.2 (64-bit)
  **** SW Build 6299465 on Fri Nov 14 12:34:56 MST 2025
  **** IP Build 6300035 on Fri Nov 14 10:48:45 MST 2025
  **** SharedData Build 6298862 on Thu Nov 13 04:50:51 MST 2025
  **** Start of session at: Mon Jul 27 18:59:41 2026
    ** Copyright 1986-2022 Xilinx, Inc. All Rights Reserved.
    ** Copyright 2022-2025 Advanced Micro Devices, Inc. All Rights Reserved.

source Block_top_util_ds_buf_0_1.tcl -notrace
create_project: Time (s): cpu = 00:00:21 ; elapsed = 00:00:10 . Memory (MB): peak = 1588.688 ; gain = 108.059 ; free physical = 11200 ; free virtual = 28763
INFO: [IP_Flow 19-234] Refreshing IP repositories
INFO: [IP_Flow 19-1700] Loaded user IP repository '/home/lovro/Documents/Alchistry_Labs/DDR3 test/cores/ip_repo/myip_1_0'.
INFO: [IP_Flow 19-1700] Loaded user IP repository '/home/lovro/Documents/Alchistry_Labs/DDR3 test/cores/ip_repo/CPU_IO_converter_1_0'.
INFO: [IP_Flow 19-1700] Loaded user IP repository '/home/lovro/Documents/Alchistry_Labs/DDR3 test/cores/ip_repo/CPU_io_converter_1_0'.
INFO: [IP_Flow 19-2313] Loaded Vivado IP repository '/opt/Vivado/2025.2/data/ip'.
Command: synth_design -top Block_top_util_ds_buf_0_1 -part xc7a35tftg256-2 -incremental_mode off -mode out_of_context
Starting synth_design
Attempting to get a license for feature 'Synthesis' and/or device 'xc7a35t'
INFO: [Common 17-349] Got license for feature 'Synthesis' and/or device 'xc7a35t'
INFO: [Device 21-403] Loading part xc7a35tftg256-2
INFO: [Synth 8-7079] Multithreading enabled for synth_design using a maximum of 7 processes.
INFO: [Synth 8-7078] Launching helper process for spawning children vivado processes
INFO: [Synth 8-7075] Helper process launched with PID 226799
---------------------------------------------------------------------------------
Starting RTL Elaboration : Time (s): cpu = 00:00:08 ; elapsed = 00:00:08 . Memory (MB): peak = 2221.367 ; gain = 480.594 ; free physical = 6905 ; free virtual = 24464
---------------------------------------------------------------------------------
INFO: [Synth 8-638] synthesizing module 'Block_top_util_ds_buf_0_1' [/home/lovro/Documents/Alchistry_Labs/DDR3 test/cores/Alchitry AMIX_RISCV/Alchitry AMIX_RISCV.gen/sources_1/bd/Block_top/ip/Block_top_util_ds_buf_0_1/synth/Block_top_util_ds_buf_0_1.vhd:65]
	Parameter C_SIZE bound to: 1 - type: integer 
	Parameter C_BUF_TYPE bound to: IOBUF - type: string 
	Parameter C_BUFGCE_DIV bound to: 1 - type: integer 
	Parameter C_BUFG_GT_SYNC bound to: 0 - type: integer 
	Parameter C_OBUFDS_GTE5_ADV bound to: 2'b00 
	Parameter C_REFCLK_ICNTL_TX bound to: 5'b00000 
	Parameter C_SIM_DEVICE bound to: VERSAL_AI_CORE_ES1 - type: string 
	Parameter C_DIVBY2 bound to: 0 - type: integer 
INFO: [Synth 8-3491] module 'util_ds_buf' declared at '/home/lovro/Documents/Alchistry_Labs/DDR3 test/cores/Alchitry AMIX_RISCV/Alchitry AMIX_RISCV.gen/sources_1/bd/Block_top/ip/Block_top_util_ds_buf_0_1/util_ds_buf.vhd:73' bound to instance 'U0' of component 'util_ds_buf' [/home/lovro/Documents/Alchistry_Labs/DDR3 test/cores/Alchitry AMIX_RISCV/Alchitry AMIX_RISCV.gen/sources_1/bd/Block_top/ip/Block_top_util_ds_buf_0_1/synth/Block_top_util_ds_buf_0_1.vhd:246]
INFO: [Synth 8-638] synthesizing module 'util_ds_buf' [/home/lovro/Documents/Alchistry_Labs/DDR3 test/cores/Alchitry AMIX_RISCV/Alchitry AMIX_RISCV.gen/sources_1/bd/Block_top/ip/Block_top_util_ds_buf_0_1/util_ds_buf.vhd:303]
INFO: [Synth 8-113] binding component instance 'IOBUF_I' to cell 'IOBUF' [/home/lovro/Documents/Alchistry_Labs/DDR3 test/cores/Alchitry AMIX_RISCV/Alchitry AMIX_RISCV.gen/sources_1/bd/Block_top/ip/Block_top_util_ds_buf_0_1/util_ds_buf.vhd:840]
INFO: [Synth 8-256] done synthesizing module 'util_ds_buf' (0#1) [/home/lovro/Documents/Alchistry_Labs/DDR3 test/cores/Alchitry AMIX_RISCV/Alchitry AMIX_RISCV.gen/sources_1/bd/Block_top/ip/Block_top_util_ds_buf_0_1/util_ds_buf.vhd:303]
INFO: [Synth 8-256] done synthesizing module 'Block_top_util_ds_buf_0_1' (0#1) [/home/lovro/Documents/Alchistry_Labs/DDR3 test/cores/Alchitry AMIX_RISCV/Alchitry AMIX_RISCV.gen/sources_1/bd/Block_top/ip/Block_top_util_ds_buf_0_1/synth/Block_top_util_ds_buf_0_1.vhd:65]
INFO: [Synth 8-7129] Port IBUF_DS_P[0] in module util_ds_buf is either unconnected or has no load
INFO: [Synth 8-7129] Port IBUF_DS_N[0] in module util_ds_buf is either unconnected or has no load
INFO: [Synth 8-7129] Port IBUF_DS_CEB[0] in module util_ds_buf is either unconnected or has no load
INFO: [Synth 8-7129] Port OBUF_IN[0] in module util_ds_buf is either unconnected or has no load
INFO: [Synth 8-7129] Port BUFG_I[0] in module util_ds_buf is either unconnected or has no load
INFO: [Synth 8-7129] Port BUFGCE_I[0] in module util_ds_buf is either unconnected or has no load
INFO: [Synth 8-7129] Port BUFGCE_CE[0] in module util_ds_buf is either unconnected or has no load
INFO: [Synth 8-7129] Port BUFGCE_CLR[0] in module util_ds_buf is either unconnected or has no load
INFO: [Synth 8-7129] Port BUFH_I[0] in module util_ds_buf is either unconnected or has no load
INFO: [Synth 8-7129] Port BUFHCE_I[0] in module util_ds_buf is either unconnected or has no load
INFO: [Synth 8-7129] Port BUFHCE_CE[0] in module util_ds_buf is either unconnected or has no load
INFO: [Synth 8-7129] Port BUFG_FABRIC_I[0] in module util_ds_buf is either unconnected or has no load
INFO: [Synth 8-7129] Port OBUFDS_GTE5_CEB[0] in module util_ds_buf is either unconnected or has no load
INFO: [Synth 8-7129] Port OBUFDS_GTE5_I[0] in module util_ds_buf is either unconnected or has no load
INFO: [Synth 8-7129] Port OBUFDS_GTE5_ADV_CEB[0] in module util_ds_buf is either unconnected or has no load
INFO: [Synth 8-7129] Port OBUFDS_GTE5_ADV_I[3] in module util_ds_buf is either unconnected or has no load
INFO: [Synth 8-7129] Port OBUFDS_GTE5_ADV_I[2] in module util_ds_buf is either unconnected or has no load
INFO: [Synth 8-7129] Port OBUFDS_GTE5_ADV_I[1] in module util_ds_buf is either unconnected or has no load
INFO: [Synth 8-7129] Port OBUFDS_GTE5_ADV_I[0] in module util_ds_buf is either unconnected or has no load
INFO: [Synth 8-7129] Port OBUFDS_GTE5_ADV_RXRECCLKSEL[1] in module util_ds_buf is either unconnected or has no load
INFO: [Synth 8-7129] Port OBUFDS_GTE5_ADV_RXRECCLKSEL[0] in module util_ds_buf is either unconnected or has no load
INFO: [Synth 8-7129] Port OBUFDS_GTE3_CEB[0] in module util_ds_buf is either unconnected or has no load
INFO: [Synth 8-7129] Port OBUFDS_GTE3_I[0] in module util_ds_buf is either unconnected or has no load
INFO: [Synth 8-7129] Port OBUFDS_GTE3_ADV_CEB[0] in module util_ds_buf is either unconnected or has no load
INFO: [Synth 8-7129] Port OBUFDS_GTE3_ADV_I[3] in module util_ds_buf is either unconnected or has no load
INFO: [Synth 8-7129] Port OBUFDS_GTE3_ADV_I[2] in module util_ds_buf is either unconnected or has no load
INFO: [Synth 8-7129] Port OBUFDS_GTE3_ADV_I[1] in module util_ds_buf is either unconnected or has no load
INFO: [Synth 8-7129] Port OBUFDS_GTE3_ADV_I[0] in module util_ds_buf is either unconnected or has no load
INFO: [Synth 8-7129] Port RXRECCLK_SEL_GTE3_ADV[1] in module util_ds_buf is either unconnected or has no load
INFO: [Synth 8-7129] Port RXRECCLK_SEL_GTE3_ADV[0] in module util_ds_buf is either unconnected or has no load
INFO: [Synth 8-7129] Port OBUFDS_GTE4_CEB[0] in module util_ds_buf is either unconnected or has no load
INFO: [Synth 8-7129] Port OBUFDS_GTE4_I[0] in module util_ds_buf is either unconnected or has no load
INFO: [Synth 8-7129] Port OBUFDS_GTE4_ADV_CEB[0] in module util_ds_buf is either unconnected or has no load
INFO: [Synth 8-7129] Port OBUFDS_GTE4_ADV_I[3] in module util_ds_buf is either unconnected or has no load
INFO: [Synth 8-7129] Port OBUFDS_GTE4_ADV_I[2] in module util_ds_buf is either unconnected or has no load
INFO: [Synth 8-7129] Port OBUFDS_GTE4_ADV_I[1] in module util_ds_buf is either unconnected or has no load
INFO: [Synth 8-7129] Port OBUFDS_GTE4_ADV_I[0] in module util_ds_buf is either unconnected or has no load
INFO: [Synth 8-7129] Port RXRECCLK_SEL_GTE4_ADV[1] in module util_ds_buf is either unconnected or has no load
INFO: [Synth 8-7129] Port RXRECCLK_SEL_GTE4_ADV[0] in module util_ds_buf is either unconnected or has no load
INFO: [Synth 8-7129] Port IBUFDS_GTM_CEB[0] in module util_ds_buf is either unconnected or has no load
INFO: [Synth 8-7129] Port IBUFDS_GTM_I[0] in module util_ds_buf is either unconnected or has no load
INFO: [Synth 8-7129] Port IBUFDS_GTM_IB[0] in module util_ds_buf is either unconnected or has no load
INFO: [Synth 8-7129] Port OBUFDS_GTM_CEB[0] in module util_ds_buf is either unconnected or has no load
INFO: [Synth 8-7129] Port OBUFDS_GTM_I[0] in module util_ds_buf is either unconnected or has no load
INFO: [Synth 8-7129] Port OBUFDS_GTM_ADV_CEB[0] in module util_ds_buf is either unconnected or has no load
INFO: [Synth 8-7129] Port OBUFDS_GTM_ADV_I[3] in module util_ds_buf is either unconnected or has no load
INFO: [Synth 8-7129] Port OBUFDS_GTM_ADV_I[2] in module util_ds_buf is either unconnected or has no load
INFO: [Synth 8-7129] Port OBUFDS_GTM_ADV_I[1] in module util_ds_buf is either unconnected or has no load
INFO: [Synth 8-7129] Port OBUFDS_GTM_ADV_I[0] in module util_ds_buf is either unconnected or has no load
INFO: [Synth 8-7129] Port IBUFDS_GTME5_CEB[0] in module util_ds_buf is either unconnected or has no load
INFO: [Synth 8-7129] Port IBUFDS_GTME5_I[0] in module util_ds_buf is either unconnected or has no load
INFO: [Synth 8-7129] Port IBUFDS_GTME5_IB[0] in module util_ds_buf is either unconnected or has no load
INFO: [Synth 8-7129] Port OBUFDS_GTME5_CEB[0] in module util_ds_buf is either unconnected or has no load
INFO: [Synth 8-7129] Port OBUFDS_GTME5_I[0] in module util_ds_buf is either unconnected or has no load
INFO: [Synth 8-7129] Port OBUFDS_GTME5_ADV_CEB[0] in module util_ds_buf is either unconnected or has no load
INFO: [Synth 8-7129] Port OBUFDS_GTME5_ADV_I[3] in module util_ds_buf is either unconnected or has no load
INFO: [Synth 8-7129] Port OBUFDS_GTME5_ADV_I[2] in module util_ds_buf is either unconnected or has no load
INFO: [Synth 8-7129] Port OBUFDS_GTME5_ADV_I[1] in module util_ds_buf is either unconnected or has no load
INFO: [Synth 8-7129] Port OBUFDS_GTME5_ADV_I[0] in module util_ds_buf is either unconnected or has no load
INFO: [Synth 8-7129] Port OBUFDS_GTME5_ADV_RXRECCLKSEL[1] in module util_ds_buf is either unconnected or has no load
INFO: [Synth 8-7129] Port OBUFDS_GTME5_ADV_RXRECCLKSEL[0] in module util_ds_buf is either unconnected or has no load
INFO: [Synth 8-7129] Port BUFG_GT_I[0] in module util_ds_buf is either unconnected or has no load
INFO: [Synth 8-7129] Port BUFG_GT_CE[0] in module util_ds_buf is either unconnected or has no load
INFO: [Synth 8-7129] Port BUFG_GT_CEMASK[0] in module util_ds_buf is either unconnected or has no load
INFO: [Synth 8-7129] Port BUFG_GT_CLR[0] in module util_ds_buf is either unconnected or has no load
INFO: [Synth 8-7129] Port BUFG_GT_CLRMASK[0] in module util_ds_buf is either unconnected or has no load
INFO: [Synth 8-7129] Port BUFG_GT_DIV[2] in module util_ds_buf is either unconnected or has no load
INFO: [Synth 8-7129] Port BUFG_GT_DIV[1] in module util_ds_buf is either unconnected or has no load
INFO: [Synth 8-7129] Port BUFG_GT_DIV[0] in module util_ds_buf is either unconnected or has no load
INFO: [Synth 8-7129] Port BUFG_PS_I[0] in module util_ds_buf is either unconnected or has no load
INFO: [Synth 8-7129] Port MBUFG_GT_I[0] in module util_ds_buf is either unconnected or has no load
INFO: [Synth 8-7129] Port MBUFG_GT_CE[0] in module util_ds_buf is either unconnected or has no load
INFO: [Synth 8-7129] Port MBUFG_GT_CEMASK[0] in module util_ds_buf is either unconnected or has no load
INFO: [Synth 8-7129] Port MBUFG_GT_CLR[0] in module util_ds_buf is either unconnected or has no load
INFO: [Synth 8-7129] Port MBUFG_GT_CLRB_LEAF[0] in module util_ds_buf is either unconnected or has no load
INFO: [Synth 8-7129] Port MBUFG_GT_CLRMASK[0] in module util_ds_buf is either unconnected or has no load
INFO: [Synth 8-7129] Port MBUFG_GT_DIV[2] in module util_ds_buf is either unconnected or has no load
INFO: [Synth 8-7129] Port MBUFG_GT_DIV[1] in module util_ds_buf is either unconnected or has no load
INFO: [Synth 8-7129] Port MBUFG_GT_DIV[0] in module util_ds_buf is either unconnected or has no load
INFO: [Synth 8-7129] Port MBUFG_PS_I[0] in module util_ds_buf is either unconnected or has no load
INFO: [Synth 8-7129] Port MBUFG_PS_CLRB_LEAF[0] in module util_ds_buf is either unconnected or has no load
INFO: [Synth 8-7129] Port MBUFGCE_CE[0] in module util_ds_buf is either unconnected or has no load
INFO: [Synth 8-7129] Port MBUFGCE_CLRB_LEAF[0] in module util_ds_buf is either unconnected or has no load
INFO: [Synth 8-7129] Port MBUFGCE_I[0] in module util_ds_buf is either unconnected or has no load
INFO: [Synth 8-7129] Port MBUFGCE_DIV_CE[0] in module util_ds_buf is either unconnected or has no load
INFO: [Synth 8-7129] Port MBUFGCE_DIV_CLRB_LEAF[0] in module util_ds_buf is either unconnected or has no load
INFO: [Synth 8-7129] Port MBUFGCE_DIV_CLR[0] in module util_ds_buf is either unconnected or has no load
INFO: [Synth 8-7129] Port MBUFGCE_DIV_I[0] in module util_ds_buf is either unconnected or has no load
INFO: [Synth 8-7129] Port MBUFGCTRL_CE0[0] in module util_ds_buf is either unconnected or has no load
INFO: [Synth 8-7129] Port MBUFGCTRL_CE1[0] in module util_ds_buf is either unconnected or has no load
INFO: [Synth 8-7129] Port MBUFGCTRL_CLRB_LEAF[0] in module util_ds_buf is either unconnected or has no load
INFO: [Synth 8-7129] Port MBUFGCTRL_IGNORE0[0] in module util_ds_buf is either unconnected or has no load
INFO: [Synth 8-7129] Port MBUFGCTRL_IGNORE1[0] in module util_ds_buf is either unconnected or has no load
INFO: [Synth 8-7129] Port MBUFGCTRL_I0[0] in module util_ds_buf is either unconnected or has no load
INFO: [Synth 8-7129] Port MBUFGCTRL_I1[0] in module util_ds_buf is either unconnected or has no load
INFO: [Synth 8-7129] Port MBUFGCTRL_S0[0] in module util_ds_buf is either unconnected or has no load
INFO: [Synth 8-7129] Port MBUFGCTRL_S1[0] in module util_ds_buf is either unconnected or has no load
INFO: [Synth 8-7129] Port IBUFDS_GTM2_I[0] in module util_ds_buf is either unconnected or has no load
INFO: [Synth 8-7129] Port IBUFDS_GTM2_IB[0] in module util_ds_buf is either unconnected or has no load
INFO: [Synth 8-7129] Port BUFGCTRL_CE0[0] in module util_ds_buf is either unconnected or has no load
INFO: [Common 17-14] Message 'Synth 8-7129' appears 100 times and further instances of the messages will be disabled. Use the Tcl command set_msg_config to change the current settings.
---------------------------------------------------------------------------------
Finished RTL Elaboration : Time (s): cpu = 00:00:10 ; elapsed = 00:00:10 . Memory (MB): peak = 2313.305 ; gain = 572.531 ; free physical = 6343 ; free virtual = 23904
---------------------------------------------------------------------------------
---------------------------------------------------------------------------------
Start Handling Custom Attributes
---------------------------------------------------------------------------------
---------------------------------------------------------------------------------
Finished Handling Custom Attributes : Time (s): cpu = 00:00:10 ; elapsed = 00:00:11 . Memory (MB): peak = 2328.148 ; gain = 587.375 ; free physical = 6355 ; free virtual = 23916
---------------------------------------------------------------------------------
---------------------------------------------------------------------------------
Finished RTL Optimization Phase 1 : Time (s): cpu = 00:00:10 ; elapsed = 00:00:11 . Memory (MB): peak = 2328.148 ; gain = 587.375 ; free physical = 6355 ; free virtual = 23916
---------------------------------------------------------------------------------
Netlist sorting complete. Time (s): cpu = 00:00:00 ; elapsed = 00:00:00 . Memory (MB): peak = 2334.086 ; gain = 0.000 ; free physical = 6340 ; free virtual = 23901
INFO: [Netlist 29-17] Analyzing 1 Unisim elements for replacement
INFO: [Netlist 29-28] Unisim Transformation completed in 0 CPU seconds
WARNING: [Netlist 29-1115] Found multi-term driver net: U0/<const0>.
INFO: [Project 1-570] Preparing netlist for logic optimization

Processing XDC Constraints
Initializing timing engine
Parsing XDC File [/home/lovro/Documents/Alchistry_Labs/DDR3 test/cores/Alchitry AMIX_RISCV/Alchitry AMIX_RISCV.gen/sources_1/bd/Block_top/ip/Block_top_util_ds_buf_0_1/Block_top_util_ds_buf_0_1_ooc.xdc] for cell 'U0'
Finished Parsing XDC File [/home/lovro/Documents/Alchistry_Labs/DDR3 test/cores/Alchitry AMIX_RISCV/Alchitry AMIX_RISCV.gen/sources_1/bd/Block_top/ip/Block_top_util_ds_buf_0_1/Block_top_util_ds_buf_0_1_ooc.xdc] for cell 'U0'
Parsing XDC File [/home/lovro/Documents/Alchistry_Labs/DDR3 test/cores/Alchitry AMIX_RISCV/Alchitry AMIX_RISCV.gen/sources_1/bd/Block_top/ip/Block_top_util_ds_buf_0_1/Block_top_util_ds_buf_0_1_board.xdc] for cell 'U0'
Finished Parsing XDC File [/home/lovro/Documents/Alchistry_Labs/DDR3 test/cores/Alchitry AMIX_RISCV/Alchitry AMIX_RISCV.gen/sources_1/bd/Block_top/ip/Block_top_util_ds_buf_0_1/Block_top_util_ds_buf_0_1_board.xdc] for cell 'U0'
Parsing XDC File [/home/lovro/Documents/Alchistry_Labs/DDR3 test/cores/Alchitry AMIX_RISCV/Alchitry AMIX_RISCV.runs/Block_top_util_ds_buf_0_1_synth_1/dont_touch.xdc]
Finished Parsing XDC File [/home/lovro/Documents/Alchistry_Labs/DDR3 test/cores/Alchitry AMIX_RISCV/Alchitry AMIX_RISCV.runs/Block_top_util_ds_buf_0_1_synth_1/dont_touch.xdc]
Completed Processing XDC Constraints

Netlist sorting complete. Time (s): cpu = 00:00:00 ; elapsed = 00:00:00 . Memory (MB): peak = 2377.074 ; gain = 0.000 ; free physical = 6258 ; free virtual = 23821
INFO: [Project 1-111] Unisim Transformation Summary:
  A total of 1 instances were transformed.
  IOBUF => IOBUF (IBUF, OBUFT): 1 instance 

lscpu: bad usage
Try 'lscpu --help' for more information.
Constraint Validation Runtime : Time (s): cpu = 00:00:00.01 ; elapsed = 00:00:00.01 . Memory (MB): peak = 2377.109 ; gain = 0.000 ; free physical = 6254 ; free virtual = 23818
INFO: [Designutils 20-5008] Incremental synthesis strategy off
---------------------------------------------------------------------------------
Finished Constraint Validation : Time (s): cpu = 00:00:20 ; elapsed = 00:00:20 . Memory (MB): peak = 2377.109 ; gain = 636.336 ; free physical = 6207 ; free virtual = 23775
---------------------------------------------------------------------------------
---------------------------------------------------------------------------------
Start Loading Part and Timing Information
---------------------------------------------------------------------------------
Loading part: xc7a35tftg256-2
---------------------------------------------------------------------------------
Finished Loading Part and Timing Information : Time (s): cpu = 00:00:20 ; elapsed = 00:00:20 . Memory (MB): peak = 2385.078 ; gain = 644.305 ; free physical = 6206 ; free virtual = 23775
---------------------------------------------------------------------------------
---------------------------------------------------------------------------------
Start Applying 'set_property' XDC Constraints
---------------------------------------------------------------------------------
---------------------------------------------------------------------------------
Finished applying 'set_property' XDC Constraints : Time (s): cpu = 00:00:20 ; elapsed = 00:00:20 . Memory (MB): peak = 2385.078 ; gain = 644.305 ; free physical = 6206 ; free virtual = 23775
---------------------------------------------------------------------------------
---------------------------------------------------------------------------------
Finished RTL Optimization Phase 2 : Time (s): cpu = 00:00:20 ; elapsed = 00:00:21 . Memory (MB): peak = 2385.078 ; gain = 644.305 ; free physical = 6231 ; free virtual = 23800
---------------------------------------------------------------------------------
---------------------------------------------------------------------------------
Start RTL Component Statistics 
---------------------------------------------------------------------------------
Detailed RTL Component Info : 
---------------------------------------------------------------------------------
Finished RTL Component Statistics 
---------------------------------------------------------------------------------
---------------------------------------------------------------------------------
Start Part Resource Summary
---------------------------------------------------------------------------------
Part Resources:
DSPs: 90 (col length:60)
BRAMs: 100 (col length: RAMB18 60 RAMB36 30)
---------------------------------------------------------------------------------
Finished Part Resource Summary
---------------------------------------------------------------------------------
---------------------------------------------------------------------------------
Start Cross Boundary and Area Optimization
---------------------------------------------------------------------------------
---------------------------------------------------------------------------------
Finished Cross Boundary and Area Optimization : Time (s): cpu = 00:00:21 ; elapsed = 00:00:22 . Memory (MB): peak = 2385.078 ; gain = 644.305 ; free physical = 6238 ; free virtual = 23810
---------------------------------------------------------------------------------
---------------------------------------------------------------------------------
Start Applying XDC Timing Constraints
---------------------------------------------------------------------------------
---------------------------------------------------------------------------------
Finished Applying XDC Timing Constraints : Time (s): cpu = 00:00:28 ; elapsed = 00:00:28 . Memory (MB): peak = 2470.078 ; gain = 729.305 ; free physical = 6176 ; free virtual = 23749
---------------------------------------------------------------------------------
---------------------------------------------------------------------------------
Start Timing Optimization
---------------------------------------------------------------------------------
---------------------------------------------------------------------------------
Finished Timing Optimization : Time (s): cpu = 00:00:28 ; elapsed = 00:00:28 . Memory (MB): peak = 2470.078 ; gain = 729.305 ; free physical = 6176 ; free virtual = 23749
---------------------------------------------------------------------------------
---------------------------------------------------------------------------------
Start Technology Mapping
---------------------------------------------------------------------------------
---------------------------------------------------------------------------------
Finished Technology Mapping : Time (s): cpu = 00:00:28 ; elapsed = 00:00:28 . Memory (MB): peak = 2480.094 ; gain = 739.320 ; free physical = 6168 ; free virtual = 23741
---------------------------------------------------------------------------------
---------------------------------------------------------------------------------
Start IO Insertion
---------------------------------------------------------------------------------
---------------------------------------------------------------------------------
Start Flattening Before IO Insertion
---------------------------------------------------------------------------------
---------------------------------------------------------------------------------
Finished Flattening Before IO Insertion
---------------------------------------------------------------------------------
---------------------------------------------------------------------------------
Start Final Netlist Cleanup
---------------------------------------------------------------------------------
---------------------------------------------------------------------------------
Finished Final Netlist Cleanup
---------------------------------------------------------------------------------
---------------------------------------------------------------------------------
Finished IO Insertion : Time (s): cpu = 00:00:33 ; elapsed = 00:00:34 . Memory (MB): peak = 2666.906 ; gain = 926.133 ; free physical = 5597 ; free virtual = 23169
---------------------------------------------------------------------------------
---------------------------------------------------------------------------------
Start Renaming Generated Instances
---------------------------------------------------------------------------------
---------------------------------------------------------------------------------
Finished Renaming Generated Instances : Time (s): cpu = 00:00:33 ; elapsed = 00:00:34 . Memory (MB): peak = 2666.906 ; gain = 926.133 ; free physical = 5597 ; free virtual = 23169
---------------------------------------------------------------------------------
---------------------------------------------------------------------------------
Start Rebuilding User Hierarchy
---------------------------------------------------------------------------------
---------------------------------------------------------------------------------
Finished Rebuilding User Hierarchy : Time (s): cpu = 00:00:33 ; elapsed = 00:00:34 . Memory (MB): peak = 2666.906 ; gain = 926.133 ; free physical = 5597 ; free virtual = 23169
---------------------------------------------------------------------------------
---------------------------------------------------------------------------------
Start Renaming Generated Ports
---------------------------------------------------------------------------------
---------------------------------------------------------------------------------
Finished Renaming Generated Ports : Time (s): cpu = 00:00:33 ; elapsed = 00:00:34 . Memory (MB): peak = 2666.906 ; gain = 926.133 ; free physical = 5597 ; free virtual = 23169
---------------------------------------------------------------------------------
---------------------------------------------------------------------------------
Start Handling Custom Attributes
---------------------------------------------------------------------------------
---------------------------------------------------------------------------------
Finished Handling Custom Attributes : Time (s): cpu = 00:00:33 ; elapsed = 00:00:34 . Memory (MB): peak = 2666.906 ; gain = 926.133 ; free physical = 5597 ; free virtual = 23169
---------------------------------------------------------------------------------
---------------------------------------------------------------------------------
Start Renaming Generated Nets
---------------------------------------------------------------------------------
---------------------------------------------------------------------------------
Finished Renaming Generated Nets : Time (s): cpu = 00:00:33 ; elapsed = 00:00:34 . Memory (MB): peak = 2666.906 ; gain = 926.133 ; free physical = 5597 ; free virtual = 23169
---------------------------------------------------------------------------------
---------------------------------------------------------------------------------
Start Writing Synthesis Report
---------------------------------------------------------------------------------

Report BlackBoxes: 
+-+--------------+----------+
| |BlackBox name |Instances |
+-+--------------+----------+
+-+--------------+----------+

Report Cell Usage: 
+------+------+------+
|      |Cell  |Count |
+------+------+------+
|1     |IOBUF |     1|
+------+------+------+
---------------------------------------------------------------------------------
Finished Writing Synthesis Report : Time (s): cpu = 00:00:33 ; elapsed = 00:00:34 . Memory (MB): peak = 2666.906 ; gain = 926.133 ; free physical = 5597 ; free virtual = 23169
---------------------------------------------------------------------------------
Synthesis finished with 0 errors, 0 critical warnings and 0 warnings.
Synthesis Optimization Runtime : Time (s): cpu = 00:00:31 ; elapsed = 00:00:32 . Memory (MB): peak = 2666.906 ; gain = 877.172 ; free physical = 5597 ; free virtual = 23169
Synthesis Optimization Complete : Time (s): cpu = 00:00:33 ; elapsed = 00:00:34 . Memory (MB): peak = 2666.914 ; gain = 926.133 ; free physical = 5597 ; free virtual = 23169
INFO: [Project 1-571] Translating synthesized netlist
Netlist sorting complete. Time (s): cpu = 00:00:00 ; elapsed = 00:00:00 . Memory (MB): peak = 2666.914 ; gain = 0.000 ; free physical = 5597 ; free virtual = 23169
INFO: [Netlist 29-17] Analyzing 1 Unisim elements for replacement
INFO: [Netlist 29-28] Unisim Transformation completed in 0 CPU seconds
WARNING: [Netlist 29-1115] Found multi-term driver net: U0/<const0>.
INFO: [Project 1-570] Preparing netlist for logic optimization
INFO: [Opt 31-138] Pushed 0 inverter(s) to 0 load pin(s).
Netlist sorting complete. Time (s): cpu = 00:00:00 ; elapsed = 00:00:00 . Memory (MB): peak = 2666.914 ; gain = 0.000 ; free physical = 5675 ; free virtual = 23247
INFO: [Project 1-111] Unisim Transformation Summary:
  A total of 1 instances were transformed.
  IOBUF => IOBUF (IBUF, OBUFT): 1 instance 

lscpu: bad usage
Try 'lscpu --help' for more information.
Synth Design complete | Checksum: 2ec69918
INFO: [Common 17-83] Releasing license: Synthesis
129 Infos, 2 Warnings, 0 Critical Warnings and 0 Errors encountered.
synth_design completed successfully
synth_design: Time (s): cpu = 00:00:42 ; elapsed = 00:00:39 . Memory (MB): peak = 2666.941 ; gain = 1078.254 ; free physical = 5665 ; free virtual = 23237
INFO: [Common 17-2834] synth_design peak Physical Memory [PSS] (MB): overall = 1671.683; main = 1582.822; forked = 198.625
INFO: [Common 17-2834] synth_design peak Virtual Memory [VSS] (MB): overall = 3539.297; main = 2666.910; forked = 994.199
Write ShapeDB Complete: Time (s): cpu = 00:00:00.01 ; elapsed = 00:00:00 . Memory (MB): peak = 2690.918 ; gain = 0.000 ; free physical = 5737 ; free virtual = 23310
INFO: [Common 17-1381] The checkpoint '/home/lovro/Documents/Alchistry_Labs/DDR3 test/cores/Alchitry AMIX_RISCV/Alchitry AMIX_RISCV.runs/Block_top_util_ds_buf_0_1_synth_1/Block_top_util_ds_buf_0_1.dcp' has been generated.
INFO: [Coretcl 2-1648] Added synthesis output to IP cache for IP Block_top_util_ds_buf_0_1, cache-ID = 7408ee5196e629a7
Write ShapeDB Complete: Time (s): cpu = 00:00:00 ; elapsed = 00:00:00.01 . Memory (MB): peak = 2690.918 ; gain = 0.000 ; free physical = 5858 ; free virtual = 23430
INFO: [Common 17-1381] The checkpoint '/home/lovro/Documents/Alchistry_Labs/DDR3 test/cores/Alchitry AMIX_RISCV/Alchitry AMIX_RISCV.runs/Block_top_util_ds_buf_0_1_synth_1/Block_top_util_ds_buf_0_1.dcp' has been generated.
INFO: [Vivado 12-24828] Executing command : report_utilization -file Block_top_util_ds_buf_0_1_utilization_synth.rpt -pb Block_top_util_ds_buf_0_1_utilization_synth.pb
INFO: [Common 17-206] Exiting Vivado at Mon Jul 27 19:00:35 2026...
