
*** Running vivado
    with args -log Block_top_mig_axi_wrapper_0_0.vds -m64 -product Vivado -mode batch -messageDb vivado.pb -notrace -source Block_top_mig_axi_wrapper_0_0.tcl


****** Vivado v2025.2 (64-bit)
  **** SW Build 6299465 on Fri Nov 14 12:34:56 MST 2025
  **** IP Build 6300035 on Fri Nov 14 10:48:45 MST 2025
  **** SharedData Build 6298862 on Thu Nov 13 04:50:51 MST 2025
  **** Start of session at: Mon Aug 17 15:51:17 2026
    ** Copyright 1986-2022 Xilinx, Inc. All Rights Reserved.
    ** Copyright 2022-2025 Advanced Micro Devices, Inc. All Rights Reserved.

source Block_top_mig_axi_wrapper_0_0.tcl -notrace
INFO: [IP_Flow 19-234] Refreshing IP repositories
WARNING: [IP_Flow 19-2248] Failed to load user IP repository '/home/lovro/ARES/Alchistry_Labs/DDR3 test/cores/ip_repo/myip_1_0'; Can't find the specified path.
If this directory should no longer be in your list of user repositories, go to the IP Settings dialog and remove it.
WARNING: [IP_Flow 19-2248] Failed to load user IP repository '/home/lovro/ARES/Alchistry_Labs/DDR3 test/cores/ip_repo/CPU_IO_converter_1_0'; Can't find the specified path.
If this directory should no longer be in your list of user repositories, go to the IP Settings dialog and remove it.
WARNING: [IP_Flow 19-2248] Failed to load user IP repository '/home/lovro/ARES/Alchistry_Labs/DDR3 test/cores/ip_repo/CPU_io_converter_1_0'; Can't find the specified path.
If this directory should no longer be in your list of user repositories, go to the IP Settings dialog and remove it.
INFO: [IP_Flow 19-2313] Loaded Vivado IP repository '/opt/Vivado/2025.2/data/ip'.
Command: synth_design -top Block_top_mig_axi_wrapper_0_0 -part xc7a100tfgg484-2 -incremental_mode off -mode out_of_context
Starting synth_design
Attempting to get a license for feature 'Synthesis' and/or device 'xc7a100t'
INFO: [Common 17-349] Got license for feature 'Synthesis' and/or device 'xc7a100t'
INFO: [Device 21-403] Loading part xc7a100tfgg484-2
INFO: [Synth 8-7079] Multithreading enabled for synth_design using a maximum of 7 processes.
INFO: [Synth 8-7078] Launching helper process for spawning children vivado processes
INFO: [Synth 8-7075] Helper process launched with PID 35802
---------------------------------------------------------------------------------
Starting RTL Elaboration : Time (s): cpu = 00:00:03 ; elapsed = 00:00:04 . Memory (MB): peak = 2225.582 ; gain = 483.594 ; free physical = 5714 ; free virtual = 20482
---------------------------------------------------------------------------------
INFO: [Synth 8-6157] synthesizing module 'Block_top_mig_axi_wrapper_0_0' [/home/lovro/ARES/ARES_fpga/ARES_fpga/ARES_fpga.gen/sources_1/bd/Block_top/ip/Block_top_mig_axi_wrapper_0_0/synth/Block_top_mig_axi_wrapper_0_0.v:53]
INFO: [Synth 8-6157] synthesizing module 'mig_axi_wrapper' [/home/lovro/ARES/ARES_fpga/ARES_fpga/ARES_fpga.srcs/sources_1/new/mig_axi_wrapper.v:23]
INFO: [Synth 8-6157] synthesizing module 'mig_7series_0' [/home/lovro/ARES/ARES_fpga/ARES_fpga/ARES_fpga.runs/Block_top_mig_axi_wrapper_0_0_synth_1/.Xil/Vivado-35243-lovroLinuxM/realtime/mig_7series_0_stub.v:6]
INFO: [Synth 8-6155] done synthesizing module 'mig_7series_0' (0#1) [/home/lovro/ARES/ARES_fpga/ARES_fpga/ARES_fpga.runs/Block_top_mig_axi_wrapper_0_0_synth_1/.Xil/Vivado-35243-lovroLinuxM/realtime/mig_7series_0_stub.v:6]
WARNING: [Synth 8-689] width (1) of port connection 's_axi_awid' does not match port width (4) of module 'mig_7series_0' [/home/lovro/ARES/ARES_fpga/ARES_fpga/ARES_fpga.srcs/sources_1/new/mig_axi_wrapper.v:148]
WARNING: [Synth 8-689] width (1) of port connection 's_axi_bid' does not match port width (4) of module 'mig_7series_0' [/home/lovro/ARES/ARES_fpga/ARES_fpga/ARES_fpga.srcs/sources_1/new/mig_axi_wrapper.v:171]
WARNING: [Synth 8-689] width (1) of port connection 's_axi_arid' does not match port width (4) of module 'mig_7series_0' [/home/lovro/ARES/ARES_fpga/ARES_fpga/ARES_fpga.srcs/sources_1/new/mig_axi_wrapper.v:177]
WARNING: [Synth 8-689] width (1) of port connection 's_axi_rid' does not match port width (4) of module 'mig_7series_0' [/home/lovro/ARES/ARES_fpga/ARES_fpga/ARES_fpga.srcs/sources_1/new/mig_axi_wrapper.v:192]
WARNING: [Synth 8-7071] port 'app_sr_active' of module 'mig_7series_0' is unconnected for instance 'mig_inst' [/home/lovro/ARES/ARES_fpga/ARES_fpga/ARES_fpga.srcs/sources_1/new/mig_axi_wrapper.v:104]
WARNING: [Synth 8-7071] port 'app_ref_ack' of module 'mig_7series_0' is unconnected for instance 'mig_inst' [/home/lovro/ARES/ARES_fpga/ARES_fpga/ARES_fpga.srcs/sources_1/new/mig_axi_wrapper.v:104]
WARNING: [Synth 8-7071] port 'app_zq_ack' of module 'mig_7series_0' is unconnected for instance 'mig_inst' [/home/lovro/ARES/ARES_fpga/ARES_fpga/ARES_fpga.srcs/sources_1/new/mig_axi_wrapper.v:104]
WARNING: [Synth 8-7023] instance 'mig_inst' of module 'mig_7series_0' has 67 connections declared, but only 64 given [/home/lovro/ARES/ARES_fpga/ARES_fpga/ARES_fpga.srcs/sources_1/new/mig_axi_wrapper.v:104]
INFO: [Synth 8-6155] done synthesizing module 'mig_axi_wrapper' (0#1) [/home/lovro/ARES/ARES_fpga/ARES_fpga/ARES_fpga.srcs/sources_1/new/mig_axi_wrapper.v:23]
INFO: [Synth 8-6155] done synthesizing module 'Block_top_mig_axi_wrapper_0_0' (0#1) [/home/lovro/ARES/ARES_fpga/ARES_fpga/ARES_fpga.gen/sources_1/bd/Block_top/ip/Block_top_mig_axi_wrapper_0_0/synth/Block_top_mig_axi_wrapper_0_0.v:53]
---------------------------------------------------------------------------------
Finished RTL Elaboration : Time (s): cpu = 00:00:05 ; elapsed = 00:00:05 . Memory (MB): peak = 2324.551 ; gain = 582.562 ; free physical = 5452 ; free virtual = 20221
---------------------------------------------------------------------------------
---------------------------------------------------------------------------------
Start Handling Custom Attributes
---------------------------------------------------------------------------------
---------------------------------------------------------------------------------
Finished Handling Custom Attributes : Time (s): cpu = 00:00:05 ; elapsed = 00:00:05 . Memory (MB): peak = 2324.551 ; gain = 582.562 ; free physical = 5452 ; free virtual = 20221
---------------------------------------------------------------------------------
---------------------------------------------------------------------------------
Finished RTL Optimization Phase 1 : Time (s): cpu = 00:00:05 ; elapsed = 00:00:05 . Memory (MB): peak = 2324.551 ; gain = 582.562 ; free physical = 5452 ; free virtual = 20221
---------------------------------------------------------------------------------
Netlist sorting complete. Time (s): cpu = 00:00:00 ; elapsed = 00:00:00 . Memory (MB): peak = 2324.551 ; gain = 0.000 ; free physical = 5452 ; free virtual = 20221
INFO: [Project 1-570] Preparing netlist for logic optimization

Processing XDC Constraints
Initializing timing engine
Parsing XDC File [/home/lovro/ARES/ARES_fpga/ARES_fpga/ARES_fpga.gen/sources_1/ip/mig_7series_0/mig_7series_0/mig_7series_0_in_context.xdc] for cell 'inst/mig_inst'
Finished Parsing XDC File [/home/lovro/ARES/ARES_fpga/ARES_fpga/ARES_fpga.gen/sources_1/ip/mig_7series_0/mig_7series_0/mig_7series_0_in_context.xdc] for cell 'inst/mig_inst'
Parsing XDC File [/home/lovro/ARES/ARES_fpga/ARES_fpga/ARES_fpga.gen/sources_1/bd/Block_top/ip/Block_top_mig_axi_wrapper_0_0/Block_top_mig_axi_wrapper_0_0_ooc.xdc] for cell 'inst'
Finished Parsing XDC File [/home/lovro/ARES/ARES_fpga/ARES_fpga/ARES_fpga.gen/sources_1/bd/Block_top/ip/Block_top_mig_axi_wrapper_0_0/Block_top_mig_axi_wrapper_0_0_ooc.xdc] for cell 'inst'
Parsing XDC File [/home/lovro/ARES/ARES_fpga/ARES_fpga/ARES_fpga.runs/Block_top_mig_axi_wrapper_0_0_synth_1/dont_touch.xdc]
Finished Parsing XDC File [/home/lovro/ARES/ARES_fpga/ARES_fpga/ARES_fpga.runs/Block_top_mig_axi_wrapper_0_0_synth_1/dont_touch.xdc]
Completed Processing XDC Constraints

Netlist sorting complete. Time (s): cpu = 00:00:00 ; elapsed = 00:00:00 . Memory (MB): peak = 2372.203 ; gain = 0.000 ; free physical = 5444 ; free virtual = 20213
INFO: [Project 1-111] Unisim Transformation Summary:
No Unisim elements were transformed.

Constraint Validation Runtime : Time (s): cpu = 00:00:00.02 ; elapsed = 00:00:00.01 . Memory (MB): peak = 2372.238 ; gain = 0.000 ; free physical = 5444 ; free virtual = 20212
INFO: [Designutils 20-5008] Incremental synthesis strategy off
---------------------------------------------------------------------------------
Finished Constraint Validation : Time (s): cpu = 00:00:10 ; elapsed = 00:00:10 . Memory (MB): peak = 2372.238 ; gain = 630.250 ; free physical = 5382 ; free virtual = 20158
---------------------------------------------------------------------------------
---------------------------------------------------------------------------------
Start Loading Part and Timing Information
---------------------------------------------------------------------------------
Loading part: xc7a100tfgg484-2
---------------------------------------------------------------------------------
Finished Loading Part and Timing Information : Time (s): cpu = 00:00:10 ; elapsed = 00:00:10 . Memory (MB): peak = 2380.207 ; gain = 638.219 ; free physical = 5382 ; free virtual = 20158
---------------------------------------------------------------------------------
---------------------------------------------------------------------------------
Start Applying 'set_property' XDC Constraints
---------------------------------------------------------------------------------
---------------------------------------------------------------------------------
Finished applying 'set_property' XDC Constraints : Time (s): cpu = 00:00:10 ; elapsed = 00:00:10 . Memory (MB): peak = 2380.207 ; gain = 638.219 ; free physical = 5375 ; free virtual = 20151
---------------------------------------------------------------------------------
---------------------------------------------------------------------------------
Finished RTL Optimization Phase 2 : Time (s): cpu = 00:00:10 ; elapsed = 00:00:11 . Memory (MB): peak = 2380.207 ; gain = 638.219 ; free physical = 5376 ; free virtual = 20153
---------------------------------------------------------------------------------
---------------------------------------------------------------------------------
Start RTL Component Statistics 
---------------------------------------------------------------------------------
Detailed RTL Component Info : 
---------------------------------------------------------------------------------
Finished RTL Component Statistics 
---------------------------------------------------------------------------------
---------------------------------------------------------------------------------
Start Part Resource Summary
---------------------------------------------------------------------------------
Part Resources:
DSPs: 240 (col length:80)
BRAMs: 270 (col length: RAMB18 80 RAMB36 40)
---------------------------------------------------------------------------------
Finished Part Resource Summary
---------------------------------------------------------------------------------
---------------------------------------------------------------------------------
Start Cross Boundary and Area Optimization
---------------------------------------------------------------------------------
---------------------------------------------------------------------------------
Finished Cross Boundary and Area Optimization : Time (s): cpu = 00:00:11 ; elapsed = 00:00:12 . Memory (MB): peak = 2380.207 ; gain = 638.219 ; free physical = 5358 ; free virtual = 20136
---------------------------------------------------------------------------------
---------------------------------------------------------------------------------
Start Applying XDC Timing Constraints
---------------------------------------------------------------------------------
---------------------------------------------------------------------------------
Finished Applying XDC Timing Constraints : Time (s): cpu = 00:00:15 ; elapsed = 00:00:15 . Memory (MB): peak = 2474.207 ; gain = 732.219 ; free physical = 5012 ; free virtual = 19788
---------------------------------------------------------------------------------
---------------------------------------------------------------------------------
Start Timing Optimization
---------------------------------------------------------------------------------
---------------------------------------------------------------------------------
Finished Timing Optimization : Time (s): cpu = 00:00:15 ; elapsed = 00:00:15 . Memory (MB): peak = 2474.207 ; gain = 732.219 ; free physical = 5012 ; free virtual = 19788
---------------------------------------------------------------------------------
---------------------------------------------------------------------------------
Start Technology Mapping
---------------------------------------------------------------------------------
---------------------------------------------------------------------------------
Finished Technology Mapping : Time (s): cpu = 00:00:15 ; elapsed = 00:00:15 . Memory (MB): peak = 2484.223 ; gain = 742.234 ; free physical = 4997 ; free virtual = 19773
---------------------------------------------------------------------------------
---------------------------------------------------------------------------------
Start IO Insertion
---------------------------------------------------------------------------------
---------------------------------------------------------------------------------
Start Flattening Before IO Insertion
---------------------------------------------------------------------------------
---------------------------------------------------------------------------------
Finished Flattening Before IO Insertion
---------------------------------------------------------------------------------
---------------------------------------------------------------------------------
Start Final Netlist Cleanup
---------------------------------------------------------------------------------
---------------------------------------------------------------------------------
Finished Final Netlist Cleanup
---------------------------------------------------------------------------------
---------------------------------------------------------------------------------
Finished IO Insertion : Time (s): cpu = 00:00:18 ; elapsed = 00:00:18 . Memory (MB): peak = 2670.035 ; gain = 928.047 ; free physical = 6420 ; free virtual = 21195
---------------------------------------------------------------------------------
---------------------------------------------------------------------------------
Start Renaming Generated Instances
---------------------------------------------------------------------------------
---------------------------------------------------------------------------------
Finished Renaming Generated Instances : Time (s): cpu = 00:00:18 ; elapsed = 00:00:18 . Memory (MB): peak = 2670.035 ; gain = 928.047 ; free physical = 6420 ; free virtual = 21195
---------------------------------------------------------------------------------
---------------------------------------------------------------------------------
Start Rebuilding User Hierarchy
---------------------------------------------------------------------------------
---------------------------------------------------------------------------------
Finished Rebuilding User Hierarchy : Time (s): cpu = 00:00:18 ; elapsed = 00:00:18 . Memory (MB): peak = 2670.035 ; gain = 928.047 ; free physical = 6420 ; free virtual = 21195
---------------------------------------------------------------------------------
---------------------------------------------------------------------------------
Start Renaming Generated Ports
---------------------------------------------------------------------------------
---------------------------------------------------------------------------------
Finished Renaming Generated Ports : Time (s): cpu = 00:00:18 ; elapsed = 00:00:18 . Memory (MB): peak = 2670.035 ; gain = 928.047 ; free physical = 6420 ; free virtual = 21195
---------------------------------------------------------------------------------
---------------------------------------------------------------------------------
Start Handling Custom Attributes
---------------------------------------------------------------------------------
---------------------------------------------------------------------------------
Finished Handling Custom Attributes : Time (s): cpu = 00:00:18 ; elapsed = 00:00:18 . Memory (MB): peak = 2670.035 ; gain = 928.047 ; free physical = 6420 ; free virtual = 21195
---------------------------------------------------------------------------------
---------------------------------------------------------------------------------
Start Renaming Generated Nets
---------------------------------------------------------------------------------
---------------------------------------------------------------------------------
Finished Renaming Generated Nets : Time (s): cpu = 00:00:18 ; elapsed = 00:00:18 . Memory (MB): peak = 2670.035 ; gain = 928.047 ; free physical = 6420 ; free virtual = 21195
---------------------------------------------------------------------------------
---------------------------------------------------------------------------------
Start Writing Synthesis Report
---------------------------------------------------------------------------------

Report BlackBoxes: 
+------+--------------+----------+
|      |BlackBox name |Instances |
+------+--------------+----------+
|1     |mig_7series_0 |         1|
+------+--------------+----------+

Report Cell Usage: 
+------+------------+------+
|      |Cell        |Count |
+------+------------+------+
|1     |mig_7series |     1|
+------+------------+------+
---------------------------------------------------------------------------------
Finished Writing Synthesis Report : Time (s): cpu = 00:00:18 ; elapsed = 00:00:18 . Memory (MB): peak = 2670.035 ; gain = 928.047 ; free physical = 6420 ; free virtual = 21195
---------------------------------------------------------------------------------
Synthesis finished with 0 errors, 0 critical warnings and 0 warnings.
Synthesis Optimization Runtime : Time (s): cpu = 00:00:16 ; elapsed = 00:00:17 . Memory (MB): peak = 2670.035 ; gain = 880.359 ; free physical = 6405 ; free virtual = 21180
Synthesis Optimization Complete : Time (s): cpu = 00:00:18 ; elapsed = 00:00:18 . Memory (MB): peak = 2670.043 ; gain = 928.047 ; free physical = 6405 ; free virtual = 21180
INFO: [Project 1-571] Translating synthesized netlist
Netlist sorting complete. Time (s): cpu = 00:00:00 ; elapsed = 00:00:00 . Memory (MB): peak = 2670.043 ; gain = 0.000 ; free physical = 6404 ; free virtual = 21180
INFO: [Project 1-570] Preparing netlist for logic optimization
INFO: [Opt 31-138] Pushed 0 inverter(s) to 0 load pin(s).
Netlist sorting complete. Time (s): cpu = 00:00:00 ; elapsed = 00:00:00 . Memory (MB): peak = 2670.043 ; gain = 0.000 ; free physical = 7553 ; free virtual = 22362
INFO: [Project 1-111] Unisim Transformation Summary:
No Unisim elements were transformed.

Synth Design complete | Checksum: cc73956c
INFO: [Common 17-83] Releasing license: Synthesis
21 Infos, 11 Warnings, 0 Critical Warnings and 0 Errors encountered.
synth_design completed successfully
synth_design: Time (s): cpu = 00:00:24 ; elapsed = 00:00:23 . Memory (MB): peak = 2670.070 ; gain = 1098.340 ; free physical = 7586 ; free virtual = 22370
INFO: [Common 17-2834] synth_design peak Physical Memory [PSS] (MB): overall = 1624.600; main = 1624.600; forked = 198.101
INFO: [Common 17-2834] synth_design peak Virtual Memory [VSS] (MB): overall = 3366.410; main = 2670.039; forked = 994.203
INFO: [Coretcl 2-1174] Renamed 2 cell refs.
INFO: [Common 17-1381] The checkpoint '/home/lovro/ARES/ARES_fpga/ARES_fpga/ARES_fpga.runs/Block_top_mig_axi_wrapper_0_0_synth_1/Block_top_mig_axi_wrapper_0_0.dcp' has been generated.
INFO: [Vivado 12-24828] Executing command : report_utilization -file Block_top_mig_axi_wrapper_0_0_utilization_synth.rpt -pb Block_top_mig_axi_wrapper_0_0_utilization_synth.pb
INFO: [Common 17-206] Exiting Vivado at Mon Aug 17 15:51:48 2026...
