Copyright 1986-2022 Xilinx, Inc. All Rights Reserved. Copyright 2022-2025 Advanced Micro Devices, Inc. All Rights Reserved.
---------------------------------------------------------------------------------------------------------------------------------------------
| Tool Version : Vivado v.2025.2 (lin64) Build 6299465 Fri Nov 14 12:34:56 MST 2025
| Date         : Fri Sep  4 21:00:26 2026
| Host         : lovroLinuxM running 64-bit Ubuntu 24.04.4 LTS
| Command      : report_incremental_reuse -file Block_top_wrapper_incremental_reuse_routed.rpt
| Design       : Block_top_wrapper
| Device       : xc7a100t
| Design State : Routed
---------------------------------------------------------------------------------------------------------------------------------------------

Incremental Implementation Information

Table of Contents
-----------------
1. Incremental Flow Summary
2. Reuse Summary
3. Reference Checkpoint Information
4. Comparison with Reference Run
5. Optimization Comparison With Reference Run
5.1 iphys_opt_replay Optimizations
5.2 QoR Suggestion Optimizations
6. Command Comparison with Reference Run
6.1 Reference:
6.2 Incremental:
7. Non Reuse Information

1. Incremental Flow Summary
---------------------------

+-----------------------+------------------+
|    Flow Information   |       Value      |
+-----------------------+------------------+
| Synthesis Flow        |          Default |
| Auto Incremental      |              Yes |
| Incremental Directive | RuntimeOptimized |
| Target WNS            |              0.0 |
| QoR Suggestions       |                0 |
+-----------------------+------------------+


2. Reuse Summary
----------------

+-------+------------------------------+------------------------------------+----------------------------+--------------------+--------+
|  Type | Matched % (of Initial Total) | Initial Reuse % (of Initial Total) | Current Reuse % (of Total) | Fixed % (of Total) |  Total |
+-------+------------------------------+------------------------------------+----------------------------+--------------------+--------+
| Cells |                        98.48 |                              98.48 |                      98.46 |               0.33 |  67529 |
| Nets  |                        98.86 |                              98.31 |                      98.02 |               0.00 |  49151 |
| Pins  |                            - |                              98.66 |                      96.51 |                  - | 293793 |
| Ports |                       100.00 |                             100.00 |                     100.00 |             100.00 |     94 |
+-------+------------------------------+------------------------------------+----------------------------+--------------------+--------+


3. Reference Checkpoint Information
-----------------------------------

+----------------+---------------------------------------------------------------------------------------------------------+
| DCP Location:  | /home/lovro/ARES/ARES_fpga/ARES_fpga/ARES_fpga.srcs/utils_1/imports/impl_1/Block_top_wrapper_routed.dcp |
+----------------+---------------------------------------------------------------------------------------------------------+


+--------------------------------+----------------------------+
|         DCP Information        |            Value           |
+--------------------------------+----------------------------+
| Vivado Version                 |                     2025.2 |
| DCP State                      |                 POST_ROUTE |
| Recorded WNS                   |                      0.172 |
| Recorded WHS                   |                      0.036 |
| Reference Speed File Version   | PRODUCTION 1.23 2018-06-13 |
| Incremental Speed File Version | PRODUCTION 1.23 2018-06-13 |
+--------------------------------+----------------------------+
* Recorded WNS/WHS timing numbers are estimated timing numbers. They may vary slightly from sign-off timing numbers.


4. Comparison with Reference Run
--------------------------------

+-----------------+---------------------------+---------------------------+---------------------------+
|                 |          WNS(ns)          |  Runtime(elapsed)(hh:mm)  |    Runtime(cpu)(hh:mm)    |
+-----------------+-------------+-------------+-------------+-------------+-------------+-------------+
|      Stage      |  Reference  | Incremental |  Reference  | Incremental |  Reference  | Incremental |
+-----------------+-------------+-------------+-------------+-------------+-------------+-------------+
| synth_design    |             |             |     < 1 min |     < 1 min |     < 1 min |     < 1 min |
| opt_design      |             |             |     < 1 min |     < 1 min |     < 1 min |     < 1 min |
| read_checkpoint |             |             |     < 1 min |     < 1 min |       00:01 |       00:01 |
| place_design    |       0.180 |       0.180 |     < 1 min |     < 1 min |       00:01 |       00:02 |
| route_design    |       0.179 |       0.179 |       00:01 |       00:01 |       00:02 |       00:02 |
+-----------------+-------------+-------------+-------------+-------------+-------------+-------------+


5. Optimization Comparison With Reference Run
---------------------------------------------

5.1 iphys_opt_replay Optimizations
----------------------------------

+-------------------------+--------+------------+
| iphys_opt_design replay | Reused | Not Reused |
+-------------------------+--------+------------+
| shift_register_opt      |      1 |          0 |
+-------------------------+--------+------------+


5.2 QoR Suggestion Optimizations
--------------------------------

+-------------------------------------+-------+
|           QoR Suggestions           | Value |
+-------------------------------------+-------+
| QoR Suggestions (Recommended)       |     0 |
|   Suggestions Included In Reference |     0 |
|     Yet to apply                    |     0 |
|     Applied                         |     0 |
|     Failed to apply                 |     0 |
|   New Suggestions (INCR_FRIENDLY=1) |     0 |
|     Yet to apply                    |     0 |
|     Applied                         |     0 |
|     Failed to apply                 |     0 |
| QoR Suggestions (Not Recommended)   |     0 |
|   New Suggestions (INCR_FRIENDLY=0) |     0 |
|     Yet to apply                    |     0 |
|     Applied                         |     0 |
|     Failed to apply                 |     0 |
| Disabled New Suggestions            |     0 |
+-------------------------------------+-------+


6. Command Comparison with Reference Run
----------------------------------------

6.1 Reference:
--------------
synth_design -directive areaoptimized_high -control_set_opt 1 -define default::[not_specified] -verilog_define default::[not_specified] -vhdl_define default::[not_specified] -top  Block_top_wrapper -part  xc7a100tfgg484-2 
opt_design -directive ExploreWithRemap
read_checkpoint -directive RuntimeOptimized  -incremental -auto_incremental /home/lovro/ARES/ARES_fpga/ARES_fpga/ARES_fpga.srcs/utils_1/imports/impl_1/Block_top_wrapper_routed.dcp
place_design
route_design

6.2 Incremental:
----------------
synth_design -directive areaoptimized_medium -control_set_opt 1 -define default::[not_specified] -verilog_define default::[not_specified] -vhdl_define default::[not_specified] -top  Block_top_wrapper -part  xc7a100tfgg484-2 
opt_design -directive ExploreWithRemap
read_checkpoint -directive RuntimeOptimized  -incremental -auto_incremental /home/lovro/ARES/ARES_fpga/ARES_fpga/ARES_fpga.srcs/utils_1/imports/impl_1/Block_top_wrapper_routed.dcp
place_design
route_design

7. Non Reuse Information
------------------------

+------------------------------------------------------+------+
|                         Type                         |   %  |
+------------------------------------------------------+------+
| Non-Reused Cells                                     | 1.53 |
|   New                                                | 1.50 |
|   Discarded illegal placement due to netlist changes | 0.01 |
|   Discarded to improve timing                        | 0.02 |
| Partially reused nets                                | 0.00 |
| Non-Reused nets                                      | 1.97 |
| Non-Reused Ports                                     | 0.00 |
+------------------------------------------------------+------+


