Copyright 1986-2022 Xilinx, Inc. All Rights Reserved. Copyright 2022-2025 Advanced Micro Devices, Inc. All Rights Reserved.
---------------------------------------------------------------------------------------------------------------------------------------------
| Tool Version : Vivado v.2025.2 (lin64) Build 6299465 Fri Nov 14 12:34:56 MST 2025
| Date         : Fri Aug 14 21:42:01 2026
| Host         : lovroLinuxM running 64-bit Ubuntu 24.04.4 LTS
| Command      : report_drc -file Block_top_wrapper_drc_routed.rpt -pb Block_top_wrapper_drc_routed.pb -rpx Block_top_wrapper_drc_routed.rpx
| Design       : Block_top_wrapper
| Device       : xc7a100tfgg484-2
| Speed File   : -2
| Design State : Fully Routed
---------------------------------------------------------------------------------------------------------------------------------------------

Report DRC

Table of Contents
-----------------
1. REPORT SUMMARY
2. REPORT DETAILS

1. REPORT SUMMARY
-----------------
            Netlist: netlist
          Floorplan: design_1
      Design limits: <entire design considered>
           Ruledeck: default
             Max checks: <unlimited>
             Checks found: 73
+-----------+----------+----------------------------+--------+
| Rule      | Severity | Description                | Checks |
+-----------+----------+----------------------------+--------+
| BUFC-1    | Warning  | Input Buffer Connections   | 2      |
| CHECK-3   | Warning  | Report rule limit reached  | 2      |
| DPIP-1    | Warning  | Input pipelining           | 18     |
| DPOP-2    | Warning  | MREG Output pipelining     | 9      |
| REQP-1709 | Warning  | Clock output buffering     | 1      |
| REQP-1839 | Warning  | RAMB36 async control check | 20     |
| REQP-1840 | Warning  | RAMB18 async control check | 20     |
| RTSTAT-10 | Warning  | No routable loads          | 1      |
+-----------+----------+----------------------------+--------+

2. REPORT DETAILS
-----------------
BUFC-1#1 Warning
Input Buffer Connections  
Input buffer Block_top_i/mig_axi_wrapper_0/inst/mig_inst/u_mig_7series_0_mig/u_memc_ui_top_axi/mem_intfc0/ddr_phy_top0/u_ddr_mc_phy_wrapper/gen_dqs_iobuf_HR.gen_dqs_iobuf[0].gen_dqs_diff.u_iobuf_dqs/IBUFDS_0 (in Block_top_i/mig_axi_wrapper_0/inst/mig_inst/u_mig_7series_0_mig/u_memc_ui_top_axi/mem_intfc0/ddr_phy_top0/u_ddr_mc_phy_wrapper/gen_dqs_iobuf_HR.gen_dqs_iobuf[0].gen_dqs_diff.u_iobuf_dqs macro) has no loads. It is recommended to have an input buffer drive an internal load.
Related violations: <none>

BUFC-1#2 Warning
Input Buffer Connections  
Input buffer Block_top_i/mig_axi_wrapper_0/inst/mig_inst/u_mig_7series_0_mig/u_memc_ui_top_axi/mem_intfc0/ddr_phy_top0/u_ddr_mc_phy_wrapper/gen_dqs_iobuf_HR.gen_dqs_iobuf[1].gen_dqs_diff.u_iobuf_dqs/IBUFDS_0 (in Block_top_i/mig_axi_wrapper_0/inst/mig_inst/u_mig_7series_0_mig/u_memc_ui_top_axi/mem_intfc0/ddr_phy_top0/u_ddr_mc_phy_wrapper/gen_dqs_iobuf_HR.gen_dqs_iobuf[1].gen_dqs_diff.u_iobuf_dqs macro) has no loads. It is recommended to have an input buffer drive an internal load.
Related violations: <none>

CHECK-3#1 Warning
Report rule limit reached  
REQP-1839 rule limit reached: 20 violations have been found.
Related violations: <none>

CHECK-3#2 Warning
Report rule limit reached  
REQP-1840 rule limit reached: 20 violations have been found.
Related violations: <none>

DPIP-1#1 Warning
Input pipelining  
DSP Block_top_i/VexiiSocWrapper_0/inst/Soc/vexiis_0_logic_core/execute_ctrl3_up_early0_MulPlugin_logic_mul_VALUES_0_lane0_reg input Block_top_i/VexiiSocWrapper_0/inst/Soc/vexiis_0_logic_core/execute_ctrl3_up_early0_MulPlugin_logic_mul_VALUES_0_lane0_reg/A[29:0] is not pipelined. Pipelining DSP48 input will improve performance.
Related violations: <none>

DPIP-1#2 Warning
Input pipelining  
DSP Block_top_i/VexiiSocWrapper_0/inst/Soc/vexiis_0_logic_core/execute_ctrl3_up_early0_MulPlugin_logic_mul_VALUES_0_lane0_reg input Block_top_i/VexiiSocWrapper_0/inst/Soc/vexiis_0_logic_core/execute_ctrl3_up_early0_MulPlugin_logic_mul_VALUES_0_lane0_reg/B[17:0] is not pipelined. Pipelining DSP48 input will improve performance.
Related violations: <none>

DPIP-1#3 Warning
Input pipelining  
DSP Block_top_i/VexiiSocWrapper_0/inst/Soc/vexiis_0_logic_core/execute_ctrl3_up_early0_MulPlugin_logic_mul_VALUES_12_lane0_reg input Block_top_i/VexiiSocWrapper_0/inst/Soc/vexiis_0_logic_core/execute_ctrl3_up_early0_MulPlugin_logic_mul_VALUES_12_lane0_reg/A[29:0] is not pipelined. Pipelining DSP48 input will improve performance.
Related violations: <none>

DPIP-1#4 Warning
Input pipelining  
DSP Block_top_i/VexiiSocWrapper_0/inst/Soc/vexiis_0_logic_core/execute_ctrl3_up_early0_MulPlugin_logic_mul_VALUES_12_lane0_reg input Block_top_i/VexiiSocWrapper_0/inst/Soc/vexiis_0_logic_core/execute_ctrl3_up_early0_MulPlugin_logic_mul_VALUES_12_lane0_reg/B[17:0] is not pipelined. Pipelining DSP48 input will improve performance.
Related violations: <none>

DPIP-1#5 Warning
Input pipelining  
DSP Block_top_i/VexiiSocWrapper_0/inst/Soc/vexiis_0_logic_core/execute_ctrl3_up_early0_MulPlugin_logic_mul_VALUES_1_lane0_reg input Block_top_i/VexiiSocWrapper_0/inst/Soc/vexiis_0_logic_core/execute_ctrl3_up_early0_MulPlugin_logic_mul_VALUES_1_lane0_reg/A[29:0] is not pipelined. Pipelining DSP48 input will improve performance.
Related violations: <none>

DPIP-1#6 Warning
Input pipelining  
DSP Block_top_i/VexiiSocWrapper_0/inst/Soc/vexiis_0_logic_core/execute_ctrl3_up_early0_MulPlugin_logic_mul_VALUES_1_lane0_reg input Block_top_i/VexiiSocWrapper_0/inst/Soc/vexiis_0_logic_core/execute_ctrl3_up_early0_MulPlugin_logic_mul_VALUES_1_lane0_reg/B[17:0] is not pipelined. Pipelining DSP48 input will improve performance.
Related violations: <none>

DPIP-1#7 Warning
Input pipelining  
DSP Block_top_i/VexiiSocWrapper_0/inst/Soc/vexiis_0_logic_core/execute_ctrl3_up_early0_MulPlugin_logic_mul_VALUES_2_lane0_reg input Block_top_i/VexiiSocWrapper_0/inst/Soc/vexiis_0_logic_core/execute_ctrl3_up_early0_MulPlugin_logic_mul_VALUES_2_lane0_reg/A[29:0] is not pipelined. Pipelining DSP48 input will improve performance.
Related violations: <none>

DPIP-1#8 Warning
Input pipelining  
DSP Block_top_i/VexiiSocWrapper_0/inst/Soc/vexiis_0_logic_core/execute_ctrl3_up_early0_MulPlugin_logic_mul_VALUES_2_lane0_reg input Block_top_i/VexiiSocWrapper_0/inst/Soc/vexiis_0_logic_core/execute_ctrl3_up_early0_MulPlugin_logic_mul_VALUES_2_lane0_reg/B[17:0] is not pipelined. Pipelining DSP48 input will improve performance.
Related violations: <none>

DPIP-1#9 Warning
Input pipelining  
DSP Block_top_i/VexiiSocWrapper_0/inst/Soc/vexiis_0_logic_core/execute_ctrl3_up_early0_MulPlugin_logic_mul_VALUES_3_lane0_reg input Block_top_i/VexiiSocWrapper_0/inst/Soc/vexiis_0_logic_core/execute_ctrl3_up_early0_MulPlugin_logic_mul_VALUES_3_lane0_reg/A[29:0] is not pipelined. Pipelining DSP48 input will improve performance.
Related violations: <none>

DPIP-1#10 Warning
Input pipelining  
DSP Block_top_i/VexiiSocWrapper_0/inst/Soc/vexiis_0_logic_core/execute_ctrl3_up_early0_MulPlugin_logic_mul_VALUES_3_lane0_reg input Block_top_i/VexiiSocWrapper_0/inst/Soc/vexiis_0_logic_core/execute_ctrl3_up_early0_MulPlugin_logic_mul_VALUES_3_lane0_reg/B[17:0] is not pipelined. Pipelining DSP48 input will improve performance.
Related violations: <none>

DPIP-1#11 Warning
Input pipelining  
DSP Block_top_i/VexiiSocWrapper_0/inst/Soc/vexiis_0_logic_core/execute_ctrl3_up_early0_MulPlugin_logic_mul_VALUES_4_lane0_reg input Block_top_i/VexiiSocWrapper_0/inst/Soc/vexiis_0_logic_core/execute_ctrl3_up_early0_MulPlugin_logic_mul_VALUES_4_lane0_reg/A[29:0] is not pipelined. Pipelining DSP48 input will improve performance.
Related violations: <none>

DPIP-1#12 Warning
Input pipelining  
DSP Block_top_i/VexiiSocWrapper_0/inst/Soc/vexiis_0_logic_core/execute_ctrl3_up_early0_MulPlugin_logic_mul_VALUES_4_lane0_reg input Block_top_i/VexiiSocWrapper_0/inst/Soc/vexiis_0_logic_core/execute_ctrl3_up_early0_MulPlugin_logic_mul_VALUES_4_lane0_reg/B[17:0] is not pipelined. Pipelining DSP48 input will improve performance.
Related violations: <none>

DPIP-1#13 Warning
Input pipelining  
DSP Block_top_i/VexiiSocWrapper_0/inst/Soc/vexiis_0_logic_core/execute_ctrl3_up_early0_MulPlugin_logic_mul_VALUES_5_lane0_reg input Block_top_i/VexiiSocWrapper_0/inst/Soc/vexiis_0_logic_core/execute_ctrl3_up_early0_MulPlugin_logic_mul_VALUES_5_lane0_reg/A[29:0] is not pipelined. Pipelining DSP48 input will improve performance.
Related violations: <none>

DPIP-1#14 Warning
Input pipelining  
DSP Block_top_i/VexiiSocWrapper_0/inst/Soc/vexiis_0_logic_core/execute_ctrl3_up_early0_MulPlugin_logic_mul_VALUES_5_lane0_reg input Block_top_i/VexiiSocWrapper_0/inst/Soc/vexiis_0_logic_core/execute_ctrl3_up_early0_MulPlugin_logic_mul_VALUES_5_lane0_reg/B[17:0] is not pipelined. Pipelining DSP48 input will improve performance.
Related violations: <none>

DPIP-1#15 Warning
Input pipelining  
DSP Block_top_i/VexiiSocWrapper_0/inst/Soc/vexiis_0_logic_core/execute_ctrl3_up_early0_MulPlugin_logic_mul_VALUES_8_lane0_reg input Block_top_i/VexiiSocWrapper_0/inst/Soc/vexiis_0_logic_core/execute_ctrl3_up_early0_MulPlugin_logic_mul_VALUES_8_lane0_reg/A[29:0] is not pipelined. Pipelining DSP48 input will improve performance.
Related violations: <none>

DPIP-1#16 Warning
Input pipelining  
DSP Block_top_i/VexiiSocWrapper_0/inst/Soc/vexiis_0_logic_core/execute_ctrl3_up_early0_MulPlugin_logic_mul_VALUES_8_lane0_reg input Block_top_i/VexiiSocWrapper_0/inst/Soc/vexiis_0_logic_core/execute_ctrl3_up_early0_MulPlugin_logic_mul_VALUES_8_lane0_reg/B[17:0] is not pipelined. Pipelining DSP48 input will improve performance.
Related violations: <none>

DPIP-1#17 Warning
Input pipelining  
DSP Block_top_i/VexiiSocWrapper_0/inst/Soc/vexiis_0_logic_core/execute_ctrl3_up_early0_MulPlugin_logic_mul_VALUES_9_lane0_reg input Block_top_i/VexiiSocWrapper_0/inst/Soc/vexiis_0_logic_core/execute_ctrl3_up_early0_MulPlugin_logic_mul_VALUES_9_lane0_reg/A[29:0] is not pipelined. Pipelining DSP48 input will improve performance.
Related violations: <none>

DPIP-1#18 Warning
Input pipelining  
DSP Block_top_i/VexiiSocWrapper_0/inst/Soc/vexiis_0_logic_core/execute_ctrl3_up_early0_MulPlugin_logic_mul_VALUES_9_lane0_reg input Block_top_i/VexiiSocWrapper_0/inst/Soc/vexiis_0_logic_core/execute_ctrl3_up_early0_MulPlugin_logic_mul_VALUES_9_lane0_reg/B[17:0] is not pipelined. Pipelining DSP48 input will improve performance.
Related violations: <none>

DPOP-2#1 Warning
MREG Output pipelining  
DSP Block_top_i/VexiiSocWrapper_0/inst/Soc/vexiis_0_logic_core/execute_ctrl3_up_early0_MulPlugin_logic_mul_VALUES_0_lane0_reg multiplier stage Block_top_i/VexiiSocWrapper_0/inst/Soc/vexiis_0_logic_core/execute_ctrl3_up_early0_MulPlugin_logic_mul_VALUES_0_lane0_reg/P[47:0] is not pipelined (MREG=0). Pipelining the multiplier function will improve performance and will save significant power so it is suggested whenever possible to fully pipeline this function.  If this multiplier was inferred, it is suggested to describe an additional register stage after this function.  If there is no registered adder/accumulator following the multiply function, two pipeline stages are suggested to allow both the MREG and PREG registers to be used.  If the DSP48 was instantiated in the design, it is suggested to set both the MREG and PREG attributes to 1 when performing multiply functions.
Related violations: <none>

DPOP-2#2 Warning
MREG Output pipelining  
DSP Block_top_i/VexiiSocWrapper_0/inst/Soc/vexiis_0_logic_core/execute_ctrl3_up_early0_MulPlugin_logic_mul_VALUES_12_lane0_reg multiplier stage Block_top_i/VexiiSocWrapper_0/inst/Soc/vexiis_0_logic_core/execute_ctrl3_up_early0_MulPlugin_logic_mul_VALUES_12_lane0_reg/P[47:0] is not pipelined (MREG=0). Pipelining the multiplier function will improve performance and will save significant power so it is suggested whenever possible to fully pipeline this function.  If this multiplier was inferred, it is suggested to describe an additional register stage after this function.  If there is no registered adder/accumulator following the multiply function, two pipeline stages are suggested to allow both the MREG and PREG registers to be used.  If the DSP48 was instantiated in the design, it is suggested to set both the MREG and PREG attributes to 1 when performing multiply functions.
Related violations: <none>

DPOP-2#3 Warning
MREG Output pipelining  
DSP Block_top_i/VexiiSocWrapper_0/inst/Soc/vexiis_0_logic_core/execute_ctrl3_up_early0_MulPlugin_logic_mul_VALUES_1_lane0_reg multiplier stage Block_top_i/VexiiSocWrapper_0/inst/Soc/vexiis_0_logic_core/execute_ctrl3_up_early0_MulPlugin_logic_mul_VALUES_1_lane0_reg/P[47:0] is not pipelined (MREG=0). Pipelining the multiplier function will improve performance and will save significant power so it is suggested whenever possible to fully pipeline this function.  If this multiplier was inferred, it is suggested to describe an additional register stage after this function.  If there is no registered adder/accumulator following the multiply function, two pipeline stages are suggested to allow both the MREG and PREG registers to be used.  If the DSP48 was instantiated in the design, it is suggested to set both the MREG and PREG attributes to 1 when performing multiply functions.
Related violations: <none>

DPOP-2#4 Warning
MREG Output pipelining  
DSP Block_top_i/VexiiSocWrapper_0/inst/Soc/vexiis_0_logic_core/execute_ctrl3_up_early0_MulPlugin_logic_mul_VALUES_2_lane0_reg multiplier stage Block_top_i/VexiiSocWrapper_0/inst/Soc/vexiis_0_logic_core/execute_ctrl3_up_early0_MulPlugin_logic_mul_VALUES_2_lane0_reg/P[47:0] is not pipelined (MREG=0). Pipelining the multiplier function will improve performance and will save significant power so it is suggested whenever possible to fully pipeline this function.  If this multiplier was inferred, it is suggested to describe an additional register stage after this function.  If there is no registered adder/accumulator following the multiply function, two pipeline stages are suggested to allow both the MREG and PREG registers to be used.  If the DSP48 was instantiated in the design, it is suggested to set both the MREG and PREG attributes to 1 when performing multiply functions.
Related violations: <none>

DPOP-2#5 Warning
MREG Output pipelining  
DSP Block_top_i/VexiiSocWrapper_0/inst/Soc/vexiis_0_logic_core/execute_ctrl3_up_early0_MulPlugin_logic_mul_VALUES_3_lane0_reg multiplier stage Block_top_i/VexiiSocWrapper_0/inst/Soc/vexiis_0_logic_core/execute_ctrl3_up_early0_MulPlugin_logic_mul_VALUES_3_lane0_reg/P[47:0] is not pipelined (MREG=0). Pipelining the multiplier function will improve performance and will save significant power so it is suggested whenever possible to fully pipeline this function.  If this multiplier was inferred, it is suggested to describe an additional register stage after this function.  If there is no registered adder/accumulator following the multiply function, two pipeline stages are suggested to allow both the MREG and PREG registers to be used.  If the DSP48 was instantiated in the design, it is suggested to set both the MREG and PREG attributes to 1 when performing multiply functions.
Related violations: <none>

DPOP-2#6 Warning
MREG Output pipelining  
DSP Block_top_i/VexiiSocWrapper_0/inst/Soc/vexiis_0_logic_core/execute_ctrl3_up_early0_MulPlugin_logic_mul_VALUES_4_lane0_reg multiplier stage Block_top_i/VexiiSocWrapper_0/inst/Soc/vexiis_0_logic_core/execute_ctrl3_up_early0_MulPlugin_logic_mul_VALUES_4_lane0_reg/P[47:0] is not pipelined (MREG=0). Pipelining the multiplier function will improve performance and will save significant power so it is suggested whenever possible to fully pipeline this function.  If this multiplier was inferred, it is suggested to describe an additional register stage after this function.  If there is no registered adder/accumulator following the multiply function, two pipeline stages are suggested to allow both the MREG and PREG registers to be used.  If the DSP48 was instantiated in the design, it is suggested to set both the MREG and PREG attributes to 1 when performing multiply functions.
Related violations: <none>

DPOP-2#7 Warning
MREG Output pipelining  
DSP Block_top_i/VexiiSocWrapper_0/inst/Soc/vexiis_0_logic_core/execute_ctrl3_up_early0_MulPlugin_logic_mul_VALUES_5_lane0_reg multiplier stage Block_top_i/VexiiSocWrapper_0/inst/Soc/vexiis_0_logic_core/execute_ctrl3_up_early0_MulPlugin_logic_mul_VALUES_5_lane0_reg/P[47:0] is not pipelined (MREG=0). Pipelining the multiplier function will improve performance and will save significant power so it is suggested whenever possible to fully pipeline this function.  If this multiplier was inferred, it is suggested to describe an additional register stage after this function.  If there is no registered adder/accumulator following the multiply function, two pipeline stages are suggested to allow both the MREG and PREG registers to be used.  If the DSP48 was instantiated in the design, it is suggested to set both the MREG and PREG attributes to 1 when performing multiply functions.
Related violations: <none>

DPOP-2#8 Warning
MREG Output pipelining  
DSP Block_top_i/VexiiSocWrapper_0/inst/Soc/vexiis_0_logic_core/execute_ctrl3_up_early0_MulPlugin_logic_mul_VALUES_8_lane0_reg multiplier stage Block_top_i/VexiiSocWrapper_0/inst/Soc/vexiis_0_logic_core/execute_ctrl3_up_early0_MulPlugin_logic_mul_VALUES_8_lane0_reg/P[47:0] is not pipelined (MREG=0). Pipelining the multiplier function will improve performance and will save significant power so it is suggested whenever possible to fully pipeline this function.  If this multiplier was inferred, it is suggested to describe an additional register stage after this function.  If there is no registered adder/accumulator following the multiply function, two pipeline stages are suggested to allow both the MREG and PREG registers to be used.  If the DSP48 was instantiated in the design, it is suggested to set both the MREG and PREG attributes to 1 when performing multiply functions.
Related violations: <none>

DPOP-2#9 Warning
MREG Output pipelining  
DSP Block_top_i/VexiiSocWrapper_0/inst/Soc/vexiis_0_logic_core/execute_ctrl3_up_early0_MulPlugin_logic_mul_VALUES_9_lane0_reg multiplier stage Block_top_i/VexiiSocWrapper_0/inst/Soc/vexiis_0_logic_core/execute_ctrl3_up_early0_MulPlugin_logic_mul_VALUES_9_lane0_reg/P[47:0] is not pipelined (MREG=0). Pipelining the multiplier function will improve performance and will save significant power so it is suggested whenever possible to fully pipeline this function.  If this multiplier was inferred, it is suggested to describe an additional register stage after this function.  If there is no registered adder/accumulator following the multiply function, two pipeline stages are suggested to allow both the MREG and PREG registers to be used.  If the DSP48 was instantiated in the design, it is suggested to set both the MREG and PREG attributes to 1 when performing multiply functions.
Related violations: <none>

REQP-1709#1 Warning
Clock output buffering  
PLLE2_ADV connectivity violation. The signal Block_top_i/mig_axi_wrapper_0/inst/mig_inst/u_mig_7series_0_mig/u_ddr3_infrastructure/pll_clk3_out on the Block_top_i/mig_axi_wrapper_0/inst/mig_inst/u_mig_7series_0_mig/u_ddr3_infrastructure/plle2_i/CLKOUT3 pin of Block_top_i/mig_axi_wrapper_0/inst/mig_inst/u_mig_7series_0_mig/u_ddr3_infrastructure/plle2_i does not drive the same kind of BUFFER load as the other CLKOUT pins. Routing from the different buffer types will not be phase aligned.
Related violations: <none>

REQP-1839#1 Warning
RAMB36 async control check  
The RAMB36E1 Block_top_i/VDP_0/inst/S0_gen/spr_att/U0/inst_blk_mem_gen/gnbram.gnativebmg.native_blk_mem_gen/valid.cstr/ramloop[0].ram.r/prim_noinit.ram/DEVICE_7SERIES.NO_BMM_INFO.TRUE_DP.SIMPLE_PRIM36.ram has an input control pin Block_top_i/VDP_0/inst/S0_gen/spr_att/U0/inst_blk_mem_gen/gnbram.gnativebmg.native_blk_mem_gen/valid.cstr/ramloop[0].ram.r/prim_noinit.ram/DEVICE_7SERIES.NO_BMM_INFO.TRUE_DP.SIMPLE_PRIM36.ram/ENBWREN (net: Block_top_i/VDP_0/inst/S0_gen/spr_att/U0/inst_blk_mem_gen/gnbram.gnativebmg.native_blk_mem_gen/valid.cstr/ramloop[0].ram.r/prim_noinit.ram/enb) which is driven by a register (Block_top_i/mig_axi_wrapper_0/inst/mig_inst/u_mig_7series_0_mig/u_ddr3_infrastructure/rstdiv0_sync_r1_reg_rep) that has an active asychronous set or reset. This may cause corruption of the memory contents and/or read values when the set/reset is asserted and is not analyzed by the default static timing analysis. It is suggested to eliminate the use of a set/reset to registers driving this RAMB pin or else use a synchronous reset in which the assertion of the reset is timed by default.
Related violations: <none>

REQP-1839#2 Warning
RAMB36 async control check  
The RAMB36E1 Block_top_i/VDP_0/inst/S0_gen/spr_att/U0/inst_blk_mem_gen/gnbram.gnativebmg.native_blk_mem_gen/valid.cstr/ramloop[1].ram.r/prim_noinit.ram/DEVICE_7SERIES.NO_BMM_INFO.TRUE_DP.SIMPLE_PRIM36.ram has an input control pin Block_top_i/VDP_0/inst/S0_gen/spr_att/U0/inst_blk_mem_gen/gnbram.gnativebmg.native_blk_mem_gen/valid.cstr/ramloop[1].ram.r/prim_noinit.ram/DEVICE_7SERIES.NO_BMM_INFO.TRUE_DP.SIMPLE_PRIM36.ram/ENBWREN (net: Block_top_i/VDP_0/inst/S0_gen/spr_att/U0/inst_blk_mem_gen/gnbram.gnativebmg.native_blk_mem_gen/valid.cstr/ramloop[1].ram.r/prim_noinit.ram/enb) which is driven by a register (Block_top_i/mig_axi_wrapper_0/inst/mig_inst/u_mig_7series_0_mig/u_ddr3_infrastructure/rstdiv0_sync_r1_reg_rep) that has an active asychronous set or reset. This may cause corruption of the memory contents and/or read values when the set/reset is asserted and is not analyzed by the default static timing analysis. It is suggested to eliminate the use of a set/reset to registers driving this RAMB pin or else use a synchronous reset in which the assertion of the reset is timed by default.
Related violations: <none>

REQP-1839#3 Warning
RAMB36 async control check  
The RAMB36E1 Block_top_i/VexiiSocWrapper_0/inst/Soc/vexiis_0_logic_core/FetchL1Plugin_logic_banks_0_mem_reg has an input control pin Block_top_i/VexiiSocWrapper_0/inst/Soc/vexiis_0_logic_core/FetchL1Plugin_logic_banks_0_mem_reg/ADDRARDADDR[5] (net: Block_top_i/VexiiSocWrapper_0/inst/Soc/vexiis_0_logic_core/FetchL1Plugin_logic_refill_onRsp_wordIndex[0]) which is driven by a register (Block_top_i/VexiiSocWrapper_0/inst/Soc/vexiis_0_logic_core/FetchL1Plugin_logic_refill_onRsp_wordIndex_reg[0]) that has an active asychronous set or reset. This may cause corruption of the memory contents and/or read values when the set/reset is asserted and is not analyzed by the default static timing analysis. It is suggested to eliminate the use of a set/reset to registers driving this RAMB pin or else use a synchronous reset in which the assertion of the reset is timed by default.
Related violations: <none>

REQP-1839#4 Warning
RAMB36 async control check  
The RAMB36E1 Block_top_i/VexiiSocWrapper_0/inst/Soc/vexiis_0_logic_core/FetchL1Plugin_logic_banks_0_mem_reg has an input control pin Block_top_i/VexiiSocWrapper_0/inst/Soc/vexiis_0_logic_core/FetchL1Plugin_logic_banks_0_mem_reg/ADDRARDADDR[6] (net: Block_top_i/VexiiSocWrapper_0/inst/Soc/vexiis_0_logic_core/FetchL1Plugin_logic_refill_onRsp_wordIndex[1]) which is driven by a register (Block_top_i/VexiiSocWrapper_0/inst/Soc/vexiis_0_logic_core/FetchL1Plugin_logic_refill_onRsp_wordIndex_reg[1]) that has an active asychronous set or reset. This may cause corruption of the memory contents and/or read values when the set/reset is asserted and is not analyzed by the default static timing analysis. It is suggested to eliminate the use of a set/reset to registers driving this RAMB pin or else use a synchronous reset in which the assertion of the reset is timed by default.
Related violations: <none>

REQP-1839#5 Warning
RAMB36 async control check  
The RAMB36E1 Block_top_i/VexiiSocWrapper_0/inst/Soc/vexiis_0_logic_core/FetchL1Plugin_logic_banks_0_mem_reg has an input control pin Block_top_i/VexiiSocWrapper_0/inst/Soc/vexiis_0_logic_core/FetchL1Plugin_logic_banks_0_mem_reg/ADDRARDADDR[7] (net: Block_top_i/VexiiSocWrapper_0/inst/Soc/vexiis_0_logic_core/FetchL1Plugin_logic_refill_onRsp_wordIndex[2]) which is driven by a register (Block_top_i/VexiiSocWrapper_0/inst/Soc/vexiis_0_logic_core/FetchL1Plugin_logic_refill_onRsp_wordIndex_reg[2]) that has an active asychronous set or reset. This may cause corruption of the memory contents and/or read values when the set/reset is asserted and is not analyzed by the default static timing analysis. It is suggested to eliminate the use of a set/reset to registers driving this RAMB pin or else use a synchronous reset in which the assertion of the reset is timed by default.
Related violations: <none>

REQP-1839#6 Warning
RAMB36 async control check  
The RAMB36E1 Block_top_i/VexiiSocWrapper_0/inst/Soc/vexiis_0_logic_core/FetchL1Plugin_logic_banks_0_mem_reg has an input control pin Block_top_i/VexiiSocWrapper_0/inst/Soc/vexiis_0_logic_core/FetchL1Plugin_logic_banks_0_mem_reg/ADDRARDADDR[8] (net: Block_top_i/VexiiSocWrapper_0/inst/Soc/vexiis_0_logic_core/FetchL1Plugin_logic_refill_onRsp_wordIndex[3]) which is driven by a register (Block_top_i/VexiiSocWrapper_0/inst/Soc/vexiis_0_logic_core/FetchL1Plugin_logic_refill_onRsp_wordIndex_reg[3]) that has an active asychronous set or reset. This may cause corruption of the memory contents and/or read values when the set/reset is asserted and is not analyzed by the default static timing analysis. It is suggested to eliminate the use of a set/reset to registers driving this RAMB pin or else use a synchronous reset in which the assertion of the reset is timed by default.
Related violations: <none>

REQP-1839#7 Warning
RAMB36 async control check  
The RAMB36E1 Block_top_i/VexiiSocWrapper_0/inst/Soc/vexiis_0_logic_core/FetchL1Plugin_logic_banks_0_mem_reg has an input control pin Block_top_i/VexiiSocWrapper_0/inst/Soc/vexiis_0_logic_core/FetchL1Plugin_logic_banks_0_mem_reg/ADDRBWRADDR[14] (net: Block_top_i/VexiiSocWrapper_0/inst/Soc/vexiis_0_logic_core/FetchL1Plugin_logic_ways_0_read_cmd_payload[5]) which is driven by a register (Block_top_i/VexiiSocWrapper_0/inst/Soc/vexiis_0_logic_core/PcPlugin_logic_harts_0_self_increment_reg) that has an active asychronous set or reset. This may cause corruption of the memory contents and/or read values when the set/reset is asserted and is not analyzed by the default static timing analysis. It is suggested to eliminate the use of a set/reset to registers driving this RAMB pin or else use a synchronous reset in which the assertion of the reset is timed by default.
Related violations: <none>

REQP-1839#8 Warning
RAMB36 async control check  
The RAMB36E1 Block_top_i/VexiiSocWrapper_0/inst/Soc/vexiis_0_logic_core/FetchL1Plugin_logic_banks_0_mem_reg has an input control pin Block_top_i/VexiiSocWrapper_0/inst/Soc/vexiis_0_logic_core/FetchL1Plugin_logic_banks_0_mem_reg/ADDRBWRADDR[14] (net: Block_top_i/VexiiSocWrapper_0/inst/Soc/vexiis_0_logic_core/FetchL1Plugin_logic_ways_0_read_cmd_payload[5]) which is driven by a register (Block_top_i/VexiiSocWrapper_0/inst/Soc/vexiis_0_logic_core/PcPlugin_logic_harts_0_self_state_reg[10]) that has an active asychronous set or reset. This may cause corruption of the memory contents and/or read values when the set/reset is asserted and is not analyzed by the default static timing analysis. It is suggested to eliminate the use of a set/reset to registers driving this RAMB pin or else use a synchronous reset in which the assertion of the reset is timed by default.
Related violations: <none>

REQP-1839#9 Warning
RAMB36 async control check  
The RAMB36E1 Block_top_i/VexiiSocWrapper_0/inst/Soc/vexiis_0_logic_core/FetchL1Plugin_logic_banks_0_mem_reg has an input control pin Block_top_i/VexiiSocWrapper_0/inst/Soc/vexiis_0_logic_core/FetchL1Plugin_logic_banks_0_mem_reg/ADDRBWRADDR[14] (net: Block_top_i/VexiiSocWrapper_0/inst/Soc/vexiis_0_logic_core/FetchL1Plugin_logic_ways_0_read_cmd_payload[5]) which is driven by a register (Block_top_i/VexiiSocWrapper_0/inst/Soc/vexiis_0_logic_core/PcPlugin_logic_harts_0_self_state_reg[11]) that has an active asychronous set or reset. This may cause corruption of the memory contents and/or read values when the set/reset is asserted and is not analyzed by the default static timing analysis. It is suggested to eliminate the use of a set/reset to registers driving this RAMB pin or else use a synchronous reset in which the assertion of the reset is timed by default.
Related violations: <none>

REQP-1839#10 Warning
RAMB36 async control check  
The RAMB36E1 Block_top_i/VexiiSocWrapper_0/inst/Soc/vexiis_0_logic_core/FetchL1Plugin_logic_banks_0_mem_reg has an input control pin Block_top_i/VexiiSocWrapper_0/inst/Soc/vexiis_0_logic_core/FetchL1Plugin_logic_banks_0_mem_reg/ADDRBWRADDR[14] (net: Block_top_i/VexiiSocWrapper_0/inst/Soc/vexiis_0_logic_core/FetchL1Plugin_logic_ways_0_read_cmd_payload[5]) which is driven by a register (Block_top_i/VexiiSocWrapper_0/inst/Soc/vexiis_0_logic_core/PcPlugin_logic_harts_0_self_state_reg[12]) that has an active asychronous set or reset. This may cause corruption of the memory contents and/or read values when the set/reset is asserted and is not analyzed by the default static timing analysis. It is suggested to eliminate the use of a set/reset to registers driving this RAMB pin or else use a synchronous reset in which the assertion of the reset is timed by default.
Related violations: <none>

REQP-1839#11 Warning
RAMB36 async control check  
The RAMB36E1 Block_top_i/VexiiSocWrapper_0/inst/Soc/vexiis_0_logic_core/FetchL1Plugin_logic_banks_0_mem_reg has an input control pin Block_top_i/VexiiSocWrapper_0/inst/Soc/vexiis_0_logic_core/FetchL1Plugin_logic_banks_0_mem_reg/ADDRBWRADDR[14] (net: Block_top_i/VexiiSocWrapper_0/inst/Soc/vexiis_0_logic_core/FetchL1Plugin_logic_ways_0_read_cmd_payload[5]) which is driven by a register (Block_top_i/VexiiSocWrapper_0/inst/Soc/vexiis_0_logic_core/PcPlugin_logic_harts_0_self_state_reg[1]) that has an active asychronous set or reset. This may cause corruption of the memory contents and/or read values when the set/reset is asserted and is not analyzed by the default static timing analysis. It is suggested to eliminate the use of a set/reset to registers driving this RAMB pin or else use a synchronous reset in which the assertion of the reset is timed by default.
Related violations: <none>

REQP-1839#12 Warning
RAMB36 async control check  
The RAMB36E1 Block_top_i/VexiiSocWrapper_0/inst/Soc/vexiis_0_logic_core/FetchL1Plugin_logic_banks_0_mem_reg has an input control pin Block_top_i/VexiiSocWrapper_0/inst/Soc/vexiis_0_logic_core/FetchL1Plugin_logic_banks_0_mem_reg/ADDRBWRADDR[14] (net: Block_top_i/VexiiSocWrapper_0/inst/Soc/vexiis_0_logic_core/FetchL1Plugin_logic_ways_0_read_cmd_payload[5]) which is driven by a register (Block_top_i/VexiiSocWrapper_0/inst/Soc/vexiis_0_logic_core/PcPlugin_logic_harts_0_self_state_reg[2]) that has an active asychronous set or reset. This may cause corruption of the memory contents and/or read values when the set/reset is asserted and is not analyzed by the default static timing analysis. It is suggested to eliminate the use of a set/reset to registers driving this RAMB pin or else use a synchronous reset in which the assertion of the reset is timed by default.
Related violations: <none>

REQP-1839#13 Warning
RAMB36 async control check  
The RAMB36E1 Block_top_i/VexiiSocWrapper_0/inst/Soc/vexiis_0_logic_core/FetchL1Plugin_logic_banks_0_mem_reg has an input control pin Block_top_i/VexiiSocWrapper_0/inst/Soc/vexiis_0_logic_core/FetchL1Plugin_logic_banks_0_mem_reg/ADDRBWRADDR[14] (net: Block_top_i/VexiiSocWrapper_0/inst/Soc/vexiis_0_logic_core/FetchL1Plugin_logic_ways_0_read_cmd_payload[5]) which is driven by a register (Block_top_i/VexiiSocWrapper_0/inst/Soc/vexiis_0_logic_core/PcPlugin_logic_harts_0_self_state_reg[3]) that has an active asychronous set or reset. This may cause corruption of the memory contents and/or read values when the set/reset is asserted and is not analyzed by the default static timing analysis. It is suggested to eliminate the use of a set/reset to registers driving this RAMB pin or else use a synchronous reset in which the assertion of the reset is timed by default.
Related violations: <none>

REQP-1839#14 Warning
RAMB36 async control check  
The RAMB36E1 Block_top_i/VexiiSocWrapper_0/inst/Soc/vexiis_0_logic_core/FetchL1Plugin_logic_banks_0_mem_reg has an input control pin Block_top_i/VexiiSocWrapper_0/inst/Soc/vexiis_0_logic_core/FetchL1Plugin_logic_banks_0_mem_reg/ADDRBWRADDR[14] (net: Block_top_i/VexiiSocWrapper_0/inst/Soc/vexiis_0_logic_core/FetchL1Plugin_logic_ways_0_read_cmd_payload[5]) which is driven by a register (Block_top_i/VexiiSocWrapper_0/inst/Soc/vexiis_0_logic_core/PcPlugin_logic_harts_0_self_state_reg[4]) that has an active asychronous set or reset. This may cause corruption of the memory contents and/or read values when the set/reset is asserted and is not analyzed by the default static timing analysis. It is suggested to eliminate the use of a set/reset to registers driving this RAMB pin or else use a synchronous reset in which the assertion of the reset is timed by default.
Related violations: <none>

REQP-1839#15 Warning
RAMB36 async control check  
The RAMB36E1 Block_top_i/VexiiSocWrapper_0/inst/Soc/vexiis_0_logic_core/FetchL1Plugin_logic_banks_0_mem_reg has an input control pin Block_top_i/VexiiSocWrapper_0/inst/Soc/vexiis_0_logic_core/FetchL1Plugin_logic_banks_0_mem_reg/ADDRBWRADDR[14] (net: Block_top_i/VexiiSocWrapper_0/inst/Soc/vexiis_0_logic_core/FetchL1Plugin_logic_ways_0_read_cmd_payload[5]) which is driven by a register (Block_top_i/VexiiSocWrapper_0/inst/Soc/vexiis_0_logic_core/PcPlugin_logic_harts_0_self_state_reg[5]) that has an active asychronous set or reset. This may cause corruption of the memory contents and/or read values when the set/reset is asserted and is not analyzed by the default static timing analysis. It is suggested to eliminate the use of a set/reset to registers driving this RAMB pin or else use a synchronous reset in which the assertion of the reset is timed by default.
Related violations: <none>

REQP-1839#16 Warning
RAMB36 async control check  
The RAMB36E1 Block_top_i/VexiiSocWrapper_0/inst/Soc/vexiis_0_logic_core/FetchL1Plugin_logic_banks_0_mem_reg has an input control pin Block_top_i/VexiiSocWrapper_0/inst/Soc/vexiis_0_logic_core/FetchL1Plugin_logic_banks_0_mem_reg/ADDRBWRADDR[14] (net: Block_top_i/VexiiSocWrapper_0/inst/Soc/vexiis_0_logic_core/FetchL1Plugin_logic_ways_0_read_cmd_payload[5]) which is driven by a register (Block_top_i/VexiiSocWrapper_0/inst/Soc/vexiis_0_logic_core/PcPlugin_logic_harts_0_self_state_reg[6]) that has an active asychronous set or reset. This may cause corruption of the memory contents and/or read values when the set/reset is asserted and is not analyzed by the default static timing analysis. It is suggested to eliminate the use of a set/reset to registers driving this RAMB pin or else use a synchronous reset in which the assertion of the reset is timed by default.
Related violations: <none>

REQP-1839#17 Warning
RAMB36 async control check  
The RAMB36E1 Block_top_i/VexiiSocWrapper_0/inst/Soc/vexiis_0_logic_core/FetchL1Plugin_logic_banks_0_mem_reg has an input control pin Block_top_i/VexiiSocWrapper_0/inst/Soc/vexiis_0_logic_core/FetchL1Plugin_logic_banks_0_mem_reg/ADDRBWRADDR[14] (net: Block_top_i/VexiiSocWrapper_0/inst/Soc/vexiis_0_logic_core/FetchL1Plugin_logic_ways_0_read_cmd_payload[5]) which is driven by a register (Block_top_i/VexiiSocWrapper_0/inst/Soc/vexiis_0_logic_core/PcPlugin_logic_harts_0_self_state_reg[7]) that has an active asychronous set or reset. This may cause corruption of the memory contents and/or read values when the set/reset is asserted and is not analyzed by the default static timing analysis. It is suggested to eliminate the use of a set/reset to registers driving this RAMB pin or else use a synchronous reset in which the assertion of the reset is timed by default.
Related violations: <none>

REQP-1839#18 Warning
RAMB36 async control check  
The RAMB36E1 Block_top_i/VexiiSocWrapper_0/inst/Soc/vexiis_0_logic_core/FetchL1Plugin_logic_banks_0_mem_reg has an input control pin Block_top_i/VexiiSocWrapper_0/inst/Soc/vexiis_0_logic_core/FetchL1Plugin_logic_banks_0_mem_reg/ADDRBWRADDR[14] (net: Block_top_i/VexiiSocWrapper_0/inst/Soc/vexiis_0_logic_core/FetchL1Plugin_logic_ways_0_read_cmd_payload[5]) which is driven by a register (Block_top_i/VexiiSocWrapper_0/inst/Soc/vexiis_0_logic_core/PcPlugin_logic_harts_0_self_state_reg[8]) that has an active asychronous set or reset. This may cause corruption of the memory contents and/or read values when the set/reset is asserted and is not analyzed by the default static timing analysis. It is suggested to eliminate the use of a set/reset to registers driving this RAMB pin or else use a synchronous reset in which the assertion of the reset is timed by default.
Related violations: <none>

REQP-1839#19 Warning
RAMB36 async control check  
The RAMB36E1 Block_top_i/VexiiSocWrapper_0/inst/Soc/vexiis_0_logic_core/FetchL1Plugin_logic_banks_0_mem_reg has an input control pin Block_top_i/VexiiSocWrapper_0/inst/Soc/vexiis_0_logic_core/FetchL1Plugin_logic_banks_0_mem_reg/ADDRBWRADDR[14] (net: Block_top_i/VexiiSocWrapper_0/inst/Soc/vexiis_0_logic_core/FetchL1Plugin_logic_ways_0_read_cmd_payload[5]) which is driven by a register (Block_top_i/VexiiSocWrapper_0/inst/Soc/vexiis_0_logic_core/PcPlugin_logic_harts_0_self_state_reg[9]) that has an active asychronous set or reset. This may cause corruption of the memory contents and/or read values when the set/reset is asserted and is not analyzed by the default static timing analysis. It is suggested to eliminate the use of a set/reset to registers driving this RAMB pin or else use a synchronous reset in which the assertion of the reset is timed by default.
Related violations: <none>

REQP-1839#20 Warning
RAMB36 async control check  
The RAMB36E1 Block_top_i/VexiiSocWrapper_0/inst/Soc/vexiis_0_logic_core/FetchL1Plugin_logic_banks_0_mem_reg has an input control pin Block_top_i/VexiiSocWrapper_0/inst/Soc/vexiis_0_logic_core/FetchL1Plugin_logic_banks_0_mem_reg/ADDRBWRADDR[14] (net: Block_top_i/VexiiSocWrapper_0/inst/Soc/vexiis_0_logic_core/FetchL1Plugin_logic_ways_0_read_cmd_payload[5]) which is driven by a register (Block_top_i/VexiiSocWrapper_0/inst/Soc/vexiis_0_logic_core/TrapPlugin_logic_harts_0_trap_fsm_stateReg_reg[0]) that has an active asychronous set or reset. This may cause corruption of the memory contents and/or read values when the set/reset is asserted and is not analyzed by the default static timing analysis. It is suggested to eliminate the use of a set/reset to registers driving this RAMB pin or else use a synchronous reset in which the assertion of the reset is timed by default.
Related violations: <none>

REQP-1840#1 Warning
RAMB18 async control check  
The RAMB18E1 Block_top_i/VexiiSocWrapper_0/inst/Soc/vexiis_0_logic_core/FetchL1Plugin_logic_ways_0_mem_reg has an input control pin Block_top_i/VexiiSocWrapper_0/inst/Soc/vexiis_0_logic_core/FetchL1Plugin_logic_ways_0_mem_reg/ADDRARDADDR[10] (net: Block_top_i/VexiiSocWrapper_0/inst/Soc/vexiis_0_logic_core/FetchL1Plugin_logic_ways_0_read_cmd_payload[5]) which is driven by a register (Block_top_i/VexiiSocWrapper_0/inst/Soc/vexiis_0_logic_core/PcPlugin_logic_harts_0_self_increment_reg) that has an active asychronous set or reset. This may cause corruption of the memory contents and/or read values when the set/reset is asserted and is not analyzed by the default static timing analysis. It is suggested to eliminate the use of a set/reset to registers driving this RAMB pin or else use a synchronous reset in which the assertion of the reset is timed by default.
Related violations: <none>

REQP-1840#2 Warning
RAMB18 async control check  
The RAMB18E1 Block_top_i/VexiiSocWrapper_0/inst/Soc/vexiis_0_logic_core/FetchL1Plugin_logic_ways_0_mem_reg has an input control pin Block_top_i/VexiiSocWrapper_0/inst/Soc/vexiis_0_logic_core/FetchL1Plugin_logic_ways_0_mem_reg/ADDRARDADDR[10] (net: Block_top_i/VexiiSocWrapper_0/inst/Soc/vexiis_0_logic_core/FetchL1Plugin_logic_ways_0_read_cmd_payload[5]) which is driven by a register (Block_top_i/VexiiSocWrapper_0/inst/Soc/vexiis_0_logic_core/PcPlugin_logic_harts_0_self_state_reg[10]) that has an active asychronous set or reset. This may cause corruption of the memory contents and/or read values when the set/reset is asserted and is not analyzed by the default static timing analysis. It is suggested to eliminate the use of a set/reset to registers driving this RAMB pin or else use a synchronous reset in which the assertion of the reset is timed by default.
Related violations: <none>

REQP-1840#3 Warning
RAMB18 async control check  
The RAMB18E1 Block_top_i/VexiiSocWrapper_0/inst/Soc/vexiis_0_logic_core/FetchL1Plugin_logic_ways_0_mem_reg has an input control pin Block_top_i/VexiiSocWrapper_0/inst/Soc/vexiis_0_logic_core/FetchL1Plugin_logic_ways_0_mem_reg/ADDRARDADDR[10] (net: Block_top_i/VexiiSocWrapper_0/inst/Soc/vexiis_0_logic_core/FetchL1Plugin_logic_ways_0_read_cmd_payload[5]) which is driven by a register (Block_top_i/VexiiSocWrapper_0/inst/Soc/vexiis_0_logic_core/PcPlugin_logic_harts_0_self_state_reg[11]) that has an active asychronous set or reset. This may cause corruption of the memory contents and/or read values when the set/reset is asserted and is not analyzed by the default static timing analysis. It is suggested to eliminate the use of a set/reset to registers driving this RAMB pin or else use a synchronous reset in which the assertion of the reset is timed by default.
Related violations: <none>

REQP-1840#4 Warning
RAMB18 async control check  
The RAMB18E1 Block_top_i/VexiiSocWrapper_0/inst/Soc/vexiis_0_logic_core/FetchL1Plugin_logic_ways_0_mem_reg has an input control pin Block_top_i/VexiiSocWrapper_0/inst/Soc/vexiis_0_logic_core/FetchL1Plugin_logic_ways_0_mem_reg/ADDRARDADDR[10] (net: Block_top_i/VexiiSocWrapper_0/inst/Soc/vexiis_0_logic_core/FetchL1Plugin_logic_ways_0_read_cmd_payload[5]) which is driven by a register (Block_top_i/VexiiSocWrapper_0/inst/Soc/vexiis_0_logic_core/PcPlugin_logic_harts_0_self_state_reg[12]) that has an active asychronous set or reset. This may cause corruption of the memory contents and/or read values when the set/reset is asserted and is not analyzed by the default static timing analysis. It is suggested to eliminate the use of a set/reset to registers driving this RAMB pin or else use a synchronous reset in which the assertion of the reset is timed by default.
Related violations: <none>

REQP-1840#5 Warning
RAMB18 async control check  
The RAMB18E1 Block_top_i/VexiiSocWrapper_0/inst/Soc/vexiis_0_logic_core/FetchL1Plugin_logic_ways_0_mem_reg has an input control pin Block_top_i/VexiiSocWrapper_0/inst/Soc/vexiis_0_logic_core/FetchL1Plugin_logic_ways_0_mem_reg/ADDRARDADDR[10] (net: Block_top_i/VexiiSocWrapper_0/inst/Soc/vexiis_0_logic_core/FetchL1Plugin_logic_ways_0_read_cmd_payload[5]) which is driven by a register (Block_top_i/VexiiSocWrapper_0/inst/Soc/vexiis_0_logic_core/PcPlugin_logic_harts_0_self_state_reg[1]) that has an active asychronous set or reset. This may cause corruption of the memory contents and/or read values when the set/reset is asserted and is not analyzed by the default static timing analysis. It is suggested to eliminate the use of a set/reset to registers driving this RAMB pin or else use a synchronous reset in which the assertion of the reset is timed by default.
Related violations: <none>

REQP-1840#6 Warning
RAMB18 async control check  
The RAMB18E1 Block_top_i/VexiiSocWrapper_0/inst/Soc/vexiis_0_logic_core/FetchL1Plugin_logic_ways_0_mem_reg has an input control pin Block_top_i/VexiiSocWrapper_0/inst/Soc/vexiis_0_logic_core/FetchL1Plugin_logic_ways_0_mem_reg/ADDRARDADDR[10] (net: Block_top_i/VexiiSocWrapper_0/inst/Soc/vexiis_0_logic_core/FetchL1Plugin_logic_ways_0_read_cmd_payload[5]) which is driven by a register (Block_top_i/VexiiSocWrapper_0/inst/Soc/vexiis_0_logic_core/PcPlugin_logic_harts_0_self_state_reg[2]) that has an active asychronous set or reset. This may cause corruption of the memory contents and/or read values when the set/reset is asserted and is not analyzed by the default static timing analysis. It is suggested to eliminate the use of a set/reset to registers driving this RAMB pin or else use a synchronous reset in which the assertion of the reset is timed by default.
Related violations: <none>

REQP-1840#7 Warning
RAMB18 async control check  
The RAMB18E1 Block_top_i/VexiiSocWrapper_0/inst/Soc/vexiis_0_logic_core/FetchL1Plugin_logic_ways_0_mem_reg has an input control pin Block_top_i/VexiiSocWrapper_0/inst/Soc/vexiis_0_logic_core/FetchL1Plugin_logic_ways_0_mem_reg/ADDRARDADDR[10] (net: Block_top_i/VexiiSocWrapper_0/inst/Soc/vexiis_0_logic_core/FetchL1Plugin_logic_ways_0_read_cmd_payload[5]) which is driven by a register (Block_top_i/VexiiSocWrapper_0/inst/Soc/vexiis_0_logic_core/PcPlugin_logic_harts_0_self_state_reg[3]) that has an active asychronous set or reset. This may cause corruption of the memory contents and/or read values when the set/reset is asserted and is not analyzed by the default static timing analysis. It is suggested to eliminate the use of a set/reset to registers driving this RAMB pin or else use a synchronous reset in which the assertion of the reset is timed by default.
Related violations: <none>

REQP-1840#8 Warning
RAMB18 async control check  
The RAMB18E1 Block_top_i/VexiiSocWrapper_0/inst/Soc/vexiis_0_logic_core/FetchL1Plugin_logic_ways_0_mem_reg has an input control pin Block_top_i/VexiiSocWrapper_0/inst/Soc/vexiis_0_logic_core/FetchL1Plugin_logic_ways_0_mem_reg/ADDRARDADDR[10] (net: Block_top_i/VexiiSocWrapper_0/inst/Soc/vexiis_0_logic_core/FetchL1Plugin_logic_ways_0_read_cmd_payload[5]) which is driven by a register (Block_top_i/VexiiSocWrapper_0/inst/Soc/vexiis_0_logic_core/PcPlugin_logic_harts_0_self_state_reg[4]) that has an active asychronous set or reset. This may cause corruption of the memory contents and/or read values when the set/reset is asserted and is not analyzed by the default static timing analysis. It is suggested to eliminate the use of a set/reset to registers driving this RAMB pin or else use a synchronous reset in which the assertion of the reset is timed by default.
Related violations: <none>

REQP-1840#9 Warning
RAMB18 async control check  
The RAMB18E1 Block_top_i/VexiiSocWrapper_0/inst/Soc/vexiis_0_logic_core/FetchL1Plugin_logic_ways_0_mem_reg has an input control pin Block_top_i/VexiiSocWrapper_0/inst/Soc/vexiis_0_logic_core/FetchL1Plugin_logic_ways_0_mem_reg/ADDRARDADDR[10] (net: Block_top_i/VexiiSocWrapper_0/inst/Soc/vexiis_0_logic_core/FetchL1Plugin_logic_ways_0_read_cmd_payload[5]) which is driven by a register (Block_top_i/VexiiSocWrapper_0/inst/Soc/vexiis_0_logic_core/PcPlugin_logic_harts_0_self_state_reg[5]) that has an active asychronous set or reset. This may cause corruption of the memory contents and/or read values when the set/reset is asserted and is not analyzed by the default static timing analysis. It is suggested to eliminate the use of a set/reset to registers driving this RAMB pin or else use a synchronous reset in which the assertion of the reset is timed by default.
Related violations: <none>

REQP-1840#10 Warning
RAMB18 async control check  
The RAMB18E1 Block_top_i/VexiiSocWrapper_0/inst/Soc/vexiis_0_logic_core/FetchL1Plugin_logic_ways_0_mem_reg has an input control pin Block_top_i/VexiiSocWrapper_0/inst/Soc/vexiis_0_logic_core/FetchL1Plugin_logic_ways_0_mem_reg/ADDRARDADDR[10] (net: Block_top_i/VexiiSocWrapper_0/inst/Soc/vexiis_0_logic_core/FetchL1Plugin_logic_ways_0_read_cmd_payload[5]) which is driven by a register (Block_top_i/VexiiSocWrapper_0/inst/Soc/vexiis_0_logic_core/PcPlugin_logic_harts_0_self_state_reg[6]) that has an active asychronous set or reset. This may cause corruption of the memory contents and/or read values when the set/reset is asserted and is not analyzed by the default static timing analysis. It is suggested to eliminate the use of a set/reset to registers driving this RAMB pin or else use a synchronous reset in which the assertion of the reset is timed by default.
Related violations: <none>

REQP-1840#11 Warning
RAMB18 async control check  
The RAMB18E1 Block_top_i/VexiiSocWrapper_0/inst/Soc/vexiis_0_logic_core/FetchL1Plugin_logic_ways_0_mem_reg has an input control pin Block_top_i/VexiiSocWrapper_0/inst/Soc/vexiis_0_logic_core/FetchL1Plugin_logic_ways_0_mem_reg/ADDRARDADDR[10] (net: Block_top_i/VexiiSocWrapper_0/inst/Soc/vexiis_0_logic_core/FetchL1Plugin_logic_ways_0_read_cmd_payload[5]) which is driven by a register (Block_top_i/VexiiSocWrapper_0/inst/Soc/vexiis_0_logic_core/PcPlugin_logic_harts_0_self_state_reg[7]) that has an active asychronous set or reset. This may cause corruption of the memory contents and/or read values when the set/reset is asserted and is not analyzed by the default static timing analysis. It is suggested to eliminate the use of a set/reset to registers driving this RAMB pin or else use a synchronous reset in which the assertion of the reset is timed by default.
Related violations: <none>

REQP-1840#12 Warning
RAMB18 async control check  
The RAMB18E1 Block_top_i/VexiiSocWrapper_0/inst/Soc/vexiis_0_logic_core/FetchL1Plugin_logic_ways_0_mem_reg has an input control pin Block_top_i/VexiiSocWrapper_0/inst/Soc/vexiis_0_logic_core/FetchL1Plugin_logic_ways_0_mem_reg/ADDRARDADDR[10] (net: Block_top_i/VexiiSocWrapper_0/inst/Soc/vexiis_0_logic_core/FetchL1Plugin_logic_ways_0_read_cmd_payload[5]) which is driven by a register (Block_top_i/VexiiSocWrapper_0/inst/Soc/vexiis_0_logic_core/PcPlugin_logic_harts_0_self_state_reg[8]) that has an active asychronous set or reset. This may cause corruption of the memory contents and/or read values when the set/reset is asserted and is not analyzed by the default static timing analysis. It is suggested to eliminate the use of a set/reset to registers driving this RAMB pin or else use a synchronous reset in which the assertion of the reset is timed by default.
Related violations: <none>

REQP-1840#13 Warning
RAMB18 async control check  
The RAMB18E1 Block_top_i/VexiiSocWrapper_0/inst/Soc/vexiis_0_logic_core/FetchL1Plugin_logic_ways_0_mem_reg has an input control pin Block_top_i/VexiiSocWrapper_0/inst/Soc/vexiis_0_logic_core/FetchL1Plugin_logic_ways_0_mem_reg/ADDRARDADDR[10] (net: Block_top_i/VexiiSocWrapper_0/inst/Soc/vexiis_0_logic_core/FetchL1Plugin_logic_ways_0_read_cmd_payload[5]) which is driven by a register (Block_top_i/VexiiSocWrapper_0/inst/Soc/vexiis_0_logic_core/PcPlugin_logic_harts_0_self_state_reg[9]) that has an active asychronous set or reset. This may cause corruption of the memory contents and/or read values when the set/reset is asserted and is not analyzed by the default static timing analysis. It is suggested to eliminate the use of a set/reset to registers driving this RAMB pin or else use a synchronous reset in which the assertion of the reset is timed by default.
Related violations: <none>

REQP-1840#14 Warning
RAMB18 async control check  
The RAMB18E1 Block_top_i/VexiiSocWrapper_0/inst/Soc/vexiis_0_logic_core/FetchL1Plugin_logic_ways_0_mem_reg has an input control pin Block_top_i/VexiiSocWrapper_0/inst/Soc/vexiis_0_logic_core/FetchL1Plugin_logic_ways_0_mem_reg/ADDRARDADDR[10] (net: Block_top_i/VexiiSocWrapper_0/inst/Soc/vexiis_0_logic_core/FetchL1Plugin_logic_ways_0_read_cmd_payload[5]) which is driven by a register (Block_top_i/VexiiSocWrapper_0/inst/Soc/vexiis_0_logic_core/TrapPlugin_logic_harts_0_trap_fsm_stateReg_reg[0]) that has an active asychronous set or reset. This may cause corruption of the memory contents and/or read values when the set/reset is asserted and is not analyzed by the default static timing analysis. It is suggested to eliminate the use of a set/reset to registers driving this RAMB pin or else use a synchronous reset in which the assertion of the reset is timed by default.
Related violations: <none>

REQP-1840#15 Warning
RAMB18 async control check  
The RAMB18E1 Block_top_i/VexiiSocWrapper_0/inst/Soc/vexiis_0_logic_core/FetchL1Plugin_logic_ways_0_mem_reg has an input control pin Block_top_i/VexiiSocWrapper_0/inst/Soc/vexiis_0_logic_core/FetchL1Plugin_logic_ways_0_mem_reg/ADDRARDADDR[10] (net: Block_top_i/VexiiSocWrapper_0/inst/Soc/vexiis_0_logic_core/FetchL1Plugin_logic_ways_0_read_cmd_payload[5]) which is driven by a register (Block_top_i/VexiiSocWrapper_0/inst/Soc/vexiis_0_logic_core/TrapPlugin_logic_harts_0_trap_fsm_stateReg_reg[1]) that has an active asychronous set or reset. This may cause corruption of the memory contents and/or read values when the set/reset is asserted and is not analyzed by the default static timing analysis. It is suggested to eliminate the use of a set/reset to registers driving this RAMB pin or else use a synchronous reset in which the assertion of the reset is timed by default.
Related violations: <none>

REQP-1840#16 Warning
RAMB18 async control check  
The RAMB18E1 Block_top_i/VexiiSocWrapper_0/inst/Soc/vexiis_0_logic_core/FetchL1Plugin_logic_ways_0_mem_reg has an input control pin Block_top_i/VexiiSocWrapper_0/inst/Soc/vexiis_0_logic_core/FetchL1Plugin_logic_ways_0_mem_reg/ADDRARDADDR[10] (net: Block_top_i/VexiiSocWrapper_0/inst/Soc/vexiis_0_logic_core/FetchL1Plugin_logic_ways_0_read_cmd_payload[5]) which is driven by a register (Block_top_i/VexiiSocWrapper_0/inst/Soc/vexiis_0_logic_core/TrapPlugin_logic_harts_0_trap_fsm_stateReg_reg[2]) that has an active asychronous set or reset. This may cause corruption of the memory contents and/or read values when the set/reset is asserted and is not analyzed by the default static timing analysis. It is suggested to eliminate the use of a set/reset to registers driving this RAMB pin or else use a synchronous reset in which the assertion of the reset is timed by default.
Related violations: <none>

REQP-1840#17 Warning
RAMB18 async control check  
The RAMB18E1 Block_top_i/VexiiSocWrapper_0/inst/Soc/vexiis_0_logic_core/FetchL1Plugin_logic_ways_0_mem_reg has an input control pin Block_top_i/VexiiSocWrapper_0/inst/Soc/vexiis_0_logic_core/FetchL1Plugin_logic_ways_0_mem_reg/ADDRARDADDR[10] (net: Block_top_i/VexiiSocWrapper_0/inst/Soc/vexiis_0_logic_core/FetchL1Plugin_logic_ways_0_read_cmd_payload[5]) which is driven by a register (Block_top_i/VexiiSocWrapper_0/inst/Soc/vexiis_0_logic_core/TrapPlugin_logic_harts_0_trap_fsm_stateReg_reg[3]) that has an active asychronous set or reset. This may cause corruption of the memory contents and/or read values when the set/reset is asserted and is not analyzed by the default static timing analysis. It is suggested to eliminate the use of a set/reset to registers driving this RAMB pin or else use a synchronous reset in which the assertion of the reset is timed by default.
Related violations: <none>

REQP-1840#18 Warning
RAMB18 async control check  
The RAMB18E1 Block_top_i/VexiiSocWrapper_0/inst/Soc/vexiis_0_logic_core/FetchL1Plugin_logic_ways_0_mem_reg has an input control pin Block_top_i/VexiiSocWrapper_0/inst/Soc/vexiis_0_logic_core/FetchL1Plugin_logic_ways_0_mem_reg/ADDRARDADDR[10] (net: Block_top_i/VexiiSocWrapper_0/inst/Soc/vexiis_0_logic_core/FetchL1Plugin_logic_ways_0_read_cmd_payload[5]) which is driven by a register (Block_top_i/VexiiSocWrapper_0/inst/Soc/vexiis_0_logic_core/execute_ctrl2_up_LANE_SEL_lane0_reg) that has an active asychronous set or reset. This may cause corruption of the memory contents and/or read values when the set/reset is asserted and is not analyzed by the default static timing analysis. It is suggested to eliminate the use of a set/reset to registers driving this RAMB pin or else use a synchronous reset in which the assertion of the reset is timed by default.
Related violations: <none>

REQP-1840#19 Warning
RAMB18 async control check  
The RAMB18E1 Block_top_i/VexiiSocWrapper_0/inst/Soc/vexiis_0_logic_core/FetchL1Plugin_logic_ways_0_mem_reg has an input control pin Block_top_i/VexiiSocWrapper_0/inst/Soc/vexiis_0_logic_core/FetchL1Plugin_logic_ways_0_mem_reg/ADDRARDADDR[9] (net: Block_top_i/VexiiSocWrapper_0/inst/Soc/vexiis_0_logic_core/FetchL1Plugin_logic_ways_0_read_cmd_payload[4]) which is driven by a register (Block_top_i/VexiiSocWrapper_0/inst/Soc/vexiis_0_logic_core/PcPlugin_logic_harts_0_self_increment_reg) that has an active asychronous set or reset. This may cause corruption of the memory contents and/or read values when the set/reset is asserted and is not analyzed by the default static timing analysis. It is suggested to eliminate the use of a set/reset to registers driving this RAMB pin or else use a synchronous reset in which the assertion of the reset is timed by default.
Related violations: <none>

REQP-1840#20 Warning
RAMB18 async control check  
The RAMB18E1 Block_top_i/VexiiSocWrapper_0/inst/Soc/vexiis_0_logic_core/FetchL1Plugin_logic_ways_0_mem_reg has an input control pin Block_top_i/VexiiSocWrapper_0/inst/Soc/vexiis_0_logic_core/FetchL1Plugin_logic_ways_0_mem_reg/ADDRARDADDR[9] (net: Block_top_i/VexiiSocWrapper_0/inst/Soc/vexiis_0_logic_core/FetchL1Plugin_logic_ways_0_read_cmd_payload[4]) which is driven by a register (Block_top_i/VexiiSocWrapper_0/inst/Soc/vexiis_0_logic_core/PcPlugin_logic_harts_0_self_state_reg[10]) that has an active asychronous set or reset. This may cause corruption of the memory contents and/or read values when the set/reset is asserted and is not analyzed by the default static timing analysis. It is suggested to eliminate the use of a set/reset to registers driving this RAMB pin or else use a synchronous reset in which the assertion of the reset is timed by default.
Related violations: <none>

RTSTAT-10#1 Warning
No routable loads  
63 net(s) have no routable loads. The problem bus(es) and/or net(s) are Block_top_i/axi_quad_spi_0/U0/NO_DUAL_QUAD_MODE.QSPI_NORMAL/QSPI_LEGACY_MD_GEN.QSPI_CORE_INTERFACE_I/FIFO_EXISTS.RX_FIFO_II/gnuram_async_fifo.xpm_fifo_base_inst/data_valid,
Block_top_i/axi_quad_spi_0/U0/NO_DUAL_QUAD_MODE.QSPI_NORMAL/QSPI_LEGACY_MD_GEN.QSPI_CORE_INTERFACE_I/FIFO_EXISTS.TX_FIFO_II/gnuram_async_fifo.xpm_fifo_base_inst/data_valid,
Block_top_i/smartconnect_io/inst/m00_nodes/m00_ar_node/inst/mi_handler_m_sc_areset_pipe,
Block_top_i/smartconnect_io/inst/m00_nodes/m00_b_node/inst/mi_handler_m_sc_areset_pipe,
Block_top_i/smartconnect_io/inst/m01_nodes/m01_ar_node/inst/mi_handler_m_sc_areset_pipe,
Block_top_i/smartconnect_io/inst/m01_nodes/m01_r_node/inst/mi_handler_m_sc_areset_pipe,
Block_top_i/smartconnect_io/inst/m05_nodes/m05_r_node/inst/mi_handler_m_sc_areset_pipe,
Block_top_i/smartconnect_io/inst/switchboards/i_nodes/i_ar_node/inst/inst_mi_handler/gen_normal_area.inst_fifo_node_payld/gen_reg_fifo.inst_reg_fifo/m_sc_payld[0],
Block_top_i/smartconnect_io/inst/switchboards/i_nodes/i_ar_node/inst/inst_mi_handler/gen_normal_area.inst_fifo_node_payld/gen_reg_fifo.inst_reg_fifo/m_sc_payld[1],
Block_top_i/smartconnect_io/inst/switchboards/i_nodes/i_aw_node/inst/inst_mi_handler/gen_normal_area.inst_fifo_node_payld/gen_reg_fifo.inst_reg_fifo/m_sc_payld[0],
Block_top_i/smartconnect_io/inst/switchboards/i_nodes/i_aw_node/inst/inst_mi_handler/gen_normal_area.inst_fifo_node_payld/gen_reg_fifo.inst_reg_fifo/m_sc_payld[1],
Block_top_i/util_ds_buf_3/U0/USE_IOBUF.GEN_IOBUF[0].IOBUF_I/O,
Block_top_i/util_ds_buf_3/U0/USE_IOBUF.GEN_IOBUF[1].IOBUF_I/O,
Block_top_i/util_ds_buf_3/U0/USE_IOBUF.GEN_IOBUF[2].IOBUF_I/O,
Block_top_i/util_ds_buf_3/U0/USE_IOBUF.GEN_IOBUF[3].IOBUF_I/O
 (the first 15 of 55 listed nets/buses).
Related violations: <none>


