Copyright 1986-2022 Xilinx, Inc. All Rights Reserved. Copyright 2022-2025 Advanced Micro Devices, Inc. All Rights Reserved.
---------------------------------------------------------------------------------------------------------------------------------------------
| Tool Version : Vivado v.2025.2 (lin64) Build 6299465 Fri Nov 14 12:34:56 MST 2025
| Date         : Mon Aug  3 14:24:55 2026
| Host         : lovroRadiona running 64-bit Ubuntu 24.04.4 LTS
| Command      : report_incremental_reuse -file Block_top_wrapper_incremental_reuse_routed.rpt
| Design       : Block_top_wrapper
| Device       : xc7a35t
| Design State : Routed
---------------------------------------------------------------------------------------------------------------------------------------------

Incremental Implementation Information

Table of Contents
-----------------
1. Incremental Flow Summary
2. Reuse Summary
3. Reference Checkpoint Information
4. Comparison with Reference Run
5. Optimization Comparison With Reference Run
5.1 iphys_opt_replay Optimizations
5.2 QoR Suggestion Optimizations
6. Command Comparison with Reference Run
6.1 Reference:
6.2 Incremental:
7. Non Reuse Information

1. Incremental Flow Summary
---------------------------

+-----------------------+------------------+
|    Flow Information   |       Value      |
+-----------------------+------------------+
| Synthesis Flow        |          Default |
| Auto Incremental      |              Yes |
| Incremental Directive | RuntimeOptimized |
| Target WNS            |              0.0 |
| QoR Suggestions       |                0 |
+-----------------------+------------------+


2. Reuse Summary
----------------

+-------+------------------------------+------------------------------------+----------------------------+--------------------+--------+
|  Type | Matched % (of Initial Total) | Initial Reuse % (of Initial Total) | Current Reuse % (of Total) | Fixed % (of Total) |  Total |
+-------+------------------------------+------------------------------------+----------------------------+--------------------+--------+
| Cells |                        96.14 |                              96.21 |                      95.06 |               0.47 |  40357 |
| Nets  |                        97.12 |                              86.58 |                      83.09 |               0.00 |  31261 |
| Pins  |                            - |                              91.42 |                      74.32 |                  - | 172909 |
| Ports |                       100.00 |                             100.00 |                     100.00 |             100.00 |     64 |
+-------+------------------------------+------------------------------------+----------------------------+--------------------+--------+


3. Reference Checkpoint Information
-----------------------------------

+----------------+--------------------------------------------------------------------------------------------------------------+
| DCP Location:  | /home/lovro/Documents/ARES_fpga/ARES_fpga/ARES_fpga.srcs/utils_1/imports/impl_1/Block_top_wrapper_routed.dcp |
+----------------+--------------------------------------------------------------------------------------------------------------+


+--------------------------------+----------------------------+
|         DCP Information        |            Value           |
+--------------------------------+----------------------------+
| Vivado Version                 |                     2025.2 |
| DCP State                      |                 POST_ROUTE |
| Recorded WNS                   |                      0.575 |
| Recorded WHS                   |                      0.014 |
| Reference Speed File Version   | PRODUCTION 1.23 2018-06-13 |
| Incremental Speed File Version | PRODUCTION 1.23 2018-06-13 |
+--------------------------------+----------------------------+
* Recorded WNS/WHS timing numbers are estimated timing numbers. They may vary slightly from sign-off timing numbers.


4. Comparison with Reference Run
--------------------------------

+-----------------+---------------------------+---------------------------+---------------------------+
|                 |          WNS(ns)          |  Runtime(elapsed)(hh:mm)  |    Runtime(cpu)(hh:mm)    |
+-----------------+-------------+-------------+-------------+-------------+-------------+-------------+
|      Stage      |  Reference  | Incremental |  Reference  | Incremental |  Reference  | Incremental |
+-----------------+-------------+-------------+-------------+-------------+-------------+-------------+
| synth_design    |             |             |     < 1 min |     < 1 min |     < 1 min |     < 1 min |
| opt_design      |             |             |     < 1 min |     < 1 min |     < 1 min |     < 1 min |
| read_checkpoint |             |             |     < 1 min |     < 1 min |       00:01 |       00:01 |
| place_design    |      -0.160 |      -0.168 |       00:01 |       00:05 |       00:03 |       00:08 |
| phys_opt_design |       0.217 |       0.065 |     < 1 min |     < 1 min |     < 1 min |     < 1 min |
| route_design    |       0.580 |       0.079 |       00:02 |       00:01 |       00:04 |       00:04 |
+-----------------+-------------+-------------+-------------+-------------+-------------+-------------+


5. Optimization Comparison With Reference Run
---------------------------------------------

5.1 iphys_opt_replay Optimizations
----------------------------------

+-------------------------+--------+------------+
| iphys_opt_design replay | Reused | Not Reused |
+-------------------------+--------+------------+


5.2 QoR Suggestion Optimizations
--------------------------------

+-----------------+-------+
| QoR Suggestions | Value |
+-----------------+-------+


6. Command Comparison with Reference Run
----------------------------------------

6.1 Reference:
--------------
synth_design -directive areaoptimized_medium -control_set_opt 1 -define default::[not_specified] -verilog_define default::[not_specified] -vhdl_define default::[not_specified] -top  Block_top_wrapper -part  xc7a35tftg256-2 
opt_design
read_checkpoint -directive RuntimeOptimized  -incremental -auto_incremental /home/lovro/Documents/ARES_fpga/ARES_fpga/ARES_fpga.srcs/utils_1/imports/impl_1/Block_top_wrapper_routed.dcp
place_design
phys_opt_design
route_design

6.2 Incremental:
----------------
synth_design -directive areaoptimized_medium -control_set_opt 1 -define default::[not_specified] -verilog_define default::[not_specified] -vhdl_define default::[not_specified] -top  Block_top_wrapper -part  xc7a35tftg256-2 
opt_design
read_checkpoint -directive RuntimeOptimized  -incremental -auto_incremental /home/lovro/Documents/ARES_fpga/ARES_fpga/ARES_fpga.srcs/utils_1/imports/impl_1/Block_top_wrapper_routed.dcp
place_design
phys_opt_design
route_design

7. Non Reuse Information
------------------------

+------------------------------------------------------+-------+
|                         Type                         |   %   |
+------------------------------------------------------+-------+
| Non-Reused Cells                                     |  4.93 |
|   Moved by Tool                                      |  0.01 |
|   New                                                |  3.47 |
|   Discarded illegal placement due to netlist changes |  0.27 |
|   Discarded to improve timing                        |  1.18 |
| Partially reused nets                                |  0.00 |
| Non-Reused nets                                      | 16.90 |
| Non-Reused Ports                                     |  0.00 |
+------------------------------------------------------+-------+


