Copyright 1986-2022 Xilinx, Inc. All Rights Reserved. Copyright 2022-2025 Advanced Micro Devices, Inc. All Rights Reserved.
---------------------------------------------------------------------------------------------------------------------------------------------
| Tool Version : Vivado v.2025.2 (lin64) Build 6299465 Fri Nov 14 12:34:56 MST 2025
| Date         : Thu Aug  6 22:31:02 2026
| Host         : lovroLinuxM running 64-bit Ubuntu 24.04.4 LTS
| Command      : report_incremental_reuse -file Block_top_wrapper_incremental_reuse_pre_placed.rpt
| Design       : Block_top_wrapper
| Device       : xc7a35t
| Design State : Unknown
---------------------------------------------------------------------------------------------------------------------------------------------

Incremental Implementation Information

Table of Contents
-----------------
1. Incremental Flow Summary
2. Reuse Summary
3. Reference Checkpoint Information
4. Comparison with Reference Run
5. Optimization Comparison With Reference Run
5.1 iphys_opt_replay Optimizations
5.2 QoR Suggestion Optimizations
6. Command Comparison with Reference Run
6.1 Reference:
6.2 Incremental:
7. Non Reuse Information

1. Incremental Flow Summary
---------------------------

+-----------------------+------------------+
|    Flow Information   |       Value      |
+-----------------------+------------------+
| Synthesis Flow        |          Default |
| Auto Incremental      |              Yes |
| Incremental Directive | RuntimeOptimized |
| Target WNS            |              0.0 |
| QoR Suggestions       |                0 |
+-----------------------+------------------+


2. Reuse Summary
----------------

+-------+----------------------+----------------------------+--------------------+--------+
|  Type | Matched % (of Total) | Current Reuse % (of Total) | Fixed % (of Total) |  Total |
+-------+----------------------+----------------------------+--------------------+--------+
| Cells |                95.78 |                      95.90 |               0.46 |  41413 |
| Nets  |                96.74 |                      85.16 |               0.00 |  29952 |
| Pins  |                    - |                      90.27 |                  - | 172637 |
| Ports |               100.00 |                     100.00 |             100.00 |     64 |
+-------+----------------------+----------------------------+--------------------+--------+
* Reused % can exceed matched % when unmatched cells take their placement directly from other cells that have been matched


3. Reference Checkpoint Information
-----------------------------------

+----------------+---------------------------------------------------------------------------------------------------------+
| DCP Location:  | /home/lovro/ARES/ARES_fpga/ARES_fpga/ARES_fpga.srcs/utils_1/imports/impl_1/Block_top_wrapper_routed.dcp |
+----------------+---------------------------------------------------------------------------------------------------------+


+--------------------------------+----------------------------+
|         DCP Information        |            Value           |
+--------------------------------+----------------------------+
| Vivado Version                 |                     2025.2 |
| DCP State                      |                 POST_ROUTE |
| Recorded WNS                   |                      0.978 |
| Recorded WHS                   |                      0.014 |
| Reference Speed File Version   | PRODUCTION 1.23 2018-06-13 |
| Incremental Speed File Version | PRODUCTION 1.23 2018-06-13 |
+--------------------------------+----------------------------+
* Recorded WNS/WHS timing numbers are estimated timing numbers. They may vary slightly from sign-off timing numbers.


4. Comparison with Reference Run
--------------------------------

+-----------------+---------------------------+---------------------------+---------------------------+
|                 |          WNS(ns)          |  Runtime(elapsed)(hh:mm)  |    Runtime(cpu)(hh:mm)    |
+-----------------+-------------+-------------+-------------+-------------+-------------+-------------+
|      Stage      |  Reference  | Incremental |  Reference  | Incremental |  Reference  | Incremental |
+-----------------+-------------+-------------+-------------+-------------+-------------+-------------+
| synth_design    |             |             |     < 1 min |     < 1 min |     < 1 min |     < 1 min |
| opt_design      |             |             |     < 1 min |     < 1 min |     < 1 min |     < 1 min |
| read_checkpoint |             |             |     < 1 min |     < 1 min |     < 1 min |     < 1 min |
| place_design    |       0.498 |             |     < 1 min |             |       00:01 |             |
| phys_opt_design |       0.498 |             |     < 1 min |             |     < 1 min |             |
| route_design    |       0.978 |             |       00:01 |             |       00:01 |             |
+-----------------+-------------+-------------+-------------+-------------+-------------+-------------+


5. Optimization Comparison With Reference Run
---------------------------------------------

5.1 iphys_opt_replay Optimizations
----------------------------------

+-------------------------+--------+------------+
| iphys_opt_design replay | Reused | Not Reused |
+-------------------------+--------+------------+


5.2 QoR Suggestion Optimizations
--------------------------------

+-----------------+-------+
| QoR Suggestions | Value |
+-----------------+-------+


6. Command Comparison with Reference Run
----------------------------------------

6.1 Reference:
--------------
synth_design -directive areaoptimized_medium -control_set_opt 1 -define default::[not_specified] -verilog_define default::[not_specified] -vhdl_define default::[not_specified] -top  Block_top_wrapper -part  xc7a35tftg256-2 
opt_design
read_checkpoint -directive RuntimeOptimized  -incremental -auto_incremental /home/lovro/ARES/ARES_fpga/ARES_fpga/ARES_fpga.srcs/utils_1/imports/impl_1/Block_top_wrapper_routed.dcp
place_design
phys_opt_design
route_design

6.2 Incremental:
----------------
synth_design -directive areaoptimized_medium -control_set_opt 1 -define default::[not_specified] -verilog_define default::[not_specified] -vhdl_define default::[not_specified] -top  Block_top_wrapper -part  xc7a35tftg256-2 
opt_design
read_checkpoint -directive RuntimeOptimized  -incremental -auto_incremental /home/lovro/ARES/ARES_fpga/ARES_fpga/ARES_fpga.srcs/utils_1/imports/impl_1/Block_top_wrapper_routed.dcp

7. Non Reuse Information
------------------------

+------------------------------------------------------+------+
|                         Type                         |   %  |
+------------------------------------------------------+------+
| Non-Reused Cells                                     | 4.09 |
|   New                                                | 3.81 |
|   Discarded illegal placement due to netlist changes | 0.20 |
|   Discarded to improve timing                        | 0.07 |
| Partially reused nets                                | 6.25 |
| Non-Reused nets                                      | 8.57 |
| Non-Reused Ports                                     | 0.00 |
+------------------------------------------------------+------+


