Copyright 1986-2022 Xilinx, Inc. All Rights Reserved. Copyright 2022-2025 Advanced Micro Devices, Inc. All Rights Reserved.
---------------------------------------------------------------------------------------------------------------------------------------------
| Tool Version : Vivado v.2025.2 (lin64) Build 6299465 Fri Nov 14 12:34:56 MST 2025
| Date         : Fri Aug 14 21:42:18 2026
| Host         : lovroLinuxM running 64-bit Ubuntu 24.04.4 LTS
| Command      : report_clock_utilization -file Block_top_wrapper_clock_utilization_routed.rpt
| Design       : Block_top_wrapper
| Device       : 7a100t-fgg484
| Speed File   : -2  PRODUCTION 1.23 2018-06-13
| Design State : Routed
---------------------------------------------------------------------------------------------------------------------------------------------

Clock Utilization Report

Table of Contents
-----------------
1. Clock Primitive Utilization
2. Global Clock Resources
3. Global Clock Source Details
4. Local Clock Details
5. Clock Regions: Key Resource Utilization
6. Clock Regions : Global Clock Summary
7. Device Cell Placement Summary for Global Clock g0
8. Device Cell Placement Summary for Global Clock g1
9. Device Cell Placement Summary for Global Clock g2
10. Device Cell Placement Summary for Global Clock g3
11. Device Cell Placement Summary for Global Clock g4
12. Clock Region Cell Placement per Global Clock: Region X0Y0
13. Clock Region Cell Placement per Global Clock: Region X1Y0
14. Clock Region Cell Placement per Global Clock: Region X0Y1
15. Clock Region Cell Placement per Global Clock: Region X1Y1
16. Clock Region Cell Placement per Global Clock: Region X0Y2
17. Clock Region Cell Placement per Global Clock: Region X1Y2
18. Clock Region Cell Placement per Global Clock: Region X0Y3

1. Clock Primitive Utilization
------------------------------

+----------+------+-----------+-----+--------------+--------+
| Type     | Used | Available | LOC | Clock Region | Pblock |
+----------+------+-----------+-----+--------------+--------+
| BUFGCTRL |    4 |        32 |   0 |            0 |      0 |
| BUFH     |    1 |        96 |   0 |            0 |      0 |
| BUFIO    |    0 |        24 |   0 |            0 |      0 |
| BUFMR    |    0 |        12 |   0 |            0 |      0 |
| BUFR     |    0 |        24 |   0 |            0 |      0 |
| MMCM     |    2 |         6 |   1 |            0 |      0 |
| PLL      |    1 |         6 |   1 |            0 |      0 |
+----------+------+-----------+-----+--------------+--------+


2. Global Clock Resources
-------------------------

+-----------+-----------+-----------------+------------+----------------+--------------+-------------------+-------------+-----------------+--------------+----------------------------------+---------------------------------------------------------------------------------------------------------+------------------------------------------------------------------------------------------------+
| Global Id | Source Id | Driver Type/Pin | Constraint | Site           | Clock Region | Load Clock Region | Clock Loads | Non-Clock Loads | Clock Period | Clock                            | Driver Pin                                                                                              | Net                                                                                            |
+-----------+-----------+-----------------+------------+----------------+--------------+-------------------+-------------+-----------------+--------------+----------------------------------+---------------------------------------------------------------------------------------------------------+------------------------------------------------------------------------------------------------+
| g0        | src0      | BUFG/O          | None       | BUFGCTRL_X0Y16 | n/a          |                 7 |       21991 |               0 |       10.000 | clk_pll_i_1                      | Block_top_i/mig_axi_wrapper_0/inst/mig_inst/u_mig_7series_0_mig/u_ddr3_infrastructure/u_bufg_clkdiv0/O  | Block_top_i/mig_axi_wrapper_0/inst/mig_inst/u_mig_7series_0_mig/u_ddr3_infrastructure/CLK      |
| g1        | src1      | BUFG/O          | None       | BUFGCTRL_X0Y0  | n/a          |                 2 |          62 |               0 |        5.000 | clk_wiz_0_clk_200_1              | Block_top_i/clk_wiz_0/inst/clk_200_BUFG_inst/O                                                          | Block_top_i/clk_wiz_0/inst/clk_200_BUFG                                                        |
| g2        | src2      | BUFG/O          | None       | BUFGCTRL_X0Y1  | n/a          |                 1 |           1 |               0 |       10.000 | clk_100_Block_top_clk_wiz_0_0_1  | Block_top_i/clk_wiz_0/inst/clkout1_buf/O                                                                | Block_top_i/clk_wiz_0/inst/clk_100                                                             |
| g3        | src3      | BUFG/O          | None       | BUFGCTRL_X0Y2  | n/a          |                 1 |           1 |               0 |       10.000 | clkfbout_Block_top_clk_wiz_0_0_1 | Block_top_i/clk_wiz_0/inst/clkf_buf/O                                                                   | Block_top_i/clk_wiz_0/inst/clkfbout_buf_Block_top_clk_wiz_0_0                                  |
| g4        | src4      | BUFH/O          | None       | BUFHCE_X0Y24   | X0Y2         |                 1 |           1 |               0 |       10.000 | pll_clk3_out_1                   | Block_top_i/mig_axi_wrapper_0/inst/mig_inst/u_mig_7series_0_mig/u_ddr3_infrastructure/u_bufh_pll_clk3/O | Block_top_i/mig_axi_wrapper_0/inst/mig_inst/u_mig_7series_0_mig/u_ddr3_infrastructure/pll_clk3 |
+-----------+-----------+-----------------+------------+----------------+--------------+-------------------+-------------+-----------------+--------------+----------------------------------+---------------------------------------------------------------------------------------------------------+------------------------------------------------------------------------------------------------+
* Clock Loads column represents cell count of net connects that connect to a clock pin. Internal cell leaf pins are not considered
** Non-Clock Loads column represents cell count of non-clock pin loads


3. Global Clock Source Details
------------------------------

+-----------+-----------+---------------------+-----------------+-----------------+--------------+-------------+-----------------+---------------------+----------------------------------+----------------------------------------------------------------------------------------------------------------+----------------------------------------------------------------------------------------------------+
| Source Id | Global Id | Driver Type/Pin     | Constraint      | Site            | Clock Region | Clock Loads | Non-Clock Loads | Source Clock Period | Source Clock                     | Driver Pin                                                                                                     | Net                                                                                                |
+-----------+-----------+---------------------+-----------------+-----------------+--------------+-------------+-----------------+---------------------+----------------------------------+----------------------------------------------------------------------------------------------------------------+----------------------------------------------------------------------------------------------------+
| src0      | g0        | MMCME2_ADV/CLKFBOUT | MMCME2_ADV_X0Y2 | MMCME2_ADV_X0Y2 | X0Y2         |           1 |               0 |              10.000 | clk_pll_i_1                      | Block_top_i/mig_axi_wrapper_0/inst/mig_inst/u_mig_7series_0_mig/u_ddr3_infrastructure/gen_mmcm.mmcm_i/CLKFBOUT | Block_top_i/mig_axi_wrapper_0/inst/mig_inst/u_mig_7series_0_mig/u_ddr3_infrastructure/clk_pll_i    |
| src1      | g1        | MMCME2_ADV/CLKOUT1  | None            | MMCME2_ADV_X0Y1 | X0Y1         |           1 |               0 |               5.000 | clk_wiz_0_clk_200_1              | Block_top_i/clk_wiz_0/inst/mmcm_adv_inst/CLKOUT1                                                               | Block_top_i/clk_wiz_0/inst/clk_200                                                                 |
| src2      | g2        | MMCME2_ADV/CLKOUT0  | None            | MMCME2_ADV_X0Y1 | X0Y1         |           1 |               0 |              10.000 | clk_100_Block_top_clk_wiz_0_0_1  | Block_top_i/clk_wiz_0/inst/mmcm_adv_inst/CLKOUT0                                                               | Block_top_i/clk_wiz_0/inst/clk_100_Block_top_clk_wiz_0_0                                           |
| src3      | g3        | MMCME2_ADV/CLKFBOUT | None            | MMCME2_ADV_X0Y1 | X0Y1         |           1 |               0 |              10.000 | clkfbout_Block_top_clk_wiz_0_0_1 | Block_top_i/clk_wiz_0/inst/mmcm_adv_inst/CLKFBOUT                                                              | Block_top_i/clk_wiz_0/inst/clkfbout_Block_top_clk_wiz_0_0                                          |
| src4      | g4        | PLLE2_ADV/CLKOUT3   | PLLE2_ADV_X0Y2  | PLLE2_ADV_X0Y2  | X0Y2         |           1 |               0 |              10.000 | pll_clk3_out_1                   | Block_top_i/mig_axi_wrapper_0/inst/mig_inst/u_mig_7series_0_mig/u_ddr3_infrastructure/plle2_i/CLKOUT3          | Block_top_i/mig_axi_wrapper_0/inst/mig_inst/u_mig_7series_0_mig/u_ddr3_infrastructure/pll_clk3_out |
+-----------+-----------+---------------------+-----------------+-----------------+--------------+-------------+-----------------+---------------------+----------------------------------+----------------------------------------------------------------------------------------------------------------+----------------------------------------------------------------------------------------------------+
* Clock Loads column represents cell count of net connects that connect to a clock pin. Internal cell leaf pins are not considered
** Non-Clock Loads column represents cell count of non-clock pin loads


4. Local Clock Details
----------------------

+----------+----------------------------+----------------------+-------------------------------------+--------------+-------------+-----------------+--------------+---------------+--------------------------------------------------------------------------------------------------------------------------------------------------------------------------------------------------------------------------------------+-----------------------------------------------------------------------------------------------------------------------------------------------------------------------------------------------------------------------------------+
| Local Id | Driver Type/Pin            | Constraint           | Site/BEL                            | Clock Region | Clock Loads | Non-Clock Loads | Clock Period | Clock         | Driver Pin                                                                                                                                                                                                                           | Net                                                                                                                                                                                                                               |
+----------+----------------------------+----------------------+-------------------------------------+--------------+-------------+-----------------+--------------+---------------+--------------------------------------------------------------------------------------------------------------------------------------------------------------------------------------------------------------------------------------+-----------------------------------------------------------------------------------------------------------------------------------------------------------------------------------------------------------------------------------+
| 0        | FDRE/Q                     | None                 | SLICE_X58Y14/A5FF                   | X1Y0         |          22 |               1 |              |               | Block_top_i/VDP_0/inst/VGA_clk_cnt_reg[1]/Q                                                                                                                                                                                          | Block_top_i/VDP_0/inst/VGA_clk                                                                                                                                                                                                    |
| 1        | PLLE2_ADV/CLKOUT0          | PLLE2_ADV_X0Y2       | PLLE2_ADV_X0Y2/PLLE2_ADV            | X0Y2         |           5 |               2 |        1.250 | freq_refclk_1 | Block_top_i/mig_axi_wrapper_0/inst/mig_inst/u_mig_7series_0_mig/u_ddr3_infrastructure/plle2_i/CLKOUT0                                                                                                                                | Block_top_i/mig_axi_wrapper_0/inst/mig_inst/u_mig_7series_0_mig/u_ddr3_infrastructure/freq_refclk                                                                                                                                 |
| 2        | PHASER_OUT_PHY/OCLKDELAYED | PHASER_OUT_PHY_X0Y10 | PHASER_OUT_PHY_X0Y10/PHASER_OUT_PHY | X0Y2         |           2 |               0 |        2.500 | oserdes_clk_6 | Block_top_i/mig_axi_wrapper_0/inst/mig_inst/u_mig_7series_0_mig/u_memc_ui_top_axi/mem_intfc0/ddr_phy_top0/u_ddr_mc_phy_wrapper/u_ddr_mc_phy/ddr_phy_4lanes_0.u_ddr_phy_4lanes/ddr_byte_lane_C.ddr_byte_lane_C/phaser_out/OCLKDELAYED | Block_top_i/mig_axi_wrapper_0/inst/mig_inst/u_mig_7series_0_mig/u_memc_ui_top_axi/mem_intfc0/ddr_phy_top0/u_ddr_mc_phy_wrapper/u_ddr_mc_phy/ddr_phy_4lanes_0.u_ddr_phy_4lanes/ddr_byte_lane_C.ddr_byte_lane_C/oserdes_clk_delayed |
| 3        | PHASER_OUT_PHY/OCLKDELAYED | PHASER_OUT_PHY_X0Y11 | PHASER_OUT_PHY_X0Y11/PHASER_OUT_PHY | X0Y2         |           2 |               0 |        2.500 | oserdes_clk_7 | Block_top_i/mig_axi_wrapper_0/inst/mig_inst/u_mig_7series_0_mig/u_memc_ui_top_axi/mem_intfc0/ddr_phy_top0/u_ddr_mc_phy_wrapper/u_ddr_mc_phy/ddr_phy_4lanes_0.u_ddr_phy_4lanes/ddr_byte_lane_D.ddr_byte_lane_D/phaser_out/OCLKDELAYED | Block_top_i/mig_axi_wrapper_0/inst/mig_inst/u_mig_7series_0_mig/u_memc_ui_top_axi/mem_intfc0/ddr_phy_top0/u_ddr_mc_phy_wrapper/u_ddr_mc_phy/ddr_phy_4lanes_0.u_ddr_phy_4lanes/ddr_byte_lane_D.ddr_byte_lane_D/oserdes_clk_delayed |
| 4        | PLLE2_ADV/CLKOUT1          | PLLE2_ADV_X0Y2       | PLLE2_ADV_X0Y2/PLLE2_ADV            | X0Y2         |           1 |               6 |        2.500 | mem_refclk_1  | Block_top_i/mig_axi_wrapper_0/inst/mig_inst/u_mig_7series_0_mig/u_ddr3_infrastructure/plle2_i/CLKOUT1                                                                                                                                | Block_top_i/mig_axi_wrapper_0/inst/mig_inst/u_mig_7series_0_mig/u_ddr3_infrastructure/mem_refclk                                                                                                                                  |
+----------+----------------------------+----------------------+-------------------------------------+--------------+-------------+-----------------+--------------+---------------+--------------------------------------------------------------------------------------------------------------------------------------------------------------------------------------------------------------------------------------+-----------------------------------------------------------------------------------------------------------------------------------------------------------------------------------------------------------------------------------+
* Local Clocks in this context represents only clocks driven by non-global buffers
** Clock Loads column represents cell count of net connects that connect to a clock pin. Internal cell leaf pins are not considered
*** Non-Clock Loads column represents cell count of non-clock pin loads


5. Clock Regions: Key Resource Utilization
------------------------------------------

+-------------------+--------------+--------------+--------------+--------------+--------------+--------------+--------------+--------------+--------------+--------------+--------------+--------------+--------------+--------------+--------------+
|                   | Global Clock |     BUFRs    |    BUFMRs    |    BUFIOs    |     MMCM     |      PLL     |      GT      |      PCI     |    ILOGIC    |    OLOGIC    |      FF      |     LUTM     |    RAMB18    |    RAMB36    |    DSP48E2   |
+-------------------+------+-------+------+-------+------+-------+------+-------+------+-------+------+-------+------+-------+------+-------+------+-------+------+-------+------+-------+------+-------+------+-------+------+-------+------+-------+
| Clock Region Name | Used | Avail | Used | Avail | Used | Avail | Used | Avail | Used | Avail | Used | Avail | Used | Avail | Used | Avail | Used | Avail | Used | Avail | Used | Avail | Used | Avail | Used | Avail | Used | Avail | Used | Avail |
+-------------------+------+-------+------+-------+------+-------+------+-------+------+-------+------+-------+------+-------+------+-------+------+-------+------+-------+------+-------+------+-------+------+-------+------+-------+------+-------+
| X0Y0              |    1 |    12 |    0 |     4 |    0 |     2 |    0 |     4 |    0 |     1 |    0 |     1 |    0 |     0 |    0 |     0 |    0 |    50 |    0 |    50 | 1218 |  2600 |  337 |   600 |    0 |    20 |    8 |    10 |    0 |    20 |
| X1Y0              |    1 |    12 |    0 |     0 |    0 |     0 |    0 |     0 |    0 |     0 |    0 |     0 |    0 |     4 |    0 |     0 |    0 |     0 |    0 |     0 | 1056 |  1500 |  413 |   550 |    0 |    40 |   18 |    20 |    0 |    40 |
| X0Y1              |    2 |    12 |    0 |     4 |    0 |     2 |    0 |     4 |    1 |     1 |    0 |     1 |    0 |     0 |    0 |     0 |    0 |    50 |    0 |    50 | 5860 |  2000 | 2060 |   600 |    6 |    20 |    2 |    10 |    0 |    20 |
| X1Y1              |    1 |    12 |    0 |     4 |    0 |     2 |    0 |     4 |    0 |     1 |    0 |     1 |    0 |     0 |    0 |     0 |    0 |    50 |    0 |    50 | 3193 |  1900 | 1142 |   650 |    3 |    60 |   15 |    30 |    9 |    40 |
| X0Y2              |    4 |    12 |    0 |     4 |    0 |     2 |    0 |     4 |    1 |     1 |    1 |     1 |    0 |     0 |    0 |     0 |    0 |    50 |    4 |    50 | 6064 |  2000 | 1990 |   600 |    1 |    20 |    0 |    10 |    0 |    20 |
| X1Y2              |    2 |    12 |    0 |     4 |    0 |     2 |    0 |     4 |    0 |     1 |    0 |     1 |    0 |     0 |    0 |     0 |    2 |    50 |    0 |    50 | 2531 |  1900 | 1034 |   650 |    0 |    60 |    0 |    30 |    0 |    40 |
| X0Y3              |    1 |    12 |    0 |     4 |    0 |     2 |    0 |     4 |    0 |     1 |    0 |     1 |    0 |     0 |    0 |     0 |    0 |    50 |    0 |    50 | 1260 |  2600 |  304 |   600 |    0 |    20 |    0 |    10 |    0 |    20 |
| X1Y3              |    0 |    12 |    0 |     0 |    0 |     0 |    0 |     0 |    0 |     0 |    0 |     0 |    0 |     4 |    0 |     1 |    0 |     0 |    0 |     0 |    0 |  1350 |    0 |   500 |    0 |    30 |    0 |    15 |    0 |    40 |
+-------------------+------+-------+------+-------+------+-------+------+-------+------+-------+------+-------+------+-------+------+-------+------+-------+------+-------+------+-------+------+-------+------+-------+------+-------+------+-------+
* Global Clock column represents track count; while other columns represents cell counts


6. Clock Regions : Global Clock Summary
---------------------------------------

All Modules
+----+----+----+
|    | X0 | X1 |
+----+----+----+
| Y3 |  0 |  0 |
| Y2 |  0 |  0 |
| Y1 |  0 |  0 |
| Y0 |  0 |  0 |
+----+----+----+


7. Device Cell Placement Summary for Global Clock g0
----------------------------------------------------

+-----------+-----------------+-------------------+-------------+-------------+---------------+-------------+----------+----------------+----------+-------------------------------------------------------------------------------------------+
| Global Id | Driver Type/Pin | Driver Region (D) | Clock       | Period (ns) | Waveform (ns) | Slice Loads | IO Loads | Clocking Loads | GT Loads | Net                                                                                       |
+-----------+-----------------+-------------------+-------------+-------------+---------------+-------------+----------+----------------+----------+-------------------------------------------------------------------------------------------+
| g0        | BUFG/O          | n/a               | clk_pll_i_1 |      10.000 | {0.000 5.000} |       21635 |        0 |              1 |        0 | Block_top_i/mig_axi_wrapper_0/inst/mig_inst/u_mig_7series_0_mig/u_ddr3_infrastructure/CLK |
+-----------+-----------------+-------------------+-------------+-------------+---------------+-------------+----------+----------------+----------+-------------------------------------------------------------------------------------------+
* Slice Loads column represents load cell count of all cell types other than IO, GT and clock resources
** IO Loads column represents load cell count of IO types
*** Clocking Loads column represents load cell count that are clock resources (global clock buffer, MMCM, PLL, etc)
**** GT Loads column represents load cell count of GT types


+----+-------+-------+-----------------------+
|    | X0    | X1    | HORIZONTAL PROG DELAY |
+----+-------+-------+-----------------------+
| Y3 |  1269 |     0 |                     0 |
| Y2 |  6266 |  2528 |                     0 |
| Y1 |  6035 |  3259 |                     0 |
| Y0 |  1226 |  1053 |                     0 |
+----+-------+-------+-----------------------+


8. Device Cell Placement Summary for Global Clock g1
----------------------------------------------------

+-----------+-----------------+-------------------+---------------------+-------------+---------------+-------------+----------+----------------+----------+-----------------------------------------+
| Global Id | Driver Type/Pin | Driver Region (D) | Clock               | Period (ns) | Waveform (ns) | Slice Loads | IO Loads | Clocking Loads | GT Loads | Net                                     |
+-----------+-----------------+-------------------+---------------------+-------------+---------------+-------------+----------+----------------+----------+-----------------------------------------+
| g1        | BUFG/O          | n/a               | clk_wiz_0_clk_200_1 |       5.000 | {0.000 2.500} |          62 |        0 |              0 |        0 | Block_top_i/clk_wiz_0/inst/clk_200_BUFG |
+-----------+-----------------+-------------------+---------------------+-------------+---------------+-------------+----------+----------------+----------+-----------------------------------------+
* Slice Loads column represents load cell count of all cell types other than IO, GT and clock resources
** IO Loads column represents load cell count of IO types
*** Clocking Loads column represents load cell count that are clock resources (global clock buffer, MMCM, PLL, etc)
**** GT Loads column represents load cell count of GT types


+----+-----+-----+-----------------------+
|    | X0  | X1  | HORIZONTAL PROG DELAY |
+----+-----+-----+-----------------------+
| Y3 |   0 |   0 |                     - |
| Y2 |  47 |  15 |                     0 |
| Y1 |   0 |   0 |                     - |
| Y0 |   0 |   0 |                     - |
+----+-----+-----+-----------------------+


9. Device Cell Placement Summary for Global Clock g2
----------------------------------------------------

+-----------+-----------------+-------------------+---------------------------------+-------------+---------------+-------------+----------+----------------+----------+------------------------------------+
| Global Id | Driver Type/Pin | Driver Region (D) | Clock                           | Period (ns) | Waveform (ns) | Slice Loads | IO Loads | Clocking Loads | GT Loads | Net                                |
+-----------+-----------------+-------------------+---------------------------------+-------------+---------------+-------------+----------+----------------+----------+------------------------------------+
| g2        | BUFG/O          | n/a               | clk_100_Block_top_clk_wiz_0_0_1 |      10.000 | {0.000 5.000} |           0 |        0 |              1 |        0 | Block_top_i/clk_wiz_0/inst/clk_100 |
+-----------+-----------------+-------------------+---------------------------------+-------------+---------------+-------------+----------+----------------+----------+------------------------------------+
* Slice Loads column represents load cell count of all cell types other than IO, GT and clock resources
** IO Loads column represents load cell count of IO types
*** Clocking Loads column represents load cell count that are clock resources (global clock buffer, MMCM, PLL, etc)
**** GT Loads column represents load cell count of GT types


+----+----+----+-----------------------+
|    | X0 | X1 | HORIZONTAL PROG DELAY |
+----+----+----+-----------------------+
| Y3 |  0 |  0 |                     - |
| Y2 |  1 |  0 |                     0 |
| Y1 |  0 |  0 |                     - |
| Y0 |  0 |  0 |                     - |
+----+----+----+-----------------------+


10. Device Cell Placement Summary for Global Clock g3
-----------------------------------------------------

+-----------+-----------------+-------------------+----------------------------------+-------------+---------------+-------------+----------+----------------+----------+---------------------------------------------------------------+
| Global Id | Driver Type/Pin | Driver Region (D) | Clock                            | Period (ns) | Waveform (ns) | Slice Loads | IO Loads | Clocking Loads | GT Loads | Net                                                           |
+-----------+-----------------+-------------------+----------------------------------+-------------+---------------+-------------+----------+----------------+----------+---------------------------------------------------------------+
| g3        | BUFG/O          | n/a               | clkfbout_Block_top_clk_wiz_0_0_1 |      10.000 | {0.000 5.000} |           0 |        0 |              1 |        0 | Block_top_i/clk_wiz_0/inst/clkfbout_buf_Block_top_clk_wiz_0_0 |
+-----------+-----------------+-------------------+----------------------------------+-------------+---------------+-------------+----------+----------------+----------+---------------------------------------------------------------+
* Slice Loads column represents load cell count of all cell types other than IO, GT and clock resources
** IO Loads column represents load cell count of IO types
*** Clocking Loads column represents load cell count that are clock resources (global clock buffer, MMCM, PLL, etc)
**** GT Loads column represents load cell count of GT types


+----+----+----+-----------------------+
|    | X0 | X1 | HORIZONTAL PROG DELAY |
+----+----+----+-----------------------+
| Y3 |  0 |  0 |                     - |
| Y2 |  0 |  0 |                     - |
| Y1 |  1 |  0 |                     0 |
| Y0 |  0 |  0 |                     - |
+----+----+----+-----------------------+


11. Device Cell Placement Summary for Global Clock g4
-----------------------------------------------------

+-----------+-----------------+-------------------+----------------+-------------+---------------+-------------+----------+----------------+----------+------------------------------------------------------------------------------------------------+
| Global Id | Driver Type/Pin | Driver Region (D) | Clock          | Period (ns) | Waveform (ns) | Slice Loads | IO Loads | Clocking Loads | GT Loads | Net                                                                                            |
+-----------+-----------------+-------------------+----------------+-------------+---------------+-------------+----------+----------------+----------+------------------------------------------------------------------------------------------------+
| g4        | BUFH/O          | X0Y2              | pll_clk3_out_1 |      10.000 | {0.000 5.000} |           0 |        0 |              1 |        0 | Block_top_i/mig_axi_wrapper_0/inst/mig_inst/u_mig_7series_0_mig/u_ddr3_infrastructure/pll_clk3 |
+-----------+-----------------+-------------------+----------------+-------------+---------------+-------------+----------+----------------+----------+------------------------------------------------------------------------------------------------+
* Slice Loads column represents load cell count of all cell types other than IO, GT and clock resources
** IO Loads column represents load cell count of IO types
*** Clocking Loads column represents load cell count that are clock resources (global clock buffer, MMCM, PLL, etc)
**** GT Loads column represents load cell count of GT types


+----+--------+----+-----------------------+
|    | X0     | X1 | HORIZONTAL PROG DELAY |
+----+--------+----+-----------------------+
| Y3 |      0 |  0 |                     - |
| Y2 |  (D) 1 |  0 |                     0 |
| Y1 |      0 |  0 |                     - |
| Y0 |      0 |  0 |                     - |
+----+--------+----+-----------------------+


12. Clock Region Cell Placement per Global Clock: Region X0Y0
-------------------------------------------------------------

+-----------+-------+-----------------+------------+-------------+-----------------+------+-------------+------+-----+----+------+-----+---------+-------------------------------------------------------------------------------------------+
| Global Id | Track | Driver Type/Pin | Constraint | Clock Loads | Non-Clock Loads | FF   | Memory LUTs | RAMB | DSP | GT | MMCM | PLL | Hard IP | Net                                                                                       |
+-----------+-------+-----------------+------------+-------------+-----------------+------+-------------+------+-----+----+------+-----+---------+-------------------------------------------------------------------------------------------+
| g0        | n/a   | BUFG/O          | None       |        1226 |               0 | 1218 |           0 |    8 |   0 |  0 |    0 |   0 |       0 | Block_top_i/mig_axi_wrapper_0/inst/mig_inst/u_mig_7series_0_mig/u_ddr3_infrastructure/CLK |
+-----------+-------+-----------------+------------+-------------+-----------------+------+-------------+------+-----+----+------+-----+---------+-------------------------------------------------------------------------------------------+
* Clock Loads column represents cell count of net connects that connect to a clock pin. Internal cell leaf pins are not considered
** Non-Clock Loads column represents cell count of non-clock pin loads
*** Columns FF, LUTRAM, RAMB through 'Hard IP' represents load cell counts


13. Clock Region Cell Placement per Global Clock: Region X1Y0
-------------------------------------------------------------

+-----------+-------+-----------------+------------+-------------+-----------------+------+-------------+------+-----+----+------+-----+---------+-------------------------------------------------------------------------------------------+
| Global Id | Track | Driver Type/Pin | Constraint | Clock Loads | Non-Clock Loads | FF   | Memory LUTs | RAMB | DSP | GT | MMCM | PLL | Hard IP | Net                                                                                       |
+-----------+-------+-----------------+------------+-------------+-----------------+------+-------------+------+-----+----+------+-----+---------+-------------------------------------------------------------------------------------------+
| g0        | n/a   | BUFG/O          | None       |        1053 |               0 | 1034 |           0 |   18 |   0 |  0 |    0 |   0 |       0 | Block_top_i/mig_axi_wrapper_0/inst/mig_inst/u_mig_7series_0_mig/u_ddr3_infrastructure/CLK |
+-----------+-------+-----------------+------------+-------------+-----------------+------+-------------+------+-----+----+------+-----+---------+-------------------------------------------------------------------------------------------+
* Clock Loads column represents cell count of net connects that connect to a clock pin. Internal cell leaf pins are not considered
** Non-Clock Loads column represents cell count of non-clock pin loads
*** Columns FF, LUTRAM, RAMB through 'Hard IP' represents load cell counts


14. Clock Region Cell Placement per Global Clock: Region X0Y1
-------------------------------------------------------------

+-----------+-------+-----------------+------------+-------------+-----------------+------+-------------+------+-----+----+------+-----+---------+-------------------------------------------------------------------------------------------+
| Global Id | Track | Driver Type/Pin | Constraint | Clock Loads | Non-Clock Loads | FF   | Memory LUTs | RAMB | DSP | GT | MMCM | PLL | Hard IP | Net                                                                                       |
+-----------+-------+-----------------+------------+-------------+-----------------+------+-------------+------+-----+----+------+-----+---------+-------------------------------------------------------------------------------------------+
| g0        | n/a   | BUFG/O          | None       |        6035 |               0 | 5860 |         161 |    8 |   0 |  0 |    0 |   0 |       0 | Block_top_i/mig_axi_wrapper_0/inst/mig_inst/u_mig_7series_0_mig/u_ddr3_infrastructure/CLK |
| g3        | n/a   | BUFG/O          | None       |           1 |               0 |    0 |           0 |    0 |   0 |  0 |    1 |   0 |       0 | Block_top_i/clk_wiz_0/inst/clkfbout_buf_Block_top_clk_wiz_0_0                             |
+-----------+-------+-----------------+------------+-------------+-----------------+------+-------------+------+-----+----+------+-----+---------+-------------------------------------------------------------------------------------------+
* Clock Loads column represents cell count of net connects that connect to a clock pin. Internal cell leaf pins are not considered
** Non-Clock Loads column represents cell count of non-clock pin loads
*** Columns FF, LUTRAM, RAMB through 'Hard IP' represents load cell counts


15. Clock Region Cell Placement per Global Clock: Region X1Y1
-------------------------------------------------------------

+-----------+-------+-----------------+------------+-------------+-----------------+------+-------------+------+-----+----+------+-----+---------+-------------------------------------------------------------------------------------------+
| Global Id | Track | Driver Type/Pin | Constraint | Clock Loads | Non-Clock Loads | FF   | Memory LUTs | RAMB | DSP | GT | MMCM | PLL | Hard IP | Net                                                                                       |
+-----------+-------+-----------------+------------+-------------+-----------------+------+-------------+------+-----+----+------+-----+---------+-------------------------------------------------------------------------------------------+
| g0        | n/a   | BUFG/O          | None       |        3259 |               0 | 3193 |          34 |   18 |   9 |  0 |    0 |   0 |       0 | Block_top_i/mig_axi_wrapper_0/inst/mig_inst/u_mig_7series_0_mig/u_ddr3_infrastructure/CLK |
+-----------+-------+-----------------+------------+-------------+-----------------+------+-------------+------+-----+----+------+-----+---------+-------------------------------------------------------------------------------------------+
* Clock Loads column represents cell count of net connects that connect to a clock pin. Internal cell leaf pins are not considered
** Non-Clock Loads column represents cell count of non-clock pin loads
*** Columns FF, LUTRAM, RAMB through 'Hard IP' represents load cell counts


16. Clock Region Cell Placement per Global Clock: Region X0Y2
-------------------------------------------------------------

+-----------+-------+-----------------+------------+-------------+-----------------+------+-------------+------+-----+----+------+-----+---------+------------------------------------------------------------------------------------------------+
| Global Id | Track | Driver Type/Pin | Constraint | Clock Loads | Non-Clock Loads | FF   | Memory LUTs | RAMB | DSP | GT | MMCM | PLL | Hard IP | Net                                                                                            |
+-----------+-------+-----------------+------------+-------------+-----------------+------+-------------+------+-----+----+------+-----+---------+------------------------------------------------------------------------------------------------+
| g0        | n/a   | BUFG/O          | None       |        6266 |               0 | 6019 |         215 |    1 |   0 |  0 |    1 |   0 |       0 | Block_top_i/mig_axi_wrapper_0/inst/mig_inst/u_mig_7series_0_mig/u_ddr3_infrastructure/CLK      |
| g1        | n/a   | BUFG/O          | None       |          47 |               0 |   45 |           0 |    0 |   0 |  0 |    0 |   0 |       0 | Block_top_i/clk_wiz_0/inst/clk_200_BUFG                                                        |
| g2        | n/a   | BUFG/O          | None       |           1 |               0 |    0 |           0 |    0 |   0 |  0 |    0 |   1 |       0 | Block_top_i/clk_wiz_0/inst/clk_100                                                             |
| g4        | n/a   | BUFH/O          | None       |           1 |               0 |    0 |           0 |    0 |   0 |  0 |    1 |   0 |       0 | Block_top_i/mig_axi_wrapper_0/inst/mig_inst/u_mig_7series_0_mig/u_ddr3_infrastructure/pll_clk3 |
+-----------+-------+-----------------+------------+-------------+-----------------+------+-------------+------+-----+----+------+-----+---------+------------------------------------------------------------------------------------------------+
* Clock Loads column represents cell count of net connects that connect to a clock pin. Internal cell leaf pins are not considered
** Non-Clock Loads column represents cell count of non-clock pin loads
*** Columns FF, LUTRAM, RAMB through 'Hard IP' represents load cell counts


17. Clock Region Cell Placement per Global Clock: Region X1Y2
-------------------------------------------------------------

+-----------+-------+-----------------+------------+-------------+-----------------+------+-------------+------+-----+----+------+-----+---------+-------------------------------------------------------------------------------------------+
| Global Id | Track | Driver Type/Pin | Constraint | Clock Loads | Non-Clock Loads | FF   | Memory LUTs | RAMB | DSP | GT | MMCM | PLL | Hard IP | Net                                                                                       |
+-----------+-------+-----------------+------------+-------------+-----------------+------+-------------+------+-----+----+------+-----+---------+-------------------------------------------------------------------------------------------+
| g0        | n/a   | BUFG/O          | None       |        2528 |               0 | 2516 |          12 |    0 |   0 |  0 |    0 |   0 |       0 | Block_top_i/mig_axi_wrapper_0/inst/mig_inst/u_mig_7series_0_mig/u_ddr3_infrastructure/CLK |
| g1        | n/a   | BUFG/O          | None       |          15 |               0 |   15 |           0 |    0 |   0 |  0 |    0 |   0 |       0 | Block_top_i/clk_wiz_0/inst/clk_200_BUFG                                                   |
+-----------+-------+-----------------+------------+-------------+-----------------+------+-------------+------+-----+----+------+-----+---------+-------------------------------------------------------------------------------------------+
* Clock Loads column represents cell count of net connects that connect to a clock pin. Internal cell leaf pins are not considered
** Non-Clock Loads column represents cell count of non-clock pin loads
*** Columns FF, LUTRAM, RAMB through 'Hard IP' represents load cell counts


18. Clock Region Cell Placement per Global Clock: Region X0Y3
-------------------------------------------------------------

+-----------+-------+-----------------+------------+-------------+-----------------+------+-------------+------+-----+----+------+-----+---------+-------------------------------------------------------------------------------------------+
| Global Id | Track | Driver Type/Pin | Constraint | Clock Loads | Non-Clock Loads | FF   | Memory LUTs | RAMB | DSP | GT | MMCM | PLL | Hard IP | Net                                                                                       |
+-----------+-------+-----------------+------------+-------------+-----------------+------+-------------+------+-----+----+------+-----+---------+-------------------------------------------------------------------------------------------+
| g0        | n/a   | BUFG/O          | None       |        1269 |               0 | 1260 |           9 |    0 |   0 |  0 |    0 |   0 |       0 | Block_top_i/mig_axi_wrapper_0/inst/mig_inst/u_mig_7series_0_mig/u_ddr3_infrastructure/CLK |
+-----------+-------+-----------------+------------+-------------+-----------------+------+-------------+------+-----+----+------+-----+---------+-------------------------------------------------------------------------------------------+
* Clock Loads column represents cell count of net connects that connect to a clock pin. Internal cell leaf pins are not considered
** Non-Clock Loads column represents cell count of non-clock pin loads
*** Columns FF, LUTRAM, RAMB through 'Hard IP' represents load cell counts



# Location of BUFG Primitives 
set_property LOC BUFGCTRL_X0Y16 [get_cells Block_top_i/mig_axi_wrapper_0/inst/mig_inst/u_mig_7series_0_mig/u_ddr3_infrastructure/u_bufg_clkdiv0]
set_property LOC BUFGCTRL_X0Y2 [get_cells Block_top_i/clk_wiz_0/inst/clkf_buf]
set_property LOC BUFGCTRL_X0Y0 [get_cells Block_top_i/clk_wiz_0/inst/clk_200_BUFG_inst]
set_property LOC BUFGCTRL_X0Y1 [get_cells Block_top_i/clk_wiz_0/inst/clkout1_buf]

# Location of BUFH Primitives 
set_property LOC BUFHCE_X0Y24 [get_cells Block_top_i/mig_axi_wrapper_0/inst/mig_inst/u_mig_7series_0_mig/u_ddr3_infrastructure/u_bufh_pll_clk3]

# Location of IO Primitives which is load of clock spine

# Location of clock ports
set_property LOC IOB_X0Y76 [get_ports clk]

# Clock net "Block_top_i/mig_axi_wrapper_0/inst/mig_inst/u_mig_7series_0_mig/u_ddr3_infrastructure/CLK" driven by instance "Block_top_i/mig_axi_wrapper_0/inst/mig_inst/u_mig_7series_0_mig/u_ddr3_infrastructure/u_bufg_clkdiv0" located at site "BUFGCTRL_X0Y16"
#startgroup
create_pblock {CLKAG_Block_top_i/mig_axi_wrapper_0/inst/mig_inst/u_mig_7series_0_mig/u_ddr3_infrastructure/CLK}
add_cells_to_pblock [get_pblocks  {CLKAG_Block_top_i/mig_axi_wrapper_0/inst/mig_inst/u_mig_7series_0_mig/u_ddr3_infrastructure/CLK}] [get_cells -filter { PRIMITIVE_GROUP != I/O && IS_PRIMITIVE==1 && PRIMITIVE_LEVEL !=INTERNAL && NAME!=Block_top_i/mig_axi_wrapper_0/inst/mig_inst/u_mig_7series_0_mig/u_ddr3_infrastructure/gen_mmcm.mmcm_i} -of_object [get_pins -filter {DIRECTION==IN} -of_objects [get_nets -hierarchical -filter {PARENT=="Block_top_i/mig_axi_wrapper_0/inst/mig_inst/u_mig_7series_0_mig/u_ddr3_infrastructure/CLK"}]]]
resize_pblock [get_pblocks {CLKAG_Block_top_i/mig_axi_wrapper_0/inst/mig_inst/u_mig_7series_0_mig/u_ddr3_infrastructure/CLK}] -add {CLOCKREGION_X0Y0:CLOCKREGION_X0Y0 CLOCKREGION_X0Y1:CLOCKREGION_X0Y1 CLOCKREGION_X0Y2:CLOCKREGION_X0Y2 CLOCKREGION_X0Y3:CLOCKREGION_X0Y3 CLOCKREGION_X1Y0:CLOCKREGION_X1Y0 CLOCKREGION_X1Y1:CLOCKREGION_X1Y1 CLOCKREGION_X1Y2:CLOCKREGION_X1Y2}
#endgroup

# Clock net "Block_top_i/clk_wiz_0/inst/clk_200_BUFG" driven by instance "Block_top_i/clk_wiz_0/inst/clk_200_BUFG_inst" located at site "BUFGCTRL_X0Y0"
#startgroup
create_pblock {CLKAG_Block_top_i/clk_wiz_0/inst/clk_200_BUFG}
add_cells_to_pblock [get_pblocks  {CLKAG_Block_top_i/clk_wiz_0/inst/clk_200_BUFG}] [get_cells -filter { PRIMITIVE_GROUP != I/O && IS_PRIMITIVE==1 && PRIMITIVE_LEVEL !=INTERNAL } -of_object [get_pins -filter {DIRECTION==IN} -of_objects [get_nets -hierarchical -filter {PARENT=="Block_top_i/clk_wiz_0/inst/clk_200_BUFG"}]]]
resize_pblock [get_pblocks {CLKAG_Block_top_i/clk_wiz_0/inst/clk_200_BUFG}] -add {CLOCKREGION_X0Y2:CLOCKREGION_X0Y2 CLOCKREGION_X1Y2:CLOCKREGION_X1Y2}
#endgroup
