Copyright 1986-2022 Xilinx, Inc. All Rights Reserved. Copyright 2022-2025 Advanced Micro Devices, Inc. All Rights Reserved.
---------------------------------------------------------------------------------------------------------------------------------------------
| Tool Version : Vivado v.2025.2 (lin64) Build 6299465 Fri Nov 14 12:34:56 MST 2025
| Date         : Fri Sep  4 20:59:18 2026
| Host         : lovroLinuxM running 64-bit Ubuntu 24.04.4 LTS
| Command      : report_utilization -file Block_top_wrapper_utilization_placed.rpt -pb Block_top_wrapper_utilization_placed.pb
| Design       : Block_top_wrapper
| Device       : xc7a100tfgg484-2
| Speed File   : -2
| Design State : Fully Placed
---------------------------------------------------------------------------------------------------------------------------------------------

Utilization Design Information

Table of Contents
-----------------
1. Slice Logic
1.1 Summary of Registers by Type
2. Slice Logic Distribution
3. Memory
4. DSP
5. IO and GT Specific
6. Clocking
7. Specific Feature
8. Primitives
9. Black Boxes
10. Instantiated Netlists

1. Slice Logic
--------------

+----------------------------+-------+-------+------------+-----------+-------+
|          Site Type         |  Used | Fixed | Prohibited | Available | Util% |
+----------------------------+-------+-------+------------+-----------+-------+
| Slice LUTs                 | 28613 |     0 |          0 |     63400 | 45.13 |
|   LUT as Logic             | 25124 |     0 |          0 |     63400 | 39.63 |
|   LUT as Memory            |  3489 |     0 |          0 |     19000 | 18.36 |
|     LUT as Distributed RAM |  3124 |     0 |            |           |       |
|     LUT as Shift Register  |   365 |     0 |            |           |       |
| Slice Registers            | 28118 |     2 |          0 |    126800 | 22.18 |
|   Register as Flip Flop    | 28106 |     2 |          0 |    126800 | 22.17 |
|   Register as Latch        |     0 |     0 |          0 |    126800 |  0.00 |
|   Register as AND/OR       |    12 |     0 |          0 |    126800 | <0.01 |
| F7 Muxes                   |   588 |     0 |          0 |     31700 |  1.85 |
| F8 Muxes                   |    51 |     0 |          0 |     15850 |  0.32 |
| Unique Control Sets        |  1138 |       |          0 |     15850 |  7.18 |
+----------------------------+-------+-------+------------+-----------+-------+
* Warning! LUT value is adjusted to account for LUT combining.
** Note: Available Control Sets calculated as Slice * 1, Review the Control Sets Report for more information regarding control sets.


1.1 Summary of Registers by Type
--------------------------------

+-------+--------------+-------------+--------------+
| Total | Clock Enable | Synchronous | Asynchronous |
+-------+--------------+-------------+--------------+
| 12    |            _ |           - |            - |
| 0     |            _ |           - |          Set |
| 0     |            _ |           - |        Reset |
| 0     |            _ |         Set |            - |
| 0     |            _ |       Reset |            - |
| 0     |          Yes |           - |            - |
| 197   |          Yes |           - |          Set |
| 1237  |          Yes |           - |        Reset |
| 797   |          Yes |         Set |            - |
| 25880 |          Yes |       Reset |            - |
+-------+--------------+-------------+--------------+


2. Slice Logic Distribution
---------------------------

+--------------------------------------------+-------+-------+------------+-----------+-------+
|                  Site Type                 |  Used | Fixed | Prohibited | Available | Util% |
+--------------------------------------------+-------+-------+------------+-----------+-------+
| Slice                                      |  9785 |     0 |          0 |     15850 | 61.74 |
|   SLICEL                                   |  6780 |     0 |            |           |       |
|   SLICEM                                   |  3005 |     0 |            |           |       |
| LUT as Logic                               | 25124 |     0 |          0 |     63400 | 39.63 |
|   using O5 output only                     |    32 |       |            |           |       |
|   using O6 output only                     | 18385 |       |            |           |       |
|   using O5 and O6                          |  6707 |       |            |           |       |
| LUT as Memory                              |  3489 |     0 |          0 |     19000 | 18.36 |
|   LUT as Distributed RAM                   |  3124 |     0 |            |           |       |
|     using O5 output only                   |     0 |       |            |           |       |
|     using O6 output only                   |   916 |       |            |           |       |
|     using O5 and O6                        |  2208 |       |            |           |       |
|   LUT as Shift Register                    |   365 |     0 |            |           |       |
|     using O5 output only                   |    41 |       |            |           |       |
|     using O6 output only                   |   249 |       |            |           |       |
|     using O5 and O6                        |    75 |       |            |           |       |
| Slice Registers                            | 28118 |     0 |          0 |    126800 | 22.18 |
|   Register driven from within the Slice    | 16551 |       |            |           |       |
|   Register driven from outside the Slice   | 11567 |       |            |           |       |
|     LUT in front of the register is unused |  6329 |       |            |           |       |
|     LUT in front of the register is used   |  5238 |       |            |           |       |
+--------------------------------------------+-------+-------+------------+-----------+-------+


3. Memory
---------

+-------------------+------+-------+------------+-----------+-------+
|     Site Type     | Used | Fixed | Prohibited | Available | Util% |
+-------------------+------+-------+------------+-----------+-------+
| Block RAM Tile    |   92 |     0 |          0 |       135 | 68.15 |
|   RAMB36/FIFO*    |   72 |     0 |          0 |       135 | 53.33 |
|     RAMB36E1 only |   72 |       |            |           |       |
|   RAMB18          |   40 |     0 |          0 |       270 | 14.81 |
|     RAMB18E1 only |   40 |       |            |           |       |
+-------------------+------+-------+------------+-----------+-------+
* Note: Each Block RAM Tile only has one FIFO logic available and therefore can accommodate only one FIFO36E1 or one FIFO18E1. However, if a FIFO18E1 occupies a Block RAM Tile, that tile can still accommodate a RAMB18E1


4. DSP
------

+----------------+------+-------+------------+-----------+-------+
|    Site Type   | Used | Fixed | Prohibited | Available | Util% |
+----------------+------+-------+------------+-----------+-------+
| DSPs           |   10 |     0 |          0 |       240 |  4.17 |
|   DSP48E1 only |   10 |       |            |           |       |
+----------------+------+-------+------------+-----------+-------+


5. IO and GT Specific
---------------------

+-----------------------------+------+-------+------------+-----------+-------+
|          Site Type          | Used | Fixed | Prohibited | Available | Util% |
+-----------------------------+------+-------+------------+-----------+-------+
| Bonded IOB                  |   94 |    94 |          0 |       285 | 32.98 |
|   IOB Master Pads           |   51 |       |            |           |       |
|   IOB Slave Pads            |   41 |       |            |           |       |
|   IOB Flip Flops            |    5 |     5 |            |           |       |
| Bonded IPADs                |    0 |     0 |          0 |        14 |  0.00 |
| Bonded OPADs                |    0 |     0 |          0 |         8 |  0.00 |
| PHY_CONTROL                 |    1 |     1 |          0 |         6 | 16.67 |
| PHASER_REF                  |    1 |     1 |          0 |         6 | 16.67 |
| OUT_FIFO                    |    4 |     4 |          0 |        24 | 16.67 |
| IN_FIFO                     |    2 |     2 |          0 |        24 |  8.33 |
| IDELAYCTRL                  |    1 |     0 |          0 |         6 | 16.67 |
| IBUFDS                      |    0 |     0 |          0 |       274 |  0.00 |
| GTPE2_CHANNEL               |    0 |     0 |          0 |         4 |  0.00 |
| PHASER_OUT/PHASER_OUT_PHY   |    4 |     4 |          0 |        24 | 16.67 |
|   PHASER_OUT_PHY only       |    4 |     4 |            |           |       |
| PHASER_IN/PHASER_IN_PHY     |    2 |     2 |          0 |        24 |  8.33 |
|   PHASER_IN_PHY only        |    2 |     2 |            |           |       |
| IDELAYE2/IDELAYE2_FINEDELAY |   16 |    16 |          0 |       300 |  5.33 |
|   IDELAYE2 only             |   16 |    16 |            |           |       |
| IBUFDS_GTE2                 |    0 |     0 |          0 |         2 |  0.00 |
| ILOGIC                      |   20 |    20 |          0 |       285 |  7.02 |
|   IFF_Register              |    4 |     4 |            |           |       |
|   ISERDES                   |   16 |    16 |          0 |       285 |       |
| OLOGIC                      |   47 |    47 |          0 |       285 | 16.49 |
|   OUTFF_Register            |    1 |     1 |            |           |       |
|   OUTFF_ODDR_Register       |    3 |     3 |            |           |       |
|   TFF_ODDR_Register         |    2 |     2 |            |           |       |
|   OSERDES                   |   43 |    43 |          0 |       285 |       |
+-----------------------------+------+-------+------------+-----------+-------+


6. Clocking
-----------

+------------+------+-------+------------+-----------+-------+
|  Site Type | Used | Fixed | Prohibited | Available | Util% |
+------------+------+-------+------------+-----------+-------+
| BUFGCTRL   |    4 |     0 |          0 |        32 | 12.50 |
| BUFIO      |    0 |     0 |          0 |        24 |  0.00 |
| MMCME2_ADV |    2 |     1 |          0 |         6 | 33.33 |
| PLLE2_ADV  |    1 |     1 |          0 |         6 | 16.67 |
| BUFMRCE    |    0 |     0 |          0 |        12 |  0.00 |
| BUFHCE     |    1 |     0 |          0 |        96 |  1.04 |
| BUFR       |    0 |     0 |          0 |        24 |  0.00 |
+------------+------+-------+------------+-----------+-------+


7. Specific Feature
-------------------

+-------------+------+-------+------------+-----------+--------+
|  Site Type  | Used | Fixed | Prohibited | Available |  Util% |
+-------------+------+-------+------------+-----------+--------+
| BSCANE2     |    0 |     0 |          0 |         4 |   0.00 |
| CAPTUREE2   |    0 |     0 |          0 |         1 |   0.00 |
| DNA_PORT    |    0 |     0 |          0 |         1 |   0.00 |
| EFUSE_USR   |    0 |     0 |          0 |         1 |   0.00 |
| FRAME_ECCE2 |    0 |     0 |          0 |         1 |   0.00 |
| ICAPE2      |    0 |     0 |          0 |         2 |   0.00 |
| PCIE_2_1    |    0 |     0 |          0 |         1 |   0.00 |
| STARTUPE2   |    0 |     0 |          0 |         1 |   0.00 |
| XADC        |    1 |     0 |          0 |         1 | 100.00 |
+-------------+------+-------+------------+-----------+--------+


8. Primitives
-------------

+--------------------------+-------+---------------------+
|         Ref Name         |  Used | Functional Category |
+--------------------------+-------+---------------------+
| FDRE                     | 25880 |        Flop & Latch |
| LUT6                     |  9726 |                 LUT |
| LUT3                     |  7232 |                 LUT |
| LUT5                     |  5839 |                 LUT |
| LUT4                     |  5149 |                 LUT |
| RAMD32                   |  3336 |  Distributed Memory |
| LUT2                     |  2752 |                 LUT |
| FDCE                     |  1237 |        Flop & Latch |
| LUT1                     |  1133 |                 LUT |
| RAMS32                   |  1094 |  Distributed Memory |
| CARRY4                   |   813 |          CarryLogic |
| FDSE                     |   797 |        Flop & Latch |
| RAMD64E                  |   774 |  Distributed Memory |
| MUXF7                    |   588 |               MuxFx |
| SRL16E                   |   243 |  Distributed Memory |
| SRLC32E                  |   197 |  Distributed Memory |
| FDPE                     |   197 |        Flop & Latch |
| RAMS64E                  |   128 |  Distributed Memory |
| RAMB36E1                 |    72 |        Block Memory |
| MUXF8                    |    51 |               MuxFx |
| OBUF                     |    49 |                  IO |
| OSERDESE2                |    43 |                  IO |
| RAMB18E1                 |    40 |        Block Memory |
| IBUF                     |    37 |                  IO |
| OBUFT                    |    26 |                  IO |
| ISERDESE2                |    16 |                  IO |
| IDELAYE2                 |    16 |                  IO |
| DSP48E1                  |    10 |    Block Arithmetic |
| AND2B1L                  |    10 |              Others |
| ODDR                     |     5 |                  IO |
| PHASER_OUT_PHY           |     4 |                  IO |
| OUT_FIFO                 |     4 |                  IO |
| OBUFTDS                  |     4 |                  IO |
| IBUFDS_INTERMDISABLE_INT |     4 |                  IO |
| BUFG                     |     4 |               Clock |
| INV                      |     3 |                 LUT |
| PHASER_IN_PHY            |     2 |                  IO |
| OR2L                     |     2 |              Others |
| OBUFDS                   |     2 |                  IO |
| MMCME2_ADV               |     2 |               Clock |
| IN_FIFO                  |     2 |                  IO |
| XADC                     |     1 |              Others |
| PLLE2_ADV                |     1 |               Clock |
| PHY_CONTROL              |     1 |                  IO |
| PHASER_REF               |     1 |                  IO |
| IDELAYCTRL               |     1 |                  IO |
| BUFH                     |     1 |               Clock |
+--------------------------+-------+---------------------+


9. Black Boxes
--------------

+----------+------+
| Ref Name | Used |
+----------+------+


10. Instantiated Netlists
-------------------------

+---------------------------------------+------+
|                Ref Name               | Used |
+---------------------------------------+------+
| blk_mem_tile_map                      |    2 |
| blk_mem_tile_data                     |    2 |
| blk_mem_buf_line                      |    2 |
| mig_7series_0                         |    1 |
| blk_mem_gen_spr_line                  |    1 |
| blk_mem_gen_spr_data                  |    1 |
| blk_mem_gen_spr_att                   |    1 |
| blk_mem_gen_bit_line                  |    1 |
| blk_mem_fin_line                      |    1 |
| Block_top_util_vector_logic_1_0       |    1 |
| Block_top_util_vector_logic_0_1       |    1 |
| Block_top_util_vector_logic_0_0       |    1 |
| Block_top_util_ds_buf_3_0             |    1 |
| Block_top_util_ds_buf_2_1             |    1 |
| Block_top_util_ds_buf_2_0             |    1 |
| Block_top_util_ds_buf_1_0             |    1 |
| Block_top_util_ds_buf_0_3             |    1 |
| Block_top_util_ds_buf_0_2             |    1 |
| Block_top_util_ds_buf_0_1             |    1 |
| Block_top_util_ds_buf_0_0             |    1 |
| Block_top_smartconnect_0_2            |    1 |
| Block_top_smartconnect_0_1            |    1 |
| Block_top_smartconnect_0_0            |    1 |
| Block_top_mig_axi_wrapper_0_0         |    1 |
| Block_top_clk_wiz_0_0                 |    1 |
| Block_top_axi_uartlite_0_0            |    1 |
| Block_top_axi_quad_spi_0_2            |    1 |
| Block_top_axi_quad_spi_0_1            |    1 |
| Block_top_axi_keyboard_0_0            |    1 |
| Block_top_axi_bram_ctrl_vdp_t0_map_0  |    1 |
| Block_top_axi_bram_ctrl_vdp_t0_data_1 |    1 |
| Block_top_axi_bram_ctrl_vdp_t0_data_0 |    1 |
| Block_top_axi_bram_ctrl_vdp_s0_data_0 |    1 |
| Block_top_axi_bram_ctrl_vdp_s0_att_0  |    1 |
| Block_top_axi_bram_ctrl_map_0         |    1 |
| Block_top_axi_bram_ctrl_0_0           |    1 |
| Block_top_VexiiSocWrapper_0_1         |    1 |
| Block_top_VDP_wrapper_0_0             |    1 |
| Block_top_FLASH_SPI_wrapper_0_0       |    1 |
+---------------------------------------+------+


