
*** Running vivado
    with args -log Block_top_axi_bram_ctrl_vdp_t0_data_0.vds -m64 -product Vivado -mode batch -messageDb vivado.pb -notrace -source Block_top_axi_bram_ctrl_vdp_t0_data_0.tcl


****** Vivado v2025.2 (64-bit)
  **** SW Build 6299465 on Fri Nov 14 12:34:56 MST 2025
  **** IP Build 6300035 on Fri Nov 14 10:48:45 MST 2025
  **** SharedData Build 6298862 on Thu Nov 13 04:50:51 MST 2025
  **** Start of session at: Fri Aug 14 21:37:12 2026
    ** Copyright 1986-2022 Xilinx, Inc. All Rights Reserved.
    ** Copyright 2022-2025 Advanced Micro Devices, Inc. All Rights Reserved.

source Block_top_axi_bram_ctrl_vdp_t0_data_0.tcl -notrace
INFO: [IP_Flow 19-234] Refreshing IP repositories
WARNING: [IP_Flow 19-2248] Failed to load user IP repository '/home/lovro/ARES/Alchistry_Labs/DDR3 test/cores/ip_repo/myip_1_0'; Can't find the specified path.
If this directory should no longer be in your list of user repositories, go to the IP Settings dialog and remove it.
WARNING: [IP_Flow 19-2248] Failed to load user IP repository '/home/lovro/ARES/Alchistry_Labs/DDR3 test/cores/ip_repo/CPU_IO_converter_1_0'; Can't find the specified path.
If this directory should no longer be in your list of user repositories, go to the IP Settings dialog and remove it.
WARNING: [IP_Flow 19-2248] Failed to load user IP repository '/home/lovro/ARES/Alchistry_Labs/DDR3 test/cores/ip_repo/CPU_io_converter_1_0'; Can't find the specified path.
If this directory should no longer be in your list of user repositories, go to the IP Settings dialog and remove it.
INFO: [IP_Flow 19-2313] Loaded Vivado IP repository '/opt/Vivado/2025.2/data/ip'.
Command: synth_design -top Block_top_axi_bram_ctrl_vdp_t0_data_0 -part xc7a100tfgg484-2 -incremental_mode off -mode out_of_context
Starting synth_design
Attempting to get a license for feature 'Synthesis' and/or device 'xc7a100t'
INFO: [Common 17-349] Got license for feature 'Synthesis' and/or device 'xc7a100t'
INFO: [Device 21-403] Loading part xc7a100tfgg484-2
INFO: [Synth 8-7079] Multithreading enabled for synth_design using a maximum of 7 processes.
INFO: [Synth 8-7078] Launching helper process for spawning children vivado processes
INFO: [Synth 8-7075] Helper process launched with PID 18255
---------------------------------------------------------------------------------
Starting RTL Elaboration : Time (s): cpu = 00:00:04 ; elapsed = 00:00:06 . Memory (MB): peak = 2208.703 ; gain = 481.875 ; free physical = 8945 ; free virtual = 18966
---------------------------------------------------------------------------------
INFO: [Synth 8-638] synthesizing module 'Block_top_axi_bram_ctrl_vdp_t0_data_0' [/home/lovro/ARES/ARES_fpga/ARES_fpga/ARES_fpga.gen/sources_1/bd/Block_top/ip/Block_top_axi_bram_ctrl_vdp_t0_data_0/synth/Block_top_axi_bram_ctrl_vdp_t0_data_0.vhd:92]
	Parameter C_BRAM_INST_MODE bound to: EXTERNAL - type: string 
	Parameter C_MEMORY_DEPTH bound to: 512 - type: integer 
	Parameter C_BRAM_ADDR_WIDTH bound to: 9 - type: integer 
	Parameter C_S_AXI_ADDR_WIDTH bound to: 11 - type: integer 
	Parameter C_S_AXI_DATA_WIDTH bound to: 32 - type: integer 
	Parameter C_S_AXI_ID_WIDTH bound to: 1 - type: integer 
	Parameter C_S_AXI_PROTOCOL bound to: AXI4LITE - type: string 
	Parameter C_S_AXI_SUPPORTS_NARROW_BURST bound to: 0 - type: integer 
	Parameter C_SINGLE_PORT_BRAM bound to: 1 - type: integer 
	Parameter C_FAMILY bound to: artix7 - type: string 
	Parameter C_READ_LATENCY bound to: 1 - type: integer 
	Parameter C_RD_CMD_OPTIMIZATION bound to: 0 - type: integer 
	Parameter C_S_AXI_CTRL_ADDR_WIDTH bound to: 32 - type: integer 
	Parameter C_S_AXI_CTRL_DATA_WIDTH bound to: 32 - type: integer 
	Parameter C_ECC bound to: 0 - type: integer 
	Parameter C_ECC_TYPE bound to: 0 - type: integer 
	Parameter C_FAULT_INJECT bound to: 0 - type: integer 
	Parameter C_ECC_ONOFF_RESET_VALUE bound to: 0 - type: integer 
INFO: [Synth 8-3491] module 'axi_bram_ctrl' declared at '/home/lovro/ARES/ARES_fpga/ARES_fpga/ARES_fpga.gen/sources_1/bd/Block_top/ipshared/2f03/hdl/axi_bram_ctrl_v4_1_rfs.vhd:31263' bound to instance 'U0' of component 'axi_bram_ctrl' [/home/lovro/ARES/ARES_fpga/ARES_fpga/ARES_fpga.gen/sources_1/bd/Block_top/ip/Block_top_axi_bram_ctrl_vdp_t0_data_0/synth/Block_top_axi_bram_ctrl_vdp_t0_data_0.vhd:236]
INFO: [Synth 8-638] synthesizing module 'axi_bram_ctrl' [/home/lovro/ARES/ARES_fpga/ARES_fpga/ARES_fpga.gen/sources_1/bd/Block_top/ipshared/2f03/hdl/axi_bram_ctrl_v4_1_rfs.vhd:31434]
INFO: [Synth 8-638] synthesizing module 'axi_bram_ctrl_top' [/home/lovro/ARES/ARES_fpga/ARES_fpga/ARES_fpga.gen/sources_1/bd/Block_top/ipshared/2f03/hdl/axi_bram_ctrl_v4_1_rfs.vhd:30438]
INFO: [Synth 8-638] synthesizing module 'axi_lite' [/home/lovro/ARES/ARES_fpga/ARES_fpga/ARES_fpga.gen/sources_1/bd/Block_top/ipshared/2f03/hdl/axi_bram_ctrl_v4_1_rfs.vhd:6787]
INFO: [Synth 8-256] done synthesizing module 'axi_lite' (0#1) [/home/lovro/ARES/ARES_fpga/ARES_fpga/ARES_fpga.gen/sources_1/bd/Block_top/ipshared/2f03/hdl/axi_bram_ctrl_v4_1_rfs.vhd:6787]
INFO: [Synth 8-256] done synthesizing module 'axi_bram_ctrl_top' (0#1) [/home/lovro/ARES/ARES_fpga/ARES_fpga/ARES_fpga.gen/sources_1/bd/Block_top/ipshared/2f03/hdl/axi_bram_ctrl_v4_1_rfs.vhd:30438]
INFO: [Synth 8-256] done synthesizing module 'axi_bram_ctrl' (0#1) [/home/lovro/ARES/ARES_fpga/ARES_fpga/ARES_fpga.gen/sources_1/bd/Block_top/ipshared/2f03/hdl/axi_bram_ctrl_v4_1_rfs.vhd:31434]
INFO: [Synth 8-256] done synthesizing module 'Block_top_axi_bram_ctrl_vdp_t0_data_0' (0#1) [/home/lovro/ARES/ARES_fpga/ARES_fpga/ARES_fpga.gen/sources_1/bd/Block_top/ip/Block_top_axi_bram_ctrl_vdp_t0_data_0/synth/Block_top_axi_bram_ctrl_vdp_t0_data_0.vhd:92]
INFO: [Synth 8-6014] Unused sequential element GEN_NO_RD_CMD_OPT.axi_arready_reg_reg was removed.  [/home/lovro/ARES/ARES_fpga/ARES_fpga/ARES_fpga.gen/sources_1/bd/Block_top/ipshared/2f03/hdl/axi_bram_ctrl_v4_1_rfs.vhd:8375]
INFO: [Synth 8-6014] Unused sequential element GEN_NO_RD_CMD_OPT.axi_rvalid_set_r_reg was removed.  [/home/lovro/ARES/ARES_fpga/ARES_fpga/ARES_fpga.gen/sources_1/bd/Block_top/ipshared/2f03/hdl/axi_bram_ctrl_v4_1_rfs.vhd:8376]
INFO: [Synth 8-6014] Unused sequential element GEN_NO_RD_CMD_OPT.axi_rlast_set_r_reg was removed.  [/home/lovro/ARES/ARES_fpga/ARES_fpga/ARES_fpga.gen/sources_1/bd/Block_top/ipshared/2f03/hdl/axi_bram_ctrl_v4_1_rfs.vhd:8377]
INFO: [Synth 8-7129] Port AXI_AWADDR[1] in module axi_lite is either unconnected or has no load
INFO: [Synth 8-7129] Port AXI_AWADDR[0] in module axi_lite is either unconnected or has no load
INFO: [Synth 8-7129] Port AXI_ARADDR[1] in module axi_lite is either unconnected or has no load
INFO: [Synth 8-7129] Port AXI_ARADDR[0] in module axi_lite is either unconnected or has no load
INFO: [Synth 8-7129] Port AXI_CTRL_AWVALID in module axi_lite is either unconnected or has no load
INFO: [Synth 8-7129] Port AXI_CTRL_AWADDR[31] in module axi_lite is either unconnected or has no load
INFO: [Synth 8-7129] Port AXI_CTRL_AWADDR[30] in module axi_lite is either unconnected or has no load
INFO: [Synth 8-7129] Port AXI_CTRL_AWADDR[29] in module axi_lite is either unconnected or has no load
INFO: [Synth 8-7129] Port AXI_CTRL_AWADDR[28] in module axi_lite is either unconnected or has no load
INFO: [Synth 8-7129] Port AXI_CTRL_AWADDR[27] in module axi_lite is either unconnected or has no load
INFO: [Synth 8-7129] Port AXI_CTRL_AWADDR[26] in module axi_lite is either unconnected or has no load
INFO: [Synth 8-7129] Port AXI_CTRL_AWADDR[25] in module axi_lite is either unconnected or has no load
INFO: [Synth 8-7129] Port AXI_CTRL_AWADDR[24] in module axi_lite is either unconnected or has no load
INFO: [Synth 8-7129] Port AXI_CTRL_AWADDR[23] in module axi_lite is either unconnected or has no load
INFO: [Synth 8-7129] Port AXI_CTRL_AWADDR[22] in module axi_lite is either unconnected or has no load
INFO: [Synth 8-7129] Port AXI_CTRL_AWADDR[21] in module axi_lite is either unconnected or has no load
INFO: [Synth 8-7129] Port AXI_CTRL_AWADDR[20] in module axi_lite is either unconnected or has no load
INFO: [Synth 8-7129] Port AXI_CTRL_AWADDR[19] in module axi_lite is either unconnected or has no load
INFO: [Synth 8-7129] Port AXI_CTRL_AWADDR[18] in module axi_lite is either unconnected or has no load
INFO: [Synth 8-7129] Port AXI_CTRL_AWADDR[17] in module axi_lite is either unconnected or has no load
INFO: [Synth 8-7129] Port AXI_CTRL_AWADDR[16] in module axi_lite is either unconnected or has no load
INFO: [Synth 8-7129] Port AXI_CTRL_AWADDR[15] in module axi_lite is either unconnected or has no load
INFO: [Synth 8-7129] Port AXI_CTRL_AWADDR[14] in module axi_lite is either unconnected or has no load
INFO: [Synth 8-7129] Port AXI_CTRL_AWADDR[13] in module axi_lite is either unconnected or has no load
INFO: [Synth 8-7129] Port AXI_CTRL_AWADDR[12] in module axi_lite is either unconnected or has no load
INFO: [Synth 8-7129] Port AXI_CTRL_AWADDR[11] in module axi_lite is either unconnected or has no load
INFO: [Synth 8-7129] Port AXI_CTRL_AWADDR[10] in module axi_lite is either unconnected or has no load
INFO: [Synth 8-7129] Port AXI_CTRL_AWADDR[9] in module axi_lite is either unconnected or has no load
INFO: [Synth 8-7129] Port AXI_CTRL_AWADDR[8] in module axi_lite is either unconnected or has no load
INFO: [Synth 8-7129] Port AXI_CTRL_AWADDR[7] in module axi_lite is either unconnected or has no load
INFO: [Synth 8-7129] Port AXI_CTRL_AWADDR[6] in module axi_lite is either unconnected or has no load
INFO: [Synth 8-7129] Port AXI_CTRL_AWADDR[5] in module axi_lite is either unconnected or has no load
INFO: [Synth 8-7129] Port AXI_CTRL_AWADDR[4] in module axi_lite is either unconnected or has no load
INFO: [Synth 8-7129] Port AXI_CTRL_AWADDR[3] in module axi_lite is either unconnected or has no load
INFO: [Synth 8-7129] Port AXI_CTRL_AWADDR[2] in module axi_lite is either unconnected or has no load
INFO: [Synth 8-7129] Port AXI_CTRL_AWADDR[1] in module axi_lite is either unconnected or has no load
INFO: [Synth 8-7129] Port AXI_CTRL_AWADDR[0] in module axi_lite is either unconnected or has no load
INFO: [Synth 8-7129] Port AXI_CTRL_WDATA[31] in module axi_lite is either unconnected or has no load
INFO: [Synth 8-7129] Port AXI_CTRL_WDATA[30] in module axi_lite is either unconnected or has no load
INFO: [Synth 8-7129] Port AXI_CTRL_WDATA[29] in module axi_lite is either unconnected or has no load
INFO: [Synth 8-7129] Port AXI_CTRL_WDATA[28] in module axi_lite is either unconnected or has no load
INFO: [Synth 8-7129] Port AXI_CTRL_WDATA[27] in module axi_lite is either unconnected or has no load
INFO: [Synth 8-7129] Port AXI_CTRL_WDATA[26] in module axi_lite is either unconnected or has no load
INFO: [Synth 8-7129] Port AXI_CTRL_WDATA[25] in module axi_lite is either unconnected or has no load
INFO: [Synth 8-7129] Port AXI_CTRL_WDATA[24] in module axi_lite is either unconnected or has no load
INFO: [Synth 8-7129] Port AXI_CTRL_WDATA[23] in module axi_lite is either unconnected or has no load
INFO: [Synth 8-7129] Port AXI_CTRL_WDATA[22] in module axi_lite is either unconnected or has no load
INFO: [Synth 8-7129] Port AXI_CTRL_WDATA[21] in module axi_lite is either unconnected or has no load
INFO: [Synth 8-7129] Port AXI_CTRL_WDATA[20] in module axi_lite is either unconnected or has no load
INFO: [Synth 8-7129] Port AXI_CTRL_WDATA[19] in module axi_lite is either unconnected or has no load
INFO: [Synth 8-7129] Port AXI_CTRL_WDATA[18] in module axi_lite is either unconnected or has no load
INFO: [Synth 8-7129] Port AXI_CTRL_WDATA[17] in module axi_lite is either unconnected or has no load
INFO: [Synth 8-7129] Port AXI_CTRL_WDATA[16] in module axi_lite is either unconnected or has no load
INFO: [Synth 8-7129] Port AXI_CTRL_WDATA[15] in module axi_lite is either unconnected or has no load
INFO: [Synth 8-7129] Port AXI_CTRL_WDATA[14] in module axi_lite is either unconnected or has no load
INFO: [Synth 8-7129] Port AXI_CTRL_WDATA[13] in module axi_lite is either unconnected or has no load
INFO: [Synth 8-7129] Port AXI_CTRL_WDATA[12] in module axi_lite is either unconnected or has no load
INFO: [Synth 8-7129] Port AXI_CTRL_WDATA[11] in module axi_lite is either unconnected or has no load
INFO: [Synth 8-7129] Port AXI_CTRL_WDATA[10] in module axi_lite is either unconnected or has no load
INFO: [Synth 8-7129] Port AXI_CTRL_WDATA[9] in module axi_lite is either unconnected or has no load
INFO: [Synth 8-7129] Port AXI_CTRL_WDATA[8] in module axi_lite is either unconnected or has no load
INFO: [Synth 8-7129] Port AXI_CTRL_WDATA[7] in module axi_lite is either unconnected or has no load
INFO: [Synth 8-7129] Port AXI_CTRL_WDATA[6] in module axi_lite is either unconnected or has no load
INFO: [Synth 8-7129] Port AXI_CTRL_WDATA[5] in module axi_lite is either unconnected or has no load
INFO: [Synth 8-7129] Port AXI_CTRL_WDATA[4] in module axi_lite is either unconnected or has no load
INFO: [Synth 8-7129] Port AXI_CTRL_WDATA[3] in module axi_lite is either unconnected or has no load
INFO: [Synth 8-7129] Port AXI_CTRL_WDATA[2] in module axi_lite is either unconnected or has no load
INFO: [Synth 8-7129] Port AXI_CTRL_WDATA[1] in module axi_lite is either unconnected or has no load
INFO: [Synth 8-7129] Port AXI_CTRL_WDATA[0] in module axi_lite is either unconnected or has no load
INFO: [Synth 8-7129] Port AXI_CTRL_WVALID in module axi_lite is either unconnected or has no load
INFO: [Synth 8-7129] Port AXI_CTRL_BREADY in module axi_lite is either unconnected or has no load
INFO: [Synth 8-7129] Port AXI_CTRL_ARADDR[31] in module axi_lite is either unconnected or has no load
INFO: [Synth 8-7129] Port AXI_CTRL_ARADDR[30] in module axi_lite is either unconnected or has no load
INFO: [Synth 8-7129] Port AXI_CTRL_ARADDR[29] in module axi_lite is either unconnected or has no load
INFO: [Synth 8-7129] Port AXI_CTRL_ARADDR[28] in module axi_lite is either unconnected or has no load
INFO: [Synth 8-7129] Port AXI_CTRL_ARADDR[27] in module axi_lite is either unconnected or has no load
INFO: [Synth 8-7129] Port AXI_CTRL_ARADDR[26] in module axi_lite is either unconnected or has no load
INFO: [Synth 8-7129] Port AXI_CTRL_ARADDR[25] in module axi_lite is either unconnected or has no load
INFO: [Synth 8-7129] Port AXI_CTRL_ARADDR[24] in module axi_lite is either unconnected or has no load
INFO: [Synth 8-7129] Port AXI_CTRL_ARADDR[23] in module axi_lite is either unconnected or has no load
INFO: [Synth 8-7129] Port AXI_CTRL_ARADDR[22] in module axi_lite is either unconnected or has no load
INFO: [Synth 8-7129] Port AXI_CTRL_ARADDR[21] in module axi_lite is either unconnected or has no load
INFO: [Synth 8-7129] Port AXI_CTRL_ARADDR[20] in module axi_lite is either unconnected or has no load
INFO: [Synth 8-7129] Port AXI_CTRL_ARADDR[19] in module axi_lite is either unconnected or has no load
INFO: [Synth 8-7129] Port AXI_CTRL_ARADDR[18] in module axi_lite is either unconnected or has no load
INFO: [Synth 8-7129] Port AXI_CTRL_ARADDR[17] in module axi_lite is either unconnected or has no load
INFO: [Synth 8-7129] Port AXI_CTRL_ARADDR[16] in module axi_lite is either unconnected or has no load
INFO: [Synth 8-7129] Port AXI_CTRL_ARADDR[15] in module axi_lite is either unconnected or has no load
INFO: [Synth 8-7129] Port AXI_CTRL_ARADDR[14] in module axi_lite is either unconnected or has no load
INFO: [Synth 8-7129] Port AXI_CTRL_ARADDR[13] in module axi_lite is either unconnected or has no load
INFO: [Synth 8-7129] Port AXI_CTRL_ARADDR[12] in module axi_lite is either unconnected or has no load
INFO: [Synth 8-7129] Port AXI_CTRL_ARADDR[11] in module axi_lite is either unconnected or has no load
INFO: [Synth 8-7129] Port AXI_CTRL_ARADDR[10] in module axi_lite is either unconnected or has no load
INFO: [Synth 8-7129] Port AXI_CTRL_ARADDR[9] in module axi_lite is either unconnected or has no load
INFO: [Synth 8-7129] Port AXI_CTRL_ARADDR[8] in module axi_lite is either unconnected or has no load
INFO: [Synth 8-7129] Port AXI_CTRL_ARADDR[7] in module axi_lite is either unconnected or has no load
INFO: [Synth 8-7129] Port AXI_CTRL_ARADDR[6] in module axi_lite is either unconnected or has no load
INFO: [Synth 8-7129] Port AXI_CTRL_ARADDR[5] in module axi_lite is either unconnected or has no load
INFO: [Synth 8-7129] Port AXI_CTRL_ARADDR[4] in module axi_lite is either unconnected or has no load
INFO: [Synth 8-7129] Port AXI_CTRL_ARADDR[3] in module axi_lite is either unconnected or has no load
INFO: [Common 17-14] Message 'Synth 8-7129' appears 100 times and further instances of the messages will be disabled. Use the Tcl command set_msg_config to change the current settings.
---------------------------------------------------------------------------------
Finished RTL Elaboration : Time (s): cpu = 00:00:06 ; elapsed = 00:00:07 . Memory (MB): peak = 2306.641 ; gain = 579.812 ; free physical = 8193 ; free virtual = 18215
---------------------------------------------------------------------------------
---------------------------------------------------------------------------------
Start Handling Custom Attributes
---------------------------------------------------------------------------------
---------------------------------------------------------------------------------
Finished Handling Custom Attributes : Time (s): cpu = 00:00:06 ; elapsed = 00:00:07 . Memory (MB): peak = 2321.484 ; gain = 594.656 ; free physical = 8191 ; free virtual = 18214
---------------------------------------------------------------------------------
---------------------------------------------------------------------------------
Finished RTL Optimization Phase 1 : Time (s): cpu = 00:00:06 ; elapsed = 00:00:07 . Memory (MB): peak = 2321.484 ; gain = 594.656 ; free physical = 8191 ; free virtual = 18214
---------------------------------------------------------------------------------
Netlist sorting complete. Time (s): cpu = 00:00:00.01 ; elapsed = 00:00:00.01 . Memory (MB): peak = 2321.484 ; gain = 0.000 ; free physical = 8191 ; free virtual = 18214
INFO: [Project 1-570] Preparing netlist for logic optimization

Processing XDC Constraints
Initializing timing engine
Parsing XDC File [/home/lovro/ARES/ARES_fpga/ARES_fpga/ARES_fpga.gen/sources_1/bd/Block_top/ip/Block_top_axi_bram_ctrl_vdp_t0_data_0/Block_top_axi_bram_ctrl_vdp_t0_data_0_ooc.xdc] for cell 'U0'
Finished Parsing XDC File [/home/lovro/ARES/ARES_fpga/ARES_fpga/ARES_fpga.gen/sources_1/bd/Block_top/ip/Block_top_axi_bram_ctrl_vdp_t0_data_0/Block_top_axi_bram_ctrl_vdp_t0_data_0_ooc.xdc] for cell 'U0'
Parsing XDC File [/home/lovro/ARES/ARES_fpga/ARES_fpga/ARES_fpga.runs/Block_top_axi_bram_ctrl_vdp_t0_data_0_synth_1/dont_touch.xdc]
Finished Parsing XDC File [/home/lovro/ARES/ARES_fpga/ARES_fpga/ARES_fpga.runs/Block_top_axi_bram_ctrl_vdp_t0_data_0_synth_1/dont_touch.xdc]
Completed Processing XDC Constraints

Netlist sorting complete. Time (s): cpu = 00:00:00 ; elapsed = 00:00:00 . Memory (MB): peak = 2418.223 ; gain = 0.000 ; free physical = 8058 ; free virtual = 18082
INFO: [Project 1-111] Unisim Transformation Summary:
No Unisim elements were transformed.

Constraint Validation Runtime : Time (s): cpu = 00:00:00.02 ; elapsed = 00:00:00.02 . Memory (MB): peak = 2418.258 ; gain = 0.000 ; free physical = 8058 ; free virtual = 18082
INFO: [Designutils 20-5008] Incremental synthesis strategy off
---------------------------------------------------------------------------------
Finished Constraint Validation : Time (s): cpu = 00:00:14 ; elapsed = 00:00:15 . Memory (MB): peak = 2418.258 ; gain = 691.430 ; free physical = 7620 ; free virtual = 17687
---------------------------------------------------------------------------------
---------------------------------------------------------------------------------
Start Loading Part and Timing Information
---------------------------------------------------------------------------------
Loading part: xc7a100tfgg484-2
---------------------------------------------------------------------------------
Finished Loading Part and Timing Information : Time (s): cpu = 00:00:14 ; elapsed = 00:00:15 . Memory (MB): peak = 2426.227 ; gain = 699.398 ; free physical = 7620 ; free virtual = 17687
---------------------------------------------------------------------------------
---------------------------------------------------------------------------------
Start Applying 'set_property' XDC Constraints
---------------------------------------------------------------------------------
---------------------------------------------------------------------------------
Finished applying 'set_property' XDC Constraints : Time (s): cpu = 00:00:14 ; elapsed = 00:00:15 . Memory (MB): peak = 2426.227 ; gain = 699.398 ; free physical = 7620 ; free virtual = 17687
---------------------------------------------------------------------------------
INFO: [Synth 8-802] inferred FSM for state register 'GEN_NO_RD_CMD_OPT.lite_sm_cs_reg' in module 'axi_lite'
---------------------------------------------------------------------------------------------------
                   State |                     New Encoding |                Previous Encoding 
---------------------------------------------------------------------------------------------------
                    idle |                           000001 |                              000
             sng_wr_data |                           100000 |                              011
                 rd_data |                           010000 |                              100
---------------------------------------------------------------------------------------------------
INFO: [Synth 8-3354] encoded FSM with state register 'GEN_NO_RD_CMD_OPT.lite_sm_cs_reg' using encoding 'one-hot' in module 'axi_lite'
---------------------------------------------------------------------------------
Finished RTL Optimization Phase 2 : Time (s): cpu = 00:00:14 ; elapsed = 00:00:15 . Memory (MB): peak = 2426.227 ; gain = 699.398 ; free physical = 7583 ; free virtual = 17616
---------------------------------------------------------------------------------
---------------------------------------------------------------------------------
Start RTL Component Statistics 
---------------------------------------------------------------------------------
Detailed RTL Component Info : 
+---Adders : 
	   2 Input    3 Bit       Adders := 1     
+---Registers : 
	                3 Bit    Registers := 1     
	                1 Bit    Registers := 8     
+---Muxes : 
	   3 Input    6 Bit        Muxes := 1     
	   2 Input    6 Bit        Muxes := 2     
	   2 Input    4 Bit        Muxes := 2     
	   3 Input    4 Bit        Muxes := 1     
	   2 Input    2 Bit        Muxes := 1     
	   2 Input    1 Bit        Muxes := 12    
	   3 Input    1 Bit        Muxes := 4     
---------------------------------------------------------------------------------
Finished RTL Component Statistics 
---------------------------------------------------------------------------------
---------------------------------------------------------------------------------
Start Part Resource Summary
---------------------------------------------------------------------------------
Part Resources:
DSPs: 240 (col length:80)
BRAMs: 270 (col length: RAMB18 80 RAMB36 40)
---------------------------------------------------------------------------------
Finished Part Resource Summary
---------------------------------------------------------------------------------
---------------------------------------------------------------------------------
Start Cross Boundary and Area Optimization
---------------------------------------------------------------------------------
INFO: [Synth 8-3332] Sequential element (gext_inst.abcv4_0_ext_inst/GEN_AXI4LITE.I_AXI_LITE/FSM_onehot_GEN_NO_RD_CMD_OPT.lite_sm_cs_reg[3]) is unused and will be removed from module axi_bram_ctrl.
INFO: [Synth 8-3332] Sequential element (gext_inst.abcv4_0_ext_inst/GEN_AXI4LITE.I_AXI_LITE/FSM_onehot_GEN_NO_RD_CMD_OPT.lite_sm_cs_reg[2]) is unused and will be removed from module axi_bram_ctrl.
INFO: [Synth 8-3332] Sequential element (gext_inst.abcv4_0_ext_inst/GEN_AXI4LITE.I_AXI_LITE/FSM_onehot_GEN_NO_RD_CMD_OPT.lite_sm_cs_reg[1]) is unused and will be removed from module axi_bram_ctrl.
---------------------------------------------------------------------------------
Finished Cross Boundary and Area Optimization : Time (s): cpu = 00:00:16 ; elapsed = 00:00:17 . Memory (MB): peak = 2426.227 ; gain = 699.398 ; free physical = 7625 ; free virtual = 17658
---------------------------------------------------------------------------------
---------------------------------------------------------------------------------
Start Applying XDC Timing Constraints
---------------------------------------------------------------------------------
---------------------------------------------------------------------------------
Finished Applying XDC Timing Constraints : Time (s): cpu = 00:00:20 ; elapsed = 00:00:21 . Memory (MB): peak = 2477.227 ; gain = 750.398 ; free physical = 10373 ; free virtual = 20403
---------------------------------------------------------------------------------
---------------------------------------------------------------------------------
Start Timing Optimization
---------------------------------------------------------------------------------
---------------------------------------------------------------------------------
Finished Timing Optimization : Time (s): cpu = 00:00:20 ; elapsed = 00:00:22 . Memory (MB): peak = 2497.258 ; gain = 770.430 ; free physical = 10357 ; free virtual = 20388
---------------------------------------------------------------------------------
---------------------------------------------------------------------------------
Start Technology Mapping
---------------------------------------------------------------------------------
---------------------------------------------------------------------------------
Finished Technology Mapping : Time (s): cpu = 00:00:20 ; elapsed = 00:00:22 . Memory (MB): peak = 2505.266 ; gain = 778.438 ; free physical = 10350 ; free virtual = 20380
---------------------------------------------------------------------------------
---------------------------------------------------------------------------------
Start IO Insertion
---------------------------------------------------------------------------------
---------------------------------------------------------------------------------
Start Flattening Before IO Insertion
---------------------------------------------------------------------------------
---------------------------------------------------------------------------------
Finished Flattening Before IO Insertion
---------------------------------------------------------------------------------
---------------------------------------------------------------------------------
Start Final Netlist Cleanup
---------------------------------------------------------------------------------
---------------------------------------------------------------------------------
Finished Final Netlist Cleanup
---------------------------------------------------------------------------------
---------------------------------------------------------------------------------
Finished IO Insertion : Time (s): cpu = 00:00:23 ; elapsed = 00:00:25 . Memory (MB): peak = 2676.078 ; gain = 949.250 ; free physical = 9651 ; free virtual = 19683
---------------------------------------------------------------------------------
---------------------------------------------------------------------------------
Start Renaming Generated Instances
---------------------------------------------------------------------------------
---------------------------------------------------------------------------------
Finished Renaming Generated Instances : Time (s): cpu = 00:00:23 ; elapsed = 00:00:25 . Memory (MB): peak = 2676.078 ; gain = 949.250 ; free physical = 9651 ; free virtual = 19683
---------------------------------------------------------------------------------
---------------------------------------------------------------------------------
Start Rebuilding User Hierarchy
---------------------------------------------------------------------------------
---------------------------------------------------------------------------------
Finished Rebuilding User Hierarchy : Time (s): cpu = 00:00:23 ; elapsed = 00:00:25 . Memory (MB): peak = 2676.078 ; gain = 949.250 ; free physical = 9651 ; free virtual = 19683
---------------------------------------------------------------------------------
---------------------------------------------------------------------------------
Start Renaming Generated Ports
---------------------------------------------------------------------------------
---------------------------------------------------------------------------------
Finished Renaming Generated Ports : Time (s): cpu = 00:00:23 ; elapsed = 00:00:25 . Memory (MB): peak = 2676.078 ; gain = 949.250 ; free physical = 9651 ; free virtual = 19683
---------------------------------------------------------------------------------
---------------------------------------------------------------------------------
Start Handling Custom Attributes
---------------------------------------------------------------------------------
---------------------------------------------------------------------------------
Finished Handling Custom Attributes : Time (s): cpu = 00:00:23 ; elapsed = 00:00:25 . Memory (MB): peak = 2676.078 ; gain = 949.250 ; free physical = 9651 ; free virtual = 19683
---------------------------------------------------------------------------------
---------------------------------------------------------------------------------
Start Renaming Generated Nets
---------------------------------------------------------------------------------
---------------------------------------------------------------------------------
Finished Renaming Generated Nets : Time (s): cpu = 00:00:23 ; elapsed = 00:00:25 . Memory (MB): peak = 2676.078 ; gain = 949.250 ; free physical = 9651 ; free virtual = 19683
---------------------------------------------------------------------------------
---------------------------------------------------------------------------------
Start Writing Synthesis Report
---------------------------------------------------------------------------------

Report BlackBoxes: 
+-+--------------+----------+
| |BlackBox name |Instances |
+-+--------------+----------+
+-+--------------+----------+

Report Cell Usage: 
+------+-----+------+
|      |Cell |Count |
+------+-----+------+
|1     |LUT1 |     1|
|2     |LUT2 |     1|
|3     |LUT3 |     5|
|4     |LUT4 |     1|
|5     |LUT5 |     3|
|6     |LUT6 |    17|
|7     |FDRE |    11|
|8     |FDSE |     1|
+------+-----+------+
---------------------------------------------------------------------------------
Finished Writing Synthesis Report : Time (s): cpu = 00:00:23 ; elapsed = 00:00:25 . Memory (MB): peak = 2676.078 ; gain = 949.250 ; free physical = 9651 ; free virtual = 19683
---------------------------------------------------------------------------------
Synthesis finished with 0 errors, 0 critical warnings and 0 warnings.
Synthesis Optimization Runtime : Time (s): cpu = 00:00:22 ; elapsed = 00:00:23 . Memory (MB): peak = 2676.078 ; gain = 852.477 ; free physical = 9651 ; free virtual = 19683
Synthesis Optimization Complete : Time (s): cpu = 00:00:23 ; elapsed = 00:00:25 . Memory (MB): peak = 2676.086 ; gain = 949.250 ; free physical = 9651 ; free virtual = 19683
INFO: [Project 1-571] Translating synthesized netlist
Netlist sorting complete. Time (s): cpu = 00:00:00 ; elapsed = 00:00:00 . Memory (MB): peak = 2676.086 ; gain = 0.000 ; free physical = 9651 ; free virtual = 19683
INFO: [Project 1-570] Preparing netlist for logic optimization
INFO: [Opt 31-138] Pushed 0 inverter(s) to 0 load pin(s).
Netlist sorting complete. Time (s): cpu = 00:00:00 ; elapsed = 00:00:00 . Memory (MB): peak = 2732.105 ; gain = 0.000 ; free physical = 9639 ; free virtual = 19663
INFO: [Project 1-111] Unisim Transformation Summary:
No Unisim elements were transformed.

Synth Design complete | Checksum: 9df2ec25
INFO: [Common 17-83] Releasing license: Synthesis
133 Infos, 3 Warnings, 0 Critical Warnings and 0 Errors encountered.
synth_design completed successfully
synth_design: Time (s): cpu = 00:00:30 ; elapsed = 00:00:30 . Memory (MB): peak = 2732.141 ; gain = 1113.586 ; free physical = 10002 ; free virtual = 20027
INFO: [Common 17-2834] synth_design peak Physical Memory [PSS] (MB): overall = 1578.428; main = 1578.428; forked = 191.327
INFO: [Common 17-2834] synth_design peak Virtual Memory [VSS] (MB): overall = 3420.449; main = 2732.109; forked = 994.219
Write ShapeDB Complete: Time (s): cpu = 00:00:00 ; elapsed = 00:00:00 . Memory (MB): peak = 2756.117 ; gain = 0.000 ; free physical = 10002 ; free virtual = 20026
INFO: [Common 17-1381] The checkpoint '/home/lovro/ARES/ARES_fpga/ARES_fpga/ARES_fpga.runs/Block_top_axi_bram_ctrl_vdp_t0_data_0_synth_1/Block_top_axi_bram_ctrl_vdp_t0_data_0.dcp' has been generated.
INFO: [Coretcl 2-1648] Added synthesis output to IP cache for IP Block_top_axi_bram_ctrl_vdp_t0_data_0, cache-ID = 4f48bd5ea508a749
INFO: [Coretcl 2-1174] Renamed 3 cell refs.
Write ShapeDB Complete: Time (s): cpu = 00:00:00 ; elapsed = 00:00:00 . Memory (MB): peak = 2756.117 ; gain = 0.000 ; free physical = 9982 ; free virtual = 20007
INFO: [Common 17-1381] The checkpoint '/home/lovro/ARES/ARES_fpga/ARES_fpga/ARES_fpga.runs/Block_top_axi_bram_ctrl_vdp_t0_data_0_synth_1/Block_top_axi_bram_ctrl_vdp_t0_data_0.dcp' has been generated.
INFO: [Vivado 12-24828] Executing command : report_utilization -file Block_top_axi_bram_ctrl_vdp_t0_data_0_utilization_synth.rpt -pb Block_top_axi_bram_ctrl_vdp_t0_data_0_utilization_synth.pb
INFO: [Common 17-206] Exiting Vivado at Fri Aug 14 21:37:51 2026...
