
*** Running vivado
    with args -log blk_mem_tile_map.vds -m64 -product Vivado -mode batch -messageDb vivado.pb -notrace -source blk_mem_tile_map.tcl


****** Vivado v2025.2 (64-bit)
  **** SW Build 6299465 on Fri Nov 14 12:34:56 MST 2025
  **** IP Build 6300035 on Fri Nov 14 10:48:45 MST 2025
  **** SharedData Build 6298862 on Thu Nov 13 04:50:51 MST 2025
  **** Start of session at: Tue Aug 11 21:51:39 2026
    ** Copyright 1986-2022 Xilinx, Inc. All Rights Reserved.
    ** Copyright 2022-2025 Advanced Micro Devices, Inc. All Rights Reserved.

source blk_mem_tile_map.tcl -notrace
INFO: [IP_Flow 19-234] Refreshing IP repositories
WARNING: [IP_Flow 19-2248] Failed to load user IP repository '/home/lovro/ARES/Alchistry_Labs/DDR3 test/cores/ip_repo/myip_1_0'; Can't find the specified path.
If this directory should no longer be in your list of user repositories, go to the IP Settings dialog and remove it.
WARNING: [IP_Flow 19-2248] Failed to load user IP repository '/home/lovro/ARES/Alchistry_Labs/DDR3 test/cores/ip_repo/CPU_IO_converter_1_0'; Can't find the specified path.
If this directory should no longer be in your list of user repositories, go to the IP Settings dialog and remove it.
WARNING: [IP_Flow 19-2248] Failed to load user IP repository '/home/lovro/ARES/Alchistry_Labs/DDR3 test/cores/ip_repo/CPU_io_converter_1_0'; Can't find the specified path.
If this directory should no longer be in your list of user repositories, go to the IP Settings dialog and remove it.
INFO: [IP_Flow 19-2313] Loaded Vivado IP repository '/opt/Vivado/2025.2/data/ip'.
Command: synth_design -top blk_mem_tile_map -part xc7a35tftg256-2 -incremental_mode off -mode out_of_context
Starting synth_design
Attempting to get a license for feature 'Synthesis' and/or device 'xc7a35t'
INFO: [Common 17-349] Got license for feature 'Synthesis' and/or device 'xc7a35t'
INFO: [Device 21-403] Loading part xc7a35tftg256-2
INFO: [Synth 8-7079] Multithreading enabled for synth_design using a maximum of 7 processes.
INFO: [Synth 8-7078] Launching helper process for spawning children vivado processes
INFO: [Synth 8-7075] Helper process launched with PID 770802
---------------------------------------------------------------------------------
Starting RTL Elaboration : Time (s): cpu = 00:00:05 ; elapsed = 00:00:07 . Memory (MB): peak = 2194.074 ; gain = 481.156 ; free physical = 294 ; free virtual = 13302
---------------------------------------------------------------------------------
INFO: [Synth 8-638] synthesizing module 'blk_mem_tile_map' [/home/lovro/ARES/ARES_fpga/ARES_fpga/ARES_fpga.gen/sources_1/ip/blk_mem_tile_map/synth/blk_mem_tile_map.vhd:75]
	Parameter C_FAMILY bound to: artix7 - type: string 
	Parameter C_XDEVICEFAMILY bound to: artix7 - type: string 
	Parameter C_ELABORATION_DIR bound to: ./ - type: string 
	Parameter C_INTERFACE_TYPE bound to: 0 - type: integer 
	Parameter C_AXI_TYPE bound to: 1 - type: integer 
	Parameter C_AXI_SLAVE_TYPE bound to: 0 - type: integer 
	Parameter C_USE_BRAM_BLOCK bound to: 0 - type: integer 
	Parameter C_ENABLE_32BIT_ADDRESS bound to: 0 - type: integer 
	Parameter C_CTRL_ECC_ALGO bound to: NONE - type: string 
	Parameter C_HAS_AXI_ID bound to: 0 - type: integer 
	Parameter C_AXI_ID_WIDTH bound to: 4 - type: integer 
	Parameter C_MEM_TYPE bound to: 2 - type: integer 
	Parameter C_BYTE_SIZE bound to: 8 - type: integer 
	Parameter C_ALGORITHM bound to: 1 - type: integer 
	Parameter C_PRIM_TYPE bound to: 1 - type: integer 
	Parameter C_LOAD_INIT_FILE bound to: 0 - type: integer 
	Parameter C_INIT_FILE_NAME bound to: no_coe_file_loaded - type: string 
	Parameter C_INIT_FILE bound to: blk_mem_tile_map.mem - type: string 
	Parameter C_USE_DEFAULT_DATA bound to: 0 - type: integer 
	Parameter C_DEFAULT_DATA bound to: 0 - type: string 
	Parameter C_HAS_RSTA bound to: 0 - type: integer 
	Parameter C_RST_PRIORITY_A bound to: CE - type: string 
	Parameter C_RSTRAM_A bound to: 0 - type: integer 
	Parameter C_INITA_VAL bound to: 0 - type: string 
	Parameter C_HAS_ENA bound to: 0 - type: integer 
	Parameter C_HAS_REGCEA bound to: 0 - type: integer 
	Parameter C_USE_BYTE_WEA bound to: 1 - type: integer 
	Parameter C_WEA_WIDTH bound to: 2 - type: integer 
	Parameter C_WRITE_MODE_A bound to: WRITE_FIRST - type: string 
	Parameter C_WRITE_WIDTH_A bound to: 16 - type: integer 
	Parameter C_READ_WIDTH_A bound to: 16 - type: integer 
	Parameter C_WRITE_DEPTH_A bound to: 16384 - type: integer 
	Parameter C_READ_DEPTH_A bound to: 16384 - type: integer 
	Parameter C_ADDRA_WIDTH bound to: 14 - type: integer 
	Parameter C_HAS_RSTB bound to: 0 - type: integer 
	Parameter C_RST_PRIORITY_B bound to: CE - type: string 
	Parameter C_RSTRAM_B bound to: 0 - type: integer 
	Parameter C_INITB_VAL bound to: 0 - type: string 
	Parameter C_HAS_ENB bound to: 1 - type: integer 
	Parameter C_HAS_REGCEB bound to: 0 - type: integer 
	Parameter C_USE_BYTE_WEB bound to: 1 - type: integer 
	Parameter C_WEB_WIDTH bound to: 4 - type: integer 
	Parameter C_WRITE_MODE_B bound to: WRITE_FIRST - type: string 
	Parameter C_WRITE_WIDTH_B bound to: 32 - type: integer 
	Parameter C_READ_WIDTH_B bound to: 32 - type: integer 
	Parameter C_WRITE_DEPTH_B bound to: 8192 - type: integer 
	Parameter C_READ_DEPTH_B bound to: 8192 - type: integer 
	Parameter C_ADDRB_WIDTH bound to: 13 - type: integer 
	Parameter C_HAS_MEM_OUTPUT_REGS_A bound to: 0 - type: integer 
	Parameter C_HAS_MEM_OUTPUT_REGS_B bound to: 0 - type: integer 
	Parameter C_HAS_MUX_OUTPUT_REGS_A bound to: 0 - type: integer 
	Parameter C_HAS_MUX_OUTPUT_REGS_B bound to: 0 - type: integer 
	Parameter C_MUX_PIPELINE_STAGES bound to: 0 - type: integer 
	Parameter C_HAS_SOFTECC_INPUT_REGS_A bound to: 0 - type: integer 
	Parameter C_HAS_SOFTECC_OUTPUT_REGS_B bound to: 0 - type: integer 
	Parameter C_USE_SOFTECC bound to: 0 - type: integer 
	Parameter C_USE_ECC bound to: 0 - type: integer 
	Parameter C_EN_ECC_PIPE bound to: 0 - type: integer 
	Parameter C_READ_LATENCY_A bound to: 1 - type: integer 
	Parameter C_READ_LATENCY_B bound to: 1 - type: integer 
	Parameter C_HAS_INJECTERR bound to: 0 - type: integer 
	Parameter C_SIM_COLLISION_CHECK bound to: ALL - type: string 
	Parameter C_COMMON_CLK bound to: 0 - type: integer 
	Parameter C_DISABLE_WARN_BHV_COLL bound to: 0 - type: integer 
	Parameter C_EN_SLEEP_PIN bound to: 0 - type: integer 
	Parameter C_USE_URAM bound to: 0 - type: integer 
	Parameter C_EN_RDADDRA_CHG bound to: 0 - type: integer 
	Parameter C_EN_RDADDRB_CHG bound to: 0 - type: integer 
	Parameter C_EN_DEEPSLEEP_PIN bound to: 0 - type: integer 
	Parameter C_EN_SHUTDOWN_PIN bound to: 0 - type: integer 
	Parameter C_EN_SAFETY_CKT bound to: 0 - type: integer 
	Parameter C_DISABLE_WARN_BHV_RANGE bound to: 0 - type: integer 
	Parameter C_COUNT_36K_BRAM bound to: 8 - type: string 
	Parameter C_COUNT_18K_BRAM bound to: 0 - type: string 
	Parameter C_EST_POWER_SUMMARY bound to: Estimated Power for IP     :     10.4716 mW - type: string 
INFO: [Synth 8-3491] module 'blk_mem_gen_v8_4_12' declared at '/home/lovro/ARES/ARES_fpga/ARES_fpga/ARES_fpga.gen/sources_1/ip/blk_mem_tile_map/hdl/blk_mem_gen_v8_4_vhsyn_rfs.vhd:195209' bound to instance 'U0' of component 'blk_mem_gen_v8_4_12' [/home/lovro/ARES/ARES_fpga/ARES_fpga/ARES_fpga.gen/sources_1/ip/blk_mem_tile_map/synth/blk_mem_tile_map.vhd:250]
INFO: [Synth 8-256] done synthesizing module 'blk_mem_tile_map' (0#1) [/home/lovro/ARES/ARES_fpga/ARES_fpga/ARES_fpga.gen/sources_1/ip/blk_mem_tile_map/synth/blk_mem_tile_map.vhd:75]
INFO: [Synth 8-7129] Port CLKB in module blk_mem_output_block is either unconnected or has no load
INFO: [Synth 8-7129] Port SBITERR_I in module blk_mem_output_block is either unconnected or has no load
INFO: [Synth 8-7129] Port DBITERR_I in module blk_mem_output_block is either unconnected or has no load
INFO: [Synth 8-7129] Port RDADDRECC_I[12] in module blk_mem_output_block is either unconnected or has no load
INFO: [Synth 8-7129] Port RDADDRECC_I[11] in module blk_mem_output_block is either unconnected or has no load
INFO: [Synth 8-7129] Port RDADDRECC_I[10] in module blk_mem_output_block is either unconnected or has no load
INFO: [Synth 8-7129] Port RDADDRECC_I[9] in module blk_mem_output_block is either unconnected or has no load
INFO: [Synth 8-7129] Port RDADDRECC_I[8] in module blk_mem_output_block is either unconnected or has no load
INFO: [Synth 8-7129] Port RDADDRECC_I[7] in module blk_mem_output_block is either unconnected or has no load
INFO: [Synth 8-7129] Port RDADDRECC_I[6] in module blk_mem_output_block is either unconnected or has no load
INFO: [Synth 8-7129] Port RDADDRECC_I[5] in module blk_mem_output_block is either unconnected or has no load
INFO: [Synth 8-7129] Port RDADDRECC_I[4] in module blk_mem_output_block is either unconnected or has no load
INFO: [Synth 8-7129] Port RDADDRECC_I[3] in module blk_mem_output_block is either unconnected or has no load
INFO: [Synth 8-7129] Port RDADDRECC_I[2] in module blk_mem_output_block is either unconnected or has no load
INFO: [Synth 8-7129] Port RDADDRECC_I[1] in module blk_mem_output_block is either unconnected or has no load
INFO: [Synth 8-7129] Port RDADDRECC_I[0] in module blk_mem_output_block is either unconnected or has no load
INFO: [Synth 8-7129] Port SBITERR in module blk_mem_gen_prim_wrapper__parameterized6 is either unconnected or has no load
INFO: [Synth 8-7129] Port DBITERR in module blk_mem_gen_prim_wrapper__parameterized6 is either unconnected or has no load
INFO: [Synth 8-7129] Port SSRA in module blk_mem_gen_prim_wrapper__parameterized6 is either unconnected or has no load
INFO: [Synth 8-7129] Port SSRB in module blk_mem_gen_prim_wrapper__parameterized6 is either unconnected or has no load
INFO: [Synth 8-7129] Port SLEEP in module blk_mem_gen_prim_wrapper__parameterized6 is either unconnected or has no load
INFO: [Synth 8-7129] Port INJECTSBITERR in module blk_mem_gen_prim_wrapper__parameterized6 is either unconnected or has no load
INFO: [Synth 8-7129] Port INJECTDBITERR in module blk_mem_gen_prim_wrapper__parameterized6 is either unconnected or has no load
INFO: [Synth 8-7129] Port ECCPIPECE in module blk_mem_gen_prim_wrapper__parameterized6 is either unconnected or has no load
INFO: [Synth 8-7129] Port SBITERR in module blk_mem_gen_prim_wrapper__parameterized5 is either unconnected or has no load
INFO: [Synth 8-7129] Port DBITERR in module blk_mem_gen_prim_wrapper__parameterized5 is either unconnected or has no load
INFO: [Synth 8-7129] Port SSRA in module blk_mem_gen_prim_wrapper__parameterized5 is either unconnected or has no load
INFO: [Synth 8-7129] Port SSRB in module blk_mem_gen_prim_wrapper__parameterized5 is either unconnected or has no load
INFO: [Synth 8-7129] Port SLEEP in module blk_mem_gen_prim_wrapper__parameterized5 is either unconnected or has no load
INFO: [Synth 8-7129] Port INJECTSBITERR in module blk_mem_gen_prim_wrapper__parameterized5 is either unconnected or has no load
INFO: [Synth 8-7129] Port INJECTDBITERR in module blk_mem_gen_prim_wrapper__parameterized5 is either unconnected or has no load
INFO: [Synth 8-7129] Port ECCPIPECE in module blk_mem_gen_prim_wrapper__parameterized5 is either unconnected or has no load
INFO: [Synth 8-7129] Port SBITERR in module blk_mem_gen_prim_wrapper__parameterized4 is either unconnected or has no load
INFO: [Synth 8-7129] Port DBITERR in module blk_mem_gen_prim_wrapper__parameterized4 is either unconnected or has no load
INFO: [Synth 8-7129] Port SSRA in module blk_mem_gen_prim_wrapper__parameterized4 is either unconnected or has no load
INFO: [Synth 8-7129] Port SSRB in module blk_mem_gen_prim_wrapper__parameterized4 is either unconnected or has no load
INFO: [Synth 8-7129] Port SLEEP in module blk_mem_gen_prim_wrapper__parameterized4 is either unconnected or has no load
INFO: [Synth 8-7129] Port INJECTSBITERR in module blk_mem_gen_prim_wrapper__parameterized4 is either unconnected or has no load
INFO: [Synth 8-7129] Port INJECTDBITERR in module blk_mem_gen_prim_wrapper__parameterized4 is either unconnected or has no load
INFO: [Synth 8-7129] Port ECCPIPECE in module blk_mem_gen_prim_wrapper__parameterized4 is either unconnected or has no load
INFO: [Synth 8-7129] Port SBITERR in module blk_mem_gen_prim_wrapper__parameterized3 is either unconnected or has no load
INFO: [Synth 8-7129] Port DBITERR in module blk_mem_gen_prim_wrapper__parameterized3 is either unconnected or has no load
INFO: [Synth 8-7129] Port SSRA in module blk_mem_gen_prim_wrapper__parameterized3 is either unconnected or has no load
INFO: [Synth 8-7129] Port SSRB in module blk_mem_gen_prim_wrapper__parameterized3 is either unconnected or has no load
INFO: [Synth 8-7129] Port SLEEP in module blk_mem_gen_prim_wrapper__parameterized3 is either unconnected or has no load
INFO: [Synth 8-7129] Port INJECTSBITERR in module blk_mem_gen_prim_wrapper__parameterized3 is either unconnected or has no load
INFO: [Synth 8-7129] Port INJECTDBITERR in module blk_mem_gen_prim_wrapper__parameterized3 is either unconnected or has no load
INFO: [Synth 8-7129] Port ECCPIPECE in module blk_mem_gen_prim_wrapper__parameterized3 is either unconnected or has no load
INFO: [Synth 8-7129] Port SBITERR in module blk_mem_gen_prim_wrapper__parameterized2 is either unconnected or has no load
INFO: [Synth 8-7129] Port DBITERR in module blk_mem_gen_prim_wrapper__parameterized2 is either unconnected or has no load
INFO: [Synth 8-7129] Port SSRA in module blk_mem_gen_prim_wrapper__parameterized2 is either unconnected or has no load
INFO: [Synth 8-7129] Port SSRB in module blk_mem_gen_prim_wrapper__parameterized2 is either unconnected or has no load
INFO: [Synth 8-7129] Port SLEEP in module blk_mem_gen_prim_wrapper__parameterized2 is either unconnected or has no load
INFO: [Synth 8-7129] Port INJECTSBITERR in module blk_mem_gen_prim_wrapper__parameterized2 is either unconnected or has no load
INFO: [Synth 8-7129] Port INJECTDBITERR in module blk_mem_gen_prim_wrapper__parameterized2 is either unconnected or has no load
INFO: [Synth 8-7129] Port ECCPIPECE in module blk_mem_gen_prim_wrapper__parameterized2 is either unconnected or has no load
INFO: [Synth 8-7129] Port SBITERR in module blk_mem_gen_prim_wrapper__parameterized1 is either unconnected or has no load
INFO: [Synth 8-7129] Port DBITERR in module blk_mem_gen_prim_wrapper__parameterized1 is either unconnected or has no load
INFO: [Synth 8-7129] Port SSRA in module blk_mem_gen_prim_wrapper__parameterized1 is either unconnected or has no load
INFO: [Synth 8-7129] Port SSRB in module blk_mem_gen_prim_wrapper__parameterized1 is either unconnected or has no load
INFO: [Synth 8-7129] Port SLEEP in module blk_mem_gen_prim_wrapper__parameterized1 is either unconnected or has no load
INFO: [Synth 8-7129] Port INJECTSBITERR in module blk_mem_gen_prim_wrapper__parameterized1 is either unconnected or has no load
INFO: [Synth 8-7129] Port INJECTDBITERR in module blk_mem_gen_prim_wrapper__parameterized1 is either unconnected or has no load
INFO: [Synth 8-7129] Port ECCPIPECE in module blk_mem_gen_prim_wrapper__parameterized1 is either unconnected or has no load
INFO: [Synth 8-7129] Port SBITERR in module blk_mem_gen_prim_wrapper__parameterized0 is either unconnected or has no load
INFO: [Synth 8-7129] Port DBITERR in module blk_mem_gen_prim_wrapper__parameterized0 is either unconnected or has no load
INFO: [Synth 8-7129] Port SSRA in module blk_mem_gen_prim_wrapper__parameterized0 is either unconnected or has no load
INFO: [Synth 8-7129] Port SSRB in module blk_mem_gen_prim_wrapper__parameterized0 is either unconnected or has no load
INFO: [Synth 8-7129] Port SLEEP in module blk_mem_gen_prim_wrapper__parameterized0 is either unconnected or has no load
INFO: [Synth 8-7129] Port INJECTSBITERR in module blk_mem_gen_prim_wrapper__parameterized0 is either unconnected or has no load
INFO: [Synth 8-7129] Port INJECTDBITERR in module blk_mem_gen_prim_wrapper__parameterized0 is either unconnected or has no load
INFO: [Synth 8-7129] Port ECCPIPECE in module blk_mem_gen_prim_wrapper__parameterized0 is either unconnected or has no load
INFO: [Synth 8-7129] Port SBITERR in module blk_mem_gen_prim_wrapper is either unconnected or has no load
INFO: [Synth 8-7129] Port DBITERR in module blk_mem_gen_prim_wrapper is either unconnected or has no load
INFO: [Synth 8-7129] Port SSRA in module blk_mem_gen_prim_wrapper is either unconnected or has no load
INFO: [Synth 8-7129] Port SSRB in module blk_mem_gen_prim_wrapper is either unconnected or has no load
INFO: [Synth 8-7129] Port SLEEP in module blk_mem_gen_prim_wrapper is either unconnected or has no load
INFO: [Synth 8-7129] Port INJECTSBITERR in module blk_mem_gen_prim_wrapper is either unconnected or has no load
INFO: [Synth 8-7129] Port INJECTDBITERR in module blk_mem_gen_prim_wrapper is either unconnected or has no load
INFO: [Synth 8-7129] Port ECCPIPECE in module blk_mem_gen_prim_wrapper is either unconnected or has no load
INFO: [Synth 8-7129] Port MUX_RST[0] in module blk_mem_gen_mux__parameterized0 is either unconnected or has no load
INFO: [Synth 8-7129] Port MEM_LAT_RST in module blk_mem_gen_mux__parameterized0 is either unconnected or has no load
INFO: [Synth 8-7129] Port MEM_REG_RST in module blk_mem_gen_mux__parameterized0 is either unconnected or has no load
INFO: [Synth 8-7129] Port MUX_REGCE[0] in module blk_mem_gen_mux__parameterized0 is either unconnected or has no load
INFO: [Synth 8-7129] Port MEM_REGCE in module blk_mem_gen_mux__parameterized0 is either unconnected or has no load
INFO: [Synth 8-7129] Port WE in module blk_mem_gen_mux__parameterized0 is either unconnected or has no load
INFO: [Synth 8-7129] Port ADDR_IN[12] in module blk_mem_gen_mux__parameterized0 is either unconnected or has no load
INFO: [Synth 8-7129] Port ADDR_IN[11] in module blk_mem_gen_mux__parameterized0 is either unconnected or has no load
INFO: [Synth 8-7129] Port ADDR_IN[10] in module blk_mem_gen_mux__parameterized0 is either unconnected or has no load
INFO: [Synth 8-7129] Port ADDR_IN[9] in module blk_mem_gen_mux__parameterized0 is either unconnected or has no load
INFO: [Synth 8-7129] Port ADDR_IN[8] in module blk_mem_gen_mux__parameterized0 is either unconnected or has no load
INFO: [Synth 8-7129] Port ADDR_IN[7] in module blk_mem_gen_mux__parameterized0 is either unconnected or has no load
INFO: [Synth 8-7129] Port ADDR_IN[6] in module blk_mem_gen_mux__parameterized0 is either unconnected or has no load
INFO: [Synth 8-7129] Port ADDR_IN[5] in module blk_mem_gen_mux__parameterized0 is either unconnected or has no load
INFO: [Synth 8-7129] Port ADDR_IN[4] in module blk_mem_gen_mux__parameterized0 is either unconnected or has no load
INFO: [Synth 8-7129] Port ADDR_IN[3] in module blk_mem_gen_mux__parameterized0 is either unconnected or has no load
INFO: [Synth 8-7129] Port ADDR_IN[2] in module blk_mem_gen_mux__parameterized0 is either unconnected or has no load
INFO: [Synth 8-7129] Port ADDR_IN[1] in module blk_mem_gen_mux__parameterized0 is either unconnected or has no load
INFO: [Synth 8-7129] Port ADDR_IN[0] in module blk_mem_gen_mux__parameterized0 is either unconnected or has no load
INFO: [Synth 8-7129] Port SBITERRIN[15] in module blk_mem_gen_mux__parameterized0 is either unconnected or has no load
INFO: [Common 17-14] Message 'Synth 8-7129' appears 100 times and further instances of the messages will be disabled. Use the Tcl command set_msg_config to change the current settings.
---------------------------------------------------------------------------------
Finished RTL Elaboration : Time (s): cpu = 00:00:10 ; elapsed = 00:00:13 . Memory (MB): peak = 2502.520 ; gain = 789.602 ; free physical = 243 ; free virtual = 11558
---------------------------------------------------------------------------------
---------------------------------------------------------------------------------
Start Handling Custom Attributes
---------------------------------------------------------------------------------
---------------------------------------------------------------------------------
Finished Handling Custom Attributes : Time (s): cpu = 00:00:10 ; elapsed = 00:00:13 . Memory (MB): peak = 2502.520 ; gain = 789.602 ; free physical = 233 ; free virtual = 11549
---------------------------------------------------------------------------------
---------------------------------------------------------------------------------
Finished RTL Optimization Phase 1 : Time (s): cpu = 00:00:10 ; elapsed = 00:00:13 . Memory (MB): peak = 2502.520 ; gain = 789.602 ; free physical = 233 ; free virtual = 11549
---------------------------------------------------------------------------------
Netlist sorting complete. Time (s): cpu = 00:00:00.01 ; elapsed = 00:00:00.01 . Memory (MB): peak = 2502.520 ; gain = 0.000 ; free physical = 262 ; free virtual = 11494
INFO: [Netlist 29-17] Analyzing 8 Unisim elements for replacement
INFO: [Netlist 29-28] Unisim Transformation completed in 0 CPU seconds
INFO: [Project 1-570] Preparing netlist for logic optimization

Processing XDC Constraints
Initializing timing engine
Parsing XDC File [/home/lovro/ARES/ARES_fpga/ARES_fpga/ARES_fpga.gen/sources_1/ip/blk_mem_tile_map/blk_mem_tile_map_ooc.xdc] for cell 'U0'
Finished Parsing XDC File [/home/lovro/ARES/ARES_fpga/ARES_fpga/ARES_fpga.gen/sources_1/ip/blk_mem_tile_map/blk_mem_tile_map_ooc.xdc] for cell 'U0'
Parsing XDC File [/home/lovro/ARES/ARES_fpga/ARES_fpga/ARES_fpga.runs/blk_mem_tile_map_synth_1/dont_touch.xdc]
Finished Parsing XDC File [/home/lovro/ARES/ARES_fpga/ARES_fpga/ARES_fpga.runs/blk_mem_tile_map_synth_1/dont_touch.xdc]
Completed Processing XDC Constraints

Netlist sorting complete. Time (s): cpu = 00:00:00 ; elapsed = 00:00:00 . Memory (MB): peak = 2542.539 ; gain = 0.000 ; free physical = 242 ; free virtual = 11478
INFO: [Project 1-111] Unisim Transformation Summary:
No Unisim elements were transformed.

Constraint Validation Runtime : Time (s): cpu = 00:00:00.02 ; elapsed = 00:00:00.02 . Memory (MB): peak = 2542.574 ; gain = 0.000 ; free physical = 237 ; free virtual = 11477
INFO: [Designutils 20-5008] Incremental synthesis strategy off
---------------------------------------------------------------------------------
Finished Constraint Validation : Time (s): cpu = 00:00:16 ; elapsed = 00:00:19 . Memory (MB): peak = 2542.574 ; gain = 829.656 ; free physical = 288 ; free virtual = 11430
---------------------------------------------------------------------------------
---------------------------------------------------------------------------------
Start Loading Part and Timing Information
---------------------------------------------------------------------------------
Loading part: xc7a35tftg256-2
---------------------------------------------------------------------------------
Finished Loading Part and Timing Information : Time (s): cpu = 00:00:16 ; elapsed = 00:00:19 . Memory (MB): peak = 2550.543 ; gain = 837.625 ; free physical = 288 ; free virtual = 11430
---------------------------------------------------------------------------------
---------------------------------------------------------------------------------
Start Applying 'set_property' XDC Constraints
---------------------------------------------------------------------------------
---------------------------------------------------------------------------------
Finished applying 'set_property' XDC Constraints : Time (s): cpu = 00:00:16 ; elapsed = 00:00:19 . Memory (MB): peak = 2550.543 ; gain = 837.625 ; free physical = 288 ; free virtual = 11430
---------------------------------------------------------------------------------
---------------------------------------------------------------------------------
Finished RTL Optimization Phase 2 : Time (s): cpu = 00:00:16 ; elapsed = 00:00:19 . Memory (MB): peak = 2550.543 ; gain = 837.625 ; free physical = 264 ; free virtual = 11368
---------------------------------------------------------------------------------
---------------------------------------------------------------------------------
Start RTL Component Statistics 
---------------------------------------------------------------------------------
---------------------------------------------------------------------------------
Finished RTL Component Statistics 
---------------------------------------------------------------------------------
---------------------------------------------------------------------------------
Start Part Resource Summary
---------------------------------------------------------------------------------
Part Resources:
DSPs: 90 (col length:60)
BRAMs: 100 (col length: RAMB18 60 RAMB36 30)
---------------------------------------------------------------------------------
Finished Part Resource Summary
---------------------------------------------------------------------------------
---------------------------------------------------------------------------------
Start Cross Boundary and Area Optimization
---------------------------------------------------------------------------------
---------------------------------------------------------------------------------
Finished Cross Boundary and Area Optimization : Time (s): cpu = 00:00:18 ; elapsed = 00:00:20 . Memory (MB): peak = 2550.543 ; gain = 837.625 ; free physical = 244 ; free virtual = 11223
---------------------------------------------------------------------------------
---------------------------------------------------------------------------------
Start Applying XDC Timing Constraints
---------------------------------------------------------------------------------
---------------------------------------------------------------------------------
Finished Applying XDC Timing Constraints : Time (s): cpu = 00:00:21 ; elapsed = 00:00:24 . Memory (MB): peak = 2550.543 ; gain = 837.625 ; free physical = 484 ; free virtual = 10915
---------------------------------------------------------------------------------
---------------------------------------------------------------------------------
Start Timing Optimization
---------------------------------------------------------------------------------
---------------------------------------------------------------------------------
Finished Timing Optimization : Time (s): cpu = 00:00:21 ; elapsed = 00:00:24 . Memory (MB): peak = 2550.543 ; gain = 837.625 ; free physical = 464 ; free virtual = 10895
---------------------------------------------------------------------------------
---------------------------------------------------------------------------------
Start Technology Mapping
---------------------------------------------------------------------------------
---------------------------------------------------------------------------------
Finished Technology Mapping : Time (s): cpu = 00:00:21 ; elapsed = 00:00:24 . Memory (MB): peak = 2550.543 ; gain = 837.625 ; free physical = 462 ; free virtual = 10891
---------------------------------------------------------------------------------
---------------------------------------------------------------------------------
Start IO Insertion
---------------------------------------------------------------------------------
---------------------------------------------------------------------------------
Start Flattening Before IO Insertion
---------------------------------------------------------------------------------
---------------------------------------------------------------------------------
Finished Flattening Before IO Insertion
---------------------------------------------------------------------------------
---------------------------------------------------------------------------------
Start Final Netlist Cleanup
---------------------------------------------------------------------------------
---------------------------------------------------------------------------------
Finished Final Netlist Cleanup
---------------------------------------------------------------------------------
---------------------------------------------------------------------------------
Finished IO Insertion : Time (s): cpu = 00:00:24 ; elapsed = 00:00:27 . Memory (MB): peak = 2681.355 ; gain = 968.438 ; free physical = 3666 ; free virtual = 14093
---------------------------------------------------------------------------------
---------------------------------------------------------------------------------
Start Renaming Generated Instances
---------------------------------------------------------------------------------
---------------------------------------------------------------------------------
Finished Renaming Generated Instances : Time (s): cpu = 00:00:24 ; elapsed = 00:00:27 . Memory (MB): peak = 2681.355 ; gain = 968.438 ; free physical = 3666 ; free virtual = 14093
---------------------------------------------------------------------------------
---------------------------------------------------------------------------------
Start Rebuilding User Hierarchy
---------------------------------------------------------------------------------
---------------------------------------------------------------------------------
Finished Rebuilding User Hierarchy : Time (s): cpu = 00:00:24 ; elapsed = 00:00:27 . Memory (MB): peak = 2681.355 ; gain = 968.438 ; free physical = 3666 ; free virtual = 14093
---------------------------------------------------------------------------------
---------------------------------------------------------------------------------
Start Renaming Generated Ports
---------------------------------------------------------------------------------
---------------------------------------------------------------------------------
Finished Renaming Generated Ports : Time (s): cpu = 00:00:24 ; elapsed = 00:00:27 . Memory (MB): peak = 2681.355 ; gain = 968.438 ; free physical = 3666 ; free virtual = 14093
---------------------------------------------------------------------------------
---------------------------------------------------------------------------------
Start Handling Custom Attributes
---------------------------------------------------------------------------------
---------------------------------------------------------------------------------
Finished Handling Custom Attributes : Time (s): cpu = 00:00:24 ; elapsed = 00:00:27 . Memory (MB): peak = 2681.355 ; gain = 968.438 ; free physical = 3666 ; free virtual = 14093
---------------------------------------------------------------------------------
---------------------------------------------------------------------------------
Start Renaming Generated Nets
---------------------------------------------------------------------------------
---------------------------------------------------------------------------------
Finished Renaming Generated Nets : Time (s): cpu = 00:00:24 ; elapsed = 00:00:27 . Memory (MB): peak = 2681.355 ; gain = 968.438 ; free physical = 3666 ; free virtual = 14093
---------------------------------------------------------------------------------
---------------------------------------------------------------------------------
Start Writing Synthesis Report
---------------------------------------------------------------------------------

Report BlackBoxes: 
+-+--------------+----------+
| |BlackBox name |Instances |
+-+--------------+----------+
+-+--------------+----------+

Report Cell Usage: 
+------+---------+------+
|      |Cell     |Count |
+------+---------+------+
|1     |LUT2     |     4|
|2     |LUT3     |     6|
|3     |LUT6     |    48|
|4     |RAMB36E1 |     8|
|5     |FDRE     |     4|
+------+---------+------+
---------------------------------------------------------------------------------
Finished Writing Synthesis Report : Time (s): cpu = 00:00:24 ; elapsed = 00:00:27 . Memory (MB): peak = 2681.355 ; gain = 968.438 ; free physical = 3666 ; free virtual = 14093
---------------------------------------------------------------------------------
Synthesis finished with 0 errors, 0 critical warnings and 0 warnings.
Synthesis Optimization Runtime : Time (s): cpu = 00:00:23 ; elapsed = 00:00:25 . Memory (MB): peak = 2681.355 ; gain = 928.383 ; free physical = 3666 ; free virtual = 14093
Synthesis Optimization Complete : Time (s): cpu = 00:00:24 ; elapsed = 00:00:27 . Memory (MB): peak = 2681.363 ; gain = 968.438 ; free physical = 3666 ; free virtual = 14093
INFO: [Project 1-571] Translating synthesized netlist
Netlist sorting complete. Time (s): cpu = 00:00:00.01 ; elapsed = 00:00:00.01 . Memory (MB): peak = 2681.363 ; gain = 0.000 ; free physical = 3703 ; free virtual = 14131
INFO: [Netlist 29-17] Analyzing 8 Unisim elements for replacement
INFO: [Netlist 29-28] Unisim Transformation completed in 0 CPU seconds
INFO: [Project 1-570] Preparing netlist for logic optimization
INFO: [Opt 31-138] Pushed 0 inverter(s) to 0 load pin(s).
Netlist sorting complete. Time (s): cpu = 00:00:00 ; elapsed = 00:00:00 . Memory (MB): peak = 2737.383 ; gain = 0.000 ; free physical = 4009 ; free virtual = 14435
INFO: [Project 1-111] Unisim Transformation Summary:
No Unisim elements were transformed.

Synth Design complete | Checksum: 53174184
INFO: [Common 17-83] Releasing license: Synthesis
123 Infos, 3 Warnings, 0 Critical Warnings and 0 Errors encountered.
synth_design completed successfully
synth_design: Time (s): cpu = 00:00:30 ; elapsed = 00:00:31 . Memory (MB): peak = 2737.418 ; gain = 1123.836 ; free physical = 4010 ; free virtual = 14436
INFO: [Common 17-2834] synth_design peak Physical Memory [PSS] (MB): overall = 1654.068; main = 1606.461; forked = 189.877
INFO: [Common 17-2834] synth_design peak Virtual Memory [VSS] (MB): overall = 3544.762; main = 2737.387; forked = 994.215
Write ShapeDB Complete: Time (s): cpu = 00:00:00 ; elapsed = 00:00:00 . Memory (MB): peak = 2761.395 ; gain = 0.000 ; free physical = 4010 ; free virtual = 14436
INFO: [Common 17-1381] The checkpoint '/home/lovro/ARES/ARES_fpga/ARES_fpga/ARES_fpga.runs/blk_mem_tile_map_synth_1/blk_mem_tile_map.dcp' has been generated.
INFO: [Coretcl 2-1648] Added synthesis output to IP cache for IP blk_mem_tile_map, cache-ID = 64305fd6803b92c9
INFO: [Coretcl 2-1174] Renamed 22 cell refs.
Write ShapeDB Complete: Time (s): cpu = 00:00:00 ; elapsed = 00:00:00 . Memory (MB): peak = 2761.395 ; gain = 0.000 ; free physical = 4015 ; free virtual = 14442
INFO: [Common 17-1381] The checkpoint '/home/lovro/ARES/ARES_fpga/ARES_fpga/ARES_fpga.runs/blk_mem_tile_map_synth_1/blk_mem_tile_map.dcp' has been generated.
INFO: [Vivado 12-24828] Executing command : report_utilization -file blk_mem_tile_map_utilization_synth.rpt -pb blk_mem_tile_map_utilization_synth.pb
INFO: [Common 17-206] Exiting Vivado at Tue Aug 11 21:52:21 2026...
